
[1m[46m RUN [49m[22m [36mv4.0.7 [39m[90m/Users/tran.duc.thang/Projects/pit[39m

 [31m❯[39m tests/unit/compareRegimes.test.ts [2m([22m[2m13 tests[22m[2m | [22m[31m1 failed[39m[2m)[22m[32m 24[2mms[22m[39m
       [32m✓[39m should calculate deltas correctly for 30M gross, 2 deps, Region I[32m 17[2mms[22m[39m
       [32m✓[39m should calculate deltas for 10M gross (low income)[32m 0[2mms[22m[39m
       [32m✓[39m should calculate deltas for 100M gross (high income)[32m 0[2mms[22m[39m
       [32m✓[39m should calculate deltas for 185M gross (very high income)[32m 0[2mms[22m[39m
       [32m✓[39m should handle positive NET delta (2026 is better)[32m 0[2mms[22m[39m
       [32m✓[39m should have identical insurance amounts (no delta)[32m 0[2mms[22m[39m
       [32m✓[39m should work with custom insurance base[32m 0[2mms[22m[39m
       [32m✓[39m should calculate all deltas with correct signs[32m 0[2mms[22m[39m
       [32m✓[39m should return complete calculation for both regimes[32m 0[2mms[22m[39m
       [32m✓[39m should use REGIME_2025 constants for 2025 calculation[32m 0[2mms[22m[39m
       [32m✓[39m should use REGIME_2026 constants for 2026 calculation[32m 0[2mms[22m[39m
[31m       [31m×[31m should handle zero gross[39m[32m 4[2mms[22m[39m
       [32m✓[39m should handle all regions consistently[32m 0[2mms[22m[39m
 [32m✓[39m tests/components/InsuranceBreakdown.test.tsx [2m([22m[2m8 tests[22m[2m)[22m[32m 281[2mms[22m[39m
[90mstderr[2m | tests/components/LunchAllowanceInput.test.tsx[2m > [22m[2mLunchAllowanceInput Component[2m > [22m[2mrejects negative values in input
[22m[39mWarning: An update to LunchAllowanceInput inside a test was not wrapped in act(...).

When testing, code that causes React state updates should be wrapped into act(...):

act(() => {
  /* fire events that update state */
});
/* assert on the output */

This ensures that you're testing the behavior the user would see in the browser. Learn more at https://reactjs.org/link/wrap-tests-with-act
    at LunchAllowanceInput (/Users/tran.duc.thang/Projects/pit/src/components/LunchAllowanceInput.tsx:13:134)
Warning: An update to LunchAllowanceInput inside a test was not wrapped in act(...).

When testing, code that causes React state updates should be wrapped into act(...):

act(() => {
  /* fire events that update state */
});
/* assert on the output */

This ensures that you're testing the behavior the user would see in the browser. Learn more at https://reactjs.org/link/wrap-tests-with-act
    at LunchAllowanceInput (/Users/tran.duc.thang/Projects/pit/src/components/LunchAllowanceInput.tsx:13:134)
Warning: An update to Switch inside a test was not wrapped in act(...).

When testing, code that causes React state updates should be wrapped into act(...):

act(() => {
  /* fire events that update state */
});
/* assert on the output */

This ensures that you're testing the behavior the user would see in the browser. Learn more at https://reactjs.org/link/wrap-tests-with-act
    at file:///Users/tran.duc.thang/Projects/pit/node_modules/.pnpm/@radix-ui+react-switch@1.2.6_@types+react-dom@18.2.17_@types+react@18.2.43_react-dom@18.2.0_react@18.2.0__react@18.2.0/node_modules/@radix-ui/react-switch/dist/index.mjs:19:7
    at /Users/tran.duc.thang/Projects/pit/src/components/ui/switch.tsx:10:52
    at div
    at div
    at LunchAllowanceInput (/Users/tran.duc.thang/Projects/pit/src/components/LunchAllowanceInput.tsx:13:134)
Warning: An update to Switch inside a test was not wrapped in act(...).

When testing, code that causes React state updates should be wrapped into act(...):

act(() => {
  /* fire events that update state */
});
/* assert on the output */

This ensures that you're testing the behavior the user would see in the browser. Learn more at https://reactjs.org/link/wrap-tests-with-act
    at file:///Users/tran.duc.thang/Projects/pit/node_modules/.pnpm/@radix-ui+react-switch@1.2.6_@types+react-dom@18.2.17_@types+react@18.2.43_react-dom@18.2.0_react@18.2.0__react@18.2.0/node_modules/@radix-ui/react-switch/dist/index.mjs:19:7
    at /Users/tran.duc.thang/Projects/pit/src/components/ui/switch.tsx:10:52
    at div
    at div
    at LunchAllowanceInput (/Users/tran.duc.thang/Projects/pit/src/components/LunchAllowanceInput.tsx:13:134)

 [32m✓[39m tests/components/LunchAllowanceInput.test.tsx [2m([22m[2m9 tests[22m[2m)[22m[33m 425[2mms[22m[39m
[90mstderr[2m | tests/components/SalaryCalculator.test.tsx[2m > [22m[2mSalaryCalculator[2m > [22m[2mshould render without crashing
[22m[39m[Analytics] gtag not available (blocked or not loaded)

[90mstderr[2m | tests/integration/lunch-allowance.integration.test.tsx[2m > [22m[2mLunch Allowance Integration Tests[2m > [22m[2mrecalculates when lunch allowance is enabled
[22m[39m[Analytics] gtag not available (blocked or not loaded)

[90mstdout[2m | tests/integration/analytics.integration.test.tsx[2m > [22m[2mAnalytics Integration[2m > [22m[2mshould track initial page view on mount
[22m[39m[Analytics] Page view tracked: /2025
[Analytics] Event tracked: calculate_salary

[90mstderr[2m | tests/components/SalaryCalculator.test.tsx[2m > [22m[2mSalaryCalculator[2m > [22m[2mshould display result after entering inputs
[22m[39m[Analytics] gtag not available (blocked or not loaded)

[90mstderr[2m | tests/components/SalaryCalculator.test.tsx[2m > [22m[2mSalaryCalculator[2m > [22m[2mshould recalculate when inputs change
[22m[39m[Analytics] gtag not available (blocked or not loaded)

[90mstderr[2m | tests/integration/lunch-allowance.integration.test.tsx[2m > [22m[2mLunch Allowance Integration Tests[2m > [22m[2muses custom amount in calculation
[22m[39m[Analytics] gtag not available (blocked or not loaded)

 [32m✓[39m tests/components/ComparisonView.test.tsx [2m([22m[2m6 tests[22m[2m)[22m[33m 633[2mms[22m[39m
[90mstderr[2m | tests/components/SalaryCalculator.test.tsx[2m > [22m[2mSalaryCalculator[2m > [22m[2mshould show all breakdown sections
[22m[39m[Analytics] gtag not available (blocked or not loaded)

[90mstdout[2m | tests/integration/analytics.integration.test.tsx[2m > [22m[2mAnalytics Integration[2m > [22m[2mshould track page view when view mode changes
[22m[39m[Analytics] Page view tracked: /2025
[Analytics] Event tracked: calculate_salary

[90mstdout[2m | tests/integration/analytics.integration.test.tsx[2m > [22m[2mAnalytics Integration[2m > [22m[2mshould track page view when view mode changes
[22m[39m[Analytics] Page view tracked: /2026
[Analytics] Event tracked: regime_switch
[Analytics] Event tracked: calculate_salary

[90mstderr[2m | tests/components/SalaryCalculator.test.tsx[2m > [22m[2mSalaryCalculator[2m > [22m[2mshould show insurance breakdown with correct labels
[22m[39m[Analytics] gtag not available (blocked or not loaded)

 [32m✓[39m tests/unit/tax.test.ts [2m([22m[2m41 tests[22m[2m)[22m[32m 35[2mms[22m[39m
[90mstderr[2m | tests/components/SalaryCalculator.test.tsx[2m > [22m[2mSalaryCalculator[2m > [22m[2mshould show deductions breakdown
[22m[39m[Analytics] gtag not available (blocked or not loaded)

 [32m✓[39m tests/components/SalaryCalculator.test.tsx [2m([22m[2m6 tests[22m[2m)[22m[33m 737[2mms[22m[39m
 [32m✓[39m tests/unit/format.test.ts [2m([22m[2m13 tests[22m[2m)[22m[32m 35[2mms[22m[39m
[90mstderr[2m | tests/integration/lunch-allowance.integration.test.tsx[2m > [22m[2mLunch Allowance Integration Tests[2m > [22m[2mpersists state in URL
[22m[39m[Analytics] gtag not available (blocked or not loaded)

[90mstdout[2m | tests/integration/analytics.integration.test.tsx[2m > [22m[2mAnalytics Integration[2m > [22m[2mshould track page view when switching to compare mode
[22m[39m[Analytics] Page view tracked: /2026
[Analytics] Event tracked: calculate_salary

[90mstdout[2m | tests/integration/analytics.integration.test.tsx[2m > [22m[2mAnalytics Integration[2m > [22m[2mshould track page view when switching to compare mode
[22m[39m[Analytics] Page view tracked: /compare
[Analytics] Event tracked: regime_switch
[Analytics] Event tracked: calculate_salary

 [32m✓[39m tests/components/ResultDisplay.test.tsx [2m([22m[2m4 tests[22m[2m)[22m[32m 274[2mms[22m[39m
[90mstdout[2m | tests/integration/analytics.integration.test.tsx[2m > [22m[2mAnalytics Integration[2m > [22m[2mshould track preset click when preset button is clicked
[22m[39m[Analytics] Page view tracked: /compare
[Analytics] Event tracked: calculate_salary

[90mstdout[2m | tests/integration/analytics.integration.test.tsx[2m > [22m[2mAnalytics Integration[2m > [22m[2mshould track preset click when preset button is clicked
[22m[39m[Analytics] Event tracked: preset_click

[90mstderr[2m | tests/integration/lunch-allowance.integration.test.tsx[2m > [22m[2mLunch Allowance Integration Tests[2m > [22m[2mrestores state from URL
[22m[39m[Analytics] gtag not available (blocked or not loaded)

[90mstdout[2m | tests/integration/analytics.integration.test.tsx[2m > [22m[2mAnalytics Integration[2m > [22m[2mshould track calculation when salary inputs change
[22m[39m[Analytics] Page view tracked: /compare
[Analytics] Event tracked: calculate_salary

[90mstderr[2m | tests/integration/lunch-allowance.integration.test.tsx[2m > [22m[2mLunch Allowance Integration Tests[2m > [22m[2mworks with union dues feature
[22m[39m[Analytics] gtag not available (blocked or not loaded)

 [32m✓[39m tests/integration/lunch-allowance.integration.test.tsx [2m([22m[2m5 tests[22m[2m)[22m[33m 1185[2mms[22m[39m
     [33m[2m✓[22m[39m recalculates when lunch allowance is enabled [33m 314[2mms[22m[39m
     [33m[2m✓[22m[39m uses custom amount in calculation [33m 389[2mms[22m[39m
 [32m✓[39m tests/unit/lunch-allowance.test.ts [2m([22m[2m6 tests[22m[2m)[22m[32m 14[2mms[22m[39m
[90mstdout[2m | tests/unit/analytics.test.ts[2m > [22m[2mAnalytics Service[2m > [22m[2mtrackPageView[2m > [22m[2mshould call gtag with page_view event and correct params
[22m[39m[Analytics] Page view tracked: /2025

 [32m✓[39m tests/unit/url-state.test.ts [2m([22m[2m23 tests[22m[2m)[22m[32m 4[2mms[22m[39m
[90mstderr[2m | tests/unit/analytics.test.ts[2m > [22m[2mAnalytics Service[2m > [22m[2mtrackPageView[2m > [22m[2mshould handle missing gtag gracefully without throwing
[22m[39m[Analytics] gtag not available (blocked or not loaded)

[90mstderr[2m | tests/unit/analytics.test.ts[2m > [22m[2mAnalytics Service[2m > [22m[2mtrackPageView[2m > [22m[2mshould validate path starts with slash
[22m[39m[Analytics] Invalid path (must start with "/" and max 100 chars) invalid-path

[90mstderr[2m | tests/unit/analytics.test.ts[2m > [22m[2mAnalytics Service[2m > [22m[2mtrackPageView[2m > [22m[2mshould validate path max length (100 chars)
[22m[39m[Analytics] Invalid path (must start with "/" and max 100 chars) /aaaaaaaaaaaaaaaaaaaaaaaaaaaaaaaaaaaaaaaaaaaaaaaaaaaaaaaaaaaaaaaaaaaaaaaaaaaaaaaaaaaaaaaaaaaaaaaaaaaa

[90mstdout[2m | tests/unit/analytics.test.ts[2m > [22m[2mAnalytics Service[2m > [22m[2mtrackPageView[2m > [22m[2mshould track page view with valid path under 100 chars
[22m[39m[Analytics] Page view tracked: /aaaaaaaaaaaaaaaaaaaaaaaaaaaaaaaaaaaaaaaaaaaaaaaaaaaaaaaaaaaaaaaaaaaaaaaaaaaaaaaaaaaaaaaaaaaaaaaaaaa

[90mstdout[2m | tests/unit/analytics.test.ts[2m > [22m[2mAnalytics Service[2m > [22m[2mtrackEvent[2m > [22m[2mshould call gtag with custom event name and params
[22m[39m[Analytics] Event tracked: button_click

[90mstdout[2m | tests/unit/analytics.test.ts[2m > [22m[2mAnalytics Service[2m > [22m[2mtrackEvent[2m > [22m[2mshould validate event name format (lowercase_snake_case)
[22m[39m[Analytics] Event tracked: valid_event_name

[90mstderr[2m | tests/unit/analytics.test.ts[2m > [22m[2mAnalytics Service[2m > [22m[2mtrackEvent[2m > [22m[2mshould validate event name format (lowercase_snake_case)
[22m[39m[Analytics] Invalid event name format: InvalidName
[Analytics] Invalid event name format: invalid-name
[Analytics] Invalid event name format: 123invalid
[Analytics] Invalid event name format: invalid name

[90mstdout[2m | tests/unit/analytics.test.ts[2m > [22m[2mAnalytics Service[2m > [22m[2mtrackCalculation[2m > [22m[2mshould send calculate_salary event with regime param
[22m[39m[Analytics] Event tracked: calculate_salary

[90mstdout[2m | tests/unit/analytics.test.ts[2m > [22m[2mAnalytics Service[2m > [22m[2mtrackCalculation[2m > [22m[2mshould include calculation time if provided
[22m[39m[Analytics] Event tracked: calculate_salary

[90mstdout[2m | tests/unit/analytics.test.ts[2m > [22m[2mAnalytics Service[2m > [22m[2mtrackPresetClick[2m > [22m[2mshould sanitize preset amount to generic label (preset_30M)
[22m[39m[Analytics] Event tracked: preset_click

[90mstdout[2m | tests/unit/analytics.test.ts[2m > [22m[2mAnalytics Service[2m > [22m[2mtrackPresetClick[2m > [22m[2mshould reject PII (large numbers >1B)
[22m[39m[Analytics] Event tracked: preset_click

[90mstderr[2m | tests/unit/analytics.test.ts[2m > [22m[2mAnalytics Service[2m > [22m[2mtrackPresetClick[2m > [22m[2mshould reject PII (large numbers >1B)
[22m[39m[Analytics] Blocked potential PII in preset click

[90mstdout[2m | tests/unit/analytics.test.ts[2m > [22m[2mAnalytics Service[2m > [22m[2mtrackRegimeSwitch[2m > [22m[2mshould validate from !== to
[22m[39m[Analytics] Event tracked: regime_switch

[90mstderr[2m | tests/unit/analytics.test.ts[2m > [22m[2mAnalytics Service[2m > [22m[2mtrackRegimeSwitch[2m > [22m[2mshould validate from !== to
[22m[39m[Analytics] Invalid regime switch: from === to

[90mstdout[2m | tests/unit/analytics.test.ts[2m > [22m[2mAnalytics Service[2m > [22m[2mtrackShare[2m > [22m[2mshould send share event with method parameter
[22m[39m[Analytics] Event tracked: share

[90mstdout[2m | tests/unit/analytics.test.ts[2m > [22m[2mAnalytics Service[2m > [22m[2mtrackShare[2m > [22m[2mshould support copy method
[22m[39m[Analytics] Event tracked: share

[90mstdout[2m | tests/unit/analytics.test.ts[2m > [22m[2mAnalytics Service[2m > [22m[2mPerformance Tracking[2m > [22m[2mshould track calculation duration in trackCalculation
[22m[39m[Analytics] Event tracked: calculate_salary

[90mstdout[2m | tests/unit/analytics.test.ts[2m > [22m[2mAnalytics Service[2m > [22m[2mPerformance Tracking[2m > [22m[2mshould handle trackCalculation without calculationTime parameter
[22m[39m[Analytics] Event tracked: calculate_salary

[90mstdout[2m | tests/unit/analytics.test.ts[2m > [22m[2mAnalytics Service[2m > [22m[2mPerformance Tracking[2m > [22m[2mshould handle missing Performance API gracefully
[22m[39m[Analytics] Event tracked: calculate_salary

 [32m✓[39m tests/unit/analytics.test.ts [2m([22m[2m19 tests[22m[2m)[22m[32m 9[2mms[22m[39m
[90mstdout[2m | tests/unit/useAnalytics.test.ts[2m > [22m[2museAnalytics[2m > [22m[2mshould call analytics service when trackPageView is invoked
[22m[39m[Analytics] Page view tracked: /test

 [32m✓[39m tests/unit/useAnalytics.test.ts [2m([22m[2m3 tests[22m[2m)[22m[32m 18[2mms[22m[39m
[90mstderr[2m | tests/integration/analytics.integration.test.tsx[2m > [22m[2mAnalytics Integration[2m > [22m[2mshould track calculation when salary inputs change
[22m[39mWarning: An update to GrossSalaryInput inside a test was not wrapped in act(...).

When testing, code that causes React state updates should be wrapped into act(...):

act(() => {
  /* fire events that update state */
});
/* assert on the output */

This ensures that you're testing the behavior the user would see in the browser. Learn more at https://reactjs.org/link/wrap-tests-with-act
    at GrossSalaryInput (/Users/tran.duc.thang/Projects/pit/src/components/GrossSalaryInput.tsx:19:3)
    at div
    at /Users/tran.duc.thang/Projects/pit/src/components/ui/card.tsx:68:6
    at div
    at /Users/tran.duc.thang/Projects/pit/src/components/ui/card.tsx:14:6
    at CalculatorInputs (/Users/tran.duc.thang/Projects/pit/src/components/CalculatorInputs.tsx:19:3)
    at div
    at SalaryCalculator (/Users/tran.duc.thang/Projects/pit/src/components/SalaryCalculator.tsx:24:63)
    at ErrorBoundary (/Users/tran.duc.thang/Projects/pit/src/components/ErrorBoundary.tsx:13:5)
    at main
    at div
    at div
    at div
    at ErrorBoundary (/Users/tran.duc.thang/Projects/pit/src/components/ErrorBoundary.tsx:13:5)
    at App
Warning: An update to SalaryCalculator inside a test was not wrapped in act(...).

When testing, code that causes React state updates should be wrapped into act(...):

act(() => {
  /* fire events that update state */
});
/* assert on the output */

This ensures that you're testing the behavior the user would see in the browser. Learn more at https://reactjs.org/link/wrap-tests-with-act
    at SalaryCalculator (/Users/tran.duc.thang/Projects/pit/src/components/SalaryCalculator.tsx:24:63)
    at ErrorBoundary (/Users/tran.duc.thang/Projects/pit/src/components/ErrorBoundary.tsx:13:5)
    at main
    at div
    at div
    at div
    at ErrorBoundary (/Users/tran.duc.thang/Projects/pit/src/components/ErrorBoundary.tsx:13:5)
    at App
Warning: An update to Tooltip inside a test was not wrapped in act(...).

When testing, code that causes React state updates should be wrapped into act(...):

act(() => {
  /* fire events that update state */
});
/* assert on the output */

This ensures that you're testing the behavior the user would see in the browser. Learn more at https://reactjs.org/link/wrap-tests-with-act
    at Tooltip (file:///Users/tran.duc.thang/Projects/pit/node_modules/.pnpm/@radix-ui+react-tooltip@1.2.8_@types+react-dom@18.2.17_@types+react@18.2.43_react-dom@18.2.0_react@18.2.0__react@18.2.0/node_modules/@radix-ui/react-tooltip/dist/index.mjs:73:5)
    at Provider (file:///Users/tran.duc.thang/Projects/pit/node_modules/.pnpm/@radix-ui+react-context@1.1.2_@types+react@18.2.43_react@18.2.0/node_modules/@radix-ui/react-context/dist/index.mjs:27:15)
    at TooltipProvider (file:///Users/tran.duc.thang/Projects/pit/node_modules/.pnpm/@radix-ui+react-tooltip@1.2.8_@types+react-dom@18.2.17_@types+react@18.2.43_react-dom@18.2.0_react@18.2.0__react@18.2.0/node_modules/@radix-ui/react-tooltip/dist/index.mjs:29:5)
    at div
    at div
    at DependentsInput (/Users/tran.duc.thang/Projects/pit/src/components/DependentsInput.tsx:14:28)
    at div
    at /Users/tran.duc.thang/Projects/pit/src/components/ui/card.tsx:68:6
    at div
    at /Users/tran.duc.thang/Projects/pit/src/components/ui/card.tsx:14:6
    at CalculatorInputs (/Users/tran.duc.thang/Projects/pit/src/components/CalculatorInputs.tsx:19:3)
    at div
    at SalaryCalculator (/Users/tran.duc.thang/Projects/pit/src/components/SalaryCalculator.tsx:24:63)
    at ErrorBoundary (/Users/tran.duc.thang/Projects/pit/src/components/ErrorBoundary.tsx:13:5)
    at main
    at div
    at div
    at div
    at ErrorBoundary (/Users/tran.duc.thang/Projects/pit/src/components/ErrorBoundary.tsx:13:5)
    at App
Warning: An update to Select inside a test was not wrapped in act(...).

When testing, code that causes React state updates should be wrapped into act(...):

act(() => {
  /* fire events that update state */
});
/* assert on the output */

This ensures that you're testing the behavior the user would see in the browser. Learn more at https://reactjs.org/link/wrap-tests-with-act
    at Select (file:///Users/tran.duc.thang/Projects/pit/node_modules/.pnpm/@radix-ui+react-select@2.2.6_@types+react-dom@18.2.17_@types+react@18.2.43_react-dom@18.2.0_react@18.2.0__react@18.2.0/node_modules/@radix-ui/react-select/dist/index.mjs:42:5)
    at div
    at RegionSelector (/Users/tran.duc.thang/Projects/pit/src/components/RegionSelector.tsx:20:27)
    at div
    at /Users/tran.duc.thang/Projects/pit/src/components/ui/card.tsx:68:6
    at div
    at /Users/tran.duc.thang/Projects/pit/src/components/ui/card.tsx:14:6
    at CalculatorInputs (/Users/tran.duc.thang/Projects/pit/src/components/CalculatorInputs.tsx:19:3)
    at div
    at SalaryCalculator (/Users/tran.duc.thang/Projects/pit/src/components/SalaryCalculator.tsx:24:63)
    at ErrorBoundary (/Users/tran.duc.thang/Projects/pit/src/components/ErrorBoundary.tsx:13:5)
    at main
    at div
    at div
    at div
    at ErrorBoundary (/Users/tran.duc.thang/Projects/pit/src/components/ErrorBoundary.tsx:13:5)
    at App
Warning: An update to SelectItemText inside a test was not wrapped in act(...).

When testing, code that causes React state updates should be wrapped into act(...):

act(() => {
  /* fire events that update state */
});
/* assert on the output */

This ensures that you're testing the behavior the user would see in the browser. Learn more at https://reactjs.org/link/wrap-tests-with-act
    at file:///Users/tran.duc.thang/Projects/pit/node_modules/.pnpm/@radix-ui+react-select@2.2.6_@types+react-dom@18.2.17_@types+react@18.2.43_react-dom@18.2.0_react@18.2.0__react@18.2.0/node_modules/@radix-ui/react-select/dist/index.mjs:901:13
    at div
    at file:///Users/tran.duc.thang/Projects/pit/node_modules/.pnpm/@radix-ui+react-primitive@2.1.3_@types+react-dom@18.2.17_@types+react@18.2.43_react-dom_2161c237ea33b60c0cf3d21a889a9a3e/node_modules/@radix-ui/react-primitive/dist/index.mjs:28:13
    at file:///Users/tran.duc.thang/Projects/pit/node_modules/.pnpm/@radix-ui+react-slot@1.2.3_@types+react@18.2.43_react@18.2.0/node_modules/@radix-ui/react-slot/dist/index.mjs:33:13
    at file:///Users/tran.duc.thang/Projects/pit/node_modules/.pnpm/@radix-ui+react-slot@1.2.3_@types+react@18.2.43_react@18.2.0/node_modules/@radix-ui/react-slot/dist/index.mjs:9:13
    at file:///Users/tran.duc.thang/Projects/pit/node_modules/.pnpm/@radix-ui+react-collection@1.1.7_@types+react-dom@18.2.17_@types+react@18.2.43_react-do_a03fe685936792784d18791d9a1c5606/node_modules/@radix-ui/react-collection/dist/index.mjs:39:15
    at Provider (file:///Users/tran.duc.thang/Projects/pit/node_modules/.pnpm/@radix-ui+react-context@1.1.2_@types+react@18.2.43_react@18.2.0/node_modules/@radix-ui/react-context/dist/index.mjs:27:15)
    at file:///Users/tran.duc.thang/Projects/pit/node_modules/.pnpm/@radix-ui+react-select@2.2.6_@types+react-dom@18.2.17_@types+react@18.2.43_react-dom@18.2.0_react@18.2.0__react@18.2.0/node_modules/@radix-ui/react-select/dist/index.mjs:800:7
    at /Users/tran.duc.thang/Projects/pit/src/components/ui/select.tsx:174:56
    at div
    at file:///Users/tran.duc.thang/Projects/pit/node_modules/.pnpm/@radix-ui+react-primitive@2.1.3_@types+react-dom@18.2.17_@types+react@18.2.43_react-dom_2161c237ea33b60c0cf3d21a889a9a3e/node_modules/@radix-ui/react-primitive/dist/index.mjs:28:13
    at file:///Users/tran.duc.thang/Projects/pit/node_modules/.pnpm/@radix-ui+react-slot@1.2.3_@types+react@18.2.43_react@18.2.0/node_modules/@radix-ui/react-slot/dist/index.mjs:33:13
    at file:///Users/tran.duc.thang/Projects/pit/node_modules/.pnpm/@radix-ui+react-slot@1.2.3_@types+react@18.2.43_react@18.2.0/node_modules/@radix-ui/react-slot/dist/index.mjs:9:13
    at file:///Users/tran.duc.thang/Projects/pit/node_modules/.pnpm/@radix-ui+react-collection@1.1.7_@types+react-dom@18.2.17_@types+react@18.2.43_react-do_a03fe685936792784d18791d9a1c5606/node_modules/@radix-ui/react-collection/dist/index.mjs:27:15
    at file:///Users/tran.duc.thang/Projects/pit/node_modules/.pnpm/@radix-ui+react-select@2.2.6_@types+react-dom@18.2.17_@types+react@18.2.43_react-dom@18.2.0_react@18.2.0__react@18.2.0/node_modules/@radix-ui/react-select/dist/index.mjs:711:13
    at div
    at file:///Users/tran.duc.thang/Projects/pit/node_modules/.pnpm/@radix-ui+react-slot@1.2.3_@types+react@18.2.43_react@18.2.0/node_modules/@radix-ui/react-slot/dist/index.mjs:33:13
    at file:///Users/tran.duc.thang/Projects/pit/node_modules/.pnpm/@radix-ui+react-slot@1.2.3_@types+react@18.2.43_react@18.2.0/node_modules/@radix-ui/react-slot/dist/index.mjs:9:13
    at file:///Users/tran.duc.thang/Projects/pit/node_modules/.pnpm/@radix-ui+react-collection@1.1.7_@types+react-dom@18.2.17_@types+react@18.2.43_react-do_a03fe685936792784d18791d9a1c5606/node_modules/@radix-ui/react-collection/dist/index.mjs:27:15
    at Provider (file:///Users/tran.duc.thang/Projects/pit/node_modules/.pnpm/@radix-ui+react-context@1.1.2_@types+react@18.2.43_react@18.2.0/node_modules/@radix-ui/react-context/dist/index.mjs:27:15)
    at file:///Users/tran.duc.thang/Projects/pit/node_modules/.pnpm/@radix-ui+react-select@2.2.6_@types+react-dom@18.2.17_@types+react@18.2.43_react-dom@18.2.0_react@18.2.0__react@18.2.0/node_modules/@radix-ui/react-select/dist/index.mjs:256:58
    at file:///Users/tran.duc.thang/Projects/pit/node_modules/.pnpm/@radix-ui+react-slot@1.2.3_@types+react@18.2.43_react@18.2.0/node_modules/@radix-ui/react-slot/dist/index.mjs:33:13
    at file:///Users/tran.duc.thang/Projects/pit/node_modules/.pnpm/@radix-ui+react-slot@1.2.3_@types+react@18.2.43_react@18.2.0/node_modules/@radix-ui/react-slot/dist/index.mjs:9:13
    at file:///Users/tran.duc.thang/Projects/pit/node_modules/.pnpm/@radix-ui+react-primitive@2.1.3_@types+react-dom@18.2.17_@types+react@18.2.43_react-dom_2161c237ea33b60c0cf3d21a889a9a3e/node_modules/@radix-ui/react-primitive/dist/index.mjs:28:13
    at file:///Users/tran.duc.thang/Projects/pit/node_modules/.pnpm/@radix-ui+react-portal@1.1.9_@types+react-dom@18.2.17_@types+react@18.2.43_react-dom@18.2.0_react@18.2.0__react@18.2.0/node_modules/@radix-ui/react-portal/dist/index.mjs:11:22
    at SelectPortal
    at /Users/tran.duc.thang/Projects/pit/src/components/ui/select.tsx:101:59
    at Provider (file:///Users/tran.duc.thang/Projects/pit/node_modules/.pnpm/@radix-ui+react-context@1.1.2_@types+react@18.2.43_react@18.2.0/node_modules/@radix-ui/react-context/dist/index.mjs:27:15)
    at Provider (file:///Users/tran.duc.thang/Projects/pit/node_modules/.pnpm/@radix-ui+react-context@1.1.2_@types+react@18.2.43_react@18.2.0/node_modules/@radix-ui/react-context/dist/index.mjs:27:15)
    at CollectionProvider (file:///Users/tran.duc.thang/Projects/pit/node_modules/.pnpm/@radix-ui+react-collection@1.1.7_@types+react-dom@18.2.17_@types+react@18.2.43_react-do_a03fe685936792784d18791d9a1c5606/node_modules/@radix-ui/react-collection/dist/index.mjs:17:13)
    at Provider (file:///Users/tran.duc.thang/Projects/pit/node_modules/.pnpm/@radix-ui+react-context@1.1.2_@types+react@18.2.43_react@18.2.0/node_modules/@radix-ui/react-context/dist/index.mjs:27:15)
    at Provider (file:///Users/tran.duc.thang/Projects/pit/node_modules/.pnpm/@radix-ui+react-context@1.1.2_@types+react@18.2.43_react@18.2.0/node_modules/@radix-ui/react-context/dist/index.mjs:27:15)
    at Popper (file:///Users/tran.duc.thang/Projects/pit/node_modules/.pnpm/@radix-ui+react-popper@1.2.8_@types+react-dom@18.2.17_@types+react@18.2.43_react-dom@18.2.0_react@18.2.0__react@18.2.0/node_modules/@radix-ui/react-popper/dist/index.mjs:30:11)
    at Select (file:///Users/tran.duc.thang/Projects/pit/node_modules/.pnpm/@radix-ui+react-select@2.2.6_@types+react-dom@18.2.17_@types+react@18.2.43_react-dom@18.2.0_react@18.2.0__react@18.2.0/node_modules/@radix-ui/react-select/dist/index.mjs:42:5)
    at div
    at RegionSelector (/Users/tran.duc.thang/Projects/pit/src/components/RegionSelector.tsx:20:27)
    at div
    at /Users/tran.duc.thang/Projects/pit/src/components/ui/card.tsx:68:6
    at div
    at /Users/tran.duc.thang/Projects/pit/src/components/ui/card.tsx:14:6
    at CalculatorInputs (/Users/tran.duc.thang/Projects/pit/src/components/CalculatorInputs.tsx:19:3)
    at div
    at SalaryCalculator (/Users/tran.duc.thang/Projects/pit/src/components/SalaryCalculator.tsx:24:63)
    at ErrorBoundary (/Users/tran.duc.thang/Projects/pit/src/components/ErrorBoundary.tsx:13:5)
    at main
    at div
    at div
    at div
    at ErrorBoundary (/Users/tran.duc.thang/Projects/pit/src/components/ErrorBoundary.tsx:13:5)
    at App
Warning: An update to SelectItemText inside a test was not wrapped in act(...).

When testing, code that causes React state updates should be wrapped into act(...):

act(() => {
  /* fire events that update state */
});
/* assert on the output */

This ensures that you're testing the behavior the user would see in the browser. Learn more at https://reactjs.org/link/wrap-tests-with-act
    at file:///Users/tran.duc.thang/Projects/pit/node_modules/.pnpm/@radix-ui+react-select@2.2.6_@types+react-dom@18.2.17_@types+react@18.2.43_react-dom@18.2.0_react@18.2.0__react@18.2.0/node_modules/@radix-ui/react-select/dist/index.mjs:901:13
    at div
    at file:///Users/tran.duc.thang/Projects/pit/node_modules/.pnpm/@radix-ui+react-primitive@2.1.3_@types+react-dom@18.2.17_@types+react@18.2.43_react-dom_2161c237ea33b60c0cf3d21a889a9a3e/node_modules/@radix-ui/react-primitive/dist/index.mjs:28:13
    at file:///Users/tran.duc.thang/Projects/pit/node_modules/.pnpm/@radix-ui+react-slot@1.2.3_@types+react@18.2.43_react@18.2.0/node_modules/@radix-ui/react-slot/dist/index.mjs:33:13
    at file:///Users/tran.duc.thang/Projects/pit/node_modules/.pnpm/@radix-ui+react-slot@1.2.3_@types+react@18.2.43_react@18.2.0/node_modules/@radix-ui/react-slot/dist/index.mjs:9:13
    at file:///Users/tran.duc.thang/Projects/pit/node_modules/.pnpm/@radix-ui+react-collection@1.1.7_@types+react-dom@18.2.17_@types+react@18.2.43_react-do_a03fe685936792784d18791d9a1c5606/node_modules/@radix-ui/react-collection/dist/index.mjs:39:15
    at Provider (file:///Users/tran.duc.thang/Projects/pit/node_modules/.pnpm/@radix-ui+react-context@1.1.2_@types+react@18.2.43_react@18.2.0/node_modules/@radix-ui/react-context/dist/index.mjs:27:15)
    at file:///Users/tran.duc.thang/Projects/pit/node_modules/.pnpm/@radix-ui+react-select@2.2.6_@types+react-dom@18.2.17_@types+react@18.2.43_react-dom@18.2.0_react@18.2.0__react@18.2.0/node_modules/@radix-ui/react-select/dist/index.mjs:800:7
    at /Users/tran.duc.thang/Projects/pit/src/components/ui/select.tsx:174:56
    at div
    at file:///Users/tran.duc.thang/Projects/pit/node_modules/.pnpm/@radix-ui+react-primitive@2.1.3_@types+react-dom@18.2.17_@types+react@18.2.43_react-dom_2161c237ea33b60c0cf3d21a889a9a3e/node_modules/@radix-ui/react-primitive/dist/index.mjs:28:13
    at file:///Users/tran.duc.thang/Projects/pit/node_modules/.pnpm/@radix-ui+react-slot@1.2.3_@types+react@18.2.43_react@18.2.0/node_modules/@radix-ui/react-slot/dist/index.mjs:33:13
    at file:///Users/tran.duc.thang/Projects/pit/node_modules/.pnpm/@radix-ui+react-slot@1.2.3_@types+react@18.2.43_react@18.2.0/node_modules/@radix-ui/react-slot/dist/index.mjs:9:13
    at file:///Users/tran.duc.thang/Projects/pit/node_modules/.pnpm/@radix-ui+react-collection@1.1.7_@types+react-dom@18.2.17_@types+react@18.2.43_react-do_a03fe685936792784d18791d9a1c5606/node_modules/@radix-ui/react-collection/dist/index.mjs:27:15
    at file:///Users/tran.duc.thang/Projects/pit/node_modules/.pnpm/@radix-ui+react-select@2.2.6_@types+react-dom@18.2.17_@types+react@18.2.43_react-dom@18.2.0_react@18.2.0__react@18.2.0/node_modules/@radix-ui/react-select/dist/index.mjs:711:13
    at div
    at file:///Users/tran.duc.thang/Projects/pit/node_modules/.pnpm/@radix-ui+react-slot@1.2.3_@types+react@18.2.43_react@18.2.0/node_modules/@radix-ui/react-slot/dist/index.mjs:33:13
    at file:///Users/tran.duc.thang/Projects/pit/node_modules/.pnpm/@radix-ui+react-slot@1.2.3_@types+react@18.2.43_react@18.2.0/node_modules/@radix-ui/react-slot/dist/index.mjs:9:13
    at file:///Users/tran.duc.thang/Projects/pit/node_modules/.pnpm/@radix-ui+react-collection@1.1.7_@types+react-dom@18.2.17_@types+react@18.2.43_react-do_a03fe685936792784d18791d9a1c5606/node_modules/@radix-ui/react-collection/dist/index.mjs:27:15
    at Provider (file:///Users/tran.duc.thang/Projects/pit/node_modules/.pnpm/@radix-ui+react-context@1.1.2_@types+react@18.2.43_react@18.2.0/node_modules/@radix-ui/react-context/dist/index.mjs:27:15)
    at file:///Users/tran.duc.thang/Projects/pit/node_modules/.pnpm/@radix-ui+react-select@2.2.6_@types+react-dom@18.2.17_@types+react@18.2.43_react-dom@18.2.0_react@18.2.0__react@18.2.0/node_modules/@radix-ui/react-select/dist/index.mjs:256:58
    at file:///Users/tran.duc.thang/Projects/pit/node_modules/.pnpm/@radix-ui+react-slot@1.2.3_@types+react@18.2.43_react@18.2.0/node_modules/@radix-ui/react-slot/dist/index.mjs:33:13
    at file:///Users/tran.duc.thang/Projects/pit/node_modules/.pnpm/@radix-ui+react-slot@1.2.3_@types+react@18.2.43_react@18.2.0/node_modules/@radix-ui/react-slot/dist/index.mjs:9:13
    at file:///Users/tran.duc.thang/Projects/pit/node_modules/.pnpm/@radix-ui+react-primitive@2.1.3_@types+react-dom@18.2.17_@types+react@18.2.43_react-dom_2161c237ea33b60c0cf3d21a889a9a3e/node_modules/@radix-ui/react-primitive/dist/index.mjs:28:13
    at file:///Users/tran.duc.thang/Projects/pit/node_modules/.pnpm/@radix-ui+react-portal@1.1.9_@types+react-dom@18.2.17_@types+react@18.2.43_react-dom@18.2.0_react@18.2.0__react@18.2.0/node_modules/@radix-ui/react-portal/dist/index.mjs:11:22
    at SelectPortal
    at /Users/tran.duc.thang/Projects/pit/src/components/ui/select.tsx:101:59
    at Provider (file:///Users/tran.duc.thang/Projects/pit/node_modules/.pnpm/@radix-ui+react-context@1.1.2_@types+react@18.2.43_react@18.2.0/node_modules/@radix-ui/react-context/dist/index.mjs:27:15)
    at Provider (file:///Users/tran.duc.thang/Projects/pit/node_modules/.pnpm/@radix-ui+react-context@1.1.2_@types+react@18.2.43_react@18.2.0/node_modules/@radix-ui/react-context/dist/index.mjs:27:15)
    at CollectionProvider (file:///Users/tran.duc.thang/Projects/pit/node_modules/.pnpm/@radix-ui+react-collection@1.1.7_@types+react-dom@18.2.17_@types+react@18.2.43_react-do_a03fe685936792784d18791d9a1c5606/node_modules/@radix-ui/react-collection/dist/index.mjs:17:13)
    at Provider (file:///Users/tran.duc.thang/Projects/pit/node_modules/.pnpm/@radix-ui+react-context@1.1.2_@types+react@18.2.43_react@18.2.0/node_modules/@radix-ui/react-context/dist/index.mjs:27:15)
    at Provider (file:///Users/tran.duc.thang/Projects/pit/node_modules/.pnpm/@radix-ui+react-context@1.1.2_@types+react@18.2.43_react@18.2.0/node_modules/@radix-ui/react-context/dist/index.mjs:27:15)
    at Popper (file:///Users/tran.duc.thang/Projects/pit/node_modules/.pnpm/@radix-ui+react-popper@1.2.8_@types+react-dom@18.2.17_@types+react@18.2.43_react-dom@18.2.0_react@18.2.0__react@18.2.0/node_modules/@radix-ui/react-popper/dist/index.mjs:30:11)
    at Select (file:///Users/tran.duc.thang/Projects/pit/node_modules/.pnpm/@radix-ui+react-select@2.2.6_@types+react-dom@18.2.17_@types+react@18.2.43_react-dom@18.2.0_react@18.2.0__react@18.2.0/node_modules/@radix-ui/react-select/dist/index.mjs:42:5)
    at div
    at RegionSelector (/Users/tran.duc.thang/Projects/pit/src/components/RegionSelector.tsx:20:27)
    at div
    at /Users/tran.duc.thang/Projects/pit/src/components/ui/card.tsx:68:6
    at div
    at /Users/tran.duc.thang/Projects/pit/src/components/ui/card.tsx:14:6
    at CalculatorInputs (/Users/tran.duc.thang/Projects/pit/src/components/CalculatorInputs.tsx:19:3)
    at div
    at SalaryCalculator (/Users/tran.duc.thang/Projects/pit/src/components/SalaryCalculator.tsx:24:63)
    at ErrorBoundary (/Users/tran.duc.thang/Projects/pit/src/components/ErrorBoundary.tsx:13:5)
    at main
    at div
    at div
    at div
    at ErrorBoundary (/Users/tran.duc.thang/Projects/pit/src/components/ErrorBoundary.tsx:13:5)
    at App
Warning: An update to SelectItemText inside a test was not wrapped in act(...).

When testing, code that causes React state updates should be wrapped into act(...):

act(() => {
  /* fire events that update state */
});
/* assert on the output */

This ensures that you're testing the behavior the user would see in the browser. Learn more at https://reactjs.org/link/wrap-tests-with-act
    at file:///Users/tran.duc.thang/Projects/pit/node_modules/.pnpm/@radix-ui+react-select@2.2.6_@types+react-dom@18.2.17_@types+react@18.2.43_react-dom@18.2.0_react@18.2.0__react@18.2.0/node_modules/@radix-ui/react-select/dist/index.mjs:901:13
    at div
    at file:///Users/tran.duc.thang/Projects/pit/node_modules/.pnpm/@radix-ui+react-primitive@2.1.3_@types+react-dom@18.2.17_@types+react@18.2.43_react-dom_2161c237ea33b60c0cf3d21a889a9a3e/node_modules/@radix-ui/react-primitive/dist/index.mjs:28:13
    at file:///Users/tran.duc.thang/Projects/pit/node_modules/.pnpm/@radix-ui+react-slot@1.2.3_@types+react@18.2.43_react@18.2.0/node_modules/@radix-ui/react-slot/dist/index.mjs:33:13
    at file:///Users/tran.duc.thang/Projects/pit/node_modules/.pnpm/@radix-ui+react-slot@1.2.3_@types+react@18.2.43_react@18.2.0/node_modules/@radix-ui/react-slot/dist/index.mjs:9:13
    at file:///Users/tran.duc.thang/Projects/pit/node_modules/.pnpm/@radix-ui+react-collection@1.1.7_@types+react-dom@18.2.17_@types+react@18.2.43_react-do_a03fe685936792784d18791d9a1c5606/node_modules/@radix-ui/react-collection/dist/index.mjs:39:15
    at Provider (file:///Users/tran.duc.thang/Projects/pit/node_modules/.pnpm/@radix-ui+react-context@1.1.2_@types+react@18.2.43_react@18.2.0/node_modules/@radix-ui/react-context/dist/index.mjs:27:15)
    at file:///Users/tran.duc.thang/Projects/pit/node_modules/.pnpm/@radix-ui+react-select@2.2.6_@types+react-dom@18.2.17_@types+react@18.2.43_react-dom@18.2.0_react@18.2.0__react@18.2.0/node_modules/@radix-ui/react-select/dist/index.mjs:800:7
    at /Users/tran.duc.thang/Projects/pit/src/components/ui/select.tsx:174:56
    at div
    at file:///Users/tran.duc.thang/Projects/pit/node_modules/.pnpm/@radix-ui+react-primitive@2.1.3_@types+react-dom@18.2.17_@types+react@18.2.43_react-dom_2161c237ea33b60c0cf3d21a889a9a3e/node_modules/@radix-ui/react-primitive/dist/index.mjs:28:13
    at file:///Users/tran.duc.thang/Projects/pit/node_modules/.pnpm/@radix-ui+react-slot@1.2.3_@types+react@18.2.43_react@18.2.0/node_modules/@radix-ui/react-slot/dist/index.mjs:33:13
    at file:///Users/tran.duc.thang/Projects/pit/node_modules/.pnpm/@radix-ui+react-slot@1.2.3_@types+react@18.2.43_react@18.2.0/node_modules/@radix-ui/react-slot/dist/index.mjs:9:13
    at file:///Users/tran.duc.thang/Projects/pit/node_modules/.pnpm/@radix-ui+react-collection@1.1.7_@types+react-dom@18.2.17_@types+react@18.2.43_react-do_a03fe685936792784d18791d9a1c5606/node_modules/@radix-ui/react-collection/dist/index.mjs:27:15
    at file:///Users/tran.duc.thang/Projects/pit/node_modules/.pnpm/@radix-ui+react-select@2.2.6_@types+react-dom@18.2.17_@types+react@18.2.43_react-dom@18.2.0_react@18.2.0__react@18.2.0/node_modules/@radix-ui/react-select/dist/index.mjs:711:13
    at div
    at file:///Users/tran.duc.thang/Projects/pit/node_modules/.pnpm/@radix-ui+react-slot@1.2.3_@types+react@18.2.43_react@18.2.0/node_modules/@radix-ui/react-slot/dist/index.mjs:33:13
    at file:///Users/tran.duc.thang/Projects/pit/node_modules/.pnpm/@radix-ui+react-slot@1.2.3_@types+react@18.2.43_react@18.2.0/node_modules/@radix-ui/react-slot/dist/index.mjs:9:13
    at file:///Users/tran.duc.thang/Projects/pit/node_modules/.pnpm/@radix-ui+react-collection@1.1.7_@types+react-dom@18.2.17_@types+react@18.2.43_react-do_a03fe685936792784d18791d9a1c5606/node_modules/@radix-ui/react-collection/dist/index.mjs:27:15
    at Provider (file:///Users/tran.duc.thang/Projects/pit/node_modules/.pnpm/@radix-ui+react-context@1.1.2_@types+react@18.2.43_react@18.2.0/node_modules/@radix-ui/react-context/dist/index.mjs:27:15)
    at file:///Users/tran.duc.thang/Projects/pit/node_modules/.pnpm/@radix-ui+react-select@2.2.6_@types+react-dom@18.2.17_@types+react@18.2.43_react-dom@18.2.0_react@18.2.0__react@18.2.0/node_modules/@radix-ui/react-select/dist/index.mjs:256:58
    at file:///Users/tran.duc.thang/Projects/pit/node_modules/.pnpm/@radix-ui+react-slot@1.2.3_@types+react@18.2.43_react@18.2.0/node_modules/@radix-ui/react-slot/dist/index.mjs:33:13
    at file:///Users/tran.duc.thang/Projects/pit/node_modules/.pnpm/@radix-ui+react-slot@1.2.3_@types+react@18.2.43_react@18.2.0/node_modules/@radix-ui/react-slot/dist/index.mjs:9:13
    at file:///Users/tran.duc.thang/Projects/pit/node_modules/.pnpm/@radix-ui+react-primitive@2.1.3_@types+react-dom@18.2.17_@types+react@18.2.43_react-dom_2161c237ea33b60c0cf3d21a889a9a3e/node_modules/@radix-ui/react-primitive/dist/index.mjs:28:13
    at file:///Users/tran.duc.thang/Projects/pit/node_modules/.pnpm/@radix-ui+react-portal@1.1.9_@types+react-dom@18.2.17_@types+react@18.2.43_react-dom@18.2.0_react@18.2.0__react@18.2.0/node_modules/@radix-ui/react-portal/dist/index.mjs:11:22
    at SelectPortal
    at /Users/tran.duc.thang/Projects/pit/src/components/ui/select.tsx:101:59
    at Provider (file:///Users/tran.duc.thang/Projects/pit/node_modules/.pnpm/@radix-ui+react-context@1.1.2_@types+react@18.2.43_react@18.2.0/node_modules/@radix-ui/react-context/dist/index.mjs:27:15)
    at Provider (file:///Users/tran.duc.thang/Projects/pit/node_modules/.pnpm/@radix-ui+react-context@1.1.2_@types+react@18.2.43_react@18.2.0/node_modules/@radix-ui/react-context/dist/index.mjs:27:15)
    at CollectionProvider (file:///Users/tran.duc.thang/Projects/pit/node_modules/.pnpm/@radix-ui+react-collection@1.1.7_@types+react-dom@18.2.17_@types+react@18.2.43_react-do_a03fe685936792784d18791d9a1c5606/node_modules/@radix-ui/react-collection/dist/index.mjs:17:13)
    at Provider (file:///Users/tran.duc.thang/Projects/pit/node_modules/.pnpm/@radix-ui+react-context@1.1.2_@types+react@18.2.43_react@18.2.0/node_modules/@radix-ui/react-context/dist/index.mjs:27:15)
    at Provider (file:///Users/tran.duc.thang/Projects/pit/node_modules/.pnpm/@radix-ui+react-context@1.1.2_@types+react@18.2.43_react@18.2.0/node_modules/@radix-ui/react-context/dist/index.mjs:27:15)
    at Popper (file:///Users/tran.duc.thang/Projects/pit/node_modules/.pnpm/@radix-ui+react-popper@1.2.8_@types+react-dom@18.2.17_@types+react@18.2.43_react-dom@18.2.0_react@18.2.0__react@18.2.0/node_modules/@radix-ui/react-popper/dist/index.mjs:30:11)
    at Select (file:///Users/tran.duc.thang/Projects/pit/node_modules/.pnpm/@radix-ui+react-select@2.2.6_@types+react-dom@18.2.17_@types+react@18.2.43_react-dom@18.2.0_react@18.2.0__react@18.2.0/node_modules/@radix-ui/react-select/dist/index.mjs:42:5)
    at div
    at RegionSelector (/Users/tran.duc.thang/Projects/pit/src/components/RegionSelector.tsx:20:27)
    at div
    at /Users/tran.duc.thang/Projects/pit/src/components/ui/card.tsx:68:6
    at div
    at /Users/tran.duc.thang/Projects/pit/src/components/ui/card.tsx:14:6
    at CalculatorInputs (/Users/tran.duc.thang/Projects/pit/src/components/CalculatorInputs.tsx:19:3)
    at div
    at SalaryCalculator (/Users/tran.duc.thang/Projects/pit/src/components/SalaryCalculator.tsx:24:63)
    at ErrorBoundary (/Users/tran.duc.thang/Projects/pit/src/components/ErrorBoundary.tsx:13:5)
    at main
    at div
    at div
    at div
    at ErrorBoundary (/Users/tran.duc.thang/Projects/pit/src/components/ErrorBoundary.tsx:13:5)
    at App
Warning: An update to SelectItemText inside a test was not wrapped in act(...).

When testing, code that causes React state updates should be wrapped into act(...):

act(() => {
  /* fire events that update state */
});
/* assert on the output */

This ensures that you're testing the behavior the user would see in the browser. Learn more at https://reactjs.org/link/wrap-tests-with-act
    at file:///Users/tran.duc.thang/Projects/pit/node_modules/.pnpm/@radix-ui+react-select@2.2.6_@types+react-dom@18.2.17_@types+react@18.2.43_react-dom@18.2.0_react@18.2.0__react@18.2.0/node_modules/@radix-ui/react-select/dist/index.mjs:901:13
    at div
    at file:///Users/tran.duc.thang/Projects/pit/node_modules/.pnpm/@radix-ui+react-primitive@2.1.3_@types+react-dom@18.2.17_@types+react@18.2.43_react-dom_2161c237ea33b60c0cf3d21a889a9a3e/node_modules/@radix-ui/react-primitive/dist/index.mjs:28:13
    at file:///Users/tran.duc.thang/Projects/pit/node_modules/.pnpm/@radix-ui+react-slot@1.2.3_@types+react@18.2.43_react@18.2.0/node_modules/@radix-ui/react-slot/dist/index.mjs:33:13
    at file:///Users/tran.duc.thang/Projects/pit/node_modules/.pnpm/@radix-ui+react-slot@1.2.3_@types+react@18.2.43_react@18.2.0/node_modules/@radix-ui/react-slot/dist/index.mjs:9:13
    at file:///Users/tran.duc.thang/Projects/pit/node_modules/.pnpm/@radix-ui+react-collection@1.1.7_@types+react-dom@18.2.17_@types+react@18.2.43_react-do_a03fe685936792784d18791d9a1c5606/node_modules/@radix-ui/react-collection/dist/index.mjs:39:15
    at Provider (file:///Users/tran.duc.thang/Projects/pit/node_modules/.pnpm/@radix-ui+react-context@1.1.2_@types+react@18.2.43_react@18.2.0/node_modules/@radix-ui/react-context/dist/index.mjs:27:15)
    at file:///Users/tran.duc.thang/Projects/pit/node_modules/.pnpm/@radix-ui+react-select@2.2.6_@types+react-dom@18.2.17_@types+react@18.2.43_react-dom@18.2.0_react@18.2.0__react@18.2.0/node_modules/@radix-ui/react-select/dist/index.mjs:800:7
    at /Users/tran.duc.thang/Projects/pit/src/components/ui/select.tsx:174:56
    at div
    at file:///Users/tran.duc.thang/Projects/pit/node_modules/.pnpm/@radix-ui+react-primitive@2.1.3_@types+react-dom@18.2.17_@types+react@18.2.43_react-dom_2161c237ea33b60c0cf3d21a889a9a3e/node_modules/@radix-ui/react-primitive/dist/index.mjs:28:13
    at file:///Users/tran.duc.thang/Projects/pit/node_modules/.pnpm/@radix-ui+react-slot@1.2.3_@types+react@18.2.43_react@18.2.0/node_modules/@radix-ui/react-slot/dist/index.mjs:33:13
    at file:///Users/tran.duc.thang/Projects/pit/node_modules/.pnpm/@radix-ui+react-slot@1.2.3_@types+react@18.2.43_react@18.2.0/node_modules/@radix-ui/react-slot/dist/index.mjs:9:13
    at file:///Users/tran.duc.thang/Projects/pit/node_modules/.pnpm/@radix-ui+react-collection@1.1.7_@types+react-dom@18.2.17_@types+react@18.2.43_react-do_a03fe685936792784d18791d9a1c5606/node_modules/@radix-ui/react-collection/dist/index.mjs:27:15
    at file:///Users/tran.duc.thang/Projects/pit/node_modules/.pnpm/@radix-ui+react-select@2.2.6_@types+react-dom@18.2.17_@types+react@18.2.43_react-dom@18.2.0_react@18.2.0__react@18.2.0/node_modules/@radix-ui/react-select/dist/index.mjs:711:13
    at div
    at file:///Users/tran.duc.thang/Projects/pit/node_modules/.pnpm/@radix-ui+react-slot@1.2.3_@types+react@18.2.43_react@18.2.0/node_modules/@radix-ui/react-slot/dist/index.mjs:33:13
    at file:///Users/tran.duc.thang/Projects/pit/node_modules/.pnpm/@radix-ui+react-slot@1.2.3_@types+react@18.2.43_react@18.2.0/node_modules/@radix-ui/react-slot/dist/index.mjs:9:13
    at file:///Users/tran.duc.thang/Projects/pit/node_modules/.pnpm/@radix-ui+react-collection@1.1.7_@types+react-dom@18.2.17_@types+react@18.2.43_react-do_a03fe685936792784d18791d9a1c5606/node_modules/@radix-ui/react-collection/dist/index.mjs:27:15
    at Provider (file:///Users/tran.duc.thang/Projects/pit/node_modules/.pnpm/@radix-ui+react-context@1.1.2_@types+react@18.2.43_react@18.2.0/node_modules/@radix-ui/react-context/dist/index.mjs:27:15)
    at file:///Users/tran.duc.thang/Projects/pit/node_modules/.pnpm/@radix-ui+react-select@2.2.6_@types+react-dom@18.2.17_@types+react@18.2.43_react-dom@18.2.0_react@18.2.0__react@18.2.0/node_modules/@radix-ui/react-select/dist/index.mjs:256:58
    at file:///Users/tran.duc.thang/Projects/pit/node_modules/.pnpm/@radix-ui+react-slot@1.2.3_@types+react@18.2.43_react@18.2.0/node_modules/@radix-ui/react-slot/dist/index.mjs:33:13
    at file:///Users/tran.duc.thang/Projects/pit/node_modules/.pnpm/@radix-ui+react-slot@1.2.3_@types+react@18.2.43_react@18.2.0/node_modules/@radix-ui/react-slot/dist/index.mjs:9:13
    at file:///Users/tran.duc.thang/Projects/pit/node_modules/.pnpm/@radix-ui+react-primitive@2.1.3_@types+react-dom@18.2.17_@types+react@18.2.43_react-dom_2161c237ea33b60c0cf3d21a889a9a3e/node_modules/@radix-ui/react-primitive/dist/index.mjs:28:13
    at file:///Users/tran.duc.thang/Projects/pit/node_modules/.pnpm/@radix-ui+react-portal@1.1.9_@types+react-dom@18.2.17_@types+react@18.2.43_react-dom@18.2.0_react@18.2.0__react@18.2.0/node_modules/@radix-ui/react-portal/dist/index.mjs:11:22
    at SelectPortal
    at /Users/tran.duc.thang/Projects/pit/src/components/ui/select.tsx:101:59
    at Provider (file:///Users/tran.duc.thang/Projects/pit/node_modules/.pnpm/@radix-ui+react-context@1.1.2_@types+react@18.2.43_react@18.2.0/node_modules/@radix-ui/react-context/dist/index.mjs:27:15)
    at Provider (file:///Users/tran.duc.thang/Projects/pit/node_modules/.pnpm/@radix-ui+react-context@1.1.2_@types+react@18.2.43_react@18.2.0/node_modules/@radix-ui/react-context/dist/index.mjs:27:15)
    at CollectionProvider (file:///Users/tran.duc.thang/Projects/pit/node_modules/.pnpm/@radix-ui+react-collection@1.1.7_@types+react-dom@18.2.17_@types+react@18.2.43_react-do_a03fe685936792784d18791d9a1c5606/node_modules/@radix-ui/react-collection/dist/index.mjs:17:13)
    at Provider (file:///Users/tran.duc.thang/Projects/pit/node_modules/.pnpm/@radix-ui+react-context@1.1.2_@types+react@18.2.43_react@18.2.0/node_modules/@radix-ui/react-context/dist/index.mjs:27:15)
    at Provider (file:///Users/tran.duc.thang/Projects/pit/node_modules/.pnpm/@radix-ui+react-context@1.1.2_@types+react@18.2.43_react@18.2.0/node_modules/@radix-ui/react-context/dist/index.mjs:27:15)
    at Popper (file:///Users/tran.duc.thang/Projects/pit/node_modules/.pnpm/@radix-ui+react-popper@1.2.8_@types+react-dom@18.2.17_@types+react@18.2.43_react-dom@18.2.0_react@18.2.0__react@18.2.0/node_modules/@radix-ui/react-popper/dist/index.mjs:30:11)
    at Select (file:///Users/tran.duc.thang/Projects/pit/node_modules/.pnpm/@radix-ui+react-select@2.2.6_@types+react-dom@18.2.17_@types+react@18.2.43_react-dom@18.2.0_react@18.2.0__react@18.2.0/node_modules/@radix-ui/react-select/dist/index.mjs:42:5)
    at div
    at RegionSelector (/Users/tran.duc.thang/Projects/pit/src/components/RegionSelector.tsx:20:27)
    at div
    at /Users/tran.duc.thang/Projects/pit/src/components/ui/card.tsx:68:6
    at div
    at /Users/tran.duc.thang/Projects/pit/src/components/ui/card.tsx:14:6
    at CalculatorInputs (/Users/tran.duc.thang/Projects/pit/src/components/CalculatorInputs.tsx:19:3)
    at div
    at SalaryCalculator (/Users/tran.duc.thang/Projects/pit/src/components/SalaryCalculator.tsx:24:63)
    at ErrorBoundary (/Users/tran.duc.thang/Projects/pit/src/components/ErrorBoundary.tsx:13:5)
    at main
    at div
    at div
    at div
    at ErrorBoundary (/Users/tran.duc.thang/Projects/pit/src/components/ErrorBoundary.tsx:13:5)
    at App
Warning: An update to Tooltip inside a test was not wrapped in act(...).

When testing, code that causes React state updates should be wrapped into act(...):

act(() => {
  /* fire events that update state */
});
/* assert on the output */

This ensures that you're testing the behavior the user would see in the browser. Learn more at https://reactjs.org/link/wrap-tests-with-act
    at Tooltip (file:///Users/tran.duc.thang/Projects/pit/node_modules/.pnpm/@radix-ui+react-tooltip@1.2.8_@types+react-dom@18.2.17_@types+react@18.2.43_react-dom@18.2.0_react@18.2.0__react@18.2.0/node_modules/@radix-ui/react-tooltip/dist/index.mjs:73:5)
    at Provider (file:///Users/tran.duc.thang/Projects/pit/node_modules/.pnpm/@radix-ui+react-context@1.1.2_@types+react@18.2.43_react@18.2.0/node_modules/@radix-ui/react-context/dist/index.mjs:27:15)
    at TooltipProvider (file:///Users/tran.duc.thang/Projects/pit/node_modules/.pnpm/@radix-ui+react-tooltip@1.2.8_@types+react-dom@18.2.17_@types+react@18.2.43_react-dom@18.2.0_react@18.2.0__react@18.2.0/node_modules/@radix-ui/react-tooltip/dist/index.mjs:29:5)
    at InfoTooltip (/Users/tran.duc.thang/Projects/pit/src/components/InfoTooltip.tsx:10:24)
    at div
    at div
    at InsuranceBaseInput (/Users/tran.duc.thang/Projects/pit/src/components/InsuranceBaseInput.tsx:13:3)
    at div
    at /Users/tran.duc.thang/Projects/pit/src/components/ui/card.tsx:68:6
    at div
    at /Users/tran.duc.thang/Projects/pit/src/components/ui/card.tsx:14:6
    at CalculatorInputs (/Users/tran.duc.thang/Projects/pit/src/components/CalculatorInputs.tsx:19:3)
    at div
    at SalaryCalculator (/Users/tran.duc.thang/Projects/pit/src/components/SalaryCalculator.tsx:24:63)
    at ErrorBoundary (/Users/tran.duc.thang/Projects/pit/src/components/ErrorBoundary.tsx:13:5)
    at main
    at div
    at div
    at div
    at ErrorBoundary (/Users/tran.duc.thang/Projects/pit/src/components/ErrorBoundary.tsx:13:5)
    at App
Warning: An update to Radio inside a test was not wrapped in act(...).

When testing, code that causes React state updates should be wrapped into act(...):

act(() => {
  /* fire events that update state */
});
/* assert on the output */

This ensures that you're testing the behavior the user would see in the browser. Learn more at https://reactjs.org/link/wrap-tests-with-act
    at file:///Users/tran.duc.thang/Projects/pit/node_modules/.pnpm/@radix-ui+react-radio-group@1.3.8_@types+react-dom@18.2.17_@types+react@18.2.43_react-d_232b8f11a4c03b4724d7150d14f44128/node_modules/@radix-ui/react-radio-group/dist/index.mjs:30:7
    at file:///Users/tran.duc.thang/Projects/pit/node_modules/.pnpm/@radix-ui+react-slot@1.2.3_@types+react@18.2.43_react@18.2.0/node_modules/@radix-ui/react-slot/dist/index.mjs:33:13
    at file:///Users/tran.duc.thang/Projects/pit/node_modules/.pnpm/@radix-ui+react-slot@1.2.3_@types+react@18.2.43_react@18.2.0/node_modules/@radix-ui/react-slot/dist/index.mjs:9:13
    at file:///Users/tran.duc.thang/Projects/pit/node_modules/.pnpm/@radix-ui+react-primitive@2.1.3_@types+react-dom@18.2.17_@types+react@18.2.43_react-dom_2161c237ea33b60c0cf3d21a889a9a3e/node_modules/@radix-ui/react-primitive/dist/index.mjs:28:13
    at file:///Users/tran.duc.thang/Projects/pit/node_modules/.pnpm/@radix-ui+react-slot@1.2.3_@types+react@18.2.43_react@18.2.0/node_modules/@radix-ui/react-slot/dist/index.mjs:33:13
    at file:///Users/tran.duc.thang/Projects/pit/node_modules/.pnpm/@radix-ui+react-slot@1.2.3_@types+react@18.2.43_react@18.2.0/node_modules/@radix-ui/react-slot/dist/index.mjs:9:13
    at file:///Users/tran.duc.thang/Projects/pit/node_modules/.pnpm/@radix-ui+react-collection@1.1.7_@types+react-dom@18.2.17_@types+react@18.2.43_react-do_a03fe685936792784d18791d9a1c5606/node_modules/@radix-ui/react-collection/dist/index.mjs:39:15
    at file:///Users/tran.duc.thang/Projects/pit/node_modules/.pnpm/@radix-ui+react-roving-focus@1.1.11_@types+react-dom@18.2.17_@types+react@18.2.43_react_0518848876eeed3dd17b5d7009596a7d/node_modules/@radix-ui/react-roving-focus/dist/index.mjs:124:7
    at file:///Users/tran.duc.thang/Projects/pit/node_modules/.pnpm/@radix-ui+react-radio-group@1.3.8_@types+react-dom@18.2.17_@types+react@18.2.43_react-d_232b8f11a4c03b4724d7150d14f44128/node_modules/@radix-ui/react-radio-group/dist/index.mjs:228:13
    at /Users/tran.duc.thang/Projects/pit/src/components/ui/radio-group.tsx:22:60
    at div
    at div
    at file:///Users/tran.duc.thang/Projects/pit/node_modules/.pnpm/@radix-ui+react-primitive@2.1.3_@types+react-dom@18.2.17_@types+react@18.2.43_react-dom_2161c237ea33b60c0cf3d21a889a9a3e/node_modules/@radix-ui/react-primitive/dist/index.mjs:28:13
    at file:///Users/tran.duc.thang/Projects/pit/node_modules/.pnpm/@radix-ui+react-slot@1.2.3_@types+react@18.2.43_react@18.2.0/node_modules/@radix-ui/react-slot/dist/index.mjs:33:13
    at file:///Users/tran.duc.thang/Projects/pit/node_modules/.pnpm/@radix-ui+react-slot@1.2.3_@types+react@18.2.43_react@18.2.0/node_modules/@radix-ui/react-slot/dist/index.mjs:9:13
    at file:///Users/tran.duc.thang/Projects/pit/node_modules/.pnpm/@radix-ui+react-primitive@2.1.3_@types+react-dom@18.2.17_@types+react@18.2.43_react-dom_2161c237ea33b60c0cf3d21a889a9a3e/node_modules/@radix-ui/react-primitive/dist/index.mjs:28:13
    at Provider (file:///Users/tran.duc.thang/Projects/pit/node_modules/.pnpm/@radix-ui+react-context@1.1.2_@types+react@18.2.43_react@18.2.0/node_modules/@radix-ui/react-context/dist/index.mjs:27:15)
    at file:///Users/tran.duc.thang/Projects/pit/node_modules/.pnpm/@radix-ui+react-roving-focus@1.1.11_@types+react-dom@18.2.17_@types+react@18.2.43_react_0518848876eeed3dd17b5d7009596a7d/node_modules/@radix-ui/react-roving-focus/dist/index.mjs:32:5
    at file:///Users/tran.duc.thang/Projects/pit/node_modules/.pnpm/@radix-ui+react-slot@1.2.3_@types+react@18.2.43_react@18.2.0/node_modules/@radix-ui/react-slot/dist/index.mjs:33:13
    at file:///Users/tran.duc.thang/Projects/pit/node_modules/.pnpm/@radix-ui+react-slot@1.2.3_@types+react@18.2.43_react@18.2.0/node_modules/@radix-ui/react-slot/dist/index.mjs:9:13
    at file:///Users/tran.duc.thang/Projects/pit/node_modules/.pnpm/@radix-ui+react-collection@1.1.7_@types+react-dom@18.2.17_@types+react@18.2.43_react-do_a03fe685936792784d18791d9a1c5606/node_modules/@radix-ui/react-collection/dist/index.mjs:27:15
    at Provider (file:///Users/tran.duc.thang/Projects/pit/node_modules/.pnpm/@radix-ui+react-context@1.1.2_@types+react@18.2.43_react@18.2.0/node_modules/@radix-ui/react-context/dist/index.mjs:27:15)
    at CollectionProvider (file:///Users/tran.duc.thang/Projects/pit/node_modules/.pnpm/@radix-ui+react-collection@1.1.7_@types+react-dom@18.2.17_@types+react@18.2.43_react-do_a03fe685936792784d18791d9a1c5606/node_modules/@radix-ui/react-collection/dist/index.mjs:17:13)
    at file:///Users/tran.duc.thang/Projects/pit/node_modules/.pnpm/@radix-ui+react-roving-focus@1.1.11_@types+react-dom@18.2.17_@types+react@18.2.43_react_0518848876eeed3dd17b5d7009596a7d/node_modules/@radix-ui/react-roving-focus/dist/index.mjs:26:68
    at Provider (file:///Users/tran.duc.thang/Projects/pit/node_modules/.pnpm/@radix-ui+react-context@1.1.2_@types+react@18.2.43_react@18.2.0/node_modules/@radix-ui/react-context/dist/index.mjs:27:15)
    at file:///Users/tran.duc.thang/Projects/pit/node_modules/.pnpm/@radix-ui+react-radio-group@1.3.8_@types+react-dom@18.2.17_@types+react@18.2.43_react-d_232b8f11a4c03b4724d7150d14f44128/node_modules/@radix-ui/react-radio-group/dist/index.mjs:169:7
    at /Users/tran.duc.thang/Projects/pit/src/components/ui/radio-group.tsx:14:56
    at div
    at InsuranceBaseInput (/Users/tran.duc.thang/Projects/pit/src/components/InsuranceBaseInput.tsx:13:3)
    at div
    at /Users/tran.duc.thang/Projects/pit/src/components/ui/card.tsx:68:6
    at div
    at /Users/tran.duc.thang/Projects/pit/src/components/ui/card.tsx:14:6
    at CalculatorInputs (/Users/tran.duc.thang/Projects/pit/src/components/CalculatorInputs.tsx:19:3)
    at div
    at SalaryCalculator (/Users/tran.duc.thang/Projects/pit/src/components/SalaryCalculator.tsx:24:63)
    at ErrorBoundary (/Users/tran.duc.thang/Projects/pit/src/components/ErrorBoundary.tsx:13:5)
    at main
    at div
    at div
    at div
    at ErrorBoundary (/Users/tran.duc.thang/Projects/pit/src/components/ErrorBoundary.tsx:13:5)
    at App
Warning: An update to Radio inside a test was not wrapped in act(...).

When testing, code that causes React state updates should be wrapped into act(...):

act(() => {
  /* fire events that update state */
});
/* assert on the output */

This ensures that you're testing the behavior the user would see in the browser. Learn more at https://reactjs.org/link/wrap-tests-with-act
    at file:///Users/tran.duc.thang/Projects/pit/node_modules/.pnpm/@radix-ui+react-radio-group@1.3.8_@types+react-dom@18.2.17_@types+react@18.2.43_react-d_232b8f11a4c03b4724d7150d14f44128/node_modules/@radix-ui/react-radio-group/dist/index.mjs:30:7
    at file:///Users/tran.duc.thang/Projects/pit/node_modules/.pnpm/@radix-ui+react-slot@1.2.3_@types+react@18.2.43_react@18.2.0/node_modules/@radix-ui/react-slot/dist/index.mjs:33:13
    at file:///Users/tran.duc.thang/Projects/pit/node_modules/.pnpm/@radix-ui+react-slot@1.2.3_@types+react@18.2.43_react@18.2.0/node_modules/@radix-ui/react-slot/dist/index.mjs:9:13
    at file:///Users/tran.duc.thang/Projects/pit/node_modules/.pnpm/@radix-ui+react-primitive@2.1.3_@types+react-dom@18.2.17_@types+react@18.2.43_react-dom_2161c237ea33b60c0cf3d21a889a9a3e/node_modules/@radix-ui/react-primitive/dist/index.mjs:28:13
    at file:///Users/tran.duc.thang/Projects/pit/node_modules/.pnpm/@radix-ui+react-slot@1.2.3_@types+react@18.2.43_react@18.2.0/node_modules/@radix-ui/react-slot/dist/index.mjs:33:13
    at file:///Users/tran.duc.thang/Projects/pit/node_modules/.pnpm/@radix-ui+react-slot@1.2.3_@types+react@18.2.43_react@18.2.0/node_modules/@radix-ui/react-slot/dist/index.mjs:9:13
    at file:///Users/tran.duc.thang/Projects/pit/node_modules/.pnpm/@radix-ui+react-collection@1.1.7_@types+react-dom@18.2.17_@types+react@18.2.43_react-do_a03fe685936792784d18791d9a1c5606/node_modules/@radix-ui/react-collection/dist/index.mjs:39:15
    at file:///Users/tran.duc.thang/Projects/pit/node_modules/.pnpm/@radix-ui+react-roving-focus@1.1.11_@types+react-dom@18.2.17_@types+react@18.2.43_react_0518848876eeed3dd17b5d7009596a7d/node_modules/@radix-ui/react-roving-focus/dist/index.mjs:124:7
    at file:///Users/tran.duc.thang/Projects/pit/node_modules/.pnpm/@radix-ui+react-radio-group@1.3.8_@types+react-dom@18.2.17_@types+react@18.2.43_react-d_232b8f11a4c03b4724d7150d14f44128/node_modules/@radix-ui/react-radio-group/dist/index.mjs:228:13
    at /Users/tran.duc.thang/Projects/pit/src/components/ui/radio-group.tsx:22:60
    at div
    at div
    at div
    at file:///Users/tran.duc.thang/Projects/pit/node_modules/.pnpm/@radix-ui+react-primitive@2.1.3_@types+react-dom@18.2.17_@types+react@18.2.43_react-dom_2161c237ea33b60c0cf3d21a889a9a3e/node_modules/@radix-ui/react-primitive/dist/index.mjs:28:13
    at file:///Users/tran.duc.thang/Projects/pit/node_modules/.pnpm/@radix-ui+react-slot@1.2.3_@types+react@18.2.43_react@18.2.0/node_modules/@radix-ui/react-slot/dist/index.mjs:33:13
    at file:///Users/tran.duc.thang/Projects/pit/node_modules/.pnpm/@radix-ui+react-slot@1.2.3_@types+react@18.2.43_react@18.2.0/node_modules/@radix-ui/react-slot/dist/index.mjs:9:13
    at file:///Users/tran.duc.thang/Projects/pit/node_modules/.pnpm/@radix-ui+react-primitive@2.1.3_@types+react-dom@18.2.17_@types+react@18.2.43_react-dom_2161c237ea33b60c0cf3d21a889a9a3e/node_modules/@radix-ui/react-primitive/dist/index.mjs:28:13
    at Provider (file:///Users/tran.duc.thang/Projects/pit/node_modules/.pnpm/@radix-ui+react-context@1.1.2_@types+react@18.2.43_react@18.2.0/node_modules/@radix-ui/react-context/dist/index.mjs:27:15)
    at file:///Users/tran.duc.thang/Projects/pit/node_modules/.pnpm/@radix-ui+react-roving-focus@1.1.11_@types+react-dom@18.2.17_@types+react@18.2.43_react_0518848876eeed3dd17b5d7009596a7d/node_modules/@radix-ui/react-roving-focus/dist/index.mjs:32:5
    at file:///Users/tran.duc.thang/Projects/pit/node_modules/.pnpm/@radix-ui+react-slot@1.2.3_@types+react@18.2.43_react@18.2.0/node_modules/@radix-ui/react-slot/dist/index.mjs:33:13
    at file:///Users/tran.duc.thang/Projects/pit/node_modules/.pnpm/@radix-ui+react-slot@1.2.3_@types+react@18.2.43_react@18.2.0/node_modules/@radix-ui/react-slot/dist/index.mjs:9:13
    at file:///Users/tran.duc.thang/Projects/pit/node_modules/.pnpm/@radix-ui+react-collection@1.1.7_@types+react-dom@18.2.17_@types+react@18.2.43_react-do_a03fe685936792784d18791d9a1c5606/node_modules/@radix-ui/react-collection/dist/index.mjs:27:15
    at Provider (file:///Users/tran.duc.thang/Projects/pit/node_modules/.pnpm/@radix-ui+react-context@1.1.2_@types+react@18.2.43_react@18.2.0/node_modules/@radix-ui/react-context/dist/index.mjs:27:15)
    at CollectionProvider (file:///Users/tran.duc.thang/Projects/pit/node_modules/.pnpm/@radix-ui+react-collection@1.1.7_@types+react-dom@18.2.17_@types+react@18.2.43_react-do_a03fe685936792784d18791d9a1c5606/node_modules/@radix-ui/react-collection/dist/index.mjs:17:13)
    at file:///Users/tran.duc.thang/Projects/pit/node_modules/.pnpm/@radix-ui+react-roving-focus@1.1.11_@types+react-dom@18.2.17_@types+react@18.2.43_react_0518848876eeed3dd17b5d7009596a7d/node_modules/@radix-ui/react-roving-focus/dist/index.mjs:26:68
    at Provider (file:///Users/tran.duc.thang/Projects/pit/node_modules/.pnpm/@radix-ui+react-context@1.1.2_@types+react@18.2.43_react@18.2.0/node_modules/@radix-ui/react-context/dist/index.mjs:27:15)
    at file:///Users/tran.duc.thang/Projects/pit/node_modules/.pnpm/@radix-ui+react-radio-group@1.3.8_@types+react-dom@18.2.17_@types+react@18.2.43_react-d_232b8f11a4c03b4724d7150d14f44128/node_modules/@radix-ui/react-radio-group/dist/index.mjs:169:7
    at /Users/tran.duc.thang/Projects/pit/src/components/ui/radio-group.tsx:14:56
    at div
    at InsuranceBaseInput (/Users/tran.duc.thang/Projects/pit/src/components/InsuranceBaseInput.tsx:13:3)
    at div
    at /Users/tran.duc.thang/Projects/pit/src/components/ui/card.tsx:68:6
    at div
    at /Users/tran.duc.thang/Projects/pit/src/components/ui/card.tsx:14:6
    at CalculatorInputs (/Users/tran.duc.thang/Projects/pit/src/components/CalculatorInputs.tsx:19:3)
    at div
    at SalaryCalculator (/Users/tran.duc.thang/Projects/pit/src/components/SalaryCalculator.tsx:24:63)
    at ErrorBoundary (/Users/tran.duc.thang/Projects/pit/src/components/ErrorBoundary.tsx:13:5)
    at main
    at div
    at div
    at div
    at ErrorBoundary (/Users/tran.duc.thang/Projects/pit/src/components/ErrorBoundary.tsx:13:5)
    at App
Warning: An update to Switch inside a test was not wrapped in act(...).

When testing, code that causes React state updates should be wrapped into act(...):

act(() => {
  /* fire events that update state */
});
/* assert on the output */

This ensures that you're testing the behavior the user would see in the browser. Learn more at https://reactjs.org/link/wrap-tests-with-act
    at file:///Users/tran.duc.thang/Projects/pit/node_modules/.pnpm/@radix-ui+react-switch@1.2.6_@types+react-dom@18.2.17_@types+react@18.2.43_react-dom@18.2.0_react@18.2.0__react@18.2.0/node_modules/@radix-ui/react-switch/dist/index.mjs:19:7
    at /Users/tran.duc.thang/Projects/pit/src/components/ui/switch.tsx:10:52
    at div
    at div
    at UnionDuesCheckbox (/Users/tran.duc.thang/Projects/pit/src/components/UnionDuesCheckbox.tsx:11:3)
    at div
    at /Users/tran.duc.thang/Projects/pit/src/components/ui/card.tsx:68:6
    at div
    at /Users/tran.duc.thang/Projects/pit/src/components/ui/card.tsx:14:6
    at CalculatorInputs (/Users/tran.duc.thang/Projects/pit/src/components/CalculatorInputs.tsx:19:3)
    at div
    at SalaryCalculator (/Users/tran.duc.thang/Projects/pit/src/components/SalaryCalculator.tsx:24:63)
    at ErrorBoundary (/Users/tran.duc.thang/Projects/pit/src/components/ErrorBoundary.tsx:13:5)
    at main
    at div
    at div
    at div
    at ErrorBoundary (/Users/tran.duc.thang/Projects/pit/src/components/ErrorBoundary.tsx:13:5)
    at App
Warning: An update to Tooltip inside a test was not wrapped in act(...).

When testing, code that causes React state updates should be wrapped into act(...):

act(() => {
  /* fire events that update state */
});
/* assert on the output */

This ensures that you're testing the behavior the user would see in the browser. Learn more at https://reactjs.org/link/wrap-tests-with-act
    at Tooltip (file:///Users/tran.duc.thang/Projects/pit/node_modules/.pnpm/@radix-ui+react-tooltip@1.2.8_@types+react-dom@18.2.17_@types+react@18.2.43_react-dom@18.2.0_react@18.2.0__react@18.2.0/node_modules/@radix-ui/react-tooltip/dist/index.mjs:73:5)
    at Provider (file:///Users/tran.duc.thang/Projects/pit/node_modules/.pnpm/@radix-ui+react-context@1.1.2_@types+react@18.2.43_react@18.2.0/node_modules/@radix-ui/react-context/dist/index.mjs:27:15)
    at TooltipProvider (file:///Users/tran.duc.thang/Projects/pit/node_modules/.pnpm/@radix-ui+react-tooltip@1.2.8_@types+react-dom@18.2.17_@types+react@18.2.43_react-dom@18.2.0_react@18.2.0__react@18.2.0/node_modules/@radix-ui/react-tooltip/dist/index.mjs:29:5)
    at InfoTooltip (/Users/tran.duc.thang/Projects/pit/src/components/InfoTooltip.tsx:10:24)
    at div
    at div
    at UnionDuesCheckbox (/Users/tran.duc.thang/Projects/pit/src/components/UnionDuesCheckbox.tsx:11:3)
    at div
    at /Users/tran.duc.thang/Projects/pit/src/components/ui/card.tsx:68:6
    at div
    at /Users/tran.duc.thang/Projects/pit/src/components/ui/card.tsx:14:6
    at CalculatorInputs (/Users/tran.duc.thang/Projects/pit/src/components/CalculatorInputs.tsx:19:3)
    at div
    at SalaryCalculator (/Users/tran.duc.thang/Projects/pit/src/components/SalaryCalculator.tsx:24:63)
    at ErrorBoundary (/Users/tran.duc.thang/Projects/pit/src/components/ErrorBoundary.tsx:13:5)
    at main
    at div
    at div
    at div
    at ErrorBoundary (/Users/tran.duc.thang/Projects/pit/src/components/ErrorBoundary.tsx:13:5)
    at App
Warning: An update to Switch inside a test was not wrapped in act(...).

When testing, code that causes React state updates should be wrapped into act(...):

act(() => {
  /* fire events that update state */
});
/* assert on the output */

This ensures that you're testing the behavior the user would see in the browser. Learn more at https://reactjs.org/link/wrap-tests-with-act
    at file:///Users/tran.duc.thang/Projects/pit/node_modules/.pnpm/@radix-ui+react-switch@1.2.6_@types+react-dom@18.2.17_@types+react@18.2.43_react-dom@18.2.0_react@18.2.0__react@18.2.0/node_modules/@radix-ui/react-switch/dist/index.mjs:19:7
    at /Users/tran.duc.thang/Projects/pit/src/components/ui/switch.tsx:10:52
    at div
    at div
    at LunchAllowanceInput (/Users/tran.duc.thang/Projects/pit/src/components/LunchAllowanceInput.tsx:13:134)
    at div
    at /Users/tran.duc.thang/Projects/pit/src/components/ui/card.tsx:68:6
    at div
    at /Users/tran.duc.thang/Projects/pit/src/components/ui/card.tsx:14:6
    at CalculatorInputs (/Users/tran.duc.thang/Projects/pit/src/components/CalculatorInputs.tsx:19:3)
    at div
    at SalaryCalculator (/Users/tran.duc.thang/Projects/pit/src/components/SalaryCalculator.tsx:24:63)
    at ErrorBoundary (/Users/tran.duc.thang/Projects/pit/src/components/ErrorBoundary.tsx:13:5)
    at main
    at div
    at div
    at div
    at ErrorBoundary (/Users/tran.duc.thang/Projects/pit/src/components/ErrorBoundary.tsx:13:5)
    at App
Warning: An update to Tooltip inside a test was not wrapped in act(...).

When testing, code that causes React state updates should be wrapped into act(...):

act(() => {
  /* fire events that update state */
});
/* assert on the output */

This ensures that you're testing the behavior the user would see in the browser. Learn more at https://reactjs.org/link/wrap-tests-with-act
    at Tooltip (file:///Users/tran.duc.thang/Projects/pit/node_modules/.pnpm/@radix-ui+react-tooltip@1.2.8_@types+react-dom@18.2.17_@types+react@18.2.43_react-dom@18.2.0_react@18.2.0__react@18.2.0/node_modules/@radix-ui/react-tooltip/dist/index.mjs:73:5)
    at Provider (file:///Users/tran.duc.thang/Projects/pit/node_modules/.pnpm/@radix-ui+react-context@1.1.2_@types+react@18.2.43_react@18.2.0/node_modules/@radix-ui/react-context/dist/index.mjs:27:15)
    at TooltipProvider (file:///Users/tran.duc.thang/Projects/pit/node_modules/.pnpm/@radix-ui+react-tooltip@1.2.8_@types+react-dom@18.2.17_@types+react@18.2.43_react-dom@18.2.0_react@18.2.0__react@18.2.0/node_modules/@radix-ui/react-tooltip/dist/index.mjs:29:5)
    at InfoTooltip (/Users/tran.duc.thang/Projects/pit/src/components/InfoTooltip.tsx:10:24)
    at div
    at td
    at /Users/tran.duc.thang/Projects/pit/src/components/ui/table.tsx:98:55
    at tr
    at /Users/tran.duc.thang/Projects/pit/src/components/ui/table.tsx:57:6
    at tbody
    at /Users/tran.duc.thang/Projects/pit/src/components/ui/table.tsx:33:55
    at table
    at div
    at /Users/tran.duc.thang/Projects/pit/src/components/ui/table.tsx:16:6
    at div
    at InsuranceBreakdown (/Users/tran.duc.thang/Projects/pit/src/components/InsuranceBreakdown.tsx:25:3)
    at div
    at div
    at /Users/tran.duc.thang/Projects/pit/src/components/ui/card.tsx:68:6
    at div
    at /Users/tran.duc.thang/Projects/pit/src/components/ui/card.tsx:14:6
    at ResultDisplay (/Users/tran.duc.thang/Projects/pit/src/components/ResultDisplay.tsx:29:3)
    at div
    at div
    at div
    at ComparisonView (/Users/tran.duc.thang/Projects/pit/src/components/ComparisonView.tsx:10:3)
    at Suspense
    at div
    at SalaryCalculator (/Users/tran.duc.thang/Projects/pit/src/components/SalaryCalculator.tsx:24:63)
    at ErrorBoundary (/Users/tran.duc.thang/Projects/pit/src/components/ErrorBoundary.tsx:13:5)
    at main
    at div
    at div
    at div
    at ErrorBoundary (/Users/tran.duc.thang/Projects/pit/src/components/ErrorBoundary.tsx:13:5)
    at App
Warning: An update to Tooltip inside a test was not wrapped in act(...).

When testing, code that causes React state updates should be wrapped into act(...):

act(() => {
  /* fire events that update state */
});
/* assert on the output */

This ensures that you're testing the behavior the user would see in the browser. Learn more at https://reactjs.org/link/wrap-tests-with-act
    at Tooltip (file:///Users/tran.duc.thang/Projects/pit/node_modules/.pnpm/@radix-ui+react-tooltip@1.2.8_@types+react-dom@18.2.17_@types+react@18.2.43_react-dom@18.2.0_react@18.2.0__react@18.2.0/node_modules/@radix-ui/react-tooltip/dist/index.mjs:73:5)
    at Provider (file:///Users/tran.duc.thang/Projects/pit/node_modules/.pnpm/@radix-ui+react-context@1.1.2_@types+react@18.2.43_react@18.2.0/node_modules/@radix-ui/react-context/dist/index.mjs:27:15)
    at TooltipProvider (file:///Users/tran.duc.thang/Projects/pit/node_modules/.pnpm/@radix-ui+react-tooltip@1.2.8_@types+react-dom@18.2.17_@types+react@18.2.43_react-dom@18.2.0_react@18.2.0__react@18.2.0/node_modules/@radix-ui/react-tooltip/dist/index.mjs:29:5)
    at InfoTooltip (/Users/tran.duc.thang/Projects/pit/src/components/InfoTooltip.tsx:10:24)
    at div
    at td
    at /Users/tran.duc.thang/Projects/pit/src/components/ui/table.tsx:98:55
    at tr
    at /Users/tran.duc.thang/Projects/pit/src/components/ui/table.tsx:57:6
    at tbody
    at /Users/tran.duc.thang/Projects/pit/src/components/ui/table.tsx:33:55
    at table
    at div
    at /Users/tran.duc.thang/Projects/pit/src/components/ui/table.tsx:16:6
    at div
    at InsuranceBreakdown (/Users/tran.duc.thang/Projects/pit/src/components/InsuranceBreakdown.tsx:25:3)
    at div
    at div
    at /Users/tran.duc.thang/Projects/pit/src/components/ui/card.tsx:68:6
    at div
    at /Users/tran.duc.thang/Projects/pit/src/components/ui/card.tsx:14:6
    at ResultDisplay (/Users/tran.duc.thang/Projects/pit/src/components/ResultDisplay.tsx:29:3)
    at div
    at div
    at div
    at ComparisonView (/Users/tran.duc.thang/Projects/pit/src/components/ComparisonView.tsx:10:3)
    at Suspense
    at div
    at SalaryCalculator (/Users/tran.duc.thang/Projects/pit/src/components/SalaryCalculator.tsx:24:63)
    at ErrorBoundary (/Users/tran.duc.thang/Projects/pit/src/components/ErrorBoundary.tsx:13:5)
    at main
    at div
    at div
    at div
    at ErrorBoundary (/Users/tran.duc.thang/Projects/pit/src/components/ErrorBoundary.tsx:13:5)
    at App
Warning: An update to Tooltip inside a test was not wrapped in act(...).

When testing, code that causes React state updates should be wrapped into act(...):

act(() => {
  /* fire events that update state */
});
/* assert on the output */

This ensures that you're testing the behavior the user would see in the browser. Learn more at https://reactjs.org/link/wrap-tests-with-act
    at Tooltip (file:///Users/tran.duc.thang/Projects/pit/node_modules/.pnpm/@radix-ui+react-tooltip@1.2.8_@types+react-dom@18.2.17_@types+react@18.2.43_react-dom@18.2.0_react@18.2.0__react@18.2.0/node_modules/@radix-ui/react-tooltip/dist/index.mjs:73:5)
    at Provider (file:///Users/tran.duc.thang/Projects/pit/node_modules/.pnpm/@radix-ui+react-context@1.1.2_@types+react@18.2.43_react@18.2.0/node_modules/@radix-ui/react-context/dist/index.mjs:27:15)
    at TooltipProvider (file:///Users/tran.duc.thang/Projects/pit/node_modules/.pnpm/@radix-ui+react-tooltip@1.2.8_@types+react-dom@18.2.17_@types+react@18.2.43_react-dom@18.2.0_react@18.2.0__react@18.2.0/node_modules/@radix-ui/react-tooltip/dist/index.mjs:29:5)
    at InfoTooltip (/Users/tran.duc.thang/Projects/pit/src/components/InfoTooltip.tsx:10:24)
    at div
    at td
    at /Users/tran.duc.thang/Projects/pit/src/components/ui/table.tsx:98:55
    at tr
    at /Users/tran.duc.thang/Projects/pit/src/components/ui/table.tsx:57:6
    at tbody
    at /Users/tran.duc.thang/Projects/pit/src/components/ui/table.tsx:33:55
    at table
    at div
    at /Users/tran.duc.thang/Projects/pit/src/components/ui/table.tsx:16:6
    at div
    at InsuranceBreakdown (/Users/tran.duc.thang/Projects/pit/src/components/InsuranceBreakdown.tsx:25:3)
    at div
    at div
    at /Users/tran.duc.thang/Projects/pit/src/components/ui/card.tsx:68:6
    at div
    at /Users/tran.duc.thang/Projects/pit/src/components/ui/card.tsx:14:6
    at ResultDisplay (/Users/tran.duc.thang/Projects/pit/src/components/ResultDisplay.tsx:29:3)
    at div
    at div
    at div
    at ComparisonView (/Users/tran.duc.thang/Projects/pit/src/components/ComparisonView.tsx:10:3)
    at Suspense
    at div
    at SalaryCalculator (/Users/tran.duc.thang/Projects/pit/src/components/SalaryCalculator.tsx:24:63)
    at ErrorBoundary (/Users/tran.duc.thang/Projects/pit/src/components/ErrorBoundary.tsx:13:5)
    at main
    at div
    at div
    at div
    at ErrorBoundary (/Users/tran.duc.thang/Projects/pit/src/components/ErrorBoundary.tsx:13:5)
    at App
Warning: An update to Tooltip inside a test was not wrapped in act(...).

When testing, code that causes React state updates should be wrapped into act(...):

act(() => {
  /* fire events that update state */
});
/* assert on the output */

This ensures that you're testing the behavior the user would see in the browser. Learn more at https://reactjs.org/link/wrap-tests-with-act
    at Tooltip (file:///Users/tran.duc.thang/Projects/pit/node_modules/.pnpm/@radix-ui+react-tooltip@1.2.8_@types+react-dom@18.2.17_@types+react@18.2.43_react-dom@18.2.0_react@18.2.0__react@18.2.0/node_modules/@radix-ui/react-tooltip/dist/index.mjs:73:5)
    at Provider (file:///Users/tran.duc.thang/Projects/pit/node_modules/.pnpm/@radix-ui+react-context@1.1.2_@types+react@18.2.43_react@18.2.0/node_modules/@radix-ui/react-context/dist/index.mjs:27:15)
    at TooltipProvider (file:///Users/tran.duc.thang/Projects/pit/node_modules/.pnpm/@radix-ui+react-tooltip@1.2.8_@types+react-dom@18.2.17_@types+react@18.2.43_react-dom@18.2.0_react@18.2.0__react@18.2.0/node_modules/@radix-ui/react-tooltip/dist/index.mjs:29:5)
    at InfoTooltip (/Users/tran.duc.thang/Projects/pit/src/components/InfoTooltip.tsx:10:24)
    at div
    at td
    at /Users/tran.duc.thang/Projects/pit/src/components/ui/table.tsx:98:55
    at tr
    at /Users/tran.duc.thang/Projects/pit/src/components/ui/table.tsx:57:6
    at tbody
    at /Users/tran.duc.thang/Projects/pit/src/components/ui/table.tsx:33:55
    at table
    at div
    at /Users/tran.duc.thang/Projects/pit/src/components/ui/table.tsx:16:6
    at div
    at InsuranceBreakdown (/Users/tran.duc.thang/Projects/pit/src/components/InsuranceBreakdown.tsx:25:3)
    at div
    at div
    at /Users/tran.duc.thang/Projects/pit/src/components/ui/card.tsx:68:6
    at div
    at /Users/tran.duc.thang/Projects/pit/src/components/ui/card.tsx:14:6
    at ResultDisplay (/Users/tran.duc.thang/Projects/pit/src/components/ResultDisplay.tsx:29:3)
    at div
    at div
    at div
    at ComparisonView (/Users/tran.duc.thang/Projects/pit/src/components/ComparisonView.tsx:10:3)
    at Suspense
    at div
    at SalaryCalculator (/Users/tran.duc.thang/Projects/pit/src/components/SalaryCalculator.tsx:24:63)
    at ErrorBoundary (/Users/tran.duc.thang/Projects/pit/src/components/ErrorBoundary.tsx:13:5)
    at main
    at div
    at div
    at div
    at ErrorBoundary (/Users/tran.duc.thang/Projects/pit/src/components/ErrorBoundary.tsx:13:5)
    at App
Warning: An update to Tooltip inside a test was not wrapped in act(...).

When testing, code that causes React state updates should be wrapped into act(...):

act(() => {
  /* fire events that update state */
});
/* assert on the output */

This ensures that you're testing the behavior the user would see in the browser. Learn more at https://reactjs.org/link/wrap-tests-with-act
    at Tooltip (file:///Users/tran.duc.thang/Projects/pit/node_modules/.pnpm/@radix-ui+react-tooltip@1.2.8_@types+react-dom@18.2.17_@types+react@18.2.43_react-dom@18.2.0_react@18.2.0__react@18.2.0/node_modules/@radix-ui/react-tooltip/dist/index.mjs:73:5)
    at Provider (file:///Users/tran.duc.thang/Projects/pit/node_modules/.pnpm/@radix-ui+react-context@1.1.2_@types+react@18.2.43_react@18.2.0/node_modules/@radix-ui/react-context/dist/index.mjs:27:15)
    at TooltipProvider (file:///Users/tran.duc.thang/Projects/pit/node_modules/.pnpm/@radix-ui+react-tooltip@1.2.8_@types+react-dom@18.2.17_@types+react@18.2.43_react-dom@18.2.0_react@18.2.0__react@18.2.0/node_modules/@radix-ui/react-tooltip/dist/index.mjs:29:5)
    at InfoTooltip (/Users/tran.duc.thang/Projects/pit/src/components/InfoTooltip.tsx:10:24)
    at div
    at td
    at /Users/tran.duc.thang/Projects/pit/src/components/ui/table.tsx:98:55
    at tr
    at /Users/tran.duc.thang/Projects/pit/src/components/ui/table.tsx:57:6
    at tbody
    at /Users/tran.duc.thang/Projects/pit/src/components/ui/table.tsx:33:55
    at table
    at div
    at /Users/tran.duc.thang/Projects/pit/src/components/ui/table.tsx:16:6
    at div
    at InsuranceBreakdown (/Users/tran.duc.thang/Projects/pit/src/components/InsuranceBreakdown.tsx:25:3)
    at div
    at div
    at /Users/tran.duc.thang/Projects/pit/src/components/ui/card.tsx:68:6
    at div
    at /Users/tran.duc.thang/Projects/pit/src/components/ui/card.tsx:14:6
    at ResultDisplay (/Users/tran.duc.thang/Projects/pit/src/components/ResultDisplay.tsx:29:3)
    at div
    at div
    at div
    at ComparisonView (/Users/tran.duc.thang/Projects/pit/src/components/ComparisonView.tsx:10:3)
    at Suspense
    at div
    at SalaryCalculator (/Users/tran.duc.thang/Projects/pit/src/components/SalaryCalculator.tsx:24:63)
    at ErrorBoundary (/Users/tran.duc.thang/Projects/pit/src/components/ErrorBoundary.tsx:13:5)
    at main
    at div
    at div
    at div
    at ErrorBoundary (/Users/tran.duc.thang/Projects/pit/src/components/ErrorBoundary.tsx:13:5)
    at App
Warning: An update to Tooltip inside a test was not wrapped in act(...).

When testing, code that causes React state updates should be wrapped into act(...):

act(() => {
  /* fire events that update state */
});
/* assert on the output */

This ensures that you're testing the behavior the user would see in the browser. Learn more at https://reactjs.org/link/wrap-tests-with-act
    at Tooltip (file:///Users/tran.duc.thang/Projects/pit/node_modules/.pnpm/@radix-ui+react-tooltip@1.2.8_@types+react-dom@18.2.17_@types+react@18.2.43_react-dom@18.2.0_react@18.2.0__react@18.2.0/node_modules/@radix-ui/react-tooltip/dist/index.mjs:73:5)
    at Provider (file:///Users/tran.duc.thang/Projects/pit/node_modules/.pnpm/@radix-ui+react-context@1.1.2_@types+react@18.2.43_react@18.2.0/node_modules/@radix-ui/react-context/dist/index.mjs:27:15)
    at TooltipProvider (file:///Users/tran.duc.thang/Projects/pit/node_modules/.pnpm/@radix-ui+react-tooltip@1.2.8_@types+react-dom@18.2.17_@types+react@18.2.43_react-dom@18.2.0_react@18.2.0__react@18.2.0/node_modules/@radix-ui/react-tooltip/dist/index.mjs:29:5)
    at InfoTooltip (/Users/tran.duc.thang/Projects/pit/src/components/InfoTooltip.tsx:10:24)
    at div
    at td
    at /Users/tran.duc.thang/Projects/pit/src/components/ui/table.tsx:98:55
    at tr
    at /Users/tran.duc.thang/Projects/pit/src/components/ui/table.tsx:57:6
    at tbody
    at /Users/tran.duc.thang/Projects/pit/src/components/ui/table.tsx:33:55
    at table
    at div
    at /Users/tran.duc.thang/Projects/pit/src/components/ui/table.tsx:16:6
    at div
    at InsuranceBreakdown (/Users/tran.duc.thang/Projects/pit/src/components/InsuranceBreakdown.tsx:25:3)
    at div
    at div
    at /Users/tran.duc.thang/Projects/pit/src/components/ui/card.tsx:68:6
    at div
    at /Users/tran.duc.thang/Projects/pit/src/components/ui/card.tsx:14:6
    at ResultDisplay (/Users/tran.duc.thang/Projects/pit/src/components/ResultDisplay.tsx:29:3)
    at div
    at div
    at div
    at ComparisonView (/Users/tran.duc.thang/Projects/pit/src/components/ComparisonView.tsx:10:3)
    at Suspense
    at div
    at SalaryCalculator (/Users/tran.duc.thang/Projects/pit/src/components/SalaryCalculator.tsx:24:63)
    at ErrorBoundary (/Users/tran.duc.thang/Projects/pit/src/components/ErrorBoundary.tsx:13:5)
    at main
    at div
    at div
    at div
    at ErrorBoundary (/Users/tran.duc.thang/Projects/pit/src/components/ErrorBoundary.tsx:13:5)
    at App
Warning: An update to Tooltip inside a test was not wrapped in act(...).

When testing, code that causes React state updates should be wrapped into act(...):

act(() => {
  /* fire events that update state */
});
/* assert on the output */

This ensures that you're testing the behavior the user would see in the browser. Learn more at https://reactjs.org/link/wrap-tests-with-act
    at Tooltip (file:///Users/tran.duc.thang/Projects/pit/node_modules/.pnpm/@radix-ui+react-tooltip@1.2.8_@types+react-dom@18.2.17_@types+react@18.2.43_react-dom@18.2.0_react@18.2.0__react@18.2.0/node_modules/@radix-ui/react-tooltip/dist/index.mjs:73:5)
    at Provider (file:///Users/tran.duc.thang/Projects/pit/node_modules/.pnpm/@radix-ui+react-context@1.1.2_@types+react@18.2.43_react@18.2.0/node_modules/@radix-ui/react-context/dist/index.mjs:27:15)
    at TooltipProvider (file:///Users/tran.duc.thang/Projects/pit/node_modules/.pnpm/@radix-ui+react-tooltip@1.2.8_@types+react-dom@18.2.17_@types+react@18.2.43_react-dom@18.2.0_react@18.2.0__react@18.2.0/node_modules/@radix-ui/react-tooltip/dist/index.mjs:29:5)
    at div
    at div
    at DependentsInput (/Users/tran.duc.thang/Projects/pit/src/components/DependentsInput.tsx:14:28)
    at div
    at /Users/tran.duc.thang/Projects/pit/src/components/ui/card.tsx:68:6
    at div
    at /Users/tran.duc.thang/Projects/pit/src/components/ui/card.tsx:14:6
    at CalculatorInputs (/Users/tran.duc.thang/Projects/pit/src/components/CalculatorInputs.tsx:19:3)
    at div
    at SalaryCalculator (/Users/tran.duc.thang/Projects/pit/src/components/SalaryCalculator.tsx:24:63)
    at ErrorBoundary (/Users/tran.duc.thang/Projects/pit/src/components/ErrorBoundary.tsx:13:5)
    at main
    at div
    at div
    at div
    at ErrorBoundary (/Users/tran.duc.thang/Projects/pit/src/components/ErrorBoundary.tsx:13:5)
    at App
Warning: An update to Select inside a test was not wrapped in act(...).

When testing, code that causes React state updates should be wrapped into act(...):

act(() => {
  /* fire events that update state */
});
/* assert on the output */

This ensures that you're testing the behavior the user would see in the browser. Learn more at https://reactjs.org/link/wrap-tests-with-act
    at Select (file:///Users/tran.duc.thang/Projects/pit/node_modules/.pnpm/@radix-ui+react-select@2.2.6_@types+react-dom@18.2.17_@types+react@18.2.43_react-dom@18.2.0_react@18.2.0__react@18.2.0/node_modules/@radix-ui/react-select/dist/index.mjs:42:5)
    at div
    at RegionSelector (/Users/tran.duc.thang/Projects/pit/src/components/RegionSelector.tsx:20:27)
    at div
    at /Users/tran.duc.thang/Projects/pit/src/components/ui/card.tsx:68:6
    at div
    at /Users/tran.duc.thang/Projects/pit/src/components/ui/card.tsx:14:6
    at CalculatorInputs (/Users/tran.duc.thang/Projects/pit/src/components/CalculatorInputs.tsx:19:3)
    at div
    at SalaryCalculator (/Users/tran.duc.thang/Projects/pit/src/components/SalaryCalculator.tsx:24:63)
    at ErrorBoundary (/Users/tran.duc.thang/Projects/pit/src/components/ErrorBoundary.tsx:13:5)
    at main
    at div
    at div
    at div
    at ErrorBoundary (/Users/tran.duc.thang/Projects/pit/src/components/ErrorBoundary.tsx:13:5)
    at App
Warning: An update to SelectItemText inside a test was not wrapped in act(...).

When testing, code that causes React state updates should be wrapped into act(...):

act(() => {
  /* fire events that update state */
});
/* assert on the output */

This ensures that you're testing the behavior the user would see in the browser. Learn more at https://reactjs.org/link/wrap-tests-with-act
    at file:///Users/tran.duc.thang/Projects/pit/node_modules/.pnpm/@radix-ui+react-select@2.2.6_@types+react-dom@18.2.17_@types+react@18.2.43_react-dom@18.2.0_react@18.2.0__react@18.2.0/node_modules/@radix-ui/react-select/dist/index.mjs:901:13
    at div
    at file:///Users/tran.duc.thang/Projects/pit/node_modules/.pnpm/@radix-ui+react-primitive@2.1.3_@types+react-dom@18.2.17_@types+react@18.2.43_react-dom_2161c237ea33b60c0cf3d21a889a9a3e/node_modules/@radix-ui/react-primitive/dist/index.mjs:28:13
    at file:///Users/tran.duc.thang/Projects/pit/node_modules/.pnpm/@radix-ui+react-slot@1.2.3_@types+react@18.2.43_react@18.2.0/node_modules/@radix-ui/react-slot/dist/index.mjs:33:13
    at file:///Users/tran.duc.thang/Projects/pit/node_modules/.pnpm/@radix-ui+react-slot@1.2.3_@types+react@18.2.43_react@18.2.0/node_modules/@radix-ui/react-slot/dist/index.mjs:9:13
    at file:///Users/tran.duc.thang/Projects/pit/node_modules/.pnpm/@radix-ui+react-collection@1.1.7_@types+react-dom@18.2.17_@types+react@18.2.43_react-do_a03fe685936792784d18791d9a1c5606/node_modules/@radix-ui/react-collection/dist/index.mjs:39:15
    at Provider (file:///Users/tran.duc.thang/Projects/pit/node_modules/.pnpm/@radix-ui+react-context@1.1.2_@types+react@18.2.43_react@18.2.0/node_modules/@radix-ui/react-context/dist/index.mjs:27:15)
    at file:///Users/tran.duc.thang/Projects/pit/node_modules/.pnpm/@radix-ui+react-select@2.2.6_@types+react-dom@18.2.17_@types+react@18.2.43_react-dom@18.2.0_react@18.2.0__react@18.2.0/node_modules/@radix-ui/react-select/dist/index.mjs:800:7
    at /Users/tran.duc.thang/Projects/pit/src/components/ui/select.tsx:174:56
    at div
    at file:///Users/tran.duc.thang/Projects/pit/node_modules/.pnpm/@radix-ui+react-primitive@2.1.3_@types+react-dom@18.2.17_@types+react@18.2.43_react-dom_2161c237ea33b60c0cf3d21a889a9a3e/node_modules/@radix-ui/react-primitive/dist/index.mjs:28:13
    at file:///Users/tran.duc.thang/Projects/pit/node_modules/.pnpm/@radix-ui+react-slot@1.2.3_@types+react@18.2.43_react@18.2.0/node_modules/@radix-ui/react-slot/dist/index.mjs:33:13
    at file:///Users/tran.duc.thang/Projects/pit/node_modules/.pnpm/@radix-ui+react-slot@1.2.3_@types+react@18.2.43_react@18.2.0/node_modules/@radix-ui/react-slot/dist/index.mjs:9:13
    at file:///Users/tran.duc.thang/Projects/pit/node_modules/.pnpm/@radix-ui+react-collection@1.1.7_@types+react-dom@18.2.17_@types+react@18.2.43_react-do_a03fe685936792784d18791d9a1c5606/node_modules/@radix-ui/react-collection/dist/index.mjs:27:15
    at file:///Users/tran.duc.thang/Projects/pit/node_modules/.pnpm/@radix-ui+react-select@2.2.6_@types+react-dom@18.2.17_@types+react@18.2.43_react-dom@18.2.0_react@18.2.0__react@18.2.0/node_modules/@radix-ui/react-select/dist/index.mjs:711:13
    at div
    at file:///Users/tran.duc.thang/Projects/pit/node_modules/.pnpm/@radix-ui+react-slot@1.2.3_@types+react@18.2.43_react@18.2.0/node_modules/@radix-ui/react-slot/dist/index.mjs:33:13
    at file:///Users/tran.duc.thang/Projects/pit/node_modules/.pnpm/@radix-ui+react-slot@1.2.3_@types+react@18.2.43_react@18.2.0/node_modules/@radix-ui/react-slot/dist/index.mjs:9:13
    at file:///Users/tran.duc.thang/Projects/pit/node_modules/.pnpm/@radix-ui+react-collection@1.1.7_@types+react-dom@18.2.17_@types+react@18.2.43_react-do_a03fe685936792784d18791d9a1c5606/node_modules/@radix-ui/react-collection/dist/index.mjs:27:15
    at Provider (file:///Users/tran.duc.thang/Projects/pit/node_modules/.pnpm/@radix-ui+react-context@1.1.2_@types+react@18.2.43_react@18.2.0/node_modules/@radix-ui/react-context/dist/index.mjs:27:15)
    at file:///Users/tran.duc.thang/Projects/pit/node_modules/.pnpm/@radix-ui+react-select@2.2.6_@types+react-dom@18.2.17_@types+react@18.2.43_react-dom@18.2.0_react@18.2.0__react@18.2.0/node_modules/@radix-ui/react-select/dist/index.mjs:256:58
    at file:///Users/tran.duc.thang/Projects/pit/node_modules/.pnpm/@radix-ui+react-slot@1.2.3_@types+react@18.2.43_react@18.2.0/node_modules/@radix-ui/react-slot/dist/index.mjs:33:13
    at file:///Users/tran.duc.thang/Projects/pit/node_modules/.pnpm/@radix-ui+react-slot@1.2.3_@types+react@18.2.43_react@18.2.0/node_modules/@radix-ui/react-slot/dist/index.mjs:9:13
    at file:///Users/tran.duc.thang/Projects/pit/node_modules/.pnpm/@radix-ui+react-primitive@2.1.3_@types+react-dom@18.2.17_@types+react@18.2.43_react-dom_2161c237ea33b60c0cf3d21a889a9a3e/node_modules/@radix-ui/react-primitive/dist/index.mjs:28:13
    at file:///Users/tran.duc.thang/Projects/pit/node_modules/.pnpm/@radix-ui+react-portal@1.1.9_@types+react-dom@18.2.17_@types+react@18.2.43_react-dom@18.2.0_react@18.2.0__react@18.2.0/node_modules/@radix-ui/react-portal/dist/index.mjs:11:22
    at SelectPortal
    at /Users/tran.duc.thang/Projects/pit/src/components/ui/select.tsx:101:59
    at Provider (file:///Users/tran.duc.thang/Projects/pit/node_modules/.pnpm/@radix-ui+react-context@1.1.2_@types+react@18.2.43_react@18.2.0/node_modules/@radix-ui/react-context/dist/index.mjs:27:15)
    at Provider (file:///Users/tran.duc.thang/Projects/pit/node_modules/.pnpm/@radix-ui+react-context@1.1.2_@types+react@18.2.43_react@18.2.0/node_modules/@radix-ui/react-context/dist/index.mjs:27:15)
    at CollectionProvider (file:///Users/tran.duc.thang/Projects/pit/node_modules/.pnpm/@radix-ui+react-collection@1.1.7_@types+react-dom@18.2.17_@types+react@18.2.43_react-do_a03fe685936792784d18791d9a1c5606/node_modules/@radix-ui/react-collection/dist/index.mjs:17:13)
    at Provider (file:///Users/tran.duc.thang/Projects/pit/node_modules/.pnpm/@radix-ui+react-context@1.1.2_@types+react@18.2.43_react@18.2.0/node_modules/@radix-ui/react-context/dist/index.mjs:27:15)
    at Provider (file:///Users/tran.duc.thang/Projects/pit/node_modules/.pnpm/@radix-ui+react-context@1.1.2_@types+react@18.2.43_react@18.2.0/node_modules/@radix-ui/react-context/dist/index.mjs:27:15)
    at Popper (file:///Users/tran.duc.thang/Projects/pit/node_modules/.pnpm/@radix-ui+react-popper@1.2.8_@types+react-dom@18.2.17_@types+react@18.2.43_react-dom@18.2.0_react@18.2.0__react@18.2.0/node_modules/@radix-ui/react-popper/dist/index.mjs:30:11)
    at Select (file:///Users/tran.duc.thang/Projects/pit/node_modules/.pnpm/@radix-ui+react-select@2.2.6_@types+react-dom@18.2.17_@types+react@18.2.43_react-dom@18.2.0_react@18.2.0__react@18.2.0/node_modules/@radix-ui/react-select/dist/index.mjs:42:5)
    at div
    at RegionSelector (/Users/tran.duc.thang/Projects/pit/src/components/RegionSelector.tsx:20:27)
    at div
    at /Users/tran.duc.thang/Projects/pit/src/components/ui/card.tsx:68:6
    at div
    at /Users/tran.duc.thang/Projects/pit/src/components/ui/card.tsx:14:6
    at CalculatorInputs (/Users/tran.duc.thang/Projects/pit/src/components/CalculatorInputs.tsx:19:3)
    at div
    at SalaryCalculator (/Users/tran.duc.thang/Projects/pit/src/components/SalaryCalculator.tsx:24:63)
    at ErrorBoundary (/Users/tran.duc.thang/Projects/pit/src/components/ErrorBoundary.tsx:13:5)
    at main
    at div
    at div
    at div
    at ErrorBoundary (/Users/tran.duc.thang/Projects/pit/src/components/ErrorBoundary.tsx:13:5)
    at App
Warning: An update to SelectItemText inside a test was not wrapped in act(...).

When testing, code that causes React state updates should be wrapped into act(...):

act(() => {
  /* fire events that update state */
});
/* assert on the output */

This ensures that you're testing the behavior the user would see in the browser. Learn more at https://reactjs.org/link/wrap-tests-with-act
    at file:///Users/tran.duc.thang/Projects/pit/node_modules/.pnpm/@radix-ui+react-select@2.2.6_@types+react-dom@18.2.17_@types+react@18.2.43_react-dom@18.2.0_react@18.2.0__react@18.2.0/node_modules/@radix-ui/react-select/dist/index.mjs:901:13
    at div
    at file:///Users/tran.duc.thang/Projects/pit/node_modules/.pnpm/@radix-ui+react-primitive@2.1.3_@types+react-dom@18.2.17_@types+react@18.2.43_react-dom_2161c237ea33b60c0cf3d21a889a9a3e/node_modules/@radix-ui/react-primitive/dist/index.mjs:28:13
    at file:///Users/tran.duc.thang/Projects/pit/node_modules/.pnpm/@radix-ui+react-slot@1.2.3_@types+react@18.2.43_react@18.2.0/node_modules/@radix-ui/react-slot/dist/index.mjs:33:13
    at file:///Users/tran.duc.thang/Projects/pit/node_modules/.pnpm/@radix-ui+react-slot@1.2.3_@types+react@18.2.43_react@18.2.0/node_modules/@radix-ui/react-slot/dist/index.mjs:9:13
    at file:///Users/tran.duc.thang/Projects/pit/node_modules/.pnpm/@radix-ui+react-collection@1.1.7_@types+react-dom@18.2.17_@types+react@18.2.43_react-do_a03fe685936792784d18791d9a1c5606/node_modules/@radix-ui/react-collection/dist/index.mjs:39:15
    at Provider (file:///Users/tran.duc.thang/Projects/pit/node_modules/.pnpm/@radix-ui+react-context@1.1.2_@types+react@18.2.43_react@18.2.0/node_modules/@radix-ui/react-context/dist/index.mjs:27:15)
    at file:///Users/tran.duc.thang/Projects/pit/node_modules/.pnpm/@radix-ui+react-select@2.2.6_@types+react-dom@18.2.17_@types+react@18.2.43_react-dom@18.2.0_react@18.2.0__react@18.2.0/node_modules/@radix-ui/react-select/dist/index.mjs:800:7
    at /Users/tran.duc.thang/Projects/pit/src/components/ui/select.tsx:174:56
    at div
    at file:///Users/tran.duc.thang/Projects/pit/node_modules/.pnpm/@radix-ui+react-primitive@2.1.3_@types+react-dom@18.2.17_@types+react@18.2.43_react-dom_2161c237ea33b60c0cf3d21a889a9a3e/node_modules/@radix-ui/react-primitive/dist/index.mjs:28:13
    at file:///Users/tran.duc.thang/Projects/pit/node_modules/.pnpm/@radix-ui+react-slot@1.2.3_@types+react@18.2.43_react@18.2.0/node_modules/@radix-ui/react-slot/dist/index.mjs:33:13
    at file:///Users/tran.duc.thang/Projects/pit/node_modules/.pnpm/@radix-ui+react-slot@1.2.3_@types+react@18.2.43_react@18.2.0/node_modules/@radix-ui/react-slot/dist/index.mjs:9:13
    at file:///Users/tran.duc.thang/Projects/pit/node_modules/.pnpm/@radix-ui+react-collection@1.1.7_@types+react-dom@18.2.17_@types+react@18.2.43_react-do_a03fe685936792784d18791d9a1c5606/node_modules/@radix-ui/react-collection/dist/index.mjs:27:15
    at file:///Users/tran.duc.thang/Projects/pit/node_modules/.pnpm/@radix-ui+react-select@2.2.6_@types+react-dom@18.2.17_@types+react@18.2.43_react-dom@18.2.0_react@18.2.0__react@18.2.0/node_modules/@radix-ui/react-select/dist/index.mjs:711:13
    at div
    at file:///Users/tran.duc.thang/Projects/pit/node_modules/.pnpm/@radix-ui+react-slot@1.2.3_@types+react@18.2.43_react@18.2.0/node_modules/@radix-ui/react-slot/dist/index.mjs:33:13
    at file:///Users/tran.duc.thang/Projects/pit/node_modules/.pnpm/@radix-ui+react-slot@1.2.3_@types+react@18.2.43_react@18.2.0/node_modules/@radix-ui/react-slot/dist/index.mjs:9:13
    at file:///Users/tran.duc.thang/Projects/pit/node_modules/.pnpm/@radix-ui+react-collection@1.1.7_@types+react-dom@18.2.17_@types+react@18.2.43_react-do_a03fe685936792784d18791d9a1c5606/node_modules/@radix-ui/react-collection/dist/index.mjs:27:15
    at Provider (file:///Users/tran.duc.thang/Projects/pit/node_modules/.pnpm/@radix-ui+react-context@1.1.2_@types+react@18.2.43_react@18.2.0/node_modules/@radix-ui/react-context/dist/index.mjs:27:15)
    at file:///Users/tran.duc.thang/Projects/pit/node_modules/.pnpm/@radix-ui+react-select@2.2.6_@types+react-dom@18.2.17_@types+react@18.2.43_react-dom@18.2.0_react@18.2.0__react@18.2.0/node_modules/@radix-ui/react-select/dist/index.mjs:256:58
    at file:///Users/tran.duc.thang/Projects/pit/node_modules/.pnpm/@radix-ui+react-slot@1.2.3_@types+react@18.2.43_react@18.2.0/node_modules/@radix-ui/react-slot/dist/index.mjs:33:13
    at file:///Users/tran.duc.thang/Projects/pit/node_modules/.pnpm/@radix-ui+react-slot@1.2.3_@types+react@18.2.43_react@18.2.0/node_modules/@radix-ui/react-slot/dist/index.mjs:9:13
    at file:///Users/tran.duc.thang/Projects/pit/node_modules/.pnpm/@radix-ui+react-primitive@2.1.3_@types+react-dom@18.2.17_@types+react@18.2.43_react-dom_2161c237ea33b60c0cf3d21a889a9a3e/node_modules/@radix-ui/react-primitive/dist/index.mjs:28:13
    at file:///Users/tran.duc.thang/Projects/pit/node_modules/.pnpm/@radix-ui+react-portal@1.1.9_@types+react-dom@18.2.17_@types+react@18.2.43_react-dom@18.2.0_react@18.2.0__react@18.2.0/node_modules/@radix-ui/react-portal/dist/index.mjs:11:22
    at SelectPortal
    at /Users/tran.duc.thang/Projects/pit/src/components/ui/select.tsx:101:59
    at Provider (file:///Users/tran.duc.thang/Projects/pit/node_modules/.pnpm/@radix-ui+react-context@1.1.2_@types+react@18.2.43_react@18.2.0/node_modules/@radix-ui/react-context/dist/index.mjs:27:15)
    at Provider (file:///Users/tran.duc.thang/Projects/pit/node_modules/.pnpm/@radix-ui+react-context@1.1.2_@types+react@18.2.43_react@18.2.0/node_modules/@radix-ui/react-context/dist/index.mjs:27:15)
    at CollectionProvider (file:///Users/tran.duc.thang/Projects/pit/node_modules/.pnpm/@radix-ui+react-collection@1.1.7_@types+react-dom@18.2.17_@types+react@18.2.43_react-do_a03fe685936792784d18791d9a1c5606/node_modules/@radix-ui/react-collection/dist/index.mjs:17:13)
    at Provider (file:///Users/tran.duc.thang/Projects/pit/node_modules/.pnpm/@radix-ui+react-context@1.1.2_@types+react@18.2.43_react@18.2.0/node_modules/@radix-ui/react-context/dist/index.mjs:27:15)
    at Provider (file:///Users/tran.duc.thang/Projects/pit/node_modules/.pnpm/@radix-ui+react-context@1.1.2_@types+react@18.2.43_react@18.2.0/node_modules/@radix-ui/react-context/dist/index.mjs:27:15)
    at Popper (file:///Users/tran.duc.thang/Projects/pit/node_modules/.pnpm/@radix-ui+react-popper@1.2.8_@types+react-dom@18.2.17_@types+react@18.2.43_react-dom@18.2.0_react@18.2.0__react@18.2.0/node_modules/@radix-ui/react-popper/dist/index.mjs:30:11)
    at Select (file:///Users/tran.duc.thang/Projects/pit/node_modules/.pnpm/@radix-ui+react-select@2.2.6_@types+react-dom@18.2.17_@types+react@18.2.43_react-dom@18.2.0_react@18.2.0__react@18.2.0/node_modules/@radix-ui/react-select/dist/index.mjs:42:5)
    at div
    at RegionSelector (/Users/tran.duc.thang/Projects/pit/src/components/RegionSelector.tsx:20:27)
    at div
    at /Users/tran.duc.thang/Projects/pit/src/components/ui/card.tsx:68:6
    at div
    at /Users/tran.duc.thang/Projects/pit/src/components/ui/card.tsx:14:6
    at CalculatorInputs (/Users/tran.duc.thang/Projects/pit/src/components/CalculatorInputs.tsx:19:3)
    at div
    at SalaryCalculator (/Users/tran.duc.thang/Projects/pit/src/components/SalaryCalculator.tsx:24:63)
    at ErrorBoundary (/Users/tran.duc.thang/Projects/pit/src/components/ErrorBoundary.tsx:13:5)
    at main
    at div
    at div
    at div
    at ErrorBoundary (/Users/tran.duc.thang/Projects/pit/src/components/ErrorBoundary.tsx:13:5)
    at App
Warning: An update to SelectItemText inside a test was not wrapped in act(...).

When testing, code that causes React state updates should be wrapped into act(...):

act(() => {
  /* fire events that update state */
});
/* assert on the output */

This ensures that you're testing the behavior the user would see in the browser. Learn more at https://reactjs.org/link/wrap-tests-with-act
    at file:///Users/tran.duc.thang/Projects/pit/node_modules/.pnpm/@radix-ui+react-select@2.2.6_@types+react-dom@18.2.17_@types+react@18.2.43_react-dom@18.2.0_react@18.2.0__react@18.2.0/node_modules/@radix-ui/react-select/dist/index.mjs:901:13
    at div
    at file:///Users/tran.duc.thang/Projects/pit/node_modules/.pnpm/@radix-ui+react-primitive@2.1.3_@types+react-dom@18.2.17_@types+react@18.2.43_react-dom_2161c237ea33b60c0cf3d21a889a9a3e/node_modules/@radix-ui/react-primitive/dist/index.mjs:28:13
    at file:///Users/tran.duc.thang/Projects/pit/node_modules/.pnpm/@radix-ui+react-slot@1.2.3_@types+react@18.2.43_react@18.2.0/node_modules/@radix-ui/react-slot/dist/index.mjs:33:13
    at file:///Users/tran.duc.thang/Projects/pit/node_modules/.pnpm/@radix-ui+react-slot@1.2.3_@types+react@18.2.43_react@18.2.0/node_modules/@radix-ui/react-slot/dist/index.mjs:9:13
    at file:///Users/tran.duc.thang/Projects/pit/node_modules/.pnpm/@radix-ui+react-collection@1.1.7_@types+react-dom@18.2.17_@types+react@18.2.43_react-do_a03fe685936792784d18791d9a1c5606/node_modules/@radix-ui/react-collection/dist/index.mjs:39:15
    at Provider (file:///Users/tran.duc.thang/Projects/pit/node_modules/.pnpm/@radix-ui+react-context@1.1.2_@types+react@18.2.43_react@18.2.0/node_modules/@radix-ui/react-context/dist/index.mjs:27:15)
    at file:///Users/tran.duc.thang/Projects/pit/node_modules/.pnpm/@radix-ui+react-select@2.2.6_@types+react-dom@18.2.17_@types+react@18.2.43_react-dom@18.2.0_react@18.2.0__react@18.2.0/node_modules/@radix-ui/react-select/dist/index.mjs:800:7
    at /Users/tran.duc.thang/Projects/pit/src/components/ui/select.tsx:174:56
    at div
    at file:///Users/tran.duc.thang/Projects/pit/node_modules/.pnpm/@radix-ui+react-primitive@2.1.3_@types+react-dom@18.2.17_@types+react@18.2.43_react-dom_2161c237ea33b60c0cf3d21a889a9a3e/node_modules/@radix-ui/react-primitive/dist/index.mjs:28:13
    at file:///Users/tran.duc.thang/Projects/pit/node_modules/.pnpm/@radix-ui+react-slot@1.2.3_@types+react@18.2.43_react@18.2.0/node_modules/@radix-ui/react-slot/dist/index.mjs:33:13
    at file:///Users/tran.duc.thang/Projects/pit/node_modules/.pnpm/@radix-ui+react-slot@1.2.3_@types+react@18.2.43_react@18.2.0/node_modules/@radix-ui/react-slot/dist/index.mjs:9:13
    at file:///Users/tran.duc.thang/Projects/pit/node_modules/.pnpm/@radix-ui+react-collection@1.1.7_@types+react-dom@18.2.17_@types+react@18.2.43_react-do_a03fe685936792784d18791d9a1c5606/node_modules/@radix-ui/react-collection/dist/index.mjs:27:15
    at file:///Users/tran.duc.thang/Projects/pit/node_modules/.pnpm/@radix-ui+react-select@2.2.6_@types+react-dom@18.2.17_@types+react@18.2.43_react-dom@18.2.0_react@18.2.0__react@18.2.0/node_modules/@radix-ui/react-select/dist/index.mjs:711:13
    at div
    at file:///Users/tran.duc.thang/Projects/pit/node_modules/.pnpm/@radix-ui+react-slot@1.2.3_@types+react@18.2.43_react@18.2.0/node_modules/@radix-ui/react-slot/dist/index.mjs:33:13
    at file:///Users/tran.duc.thang/Projects/pit/node_modules/.pnpm/@radix-ui+react-slot@1.2.3_@types+react@18.2.43_react@18.2.0/node_modules/@radix-ui/react-slot/dist/index.mjs:9:13
    at file:///Users/tran.duc.thang/Projects/pit/node_modules/.pnpm/@radix-ui+react-collection@1.1.7_@types+react-dom@18.2.17_@types+react@18.2.43_react-do_a03fe685936792784d18791d9a1c5606/node_modules/@radix-ui/react-collection/dist/index.mjs:27:15
    at Provider (file:///Users/tran.duc.thang/Projects/pit/node_modules/.pnpm/@radix-ui+react-context@1.1.2_@types+react@18.2.43_react@18.2.0/node_modules/@radix-ui/react-context/dist/index.mjs:27:15)
    at file:///Users/tran.duc.thang/Projects/pit/node_modules/.pnpm/@radix-ui+react-select@2.2.6_@types+react-dom@18.2.17_@types+react@18.2.43_react-dom@18.2.0_react@18.2.0__react@18.2.0/node_modules/@radix-ui/react-select/dist/index.mjs:256:58
    at file:///Users/tran.duc.thang/Projects/pit/node_modules/.pnpm/@radix-ui+react-slot@1.2.3_@types+react@18.2.43_react@18.2.0/node_modules/@radix-ui/react-slot/dist/index.mjs:33:13
    at file:///Users/tran.duc.thang/Projects/pit/node_modules/.pnpm/@radix-ui+react-slot@1.2.3_@types+react@18.2.43_react@18.2.0/node_modules/@radix-ui/react-slot/dist/index.mjs:9:13
    at file:///Users/tran.duc.thang/Projects/pit/node_modules/.pnpm/@radix-ui+react-primitive@2.1.3_@types+react-dom@18.2.17_@types+react@18.2.43_react-dom_2161c237ea33b60c0cf3d21a889a9a3e/node_modules/@radix-ui/react-primitive/dist/index.mjs:28:13
    at file:///Users/tran.duc.thang/Projects/pit/node_modules/.pnpm/@radix-ui+react-portal@1.1.9_@types+react-dom@18.2.17_@types+react@18.2.43_react-dom@18.2.0_react@18.2.0__react@18.2.0/node_modules/@radix-ui/react-portal/dist/index.mjs:11:22
    at SelectPortal
    at /Users/tran.duc.thang/Projects/pit/src/components/ui/select.tsx:101:59
    at Provider (file:///Users/tran.duc.thang/Projects/pit/node_modules/.pnpm/@radix-ui+react-context@1.1.2_@types+react@18.2.43_react@18.2.0/node_modules/@radix-ui/react-context/dist/index.mjs:27:15)
    at Provider (file:///Users/tran.duc.thang/Projects/pit/node_modules/.pnpm/@radix-ui+react-context@1.1.2_@types+react@18.2.43_react@18.2.0/node_modules/@radix-ui/react-context/dist/index.mjs:27:15)
    at CollectionProvider (file:///Users/tran.duc.thang/Projects/pit/node_modules/.pnpm/@radix-ui+react-collection@1.1.7_@types+react-dom@18.2.17_@types+react@18.2.43_react-do_a03fe685936792784d18791d9a1c5606/node_modules/@radix-ui/react-collection/dist/index.mjs:17:13)
    at Provider (file:///Users/tran.duc.thang/Projects/pit/node_modules/.pnpm/@radix-ui+react-context@1.1.2_@types+react@18.2.43_react@18.2.0/node_modules/@radix-ui/react-context/dist/index.mjs:27:15)
    at Provider (file:///Users/tran.duc.thang/Projects/pit/node_modules/.pnpm/@radix-ui+react-context@1.1.2_@types+react@18.2.43_react@18.2.0/node_modules/@radix-ui/react-context/dist/index.mjs:27:15)
    at Popper (file:///Users/tran.duc.thang/Projects/pit/node_modules/.pnpm/@radix-ui+react-popper@1.2.8_@types+react-dom@18.2.17_@types+react@18.2.43_react-dom@18.2.0_react@18.2.0__react@18.2.0/node_modules/@radix-ui/react-popper/dist/index.mjs:30:11)
    at Select (file:///Users/tran.duc.thang/Projects/pit/node_modules/.pnpm/@radix-ui+react-select@2.2.6_@types+react-dom@18.2.17_@types+react@18.2.43_react-dom@18.2.0_react@18.2.0__react@18.2.0/node_modules/@radix-ui/react-select/dist/index.mjs:42:5)
    at div
    at RegionSelector (/Users/tran.duc.thang/Projects/pit/src/components/RegionSelector.tsx:20:27)
    at div
    at /Users/tran.duc.thang/Projects/pit/src/components/ui/card.tsx:68:6
    at div
    at /Users/tran.duc.thang/Projects/pit/src/components/ui/card.tsx:14:6
    at CalculatorInputs (/Users/tran.duc.thang/Projects/pit/src/components/CalculatorInputs.tsx:19:3)
    at div
    at SalaryCalculator (/Users/tran.duc.thang/Projects/pit/src/components/SalaryCalculator.tsx:24:63)
    at ErrorBoundary (/Users/tran.duc.thang/Projects/pit/src/components/ErrorBoundary.tsx:13:5)
    at main
    at div
    at div
    at div
    at ErrorBoundary (/Users/tran.duc.thang/Projects/pit/src/components/ErrorBoundary.tsx:13:5)
    at App
Warning: An update to SelectItemText inside a test was not wrapped in act(...).

When testing, code that causes React state updates should be wrapped into act(...):

act(() => {
  /* fire events that update state */
});
/* assert on the output */

This ensures that you're testing the behavior the user would see in the browser. Learn more at https://reactjs.org/link/wrap-tests-with-act
    at file:///Users/tran.duc.thang/Projects/pit/node_modules/.pnpm/@radix-ui+react-select@2.2.6_@types+react-dom@18.2.17_@types+react@18.2.43_react-dom@18.2.0_react@18.2.0__react@18.2.0/node_modules/@radix-ui/react-select/dist/index.mjs:901:13
    at div
    at file:///Users/tran.duc.thang/Projects/pit/node_modules/.pnpm/@radix-ui+react-primitive@2.1.3_@types+react-dom@18.2.17_@types+react@18.2.43_react-dom_2161c237ea33b60c0cf3d21a889a9a3e/node_modules/@radix-ui/react-primitive/dist/index.mjs:28:13
    at file:///Users/tran.duc.thang/Projects/pit/node_modules/.pnpm/@radix-ui+react-slot@1.2.3_@types+react@18.2.43_react@18.2.0/node_modules/@radix-ui/react-slot/dist/index.mjs:33:13
    at file:///Users/tran.duc.thang/Projects/pit/node_modules/.pnpm/@radix-ui+react-slot@1.2.3_@types+react@18.2.43_react@18.2.0/node_modules/@radix-ui/react-slot/dist/index.mjs:9:13
    at file:///Users/tran.duc.thang/Projects/pit/node_modules/.pnpm/@radix-ui+react-collection@1.1.7_@types+react-dom@18.2.17_@types+react@18.2.43_react-do_a03fe685936792784d18791d9a1c5606/node_modules/@radix-ui/react-collection/dist/index.mjs:39:15
    at Provider (file:///Users/tran.duc.thang/Projects/pit/node_modules/.pnpm/@radix-ui+react-context@1.1.2_@types+react@18.2.43_react@18.2.0/node_modules/@radix-ui/react-context/dist/index.mjs:27:15)
    at file:///Users/tran.duc.thang/Projects/pit/node_modules/.pnpm/@radix-ui+react-select@2.2.6_@types+react-dom@18.2.17_@types+react@18.2.43_react-dom@18.2.0_react@18.2.0__react@18.2.0/node_modules/@radix-ui/react-select/dist/index.mjs:800:7
    at /Users/tran.duc.thang/Projects/pit/src/components/ui/select.tsx:174:56
    at div
    at file:///Users/tran.duc.thang/Projects/pit/node_modules/.pnpm/@radix-ui+react-primitive@2.1.3_@types+react-dom@18.2.17_@types+react@18.2.43_react-dom_2161c237ea33b60c0cf3d21a889a9a3e/node_modules/@radix-ui/react-primitive/dist/index.mjs:28:13
    at file:///Users/tran.duc.thang/Projects/pit/node_modules/.pnpm/@radix-ui+react-slot@1.2.3_@types+react@18.2.43_react@18.2.0/node_modules/@radix-ui/react-slot/dist/index.mjs:33:13
    at file:///Users/tran.duc.thang/Projects/pit/node_modules/.pnpm/@radix-ui+react-slot@1.2.3_@types+react@18.2.43_react@18.2.0/node_modules/@radix-ui/react-slot/dist/index.mjs:9:13
    at file:///Users/tran.duc.thang/Projects/pit/node_modules/.pnpm/@radix-ui+react-collection@1.1.7_@types+react-dom@18.2.17_@types+react@18.2.43_react-do_a03fe685936792784d18791d9a1c5606/node_modules/@radix-ui/react-collection/dist/index.mjs:27:15
    at file:///Users/tran.duc.thang/Projects/pit/node_modules/.pnpm/@radix-ui+react-select@2.2.6_@types+react-dom@18.2.17_@types+react@18.2.43_react-dom@18.2.0_react@18.2.0__react@18.2.0/node_modules/@radix-ui/react-select/dist/index.mjs:711:13
    at div
    at file:///Users/tran.duc.thang/Projects/pit/node_modules/.pnpm/@radix-ui+react-slot@1.2.3_@types+react@18.2.43_react@18.2.0/node_modules/@radix-ui/react-slot/dist/index.mjs:33:13
    at file:///Users/tran.duc.thang/Projects/pit/node_modules/.pnpm/@radix-ui+react-slot@1.2.3_@types+react@18.2.43_react@18.2.0/node_modules/@radix-ui/react-slot/dist/index.mjs:9:13
    at file:///Users/tran.duc.thang/Projects/pit/node_modules/.pnpm/@radix-ui+react-collection@1.1.7_@types+react-dom@18.2.17_@types+react@18.2.43_react-do_a03fe685936792784d18791d9a1c5606/node_modules/@radix-ui/react-collection/dist/index.mjs:27:15
    at Provider (file:///Users/tran.duc.thang/Projects/pit/node_modules/.pnpm/@radix-ui+react-context@1.1.2_@types+react@18.2.43_react@18.2.0/node_modules/@radix-ui/react-context/dist/index.mjs:27:15)
    at file:///Users/tran.duc.thang/Projects/pit/node_modules/.pnpm/@radix-ui+react-select@2.2.6_@types+react-dom@18.2.17_@types+react@18.2.43_react-dom@18.2.0_react@18.2.0__react@18.2.0/node_modules/@radix-ui/react-select/dist/index.mjs:256:58
    at file:///Users/tran.duc.thang/Projects/pit/node_modules/.pnpm/@radix-ui+react-slot@1.2.3_@types+react@18.2.43_react@18.2.0/node_modules/@radix-ui/react-slot/dist/index.mjs:33:13
    at file:///Users/tran.duc.thang/Projects/pit/node_modules/.pnpm/@radix-ui+react-slot@1.2.3_@types+react@18.2.43_react@18.2.0/node_modules/@radix-ui/react-slot/dist/index.mjs:9:13
    at file:///Users/tran.duc.thang/Projects/pit/node_modules/.pnpm/@radix-ui+react-primitive@2.1.3_@types+react-dom@18.2.17_@types+react@18.2.43_react-dom_2161c237ea33b60c0cf3d21a889a9a3e/node_modules/@radix-ui/react-primitive/dist/index.mjs:28:13
    at file:///Users/tran.duc.thang/Projects/pit/node_modules/.pnpm/@radix-ui+react-portal@1.1.9_@types+react-dom@18.2.17_@types+react@18.2.43_react-dom@18.2.0_react@18.2.0__react@18.2.0/node_modules/@radix-ui/react-portal/dist/index.mjs:11:22
    at SelectPortal
    at /Users/tran.duc.thang/Projects/pit/src/components/ui/select.tsx:101:59
    at Provider (file:///Users/tran.duc.thang/Projects/pit/node_modules/.pnpm/@radix-ui+react-context@1.1.2_@types+react@18.2.43_react@18.2.0/node_modules/@radix-ui/react-context/dist/index.mjs:27:15)
    at Provider (file:///Users/tran.duc.thang/Projects/pit/node_modules/.pnpm/@radix-ui+react-context@1.1.2_@types+react@18.2.43_react@18.2.0/node_modules/@radix-ui/react-context/dist/index.mjs:27:15)
    at CollectionProvider (file:///Users/tran.duc.thang/Projects/pit/node_modules/.pnpm/@radix-ui+react-collection@1.1.7_@types+react-dom@18.2.17_@types+react@18.2.43_react-do_a03fe685936792784d18791d9a1c5606/node_modules/@radix-ui/react-collection/dist/index.mjs:17:13)
    at Provider (file:///Users/tran.duc.thang/Projects/pit/node_modules/.pnpm/@radix-ui+react-context@1.1.2_@types+react@18.2.43_react@18.2.0/node_modules/@radix-ui/react-context/dist/index.mjs:27:15)
    at Provider (file:///Users/tran.duc.thang/Projects/pit/node_modules/.pnpm/@radix-ui+react-context@1.1.2_@types+react@18.2.43_react@18.2.0/node_modules/@radix-ui/react-context/dist/index.mjs:27:15)
    at Popper (file:///Users/tran.duc.thang/Projects/pit/node_modules/.pnpm/@radix-ui+react-popper@1.2.8_@types+react-dom@18.2.17_@types+react@18.2.43_react-dom@18.2.0_react@18.2.0__react@18.2.0/node_modules/@radix-ui/react-popper/dist/index.mjs:30:11)
    at Select (file:///Users/tran.duc.thang/Projects/pit/node_modules/.pnpm/@radix-ui+react-select@2.2.6_@types+react-dom@18.2.17_@types+react@18.2.43_react-dom@18.2.0_react@18.2.0__react@18.2.0/node_modules/@radix-ui/react-select/dist/index.mjs:42:5)
    at div
    at RegionSelector (/Users/tran.duc.thang/Projects/pit/src/components/RegionSelector.tsx:20:27)
    at div
    at /Users/tran.duc.thang/Projects/pit/src/components/ui/card.tsx:68:6
    at div
    at /Users/tran.duc.thang/Projects/pit/src/components/ui/card.tsx:14:6
    at CalculatorInputs (/Users/tran.duc.thang/Projects/pit/src/components/CalculatorInputs.tsx:19:3)
    at div
    at SalaryCalculator (/Users/tran.duc.thang/Projects/pit/src/components/SalaryCalculator.tsx:24:63)
    at ErrorBoundary (/Users/tran.duc.thang/Projects/pit/src/components/ErrorBoundary.tsx:13:5)
    at main
    at div
    at div
    at div
    at ErrorBoundary (/Users/tran.duc.thang/Projects/pit/src/components/ErrorBoundary.tsx:13:5)
    at App
Warning: An update to Tooltip inside a test was not wrapped in act(...).

When testing, code that causes React state updates should be wrapped into act(...):

act(() => {
  /* fire events that update state */
});
/* assert on the output */

This ensures that you're testing the behavior the user would see in the browser. Learn more at https://reactjs.org/link/wrap-tests-with-act
    at Tooltip (file:///Users/tran.duc.thang/Projects/pit/node_modules/.pnpm/@radix-ui+react-tooltip@1.2.8_@types+react-dom@18.2.17_@types+react@18.2.43_react-dom@18.2.0_react@18.2.0__react@18.2.0/node_modules/@radix-ui/react-tooltip/dist/index.mjs:73:5)
    at Provider (file:///Users/tran.duc.thang/Projects/pit/node_modules/.pnpm/@radix-ui+react-context@1.1.2_@types+react@18.2.43_react@18.2.0/node_modules/@radix-ui/react-context/dist/index.mjs:27:15)
    at TooltipProvider (file:///Users/tran.duc.thang/Projects/pit/node_modules/.pnpm/@radix-ui+react-tooltip@1.2.8_@types+react-dom@18.2.17_@types+react@18.2.43_react-dom@18.2.0_react@18.2.0__react@18.2.0/node_modules/@radix-ui/react-tooltip/dist/index.mjs:29:5)
    at InfoTooltip (/Users/tran.duc.thang/Projects/pit/src/components/InfoTooltip.tsx:10:24)
    at div
    at div
    at InsuranceBaseInput (/Users/tran.duc.thang/Projects/pit/src/components/InsuranceBaseInput.tsx:13:3)
    at div
    at /Users/tran.duc.thang/Projects/pit/src/components/ui/card.tsx:68:6
    at div
    at /Users/tran.duc.thang/Projects/pit/src/components/ui/card.tsx:14:6
    at CalculatorInputs (/Users/tran.duc.thang/Projects/pit/src/components/CalculatorInputs.tsx:19:3)
    at div
    at SalaryCalculator (/Users/tran.duc.thang/Projects/pit/src/components/SalaryCalculator.tsx:24:63)
    at ErrorBoundary (/Users/tran.duc.thang/Projects/pit/src/components/ErrorBoundary.tsx:13:5)
    at main
    at div
    at div
    at div
    at ErrorBoundary (/Users/tran.duc.thang/Projects/pit/src/components/ErrorBoundary.tsx:13:5)
    at App
Warning: An update to Radio inside a test was not wrapped in act(...).

When testing, code that causes React state updates should be wrapped into act(...):

act(() => {
  /* fire events that update state */
});
/* assert on the output */

This ensures that you're testing the behavior the user would see in the browser. Learn more at https://reactjs.org/link/wrap-tests-with-act
    at file:///Users/tran.duc.thang/Projects/pit/node_modules/.pnpm/@radix-ui+react-radio-group@1.3.8_@types+react-dom@18.2.17_@types+react@18.2.43_react-d_232b8f11a4c03b4724d7150d14f44128/node_modules/@radix-ui/react-radio-group/dist/index.mjs:30:7
    at file:///Users/tran.duc.thang/Projects/pit/node_modules/.pnpm/@radix-ui+react-slot@1.2.3_@types+react@18.2.43_react@18.2.0/node_modules/@radix-ui/react-slot/dist/index.mjs:33:13
    at file:///Users/tran.duc.thang/Projects/pit/node_modules/.pnpm/@radix-ui+react-slot@1.2.3_@types+react@18.2.43_react@18.2.0/node_modules/@radix-ui/react-slot/dist/index.mjs:9:13
    at file:///Users/tran.duc.thang/Projects/pit/node_modules/.pnpm/@radix-ui+react-primitive@2.1.3_@types+react-dom@18.2.17_@types+react@18.2.43_react-dom_2161c237ea33b60c0cf3d21a889a9a3e/node_modules/@radix-ui/react-primitive/dist/index.mjs:28:13
    at file:///Users/tran.duc.thang/Projects/pit/node_modules/.pnpm/@radix-ui+react-slot@1.2.3_@types+react@18.2.43_react@18.2.0/node_modules/@radix-ui/react-slot/dist/index.mjs:33:13
    at file:///Users/tran.duc.thang/Projects/pit/node_modules/.pnpm/@radix-ui+react-slot@1.2.3_@types+react@18.2.43_react@18.2.0/node_modules/@radix-ui/react-slot/dist/index.mjs:9:13
    at file:///Users/tran.duc.thang/Projects/pit/node_modules/.pnpm/@radix-ui+react-collection@1.1.7_@types+react-dom@18.2.17_@types+react@18.2.43_react-do_a03fe685936792784d18791d9a1c5606/node_modules/@radix-ui/react-collection/dist/index.mjs:39:15
    at file:///Users/tran.duc.thang/Projects/pit/node_modules/.pnpm/@radix-ui+react-roving-focus@1.1.11_@types+react-dom@18.2.17_@types+react@18.2.43_react_0518848876eeed3dd17b5d7009596a7d/node_modules/@radix-ui/react-roving-focus/dist/index.mjs:124:7
    at file:///Users/tran.duc.thang/Projects/pit/node_modules/.pnpm/@radix-ui+react-radio-group@1.3.8_@types+react-dom@18.2.17_@types+react@18.2.43_react-d_232b8f11a4c03b4724d7150d14f44128/node_modules/@radix-ui/react-radio-group/dist/index.mjs:228:13
    at /Users/tran.duc.thang/Projects/pit/src/components/ui/radio-group.tsx:22:60
    at div
    at div
    at file:///Users/tran.duc.thang/Projects/pit/node_modules/.pnpm/@radix-ui+react-primitive@2.1.3_@types+react-dom@18.2.17_@types+react@18.2.43_react-dom_2161c237ea33b60c0cf3d21a889a9a3e/node_modules/@radix-ui/react-primitive/dist/index.mjs:28:13
    at file:///Users/tran.duc.thang/Projects/pit/node_modules/.pnpm/@radix-ui+react-slot@1.2.3_@types+react@18.2.43_react@18.2.0/node_modules/@radix-ui/react-slot/dist/index.mjs:33:13
    at file:///Users/tran.duc.thang/Projects/pit/node_modules/.pnpm/@radix-ui+react-slot@1.2.3_@types+react@18.2.43_react@18.2.0/node_modules/@radix-ui/react-slot/dist/index.mjs:9:13
    at file:///Users/tran.duc.thang/Projects/pit/node_modules/.pnpm/@radix-ui+react-primitive@2.1.3_@types+react-dom@18.2.17_@types+react@18.2.43_react-dom_2161c237ea33b60c0cf3d21a889a9a3e/node_modules/@radix-ui/react-primitive/dist/index.mjs:28:13
    at Provider (file:///Users/tran.duc.thang/Projects/pit/node_modules/.pnpm/@radix-ui+react-context@1.1.2_@types+react@18.2.43_react@18.2.0/node_modules/@radix-ui/react-context/dist/index.mjs:27:15)
    at file:///Users/tran.duc.thang/Projects/pit/node_modules/.pnpm/@radix-ui+react-roving-focus@1.1.11_@types+react-dom@18.2.17_@types+react@18.2.43_react_0518848876eeed3dd17b5d7009596a7d/node_modules/@radix-ui/react-roving-focus/dist/index.mjs:32:5
    at file:///Users/tran.duc.thang/Projects/pit/node_modules/.pnpm/@radix-ui+react-slot@1.2.3_@types+react@18.2.43_react@18.2.0/node_modules/@radix-ui/react-slot/dist/index.mjs:33:13
    at file:///Users/tran.duc.thang/Projects/pit/node_modules/.pnpm/@radix-ui+react-slot@1.2.3_@types+react@18.2.43_react@18.2.0/node_modules/@radix-ui/react-slot/dist/index.mjs:9:13
    at file:///Users/tran.duc.thang/Projects/pit/node_modules/.pnpm/@radix-ui+react-collection@1.1.7_@types+react-dom@18.2.17_@types+react@18.2.43_react-do_a03fe685936792784d18791d9a1c5606/node_modules/@radix-ui/react-collection/dist/index.mjs:27:15
    at Provider (file:///Users/tran.duc.thang/Projects/pit/node_modules/.pnpm/@radix-ui+react-context@1.1.2_@types+react@18.2.43_react@18.2.0/node_modules/@radix-ui/react-context/dist/index.mjs:27:15)
    at CollectionProvider (file:///Users/tran.duc.thang/Projects/pit/node_modules/.pnpm/@radix-ui+react-collection@1.1.7_@types+react-dom@18.2.17_@types+react@18.2.43_react-do_a03fe685936792784d18791d9a1c5606/node_modules/@radix-ui/react-collection/dist/index.mjs:17:13)
    at file:///Users/tran.duc.thang/Projects/pit/node_modules/.pnpm/@radix-ui+react-roving-focus@1.1.11_@types+react-dom@18.2.17_@types+react@18.2.43_react_0518848876eeed3dd17b5d7009596a7d/node_modules/@radix-ui/react-roving-focus/dist/index.mjs:26:68
    at Provider (file:///Users/tran.duc.thang/Projects/pit/node_modules/.pnpm/@radix-ui+react-context@1.1.2_@types+react@18.2.43_react@18.2.0/node_modules/@radix-ui/react-context/dist/index.mjs:27:15)
    at file:///Users/tran.duc.thang/Projects/pit/node_modules/.pnpm/@radix-ui+react-radio-group@1.3.8_@types+react-dom@18.2.17_@types+react@18.2.43_react-d_232b8f11a4c03b4724d7150d14f44128/node_modules/@radix-ui/react-radio-group/dist/index.mjs:169:7
    at /Users/tran.duc.thang/Projects/pit/src/components/ui/radio-group.tsx:14:56
    at div
    at InsuranceBaseInput (/Users/tran.duc.thang/Projects/pit/src/components/InsuranceBaseInput.tsx:13:3)
    at div
    at /Users/tran.duc.thang/Projects/pit/src/components/ui/card.tsx:68:6
    at div
    at /Users/tran.duc.thang/Projects/pit/src/components/ui/card.tsx:14:6
    at CalculatorInputs (/Users/tran.duc.thang/Projects/pit/src/components/CalculatorInputs.tsx:19:3)
    at div
    at SalaryCalculator (/Users/tran.duc.thang/Projects/pit/src/components/SalaryCalculator.tsx:24:63)
    at ErrorBoundary (/Users/tran.duc.thang/Projects/pit/src/components/ErrorBoundary.tsx:13:5)
    at main
    at div
    at div
    at div
    at ErrorBoundary (/Users/tran.duc.thang/Projects/pit/src/components/ErrorBoundary.tsx:13:5)
    at App
Warning: An update to Radio inside a test was not wrapped in act(...).

When testing, code that causes React state updates should be wrapped into act(...):

act(() => {
  /* fire events that update state */
});
/* assert on the output */

This ensures that you're testing the behavior the user would see in the browser. Learn more at https://reactjs.org/link/wrap-tests-with-act
    at file:///Users/tran.duc.thang/Projects/pit/node_modules/.pnpm/@radix-ui+react-radio-group@1.3.8_@types+react-dom@18.2.17_@types+react@18.2.43_react-d_232b8f11a4c03b4724d7150d14f44128/node_modules/@radix-ui/react-radio-group/dist/index.mjs:30:7
    at file:///Users/tran.duc.thang/Projects/pit/node_modules/.pnpm/@radix-ui+react-slot@1.2.3_@types+react@18.2.43_react@18.2.0/node_modules/@radix-ui/react-slot/dist/index.mjs:33:13
    at file:///Users/tran.duc.thang/Projects/pit/node_modules/.pnpm/@radix-ui+react-slot@1.2.3_@types+react@18.2.43_react@18.2.0/node_modules/@radix-ui/react-slot/dist/index.mjs:9:13
    at file:///Users/tran.duc.thang/Projects/pit/node_modules/.pnpm/@radix-ui+react-primitive@2.1.3_@types+react-dom@18.2.17_@types+react@18.2.43_react-dom_2161c237ea33b60c0cf3d21a889a9a3e/node_modules/@radix-ui/react-primitive/dist/index.mjs:28:13
    at file:///Users/tran.duc.thang/Projects/pit/node_modules/.pnpm/@radix-ui+react-slot@1.2.3_@types+react@18.2.43_react@18.2.0/node_modules/@radix-ui/react-slot/dist/index.mjs:33:13
    at file:///Users/tran.duc.thang/Projects/pit/node_modules/.pnpm/@radix-ui+react-slot@1.2.3_@types+react@18.2.43_react@18.2.0/node_modules/@radix-ui/react-slot/dist/index.mjs:9:13
    at file:///Users/tran.duc.thang/Projects/pit/node_modules/.pnpm/@radix-ui+react-collection@1.1.7_@types+react-dom@18.2.17_@types+react@18.2.43_react-do_a03fe685936792784d18791d9a1c5606/node_modules/@radix-ui/react-collection/dist/index.mjs:39:15
    at file:///Users/tran.duc.thang/Projects/pit/node_modules/.pnpm/@radix-ui+react-roving-focus@1.1.11_@types+react-dom@18.2.17_@types+react@18.2.43_react_0518848876eeed3dd17b5d7009596a7d/node_modules/@radix-ui/react-roving-focus/dist/index.mjs:124:7
    at file:///Users/tran.duc.thang/Projects/pit/node_modules/.pnpm/@radix-ui+react-radio-group@1.3.8_@types+react-dom@18.2.17_@types+react@18.2.43_react-d_232b8f11a4c03b4724d7150d14f44128/node_modules/@radix-ui/react-radio-group/dist/index.mjs:228:13
    at /Users/tran.duc.thang/Projects/pit/src/components/ui/radio-group.tsx:22:60
    at div
    at div
    at div
    at file:///Users/tran.duc.thang/Projects/pit/node_modules/.pnpm/@radix-ui+react-primitive@2.1.3_@types+react-dom@18.2.17_@types+react@18.2.43_react-dom_2161c237ea33b60c0cf3d21a889a9a3e/node_modules/@radix-ui/react-primitive/dist/index.mjs:28:13
    at file:///Users/tran.duc.thang/Projects/pit/node_modules/.pnpm/@radix-ui+react-slot@1.2.3_@types+react@18.2.43_react@18.2.0/node_modules/@radix-ui/react-slot/dist/index.mjs:33:13
    at file:///Users/tran.duc.thang/Projects/pit/node_modules/.pnpm/@radix-ui+react-slot@1.2.3_@types+react@18.2.43_react@18.2.0/node_modules/@radix-ui/react-slot/dist/index.mjs:9:13
    at file:///Users/tran.duc.thang/Projects/pit/node_modules/.pnpm/@radix-ui+react-primitive@2.1.3_@types+react-dom@18.2.17_@types+react@18.2.43_react-dom_2161c237ea33b60c0cf3d21a889a9a3e/node_modules/@radix-ui/react-primitive/dist/index.mjs:28:13
    at Provider (file:///Users/tran.duc.thang/Projects/pit/node_modules/.pnpm/@radix-ui+react-context@1.1.2_@types+react@18.2.43_react@18.2.0/node_modules/@radix-ui/react-context/dist/index.mjs:27:15)
    at file:///Users/tran.duc.thang/Projects/pit/node_modules/.pnpm/@radix-ui+react-roving-focus@1.1.11_@types+react-dom@18.2.17_@types+react@18.2.43_react_0518848876eeed3dd17b5d7009596a7d/node_modules/@radix-ui/react-roving-focus/dist/index.mjs:32:5
    at file:///Users/tran.duc.thang/Projects/pit/node_modules/.pnpm/@radix-ui+react-slot@1.2.3_@types+react@18.2.43_react@18.2.0/node_modules/@radix-ui/react-slot/dist/index.mjs:33:13
    at file:///Users/tran.duc.thang/Projects/pit/node_modules/.pnpm/@radix-ui+react-slot@1.2.3_@types+react@18.2.43_react@18.2.0/node_modules/@radix-ui/react-slot/dist/index.mjs:9:13
    at file:///Users/tran.duc.thang/Projects/pit/node_modules/.pnpm/@radix-ui+react-collection@1.1.7_@types+react-dom@18.2.17_@types+react@18.2.43_react-do_a03fe685936792784d18791d9a1c5606/node_modules/@radix-ui/react-collection/dist/index.mjs:27:15
    at Provider (file:///Users/tran.duc.thang/Projects/pit/node_modules/.pnpm/@radix-ui+react-context@1.1.2_@types+react@18.2.43_react@18.2.0/node_modules/@radix-ui/react-context/dist/index.mjs:27:15)
    at CollectionProvider (file:///Users/tran.duc.thang/Projects/pit/node_modules/.pnpm/@radix-ui+react-collection@1.1.7_@types+react-dom@18.2.17_@types+react@18.2.43_react-do_a03fe685936792784d18791d9a1c5606/node_modules/@radix-ui/react-collection/dist/index.mjs:17:13)
    at file:///Users/tran.duc.thang/Projects/pit/node_modules/.pnpm/@radix-ui+react-roving-focus@1.1.11_@types+react-dom@18.2.17_@types+react@18.2.43_react_0518848876eeed3dd17b5d7009596a7d/node_modules/@radix-ui/react-roving-focus/dist/index.mjs:26:68
    at Provider (file:///Users/tran.duc.thang/Projects/pit/node_modules/.pnpm/@radix-ui+react-context@1.1.2_@types+react@18.2.43_react@18.2.0/node_modules/@radix-ui/react-context/dist/index.mjs:27:15)
    at file:///Users/tran.duc.thang/Projects/pit/node_modules/.pnpm/@radix-ui+react-radio-group@1.3.8_@types+react-dom@18.2.17_@types+react@18.2.43_react-d_232b8f11a4c03b4724d7150d14f44128/node_modules/@radix-ui/react-radio-group/dist/index.mjs:169:7
    at /Users/tran.duc.thang/Projects/pit/src/components/ui/radio-group.tsx:14:56
    at div
    at InsuranceBaseInput (/Users/tran.duc.thang/Projects/pit/src/components/InsuranceBaseInput.tsx:13:3)
    at div
    at /Users/tran.duc.thang/Projects/pit/src/components/ui/card.tsx:68:6
    at div
    at /Users/tran.duc.thang/Projects/pit/src/components/ui/card.tsx:14:6
    at CalculatorInputs (/Users/tran.duc.thang/Projects/pit/src/components/CalculatorInputs.tsx:19:3)
    at div
    at SalaryCalculator (/Users/tran.duc.thang/Projects/pit/src/components/SalaryCalculator.tsx:24:63)
    at ErrorBoundary (/Users/tran.duc.thang/Projects/pit/src/components/ErrorBoundary.tsx:13:5)
    at main
    at div
    at div
    at div
    at ErrorBoundary (/Users/tran.duc.thang/Projects/pit/src/components/ErrorBoundary.tsx:13:5)
    at App
Warning: An update to Switch inside a test was not wrapped in act(...).

When testing, code that causes React state updates should be wrapped into act(...):

act(() => {
  /* fire events that update state */
});
/* assert on the output */

This ensures that you're testing the behavior the user would see in the browser. Learn more at https://reactjs.org/link/wrap-tests-with-act
    at file:///Users/tran.duc.thang/Projects/pit/node_modules/.pnpm/@radix-ui+react-switch@1.2.6_@types+react-dom@18.2.17_@types+react@18.2.43_react-dom@18.2.0_react@18.2.0__react@18.2.0/node_modules/@radix-ui/react-switch/dist/index.mjs:19:7
    at /Users/tran.duc.thang/Projects/pit/src/components/ui/switch.tsx:10:52
    at div
    at div
    at UnionDuesCheckbox (/Users/tran.duc.thang/Projects/pit/src/components/UnionDuesCheckbox.tsx:11:3)
    at div
    at /Users/tran.duc.thang/Projects/pit/src/components/ui/card.tsx:68:6
    at div
    at /Users/tran.duc.thang/Projects/pit/src/components/ui/card.tsx:14:6
    at CalculatorInputs (/Users/tran.duc.thang/Projects/pit/src/components/CalculatorInputs.tsx:19:3)
    at div
    at SalaryCalculator (/Users/tran.duc.thang/Projects/pit/src/components/SalaryCalculator.tsx:24:63)
    at ErrorBoundary (/Users/tran.duc.thang/Projects/pit/src/components/ErrorBoundary.tsx:13:5)
    at main
    at div
    at div
    at div
    at ErrorBoundary (/Users/tran.duc.thang/Projects/pit/src/components/ErrorBoundary.tsx:13:5)
    at App
Warning: An update to Tooltip inside a test was not wrapped in act(...).

When testing, code that causes React state updates should be wrapped into act(...):

act(() => {
  /* fire events that update state */
});
/* assert on the output */

This ensures that you're testing the behavior the user would see in the browser. Learn more at https://reactjs.org/link/wrap-tests-with-act
    at Tooltip (file:///Users/tran.duc.thang/Projects/pit/node_modules/.pnpm/@radix-ui+react-tooltip@1.2.8_@types+react-dom@18.2.17_@types+react@18.2.43_react-dom@18.2.0_react@18.2.0__react@18.2.0/node_modules/@radix-ui/react-tooltip/dist/index.mjs:73:5)
    at Provider (file:///Users/tran.duc.thang/Projects/pit/node_modules/.pnpm/@radix-ui+react-context@1.1.2_@types+react@18.2.43_react@18.2.0/node_modules/@radix-ui/react-context/dist/index.mjs:27:15)
    at TooltipProvider (file:///Users/tran.duc.thang/Projects/pit/node_modules/.pnpm/@radix-ui+react-tooltip@1.2.8_@types+react-dom@18.2.17_@types+react@18.2.43_react-dom@18.2.0_react@18.2.0__react@18.2.0/node_modules/@radix-ui/react-tooltip/dist/index.mjs:29:5)
    at InfoTooltip (/Users/tran.duc.thang/Projects/pit/src/components/InfoTooltip.tsx:10:24)
    at div
    at div
    at UnionDuesCheckbox (/Users/tran.duc.thang/Projects/pit/src/components/UnionDuesCheckbox.tsx:11:3)
    at div
    at /Users/tran.duc.thang/Projects/pit/src/components/ui/card.tsx:68:6
    at div
    at /Users/tran.duc.thang/Projects/pit/src/components/ui/card.tsx:14:6
    at CalculatorInputs (/Users/tran.duc.thang/Projects/pit/src/components/CalculatorInputs.tsx:19:3)
    at div
    at SalaryCalculator (/Users/tran.duc.thang/Projects/pit/src/components/SalaryCalculator.tsx:24:63)
    at ErrorBoundary (/Users/tran.duc.thang/Projects/pit/src/components/ErrorBoundary.tsx:13:5)
    at main
    at div
    at div
    at div
    at ErrorBoundary (/Users/tran.duc.thang/Projects/pit/src/components/ErrorBoundary.tsx:13:5)
    at App
Warning: An update to Switch inside a test was not wrapped in act(...).

When testing, code that causes React state updates should be wrapped into act(...):

act(() => {
  /* fire events that update state */
});
/* assert on the output */

This ensures that you're testing the behavior the user would see in the browser. Learn more at https://reactjs.org/link/wrap-tests-with-act
    at file:///Users/tran.duc.thang/Projects/pit/node_modules/.pnpm/@radix-ui+react-switch@1.2.6_@types+react-dom@18.2.17_@types+react@18.2.43_react-dom@18.2.0_react@18.2.0__react@18.2.0/node_modules/@radix-ui/react-switch/dist/index.mjs:19:7
    at /Users/tran.duc.thang/Projects/pit/src/components/ui/switch.tsx:10:52
    at div
    at div
    at LunchAllowanceInput (/Users/tran.duc.thang/Projects/pit/src/components/LunchAllowanceInput.tsx:13:134)
    at div
    at /Users/tran.duc.thang/Projects/pit/src/components/ui/card.tsx:68:6
    at div
    at /Users/tran.duc.thang/Projects/pit/src/components/ui/card.tsx:14:6
    at CalculatorInputs (/Users/tran.duc.thang/Projects/pit/src/components/CalculatorInputs.tsx:19:3)
    at div
    at SalaryCalculator (/Users/tran.duc.thang/Projects/pit/src/components/SalaryCalculator.tsx:24:63)
    at ErrorBoundary (/Users/tran.duc.thang/Projects/pit/src/components/ErrorBoundary.tsx:13:5)
    at main
    at div
    at div
    at div
    at ErrorBoundary (/Users/tran.duc.thang/Projects/pit/src/components/ErrorBoundary.tsx:13:5)
    at App
Warning: An update to Tooltip inside a test was not wrapped in act(...).

When testing, code that causes React state updates should be wrapped into act(...):

act(() => {
  /* fire events that update state */
});
/* assert on the output */

This ensures that you're testing the behavior the user would see in the browser. Learn more at https://reactjs.org/link/wrap-tests-with-act
    at Tooltip (file:///Users/tran.duc.thang/Projects/pit/node_modules/.pnpm/@radix-ui+react-tooltip@1.2.8_@types+react-dom@18.2.17_@types+react@18.2.43_react-dom@18.2.0_react@18.2.0__react@18.2.0/node_modules/@radix-ui/react-tooltip/dist/index.mjs:73:5)
    at Provider (file:///Users/tran.duc.thang/Projects/pit/node_modules/.pnpm/@radix-ui+react-context@1.1.2_@types+react@18.2.43_react@18.2.0/node_modules/@radix-ui/react-context/dist/index.mjs:27:15)
    at TooltipProvider (file:///Users/tran.duc.thang/Projects/pit/node_modules/.pnpm/@radix-ui+react-tooltip@1.2.8_@types+react-dom@18.2.17_@types+react@18.2.43_react-dom@18.2.0_react@18.2.0__react@18.2.0/node_modules/@radix-ui/react-tooltip/dist/index.mjs:29:5)
    at InfoTooltip (/Users/tran.duc.thang/Projects/pit/src/components/InfoTooltip.tsx:10:24)
    at div
    at td
    at /Users/tran.duc.thang/Projects/pit/src/components/ui/table.tsx:98:55
    at tr
    at /Users/tran.duc.thang/Projects/pit/src/components/ui/table.tsx:57:6
    at tbody
    at /Users/tran.duc.thang/Projects/pit/src/components/ui/table.tsx:33:55
    at table
    at div
    at /Users/tran.duc.thang/Projects/pit/src/components/ui/table.tsx:16:6
    at div
    at InsuranceBreakdown (/Users/tran.duc.thang/Projects/pit/src/components/InsuranceBreakdown.tsx:25:3)
    at div
    at div
    at /Users/tran.duc.thang/Projects/pit/src/components/ui/card.tsx:68:6
    at div
    at /Users/tran.duc.thang/Projects/pit/src/components/ui/card.tsx:14:6
    at ResultDisplay (/Users/tran.duc.thang/Projects/pit/src/components/ResultDisplay.tsx:29:3)
    at div
    at div
    at div
    at ComparisonView (/Users/tran.duc.thang/Projects/pit/src/components/ComparisonView.tsx:10:3)
    at Suspense
    at div
    at SalaryCalculator (/Users/tran.duc.thang/Projects/pit/src/components/SalaryCalculator.tsx:24:63)
    at ErrorBoundary (/Users/tran.duc.thang/Projects/pit/src/components/ErrorBoundary.tsx:13:5)
    at main
    at div
    at div
    at div
    at ErrorBoundary (/Users/tran.duc.thang/Projects/pit/src/components/ErrorBoundary.tsx:13:5)
    at App
Warning: An update to Tooltip inside a test was not wrapped in act(...).

When testing, code that causes React state updates should be wrapped into act(...):

act(() => {
  /* fire events that update state */
});
/* assert on the output */

This ensures that you're testing the behavior the user would see in the browser. Learn more at https://reactjs.org/link/wrap-tests-with-act
    at Tooltip (file:///Users/tran.duc.thang/Projects/pit/node_modules/.pnpm/@radix-ui+react-tooltip@1.2.8_@types+react-dom@18.2.17_@types+react@18.2.43_react-dom@18.2.0_react@18.2.0__react@18.2.0/node_modules/@radix-ui/react-tooltip/dist/index.mjs:73:5)
    at Provider (file:///Users/tran.duc.thang/Projects/pit/node_modules/.pnpm/@radix-ui+react-context@1.1.2_@types+react@18.2.43_react@18.2.0/node_modules/@radix-ui/react-context/dist/index.mjs:27:15)
    at TooltipProvider (file:///Users/tran.duc.thang/Projects/pit/node_modules/.pnpm/@radix-ui+react-tooltip@1.2.8_@types+react-dom@18.2.17_@types+react@18.2.43_react-dom@18.2.0_react@18.2.0__react@18.2.0/node_modules/@radix-ui/react-tooltip/dist/index.mjs:29:5)
    at InfoTooltip (/Users/tran.duc.thang/Projects/pit/src/components/InfoTooltip.tsx:10:24)
    at div
    at td
    at /Users/tran.duc.thang/Projects/pit/src/components/ui/table.tsx:98:55
    at tr
    at /Users/tran.duc.thang/Projects/pit/src/components/ui/table.tsx:57:6
    at tbody
    at /Users/tran.duc.thang/Projects/pit/src/components/ui/table.tsx:33:55
    at table
    at div
    at /Users/tran.duc.thang/Projects/pit/src/components/ui/table.tsx:16:6
    at div
    at InsuranceBreakdown (/Users/tran.duc.thang/Projects/pit/src/components/InsuranceBreakdown.tsx:25:3)
    at div
    at div
    at /Users/tran.duc.thang/Projects/pit/src/components/ui/card.tsx:68:6
    at div
    at /Users/tran.duc.thang/Projects/pit/src/components/ui/card.tsx:14:6
    at ResultDisplay (/Users/tran.duc.thang/Projects/pit/src/components/ResultDisplay.tsx:29:3)
    at div
    at div
    at div
    at ComparisonView (/Users/tran.duc.thang/Projects/pit/src/components/ComparisonView.tsx:10:3)
    at Suspense
    at div
    at SalaryCalculator (/Users/tran.duc.thang/Projects/pit/src/components/SalaryCalculator.tsx:24:63)
    at ErrorBoundary (/Users/tran.duc.thang/Projects/pit/src/components/ErrorBoundary.tsx:13:5)
    at main
    at div
    at div
    at div
    at ErrorBoundary (/Users/tran.duc.thang/Projects/pit/src/components/ErrorBoundary.tsx:13:5)
    at App
Warning: An update to Tooltip inside a test was not wrapped in act(...).

When testing, code that causes React state updates should be wrapped into act(...):

act(() => {
  /* fire events that update state */
});
/* assert on the output */

This ensures that you're testing the behavior the user would see in the browser. Learn more at https://reactjs.org/link/wrap-tests-with-act
    at Tooltip (file:///Users/tran.duc.thang/Projects/pit/node_modules/.pnpm/@radix-ui+react-tooltip@1.2.8_@types+react-dom@18.2.17_@types+react@18.2.43_react-dom@18.2.0_react@18.2.0__react@18.2.0/node_modules/@radix-ui/react-tooltip/dist/index.mjs:73:5)
    at Provider (file:///Users/tran.duc.thang/Projects/pit/node_modules/.pnpm/@radix-ui+react-context@1.1.2_@types+react@18.2.43_react@18.2.0/node_modules/@radix-ui/react-context/dist/index.mjs:27:15)
    at TooltipProvider (file:///Users/tran.duc.thang/Projects/pit/node_modules/.pnpm/@radix-ui+react-tooltip@1.2.8_@types+react-dom@18.2.17_@types+react@18.2.43_react-dom@18.2.0_react@18.2.0__react@18.2.0/node_modules/@radix-ui/react-tooltip/dist/index.mjs:29:5)
    at InfoTooltip (/Users/tran.duc.thang/Projects/pit/src/components/InfoTooltip.tsx:10:24)
    at div
    at td
    at /Users/tran.duc.thang/Projects/pit/src/components/ui/table.tsx:98:55
    at tr
    at /Users/tran.duc.thang/Projects/pit/src/components/ui/table.tsx:57:6
    at tbody
    at /Users/tran.duc.thang/Projects/pit/src/components/ui/table.tsx:33:55
    at table
    at div
    at /Users/tran.duc.thang/Projects/pit/src/components/ui/table.tsx:16:6
    at div
    at InsuranceBreakdown (/Users/tran.duc.thang/Projects/pit/src/components/InsuranceBreakdown.tsx:25:3)
    at div
    at div
    at /Users/tran.duc.thang/Projects/pit/src/components/ui/card.tsx:68:6
    at div
    at /Users/tran.duc.thang/Projects/pit/src/components/ui/card.tsx:14:6
    at ResultDisplay (/Users/tran.duc.thang/Projects/pit/src/components/ResultDisplay.tsx:29:3)
    at div
    at div
    at div
    at ComparisonView (/Users/tran.duc.thang/Projects/pit/src/components/ComparisonView.tsx:10:3)
    at Suspense
    at div
    at SalaryCalculator (/Users/tran.duc.thang/Projects/pit/src/components/SalaryCalculator.tsx:24:63)
    at ErrorBoundary (/Users/tran.duc.thang/Projects/pit/src/components/ErrorBoundary.tsx:13:5)
    at main
    at div
    at div
    at div
    at ErrorBoundary (/Users/tran.duc.thang/Projects/pit/src/components/ErrorBoundary.tsx:13:5)
    at App
Warning: An update to Tooltip inside a test was not wrapped in act(...).

When testing, code that causes React state updates should be wrapped into act(...):

act(() => {
  /* fire events that update state */
});
/* assert on the output */

This ensures that you're testing the behavior the user would see in the browser. Learn more at https://reactjs.org/link/wrap-tests-with-act
    at Tooltip (file:///Users/tran.duc.thang/Projects/pit/node_modules/.pnpm/@radix-ui+react-tooltip@1.2.8_@types+react-dom@18.2.17_@types+react@18.2.43_react-dom@18.2.0_react@18.2.0__react@18.2.0/node_modules/@radix-ui/react-tooltip/dist/index.mjs:73:5)
    at Provider (file:///Users/tran.duc.thang/Projects/pit/node_modules/.pnpm/@radix-ui+react-context@1.1.2_@types+react@18.2.43_react@18.2.0/node_modules/@radix-ui/react-context/dist/index.mjs:27:15)
    at TooltipProvider (file:///Users/tran.duc.thang/Projects/pit/node_modules/.pnpm/@radix-ui+react-tooltip@1.2.8_@types+react-dom@18.2.17_@types+react@18.2.43_react-dom@18.2.0_react@18.2.0__react@18.2.0/node_modules/@radix-ui/react-tooltip/dist/index.mjs:29:5)
    at InfoTooltip (/Users/tran.duc.thang/Projects/pit/src/components/InfoTooltip.tsx:10:24)
    at div
    at td
    at /Users/tran.duc.thang/Projects/pit/src/components/ui/table.tsx:98:55
    at tr
    at /Users/tran.duc.thang/Projects/pit/src/components/ui/table.tsx:57:6
    at tbody
    at /Users/tran.duc.thang/Projects/pit/src/components/ui/table.tsx:33:55
    at table
    at div
    at /Users/tran.duc.thang/Projects/pit/src/components/ui/table.tsx:16:6
    at div
    at InsuranceBreakdown (/Users/tran.duc.thang/Projects/pit/src/components/InsuranceBreakdown.tsx:25:3)
    at div
    at div
    at /Users/tran.duc.thang/Projects/pit/src/components/ui/card.tsx:68:6
    at div
    at /Users/tran.duc.thang/Projects/pit/src/components/ui/card.tsx:14:6
    at ResultDisplay (/Users/tran.duc.thang/Projects/pit/src/components/ResultDisplay.tsx:29:3)
    at div
    at div
    at div
    at ComparisonView (/Users/tran.duc.thang/Projects/pit/src/components/ComparisonView.tsx:10:3)
    at Suspense
    at div
    at SalaryCalculator (/Users/tran.duc.thang/Projects/pit/src/components/SalaryCalculator.tsx:24:63)
    at ErrorBoundary (/Users/tran.duc.thang/Projects/pit/src/components/ErrorBoundary.tsx:13:5)
    at main
    at div
    at div
    at div
    at ErrorBoundary (/Users/tran.duc.thang/Projects/pit/src/components/ErrorBoundary.tsx:13:5)
    at App
Warning: An update to Tooltip inside a test was not wrapped in act(...).

When testing, code that causes React state updates should be wrapped into act(...):

act(() => {
  /* fire events that update state */
});
/* assert on the output */

This ensures that you're testing the behavior the user would see in the browser. Learn more at https://reactjs.org/link/wrap-tests-with-act
    at Tooltip (file:///Users/tran.duc.thang/Projects/pit/node_modules/.pnpm/@radix-ui+react-tooltip@1.2.8_@types+react-dom@18.2.17_@types+react@18.2.43_react-dom@18.2.0_react@18.2.0__react@18.2.0/node_modules/@radix-ui/react-tooltip/dist/index.mjs:73:5)
    at Provider (file:///Users/tran.duc.thang/Projects/pit/node_modules/.pnpm/@radix-ui+react-context@1.1.2_@types+react@18.2.43_react@18.2.0/node_modules/@radix-ui/react-context/dist/index.mjs:27:15)
    at TooltipProvider (file:///Users/tran.duc.thang/Projects/pit/node_modules/.pnpm/@radix-ui+react-tooltip@1.2.8_@types+react-dom@18.2.17_@types+react@18.2.43_react-dom@18.2.0_react@18.2.0__react@18.2.0/node_modules/@radix-ui/react-tooltip/dist/index.mjs:29:5)
    at InfoTooltip (/Users/tran.duc.thang/Projects/pit/src/components/InfoTooltip.tsx:10:24)
    at div
    at td
    at /Users/tran.duc.thang/Projects/pit/src/components/ui/table.tsx:98:55
    at tr
    at /Users/tran.duc.thang/Projects/pit/src/components/ui/table.tsx:57:6
    at tbody
    at /Users/tran.duc.thang/Projects/pit/src/components/ui/table.tsx:33:55
    at table
    at div
    at /Users/tran.duc.thang/Projects/pit/src/components/ui/table.tsx:16:6
    at div
    at InsuranceBreakdown (/Users/tran.duc.thang/Projects/pit/src/components/InsuranceBreakdown.tsx:25:3)
    at div
    at div
    at /Users/tran.duc.thang/Projects/pit/src/components/ui/card.tsx:68:6
    at div
    at /Users/tran.duc.thang/Projects/pit/src/components/ui/card.tsx:14:6
    at ResultDisplay (/Users/tran.duc.thang/Projects/pit/src/components/ResultDisplay.tsx:29:3)
    at div
    at div
    at div
    at ComparisonView (/Users/tran.duc.thang/Projects/pit/src/components/ComparisonView.tsx:10:3)
    at Suspense
    at div
    at SalaryCalculator (/Users/tran.duc.thang/Projects/pit/src/components/SalaryCalculator.tsx:24:63)
    at ErrorBoundary (/Users/tran.duc.thang/Projects/pit/src/components/ErrorBoundary.tsx:13:5)
    at main
    at div
    at div
    at div
    at ErrorBoundary (/Users/tran.duc.thang/Projects/pit/src/components/ErrorBoundary.tsx:13:5)
    at App
Warning: An update to Tooltip inside a test was not wrapped in act(...).

When testing, code that causes React state updates should be wrapped into act(...):

act(() => {
  /* fire events that update state */
});
/* assert on the output */

This ensures that you're testing the behavior the user would see in the browser. Learn more at https://reactjs.org/link/wrap-tests-with-act
    at Tooltip (file:///Users/tran.duc.thang/Projects/pit/node_modules/.pnpm/@radix-ui+react-tooltip@1.2.8_@types+react-dom@18.2.17_@types+react@18.2.43_react-dom@18.2.0_react@18.2.0__react@18.2.0/node_modules/@radix-ui/react-tooltip/dist/index.mjs:73:5)
    at Provider (file:///Users/tran.duc.thang/Projects/pit/node_modules/.pnpm/@radix-ui+react-context@1.1.2_@types+react@18.2.43_react@18.2.0/node_modules/@radix-ui/react-context/dist/index.mjs:27:15)
    at TooltipProvider (file:///Users/tran.duc.thang/Projects/pit/node_modules/.pnpm/@radix-ui+react-tooltip@1.2.8_@types+react-dom@18.2.17_@types+react@18.2.43_react-dom@18.2.0_react@18.2.0__react@18.2.0/node_modules/@radix-ui/react-tooltip/dist/index.mjs:29:5)
    at InfoTooltip (/Users/tran.duc.thang/Projects/pit/src/components/InfoTooltip.tsx:10:24)
    at div
    at td
    at /Users/tran.duc.thang/Projects/pit/src/components/ui/table.tsx:98:55
    at tr
    at /Users/tran.duc.thang/Projects/pit/src/components/ui/table.tsx:57:6
    at tbody
    at /Users/tran.duc.thang/Projects/pit/src/components/ui/table.tsx:33:55
    at table
    at div
    at /Users/tran.duc.thang/Projects/pit/src/components/ui/table.tsx:16:6
    at div
    at InsuranceBreakdown (/Users/tran.duc.thang/Projects/pit/src/components/InsuranceBreakdown.tsx:25:3)
    at div
    at div
    at /Users/tran.duc.thang/Projects/pit/src/components/ui/card.tsx:68:6
    at div
    at /Users/tran.duc.thang/Projects/pit/src/components/ui/card.tsx:14:6
    at ResultDisplay (/Users/tran.duc.thang/Projects/pit/src/components/ResultDisplay.tsx:29:3)
    at div
    at div
    at div
    at ComparisonView (/Users/tran.duc.thang/Projects/pit/src/components/ComparisonView.tsx:10:3)
    at Suspense
    at div
    at SalaryCalculator (/Users/tran.duc.thang/Projects/pit/src/components/SalaryCalculator.tsx:24:63)
    at ErrorBoundary (/Users/tran.duc.thang/Projects/pit/src/components/ErrorBoundary.tsx:13:5)
    at main
    at div
    at div
    at div
    at ErrorBoundary (/Users/tran.duc.thang/Projects/pit/src/components/ErrorBoundary.tsx:13:5)
    at App
Warning: An update to GrossSalaryInput inside a test was not wrapped in act(...).

When testing, code that causes React state updates should be wrapped into act(...):

act(() => {
  /* fire events that update state */
});
/* assert on the output */

This ensures that you're testing the behavior the user would see in the browser. Learn more at https://reactjs.org/link/wrap-tests-with-act
    at GrossSalaryInput (/Users/tran.duc.thang/Projects/pit/src/components/GrossSalaryInput.tsx:19:3)
    at div
    at /Users/tran.duc.thang/Projects/pit/src/components/ui/card.tsx:68:6
    at div
    at /Users/tran.duc.thang/Projects/pit/src/components/ui/card.tsx:14:6
    at CalculatorInputs (/Users/tran.duc.thang/Projects/pit/src/components/CalculatorInputs.tsx:19:3)
    at div
    at SalaryCalculator (/Users/tran.duc.thang/Projects/pit/src/components/SalaryCalculator.tsx:24:63)
    at ErrorBoundary (/Users/tran.duc.thang/Projects/pit/src/components/ErrorBoundary.tsx:13:5)
    at main
    at div
    at div
    at div
    at ErrorBoundary (/Users/tran.duc.thang/Projects/pit/src/components/ErrorBoundary.tsx:13:5)
    at App
Warning: An update to SalaryCalculator inside a test was not wrapped in act(...).

When testing, code that causes React state updates should be wrapped into act(...):

act(() => {
  /* fire events that update state */
});
/* assert on the output */

This ensures that you're testing the behavior the user would see in the browser. Learn more at https://reactjs.org/link/wrap-tests-with-act
    at SalaryCalculator (/Users/tran.duc.thang/Projects/pit/src/components/SalaryCalculator.tsx:24:63)
    at ErrorBoundary (/Users/tran.duc.thang/Projects/pit/src/components/ErrorBoundary.tsx:13:5)
    at main
    at div
    at div
    at div
    at ErrorBoundary (/Users/tran.duc.thang/Projects/pit/src/components/ErrorBoundary.tsx:13:5)
    at App
Warning: An update to SalaryCalculator inside a test was not wrapped in act(...).

When testing, code that causes React state updates should be wrapped into act(...):

act(() => {
  /* fire events that update state */
});
/* assert on the output */

This ensures that you're testing the behavior the user would see in the browser. Learn more at https://reactjs.org/link/wrap-tests-with-act
    at SalaryCalculator (/Users/tran.duc.thang/Projects/pit/src/components/SalaryCalculator.tsx:24:63)
    at ErrorBoundary (/Users/tran.duc.thang/Projects/pit/src/components/ErrorBoundary.tsx:13:5)
    at main
    at div
    at div
    at div
    at ErrorBoundary (/Users/tran.duc.thang/Projects/pit/src/components/ErrorBoundary.tsx:13:5)
    at App
Warning: An update to SalaryCalculator inside a test was not wrapped in act(...).

When testing, code that causes React state updates should be wrapped into act(...):

act(() => {
  /* fire events that update state */
});
/* assert on the output */

This ensures that you're testing the behavior the user would see in the browser. Learn more at https://reactjs.org/link/wrap-tests-with-act
    at SalaryCalculator (/Users/tran.duc.thang/Projects/pit/src/components/SalaryCalculator.tsx:24:63)
    at ErrorBoundary (/Users/tran.duc.thang/Projects/pit/src/components/ErrorBoundary.tsx:13:5)
    at main
    at div
    at div
    at div
    at ErrorBoundary (/Users/tran.duc.thang/Projects/pit/src/components/ErrorBoundary.tsx:13:5)
    at App

[90mstdout[2m | tests/integration/analytics.integration.test.tsx[2m > [22m[2mAnalytics Integration[2m > [22m[2mshould track calculation when salary inputs change
[22m[39m[Analytics] Event tracked: calculate_salary

[90mstderr[2m | tests/integration/analytics.integration.test.tsx[2m > [22m[2mAnalytics Integration[2m > [22m[2mshould track calculation when salary inputs change
[22m[39mWarning: An update to Tooltip inside a test was not wrapped in act(...).

When testing, code that causes React state updates should be wrapped into act(...):

act(() => {
  /* fire events that update state */
});
/* assert on the output */

This ensures that you're testing the behavior the user would see in the browser. Learn more at https://reactjs.org/link/wrap-tests-with-act
    at Tooltip (file:///Users/tran.duc.thang/Projects/pit/node_modules/.pnpm/@radix-ui+react-tooltip@1.2.8_@types+react-dom@18.2.17_@types+react@18.2.43_react-dom@18.2.0_react@18.2.0__react@18.2.0/node_modules/@radix-ui/react-tooltip/dist/index.mjs:73:5)
    at Provider (file:///Users/tran.duc.thang/Projects/pit/node_modules/.pnpm/@radix-ui+react-context@1.1.2_@types+react@18.2.43_react@18.2.0/node_modules/@radix-ui/react-context/dist/index.mjs:27:15)
    at TooltipProvider (file:///Users/tran.duc.thang/Projects/pit/node_modules/.pnpm/@radix-ui+react-tooltip@1.2.8_@types+react-dom@18.2.17_@types+react@18.2.43_react-dom@18.2.0_react@18.2.0__react@18.2.0/node_modules/@radix-ui/react-tooltip/dist/index.mjs:29:5)
    at div
    at div
    at DependentsInput (/Users/tran.duc.thang/Projects/pit/src/components/DependentsInput.tsx:14:28)
    at div
    at /Users/tran.duc.thang/Projects/pit/src/components/ui/card.tsx:68:6
    at div
    at /Users/tran.duc.thang/Projects/pit/src/components/ui/card.tsx:14:6
    at CalculatorInputs (/Users/tran.duc.thang/Projects/pit/src/components/CalculatorInputs.tsx:19:3)
    at div
    at SalaryCalculator (/Users/tran.duc.thang/Projects/pit/src/components/SalaryCalculator.tsx:24:63)
    at ErrorBoundary (/Users/tran.duc.thang/Projects/pit/src/components/ErrorBoundary.tsx:13:5)
    at main
    at div
    at div
    at div
    at ErrorBoundary (/Users/tran.duc.thang/Projects/pit/src/components/ErrorBoundary.tsx:13:5)
    at App
Warning: An update to Select inside a test was not wrapped in act(...).

When testing, code that causes React state updates should be wrapped into act(...):

act(() => {
  /* fire events that update state */
});
/* assert on the output */

This ensures that you're testing the behavior the user would see in the browser. Learn more at https://reactjs.org/link/wrap-tests-with-act
    at Select (file:///Users/tran.duc.thang/Projects/pit/node_modules/.pnpm/@radix-ui+react-select@2.2.6_@types+react-dom@18.2.17_@types+react@18.2.43_react-dom@18.2.0_react@18.2.0__react@18.2.0/node_modules/@radix-ui/react-select/dist/index.mjs:42:5)
    at div
    at RegionSelector (/Users/tran.duc.thang/Projects/pit/src/components/RegionSelector.tsx:20:27)
    at div
    at /Users/tran.duc.thang/Projects/pit/src/components/ui/card.tsx:68:6
    at div
    at /Users/tran.duc.thang/Projects/pit/src/components/ui/card.tsx:14:6
    at CalculatorInputs (/Users/tran.duc.thang/Projects/pit/src/components/CalculatorInputs.tsx:19:3)
    at div
    at SalaryCalculator (/Users/tran.duc.thang/Projects/pit/src/components/SalaryCalculator.tsx:24:63)
    at ErrorBoundary (/Users/tran.duc.thang/Projects/pit/src/components/ErrorBoundary.tsx:13:5)
    at main
    at div
    at div
    at div
    at ErrorBoundary (/Users/tran.duc.thang/Projects/pit/src/components/ErrorBoundary.tsx:13:5)
    at App
Warning: An update to SelectItemText inside a test was not wrapped in act(...).

When testing, code that causes React state updates should be wrapped into act(...):

act(() => {
  /* fire events that update state */
});
/* assert on the output */

This ensures that you're testing the behavior the user would see in the browser. Learn more at https://reactjs.org/link/wrap-tests-with-act
    at file:///Users/tran.duc.thang/Projects/pit/node_modules/.pnpm/@radix-ui+react-select@2.2.6_@types+react-dom@18.2.17_@types+react@18.2.43_react-dom@18.2.0_react@18.2.0__react@18.2.0/node_modules/@radix-ui/react-select/dist/index.mjs:901:13
    at div
    at file:///Users/tran.duc.thang/Projects/pit/node_modules/.pnpm/@radix-ui+react-primitive@2.1.3_@types+react-dom@18.2.17_@types+react@18.2.43_react-dom_2161c237ea33b60c0cf3d21a889a9a3e/node_modules/@radix-ui/react-primitive/dist/index.mjs:28:13
    at file:///Users/tran.duc.thang/Projects/pit/node_modules/.pnpm/@radix-ui+react-slot@1.2.3_@types+react@18.2.43_react@18.2.0/node_modules/@radix-ui/react-slot/dist/index.mjs:33:13
    at file:///Users/tran.duc.thang/Projects/pit/node_modules/.pnpm/@radix-ui+react-slot@1.2.3_@types+react@18.2.43_react@18.2.0/node_modules/@radix-ui/react-slot/dist/index.mjs:9:13
    at file:///Users/tran.duc.thang/Projects/pit/node_modules/.pnpm/@radix-ui+react-collection@1.1.7_@types+react-dom@18.2.17_@types+react@18.2.43_react-do_a03fe685936792784d18791d9a1c5606/node_modules/@radix-ui/react-collection/dist/index.mjs:39:15
    at Provider (file:///Users/tran.duc.thang/Projects/pit/node_modules/.pnpm/@radix-ui+react-context@1.1.2_@types+react@18.2.43_react@18.2.0/node_modules/@radix-ui/react-context/dist/index.mjs:27:15)
    at file:///Users/tran.duc.thang/Projects/pit/node_modules/.pnpm/@radix-ui+react-select@2.2.6_@types+react-dom@18.2.17_@types+react@18.2.43_react-dom@18.2.0_react@18.2.0__react@18.2.0/node_modules/@radix-ui/react-select/dist/index.mjs:800:7
    at /Users/tran.duc.thang/Projects/pit/src/components/ui/select.tsx:174:56
    at div
    at file:///Users/tran.duc.thang/Projects/pit/node_modules/.pnpm/@radix-ui+react-primitive@2.1.3_@types+react-dom@18.2.17_@types+react@18.2.43_react-dom_2161c237ea33b60c0cf3d21a889a9a3e/node_modules/@radix-ui/react-primitive/dist/index.mjs:28:13
    at file:///Users/tran.duc.thang/Projects/pit/node_modules/.pnpm/@radix-ui+react-slot@1.2.3_@types+react@18.2.43_react@18.2.0/node_modules/@radix-ui/react-slot/dist/index.mjs:33:13
    at file:///Users/tran.duc.thang/Projects/pit/node_modules/.pnpm/@radix-ui+react-slot@1.2.3_@types+react@18.2.43_react@18.2.0/node_modules/@radix-ui/react-slot/dist/index.mjs:9:13
    at file:///Users/tran.duc.thang/Projects/pit/node_modules/.pnpm/@radix-ui+react-collection@1.1.7_@types+react-dom@18.2.17_@types+react@18.2.43_react-do_a03fe685936792784d18791d9a1c5606/node_modules/@radix-ui/react-collection/dist/index.mjs:27:15
    at file:///Users/tran.duc.thang/Projects/pit/node_modules/.pnpm/@radix-ui+react-select@2.2.6_@types+react-dom@18.2.17_@types+react@18.2.43_react-dom@18.2.0_react@18.2.0__react@18.2.0/node_modules/@radix-ui/react-select/dist/index.mjs:711:13
    at div
    at file:///Users/tran.duc.thang/Projects/pit/node_modules/.pnpm/@radix-ui+react-slot@1.2.3_@types+react@18.2.43_react@18.2.0/node_modules/@radix-ui/react-slot/dist/index.mjs:33:13
    at file:///Users/tran.duc.thang/Projects/pit/node_modules/.pnpm/@radix-ui+react-slot@1.2.3_@types+react@18.2.43_react@18.2.0/node_modules/@radix-ui/react-slot/dist/index.mjs:9:13
    at file:///Users/tran.duc.thang/Projects/pit/node_modules/.pnpm/@radix-ui+react-collection@1.1.7_@types+react-dom@18.2.17_@types+react@18.2.43_react-do_a03fe685936792784d18791d9a1c5606/node_modules/@radix-ui/react-collection/dist/index.mjs:27:15
    at Provider (file:///Users/tran.duc.thang/Projects/pit/node_modules/.pnpm/@radix-ui+react-context@1.1.2_@types+react@18.2.43_react@18.2.0/node_modules/@radix-ui/react-context/dist/index.mjs:27:15)
    at file:///Users/tran.duc.thang/Projects/pit/node_modules/.pnpm/@radix-ui+react-select@2.2.6_@types+react-dom@18.2.17_@types+react@18.2.43_react-dom@18.2.0_react@18.2.0__react@18.2.0/node_modules/@radix-ui/react-select/dist/index.mjs:256:58
    at file:///Users/tran.duc.thang/Projects/pit/node_modules/.pnpm/@radix-ui+react-slot@1.2.3_@types+react@18.2.43_react@18.2.0/node_modules/@radix-ui/react-slot/dist/index.mjs:33:13
    at file:///Users/tran.duc.thang/Projects/pit/node_modules/.pnpm/@radix-ui+react-slot@1.2.3_@types+react@18.2.43_react@18.2.0/node_modules/@radix-ui/react-slot/dist/index.mjs:9:13
    at file:///Users/tran.duc.thang/Projects/pit/node_modules/.pnpm/@radix-ui+react-primitive@2.1.3_@types+react-dom@18.2.17_@types+react@18.2.43_react-dom_2161c237ea33b60c0cf3d21a889a9a3e/node_modules/@radix-ui/react-primitive/dist/index.mjs:28:13
    at file:///Users/tran.duc.thang/Projects/pit/node_modules/.pnpm/@radix-ui+react-portal@1.1.9_@types+react-dom@18.2.17_@types+react@18.2.43_react-dom@18.2.0_react@18.2.0__react@18.2.0/node_modules/@radix-ui/react-portal/dist/index.mjs:11:22
    at SelectPortal
    at /Users/tran.duc.thang/Projects/pit/src/components/ui/select.tsx:101:59
    at Provider (file:///Users/tran.duc.thang/Projects/pit/node_modules/.pnpm/@radix-ui+react-context@1.1.2_@types+react@18.2.43_react@18.2.0/node_modules/@radix-ui/react-context/dist/index.mjs:27:15)
    at Provider (file:///Users/tran.duc.thang/Projects/pit/node_modules/.pnpm/@radix-ui+react-context@1.1.2_@types+react@18.2.43_react@18.2.0/node_modules/@radix-ui/react-context/dist/index.mjs:27:15)
    at CollectionProvider (file:///Users/tran.duc.thang/Projects/pit/node_modules/.pnpm/@radix-ui+react-collection@1.1.7_@types+react-dom@18.2.17_@types+react@18.2.43_react-do_a03fe685936792784d18791d9a1c5606/node_modules/@radix-ui/react-collection/dist/index.mjs:17:13)
    at Provider (file:///Users/tran.duc.thang/Projects/pit/node_modules/.pnpm/@radix-ui+react-context@1.1.2_@types+react@18.2.43_react@18.2.0/node_modules/@radix-ui/react-context/dist/index.mjs:27:15)
    at Provider (file:///Users/tran.duc.thang/Projects/pit/node_modules/.pnpm/@radix-ui+react-context@1.1.2_@types+react@18.2.43_react@18.2.0/node_modules/@radix-ui/react-context/dist/index.mjs:27:15)
    at Popper (file:///Users/tran.duc.thang/Projects/pit/node_modules/.pnpm/@radix-ui+react-popper@1.2.8_@types+react-dom@18.2.17_@types+react@18.2.43_react-dom@18.2.0_react@18.2.0__react@18.2.0/node_modules/@radix-ui/react-popper/dist/index.mjs:30:11)
    at Select (file:///Users/tran.duc.thang/Projects/pit/node_modules/.pnpm/@radix-ui+react-select@2.2.6_@types+react-dom@18.2.17_@types+react@18.2.43_react-dom@18.2.0_react@18.2.0__react@18.2.0/node_modules/@radix-ui/react-select/dist/index.mjs:42:5)
    at div
    at RegionSelector (/Users/tran.duc.thang/Projects/pit/src/components/RegionSelector.tsx:20:27)
    at div
    at /Users/tran.duc.thang/Projects/pit/src/components/ui/card.tsx:68:6
    at div
    at /Users/tran.duc.thang/Projects/pit/src/components/ui/card.tsx:14:6
    at CalculatorInputs (/Users/tran.duc.thang/Projects/pit/src/components/CalculatorInputs.tsx:19:3)
    at div
    at SalaryCalculator (/Users/tran.duc.thang/Projects/pit/src/components/SalaryCalculator.tsx:24:63)
    at ErrorBoundary (/Users/tran.duc.thang/Projects/pit/src/components/ErrorBoundary.tsx:13:5)
    at main
    at div
    at div
    at div
    at ErrorBoundary (/Users/tran.duc.thang/Projects/pit/src/components/ErrorBoundary.tsx:13:5)
    at App
Warning: An update to SelectItem inside a test was not wrapped in act(...).

When testing, code that causes React state updates should be wrapped into act(...):

act(() => {
  /* fire events that update state */
});
/* assert on the output */

This ensures that you're testing the behavior the user would see in the browser. Learn more at https://reactjs.org/link/wrap-tests-with-act
    at file:///Users/tran.duc.thang/Projects/pit/node_modules/.pnpm/@radix-ui+react-select@2.2.6_@types+react-dom@18.2.17_@types+react@18.2.43_react-dom@18.2.0_react@18.2.0__react@18.2.0/node_modules/@radix-ui/react-select/dist/index.mjs:800:7
    at /Users/tran.duc.thang/Projects/pit/src/components/ui/select.tsx:174:56
    at div
    at file:///Users/tran.duc.thang/Projects/pit/node_modules/.pnpm/@radix-ui+react-primitive@2.1.3_@types+react-dom@18.2.17_@types+react@18.2.43_react-dom_2161c237ea33b60c0cf3d21a889a9a3e/node_modules/@radix-ui/react-primitive/dist/index.mjs:28:13
    at file:///Users/tran.duc.thang/Projects/pit/node_modules/.pnpm/@radix-ui+react-slot@1.2.3_@types+react@18.2.43_react@18.2.0/node_modules/@radix-ui/react-slot/dist/index.mjs:33:13
    at file:///Users/tran.duc.thang/Projects/pit/node_modules/.pnpm/@radix-ui+react-slot@1.2.3_@types+react@18.2.43_react@18.2.0/node_modules/@radix-ui/react-slot/dist/index.mjs:9:13
    at file:///Users/tran.duc.thang/Projects/pit/node_modules/.pnpm/@radix-ui+react-collection@1.1.7_@types+react-dom@18.2.17_@types+react@18.2.43_react-do_a03fe685936792784d18791d9a1c5606/node_modules/@radix-ui/react-collection/dist/index.mjs:27:15
    at file:///Users/tran.duc.thang/Projects/pit/node_modules/.pnpm/@radix-ui+react-select@2.2.6_@types+react-dom@18.2.17_@types+react@18.2.43_react-dom@18.2.0_react@18.2.0__react@18.2.0/node_modules/@radix-ui/react-select/dist/index.mjs:711:13
    at div
    at file:///Users/tran.duc.thang/Projects/pit/node_modules/.pnpm/@radix-ui+react-slot@1.2.3_@types+react@18.2.43_react@18.2.0/node_modules/@radix-ui/react-slot/dist/index.mjs:33:13
    at file:///Users/tran.duc.thang/Projects/pit/node_modules/.pnpm/@radix-ui+react-slot@1.2.3_@types+react@18.2.43_react@18.2.0/node_modules/@radix-ui/react-slot/dist/index.mjs:9:13
    at file:///Users/tran.duc.thang/Projects/pit/node_modules/.pnpm/@radix-ui+react-collection@1.1.7_@types+react-dom@18.2.17_@types+react@18.2.43_react-do_a03fe685936792784d18791d9a1c5606/node_modules/@radix-ui/react-collection/dist/index.mjs:27:15
    at Provider (file:///Users/tran.duc.thang/Projects/pit/node_modules/.pnpm/@radix-ui+react-context@1.1.2_@types+react@18.2.43_react@18.2.0/node_modules/@radix-ui/react-context/dist/index.mjs:27:15)
    at file:///Users/tran.duc.thang/Projects/pit/node_modules/.pnpm/@radix-ui+react-select@2.2.6_@types+react-dom@18.2.17_@types+react@18.2.43_react-dom@18.2.0_react@18.2.0__react@18.2.0/node_modules/@radix-ui/react-select/dist/index.mjs:256:58
    at file:///Users/tran.duc.thang/Projects/pit/node_modules/.pnpm/@radix-ui+react-slot@1.2.3_@types+react@18.2.43_react@18.2.0/node_modules/@radix-ui/react-slot/dist/index.mjs:33:13
    at file:///Users/tran.duc.thang/Projects/pit/node_modules/.pnpm/@radix-ui+react-slot@1.2.3_@types+react@18.2.43_react@18.2.0/node_modules/@radix-ui/react-slot/dist/index.mjs:9:13
    at file:///Users/tran.duc.thang/Projects/pit/node_modules/.pnpm/@radix-ui+react-primitive@2.1.3_@types+react-dom@18.2.17_@types+react@18.2.43_react-dom_2161c237ea33b60c0cf3d21a889a9a3e/node_modules/@radix-ui/react-primitive/dist/index.mjs:28:13
    at file:///Users/tran.duc.thang/Projects/pit/node_modules/.pnpm/@radix-ui+react-portal@1.1.9_@types+react-dom@18.2.17_@types+react@18.2.43_react-dom@18.2.0_react@18.2.0__react@18.2.0/node_modules/@radix-ui/react-portal/dist/index.mjs:11:22
    at SelectPortal
    at /Users/tran.duc.thang/Projects/pit/src/components/ui/select.tsx:101:59
    at Provider (file:///Users/tran.duc.thang/Projects/pit/node_modules/.pnpm/@radix-ui+react-context@1.1.2_@types+react@18.2.43_react@18.2.0/node_modules/@radix-ui/react-context/dist/index.mjs:27:15)
    at Provider (file:///Users/tran.duc.thang/Projects/pit/node_modules/.pnpm/@radix-ui+react-context@1.1.2_@types+react@18.2.43_react@18.2.0/node_modules/@radix-ui/react-context/dist/index.mjs:27:15)
    at CollectionProvider (file:///Users/tran.duc.thang/Projects/pit/node_modules/.pnpm/@radix-ui+react-collection@1.1.7_@types+react-dom@18.2.17_@types+react@18.2.43_react-do_a03fe685936792784d18791d9a1c5606/node_modules/@radix-ui/react-collection/dist/index.mjs:17:13)
    at Provider (file:///Users/tran.duc.thang/Projects/pit/node_modules/.pnpm/@radix-ui+react-context@1.1.2_@types+react@18.2.43_react@18.2.0/node_modules/@radix-ui/react-context/dist/index.mjs:27:15)
    at Provider (file:///Users/tran.duc.thang/Projects/pit/node_modules/.pnpm/@radix-ui+react-context@1.1.2_@types+react@18.2.43_react@18.2.0/node_modules/@radix-ui/react-context/dist/index.mjs:27:15)
    at Popper (file:///Users/tran.duc.thang/Projects/pit/node_modules/.pnpm/@radix-ui+react-popper@1.2.8_@types+react-dom@18.2.17_@types+react@18.2.43_react-dom@18.2.0_react@18.2.0__react@18.2.0/node_modules/@radix-ui/react-popper/dist/index.mjs:30:11)
    at Select (file:///Users/tran.duc.thang/Projects/pit/node_modules/.pnpm/@radix-ui+react-select@2.2.6_@types+react-dom@18.2.17_@types+react@18.2.43_react-dom@18.2.0_react@18.2.0__react@18.2.0/node_modules/@radix-ui/react-select/dist/index.mjs:42:5)
    at div
    at RegionSelector (/Users/tran.duc.thang/Projects/pit/src/components/RegionSelector.tsx:20:27)
    at div
    at /Users/tran.duc.thang/Projects/pit/src/components/ui/card.tsx:68:6
    at div
    at /Users/tran.duc.thang/Projects/pit/src/components/ui/card.tsx:14:6
    at CalculatorInputs (/Users/tran.duc.thang/Projects/pit/src/components/CalculatorInputs.tsx:19:3)
    at div
    at SalaryCalculator (/Users/tran.duc.thang/Projects/pit/src/components/SalaryCalculator.tsx:24:63)
    at ErrorBoundary (/Users/tran.duc.thang/Projects/pit/src/components/ErrorBoundary.tsx:13:5)
    at main
    at div
    at div
    at div
    at ErrorBoundary (/Users/tran.duc.thang/Projects/pit/src/components/ErrorBoundary.tsx:13:5)
    at App
Warning: An update to SelectItemText inside a test was not wrapped in act(...).

When testing, code that causes React state updates should be wrapped into act(...):

act(() => {
  /* fire events that update state */
});
/* assert on the output */

This ensures that you're testing the behavior the user would see in the browser. Learn more at https://reactjs.org/link/wrap-tests-with-act
    at file:///Users/tran.duc.thang/Projects/pit/node_modules/.pnpm/@radix-ui+react-select@2.2.6_@types+react-dom@18.2.17_@types+react@18.2.43_react-dom@18.2.0_react@18.2.0__react@18.2.0/node_modules/@radix-ui/react-select/dist/index.mjs:901:13
    at div
    at file:///Users/tran.duc.thang/Projects/pit/node_modules/.pnpm/@radix-ui+react-primitive@2.1.3_@types+react-dom@18.2.17_@types+react@18.2.43_react-dom_2161c237ea33b60c0cf3d21a889a9a3e/node_modules/@radix-ui/react-primitive/dist/index.mjs:28:13
    at file:///Users/tran.duc.thang/Projects/pit/node_modules/.pnpm/@radix-ui+react-slot@1.2.3_@types+react@18.2.43_react@18.2.0/node_modules/@radix-ui/react-slot/dist/index.mjs:33:13
    at file:///Users/tran.duc.thang/Projects/pit/node_modules/.pnpm/@radix-ui+react-slot@1.2.3_@types+react@18.2.43_react@18.2.0/node_modules/@radix-ui/react-slot/dist/index.mjs:9:13
    at file:///Users/tran.duc.thang/Projects/pit/node_modules/.pnpm/@radix-ui+react-collection@1.1.7_@types+react-dom@18.2.17_@types+react@18.2.43_react-do_a03fe685936792784d18791d9a1c5606/node_modules/@radix-ui/react-collection/dist/index.mjs:39:15
    at Provider (file:///Users/tran.duc.thang/Projects/pit/node_modules/.pnpm/@radix-ui+react-context@1.1.2_@types+react@18.2.43_react@18.2.0/node_modules/@radix-ui/react-context/dist/index.mjs:27:15)
    at file:///Users/tran.duc.thang/Projects/pit/node_modules/.pnpm/@radix-ui+react-select@2.2.6_@types+react-dom@18.2.17_@types+react@18.2.43_react-dom@18.2.0_react@18.2.0__react@18.2.0/node_modules/@radix-ui/react-select/dist/index.mjs:800:7
    at /Users/tran.duc.thang/Projects/pit/src/components/ui/select.tsx:174:56
    at div
    at file:///Users/tran.duc.thang/Projects/pit/node_modules/.pnpm/@radix-ui+react-primitive@2.1.3_@types+react-dom@18.2.17_@types+react@18.2.43_react-dom_2161c237ea33b60c0cf3d21a889a9a3e/node_modules/@radix-ui/react-primitive/dist/index.mjs:28:13
    at file:///Users/tran.duc.thang/Projects/pit/node_modules/.pnpm/@radix-ui+react-slot@1.2.3_@types+react@18.2.43_react@18.2.0/node_modules/@radix-ui/react-slot/dist/index.mjs:33:13
    at file:///Users/tran.duc.thang/Projects/pit/node_modules/.pnpm/@radix-ui+react-slot@1.2.3_@types+react@18.2.43_react@18.2.0/node_modules/@radix-ui/react-slot/dist/index.mjs:9:13
    at file:///Users/tran.duc.thang/Projects/pit/node_modules/.pnpm/@radix-ui+react-collection@1.1.7_@types+react-dom@18.2.17_@types+react@18.2.43_react-do_a03fe685936792784d18791d9a1c5606/node_modules/@radix-ui/react-collection/dist/index.mjs:27:15
    at file:///Users/tran.duc.thang/Projects/pit/node_modules/.pnpm/@radix-ui+react-select@2.2.6_@types+react-dom@18.2.17_@types+react@18.2.43_react-dom@18.2.0_react@18.2.0__react@18.2.0/node_modules/@radix-ui/react-select/dist/index.mjs:711:13
    at div
    at file:///Users/tran.duc.thang/Projects/pit/node_modules/.pnpm/@radix-ui+react-slot@1.2.3_@types+react@18.2.43_react@18.2.0/node_modules/@radix-ui/react-slot/dist/index.mjs:33:13
    at file:///Users/tran.duc.thang/Projects/pit/node_modules/.pnpm/@radix-ui+react-slot@1.2.3_@types+react@18.2.43_react@18.2.0/node_modules/@radix-ui/react-slot/dist/index.mjs:9:13
    at file:///Users/tran.duc.thang/Projects/pit/node_modules/.pnpm/@radix-ui+react-collection@1.1.7_@types+react-dom@18.2.17_@types+react@18.2.43_react-do_a03fe685936792784d18791d9a1c5606/node_modules/@radix-ui/react-collection/dist/index.mjs:27:15
    at Provider (file:///Users/tran.duc.thang/Projects/pit/node_modules/.pnpm/@radix-ui+react-context@1.1.2_@types+react@18.2.43_react@18.2.0/node_modules/@radix-ui/react-context/dist/index.mjs:27:15)
    at file:///Users/tran.duc.thang/Projects/pit/node_modules/.pnpm/@radix-ui+react-select@2.2.6_@types+react-dom@18.2.17_@types+react@18.2.43_react-dom@18.2.0_react@18.2.0__react@18.2.0/node_modules/@radix-ui/react-select/dist/index.mjs:256:58
    at file:///Users/tran.duc.thang/Projects/pit/node_modules/.pnpm/@radix-ui+react-slot@1.2.3_@types+react@18.2.43_react@18.2.0/node_modules/@radix-ui/react-slot/dist/index.mjs:33:13
    at file:///Users/tran.duc.thang/Projects/pit/node_modules/.pnpm/@radix-ui+react-slot@1.2.3_@types+react@18.2.43_react@18.2.0/node_modules/@radix-ui/react-slot/dist/index.mjs:9:13
    at file:///Users/tran.duc.thang/Projects/pit/node_modules/.pnpm/@radix-ui+react-primitive@2.1.3_@types+react-dom@18.2.17_@types+react@18.2.43_react-dom_2161c237ea33b60c0cf3d21a889a9a3e/node_modules/@radix-ui/react-primitive/dist/index.mjs:28:13
    at file:///Users/tran.duc.thang/Projects/pit/node_modules/.pnpm/@radix-ui+react-portal@1.1.9_@types+react-dom@18.2.17_@types+react@18.2.43_react-dom@18.2.0_react@18.2.0__react@18.2.0/node_modules/@radix-ui/react-portal/dist/index.mjs:11:22
    at SelectPortal
    at /Users/tran.duc.thang/Projects/pit/src/components/ui/select.tsx:101:59
    at Provider (file:///Users/tran.duc.thang/Projects/pit/node_modules/.pnpm/@radix-ui+react-context@1.1.2_@types+react@18.2.43_react@18.2.0/node_modules/@radix-ui/react-context/dist/index.mjs:27:15)
    at Provider (file:///Users/tran.duc.thang/Projects/pit/node_modules/.pnpm/@radix-ui+react-context@1.1.2_@types+react@18.2.43_react@18.2.0/node_modules/@radix-ui/react-context/dist/index.mjs:27:15)
    at CollectionProvider (file:///Users/tran.duc.thang/Projects/pit/node_modules/.pnpm/@radix-ui+react-collection@1.1.7_@types+react-dom@18.2.17_@types+react@18.2.43_react-do_a03fe685936792784d18791d9a1c5606/node_modules/@radix-ui/react-collection/dist/index.mjs:17:13)
    at Provider (file:///Users/tran.duc.thang/Projects/pit/node_modules/.pnpm/@radix-ui+react-context@1.1.2_@types+react@18.2.43_react@18.2.0/node_modules/@radix-ui/react-context/dist/index.mjs:27:15)
    at Provider (file:///Users/tran.duc.thang/Projects/pit/node_modules/.pnpm/@radix-ui+react-context@1.1.2_@types+react@18.2.43_react@18.2.0/node_modules/@radix-ui/react-context/dist/index.mjs:27:15)
    at Popper (file:///Users/tran.duc.thang/Projects/pit/node_modules/.pnpm/@radix-ui+react-popper@1.2.8_@types+react-dom@18.2.17_@types+react@18.2.43_react-dom@18.2.0_react@18.2.0__react@18.2.0/node_modules/@radix-ui/react-popper/dist/index.mjs:30:11)
    at Select (file:///Users/tran.duc.thang/Projects/pit/node_modules/.pnpm/@radix-ui+react-select@2.2.6_@types+react-dom@18.2.17_@types+react@18.2.43_react-dom@18.2.0_react@18.2.0__react@18.2.0/node_modules/@radix-ui/react-select/dist/index.mjs:42:5)
    at div
    at RegionSelector (/Users/tran.duc.thang/Projects/pit/src/components/RegionSelector.tsx:20:27)
    at div
    at /Users/tran.duc.thang/Projects/pit/src/components/ui/card.tsx:68:6
    at div
    at /Users/tran.duc.thang/Projects/pit/src/components/ui/card.tsx:14:6
    at CalculatorInputs (/Users/tran.duc.thang/Projects/pit/src/components/CalculatorInputs.tsx:19:3)
    at div
    at SalaryCalculator (/Users/tran.duc.thang/Projects/pit/src/components/SalaryCalculator.tsx:24:63)
    at ErrorBoundary (/Users/tran.duc.thang/Projects/pit/src/components/ErrorBoundary.tsx:13:5)
    at main
    at div
    at div
    at div
    at ErrorBoundary (/Users/tran.duc.thang/Projects/pit/src/components/ErrorBoundary.tsx:13:5)
    at App
Warning: An update to SelectItem inside a test was not wrapped in act(...).

When testing, code that causes React state updates should be wrapped into act(...):

act(() => {
  /* fire events that update state */
});
/* assert on the output */

This ensures that you're testing the behavior the user would see in the browser. Learn more at https://reactjs.org/link/wrap-tests-with-act
    at file:///Users/tran.duc.thang/Projects/pit/node_modules/.pnpm/@radix-ui+react-select@2.2.6_@types+react-dom@18.2.17_@types+react@18.2.43_react-dom@18.2.0_react@18.2.0__react@18.2.0/node_modules/@radix-ui/react-select/dist/index.mjs:800:7
    at /Users/tran.duc.thang/Projects/pit/src/components/ui/select.tsx:174:56
    at div
    at file:///Users/tran.duc.thang/Projects/pit/node_modules/.pnpm/@radix-ui+react-primitive@2.1.3_@types+react-dom@18.2.17_@types+react@18.2.43_react-dom_2161c237ea33b60c0cf3d21a889a9a3e/node_modules/@radix-ui/react-primitive/dist/index.mjs:28:13
    at file:///Users/tran.duc.thang/Projects/pit/node_modules/.pnpm/@radix-ui+react-slot@1.2.3_@types+react@18.2.43_react@18.2.0/node_modules/@radix-ui/react-slot/dist/index.mjs:33:13
    at file:///Users/tran.duc.thang/Projects/pit/node_modules/.pnpm/@radix-ui+react-slot@1.2.3_@types+react@18.2.43_react@18.2.0/node_modules/@radix-ui/react-slot/dist/index.mjs:9:13
    at file:///Users/tran.duc.thang/Projects/pit/node_modules/.pnpm/@radix-ui+react-collection@1.1.7_@types+react-dom@18.2.17_@types+react@18.2.43_react-do_a03fe685936792784d18791d9a1c5606/node_modules/@radix-ui/react-collection/dist/index.mjs:27:15
    at file:///Users/tran.duc.thang/Projects/pit/node_modules/.pnpm/@radix-ui+react-select@2.2.6_@types+react-dom@18.2.17_@types+react@18.2.43_react-dom@18.2.0_react@18.2.0__react@18.2.0/node_modules/@radix-ui/react-select/dist/index.mjs:711:13
    at div
    at file:///Users/tran.duc.thang/Projects/pit/node_modules/.pnpm/@radix-ui+react-slot@1.2.3_@types+react@18.2.43_react@18.2.0/node_modules/@radix-ui/react-slot/dist/index.mjs:33:13
    at file:///Users/tran.duc.thang/Projects/pit/node_modules/.pnpm/@radix-ui+react-slot@1.2.3_@types+react@18.2.43_react@18.2.0/node_modules/@radix-ui/react-slot/dist/index.mjs:9:13
    at file:///Users/tran.duc.thang/Projects/pit/node_modules/.pnpm/@radix-ui+react-collection@1.1.7_@types+react-dom@18.2.17_@types+react@18.2.43_react-do_a03fe685936792784d18791d9a1c5606/node_modules/@radix-ui/react-collection/dist/index.mjs:27:15
    at Provider (file:///Users/tran.duc.thang/Projects/pit/node_modules/.pnpm/@radix-ui+react-context@1.1.2_@types+react@18.2.43_react@18.2.0/node_modules/@radix-ui/react-context/dist/index.mjs:27:15)
    at file:///Users/tran.duc.thang/Projects/pit/node_modules/.pnpm/@radix-ui+react-select@2.2.6_@types+react-dom@18.2.17_@types+react@18.2.43_react-dom@18.2.0_react@18.2.0__react@18.2.0/node_modules/@radix-ui/react-select/dist/index.mjs:256:58
    at file:///Users/tran.duc.thang/Projects/pit/node_modules/.pnpm/@radix-ui+react-slot@1.2.3_@types+react@18.2.43_react@18.2.0/node_modules/@radix-ui/react-slot/dist/index.mjs:33:13
    at file:///Users/tran.duc.thang/Projects/pit/node_modules/.pnpm/@radix-ui+react-slot@1.2.3_@types+react@18.2.43_react@18.2.0/node_modules/@radix-ui/react-slot/dist/index.mjs:9:13
    at file:///Users/tran.duc.thang/Projects/pit/node_modules/.pnpm/@radix-ui+react-primitive@2.1.3_@types+react-dom@18.2.17_@types+react@18.2.43_react-dom_2161c237ea33b60c0cf3d21a889a9a3e/node_modules/@radix-ui/react-primitive/dist/index.mjs:28:13
    at file:///Users/tran.duc.thang/Projects/pit/node_modules/.pnpm/@radix-ui+react-portal@1.1.9_@types+react-dom@18.2.17_@types+react@18.2.43_react-dom@18.2.0_react@18.2.0__react@18.2.0/node_modules/@radix-ui/react-portal/dist/index.mjs:11:22
    at SelectPortal
    at /Users/tran.duc.thang/Projects/pit/src/components/ui/select.tsx:101:59
    at Provider (file:///Users/tran.duc.thang/Projects/pit/node_modules/.pnpm/@radix-ui+react-context@1.1.2_@types+react@18.2.43_react@18.2.0/node_modules/@radix-ui/react-context/dist/index.mjs:27:15)
    at Provider (file:///Users/tran.duc.thang/Projects/pit/node_modules/.pnpm/@radix-ui+react-context@1.1.2_@types+react@18.2.43_react@18.2.0/node_modules/@radix-ui/react-context/dist/index.mjs:27:15)
    at CollectionProvider (file:///Users/tran.duc.thang/Projects/pit/node_modules/.pnpm/@radix-ui+react-collection@1.1.7_@types+react-dom@18.2.17_@types+react@18.2.43_react-do_a03fe685936792784d18791d9a1c5606/node_modules/@radix-ui/react-collection/dist/index.mjs:17:13)
    at Provider (file:///Users/tran.duc.thang/Projects/pit/node_modules/.pnpm/@radix-ui+react-context@1.1.2_@types+react@18.2.43_react@18.2.0/node_modules/@radix-ui/react-context/dist/index.mjs:27:15)
    at Provider (file:///Users/tran.duc.thang/Projects/pit/node_modules/.pnpm/@radix-ui+react-context@1.1.2_@types+react@18.2.43_react@18.2.0/node_modules/@radix-ui/react-context/dist/index.mjs:27:15)
    at Popper (file:///Users/tran.duc.thang/Projects/pit/node_modules/.pnpm/@radix-ui+react-popper@1.2.8_@types+react-dom@18.2.17_@types+react@18.2.43_react-dom@18.2.0_react@18.2.0__react@18.2.0/node_modules/@radix-ui/react-popper/dist/index.mjs:30:11)
    at Select (file:///Users/tran.duc.thang/Projects/pit/node_modules/.pnpm/@radix-ui+react-select@2.2.6_@types+react-dom@18.2.17_@types+react@18.2.43_react-dom@18.2.0_react@18.2.0__react@18.2.0/node_modules/@radix-ui/react-select/dist/index.mjs:42:5)
    at div
    at RegionSelector (/Users/tran.duc.thang/Projects/pit/src/components/RegionSelector.tsx:20:27)
    at div
    at /Users/tran.duc.thang/Projects/pit/src/components/ui/card.tsx:68:6
    at div
    at /Users/tran.duc.thang/Projects/pit/src/components/ui/card.tsx:14:6
    at CalculatorInputs (/Users/tran.duc.thang/Projects/pit/src/components/CalculatorInputs.tsx:19:3)
    at div
    at SalaryCalculator (/Users/tran.duc.thang/Projects/pit/src/components/SalaryCalculator.tsx:24:63)
    at ErrorBoundary (/Users/tran.duc.thang/Projects/pit/src/components/ErrorBoundary.tsx:13:5)
    at main
    at div
    at div
    at div
    at ErrorBoundary (/Users/tran.duc.thang/Projects/pit/src/components/ErrorBoundary.tsx:13:5)
    at App
Warning: An update to SelectItemText inside a test was not wrapped in act(...).

When testing, code that causes React state updates should be wrapped into act(...):

act(() => {
  /* fire events that update state */
});
/* assert on the output */

This ensures that you're testing the behavior the user would see in the browser. Learn more at https://reactjs.org/link/wrap-tests-with-act
    at file:///Users/tran.duc.thang/Projects/pit/node_modules/.pnpm/@radix-ui+react-select@2.2.6_@types+react-dom@18.2.17_@types+react@18.2.43_react-dom@18.2.0_react@18.2.0__react@18.2.0/node_modules/@radix-ui/react-select/dist/index.mjs:901:13
    at div
    at file:///Users/tran.duc.thang/Projects/pit/node_modules/.pnpm/@radix-ui+react-primitive@2.1.3_@types+react-dom@18.2.17_@types+react@18.2.43_react-dom_2161c237ea33b60c0cf3d21a889a9a3e/node_modules/@radix-ui/react-primitive/dist/index.mjs:28:13
    at file:///Users/tran.duc.thang/Projects/pit/node_modules/.pnpm/@radix-ui+react-slot@1.2.3_@types+react@18.2.43_react@18.2.0/node_modules/@radix-ui/react-slot/dist/index.mjs:33:13
    at file:///Users/tran.duc.thang/Projects/pit/node_modules/.pnpm/@radix-ui+react-slot@1.2.3_@types+react@18.2.43_react@18.2.0/node_modules/@radix-ui/react-slot/dist/index.mjs:9:13
    at file:///Users/tran.duc.thang/Projects/pit/node_modules/.pnpm/@radix-ui+react-collection@1.1.7_@types+react-dom@18.2.17_@types+react@18.2.43_react-do_a03fe685936792784d18791d9a1c5606/node_modules/@radix-ui/react-collection/dist/index.mjs:39:15
    at Provider (file:///Users/tran.duc.thang/Projects/pit/node_modules/.pnpm/@radix-ui+react-context@1.1.2_@types+react@18.2.43_react@18.2.0/node_modules/@radix-ui/react-context/dist/index.mjs:27:15)
    at file:///Users/tran.duc.thang/Projects/pit/node_modules/.pnpm/@radix-ui+react-select@2.2.6_@types+react-dom@18.2.17_@types+react@18.2.43_react-dom@18.2.0_react@18.2.0__react@18.2.0/node_modules/@radix-ui/react-select/dist/index.mjs:800:7
    at /Users/tran.duc.thang/Projects/pit/src/components/ui/select.tsx:174:56
    at div
    at file:///Users/tran.duc.thang/Projects/pit/node_modules/.pnpm/@radix-ui+react-primitive@2.1.3_@types+react-dom@18.2.17_@types+react@18.2.43_react-dom_2161c237ea33b60c0cf3d21a889a9a3e/node_modules/@radix-ui/react-primitive/dist/index.mjs:28:13
    at file:///Users/tran.duc.thang/Projects/pit/node_modules/.pnpm/@radix-ui+react-slot@1.2.3_@types+react@18.2.43_react@18.2.0/node_modules/@radix-ui/react-slot/dist/index.mjs:33:13
    at file:///Users/tran.duc.thang/Projects/pit/node_modules/.pnpm/@radix-ui+react-slot@1.2.3_@types+react@18.2.43_react@18.2.0/node_modules/@radix-ui/react-slot/dist/index.mjs:9:13
    at file:///Users/tran.duc.thang/Projects/pit/node_modules/.pnpm/@radix-ui+react-collection@1.1.7_@types+react-dom@18.2.17_@types+react@18.2.43_react-do_a03fe685936792784d18791d9a1c5606/node_modules/@radix-ui/react-collection/dist/index.mjs:27:15
    at file:///Users/tran.duc.thang/Projects/pit/node_modules/.pnpm/@radix-ui+react-select@2.2.6_@types+react-dom@18.2.17_@types+react@18.2.43_react-dom@18.2.0_react@18.2.0__react@18.2.0/node_modules/@radix-ui/react-select/dist/index.mjs:711:13
    at div
    at file:///Users/tran.duc.thang/Projects/pit/node_modules/.pnpm/@radix-ui+react-slot@1.2.3_@types+react@18.2.43_react@18.2.0/node_modules/@radix-ui/react-slot/dist/index.mjs:33:13
    at file:///Users/tran.duc.thang/Projects/pit/node_modules/.pnpm/@radix-ui+react-slot@1.2.3_@types+react@18.2.43_react@18.2.0/node_modules/@radix-ui/react-slot/dist/index.mjs:9:13
    at file:///Users/tran.duc.thang/Projects/pit/node_modules/.pnpm/@radix-ui+react-collection@1.1.7_@types+react-dom@18.2.17_@types+react@18.2.43_react-do_a03fe685936792784d18791d9a1c5606/node_modules/@radix-ui/react-collection/dist/index.mjs:27:15
    at Provider (file:///Users/tran.duc.thang/Projects/pit/node_modules/.pnpm/@radix-ui+react-context@1.1.2_@types+react@18.2.43_react@18.2.0/node_modules/@radix-ui/react-context/dist/index.mjs:27:15)
    at file:///Users/tran.duc.thang/Projects/pit/node_modules/.pnpm/@radix-ui+react-select@2.2.6_@types+react-dom@18.2.17_@types+react@18.2.43_react-dom@18.2.0_react@18.2.0__react@18.2.0/node_modules/@radix-ui/react-select/dist/index.mjs:256:58
    at file:///Users/tran.duc.thang/Projects/pit/node_modules/.pnpm/@radix-ui+react-slot@1.2.3_@types+react@18.2.43_react@18.2.0/node_modules/@radix-ui/react-slot/dist/index.mjs:33:13
    at file:///Users/tran.duc.thang/Projects/pit/node_modules/.pnpm/@radix-ui+react-slot@1.2.3_@types+react@18.2.43_react@18.2.0/node_modules/@radix-ui/react-slot/dist/index.mjs:9:13
    at file:///Users/tran.duc.thang/Projects/pit/node_modules/.pnpm/@radix-ui+react-primitive@2.1.3_@types+react-dom@18.2.17_@types+react@18.2.43_react-dom_2161c237ea33b60c0cf3d21a889a9a3e/node_modules/@radix-ui/react-primitive/dist/index.mjs:28:13
    at file:///Users/tran.duc.thang/Projects/pit/node_modules/.pnpm/@radix-ui+react-portal@1.1.9_@types+react-dom@18.2.17_@types+react@18.2.43_react-dom@18.2.0_react@18.2.0__react@18.2.0/node_modules/@radix-ui/react-portal/dist/index.mjs:11:22
    at SelectPortal
    at /Users/tran.duc.thang/Projects/pit/src/components/ui/select.tsx:101:59
    at Provider (file:///Users/tran.duc.thang/Projects/pit/node_modules/.pnpm/@radix-ui+react-context@1.1.2_@types+react@18.2.43_react@18.2.0/node_modules/@radix-ui/react-context/dist/index.mjs:27:15)
    at Provider (file:///Users/tran.duc.thang/Projects/pit/node_modules/.pnpm/@radix-ui+react-context@1.1.2_@types+react@18.2.43_react@18.2.0/node_modules/@radix-ui/react-context/dist/index.mjs:27:15)
    at CollectionProvider (file:///Users/tran.duc.thang/Projects/pit/node_modules/.pnpm/@radix-ui+react-collection@1.1.7_@types+react-dom@18.2.17_@types+react@18.2.43_react-do_a03fe685936792784d18791d9a1c5606/node_modules/@radix-ui/react-collection/dist/index.mjs:17:13)
    at Provider (file:///Users/tran.duc.thang/Projects/pit/node_modules/.pnpm/@radix-ui+react-context@1.1.2_@types+react@18.2.43_react@18.2.0/node_modules/@radix-ui/react-context/dist/index.mjs:27:15)
    at Provider (file:///Users/tran.duc.thang/Projects/pit/node_modules/.pnpm/@radix-ui+react-context@1.1.2_@types+react@18.2.43_react@18.2.0/node_modules/@radix-ui/react-context/dist/index.mjs:27:15)
    at Popper (file:///Users/tran.duc.thang/Projects/pit/node_modules/.pnpm/@radix-ui+react-popper@1.2.8_@types+react-dom@18.2.17_@types+react@18.2.43_react-dom@18.2.0_react@18.2.0__react@18.2.0/node_modules/@radix-ui/react-popper/dist/index.mjs:30:11)
    at Select (file:///Users/tran.duc.thang/Projects/pit/node_modules/.pnpm/@radix-ui+react-select@2.2.6_@types+react-dom@18.2.17_@types+react@18.2.43_react-dom@18.2.0_react@18.2.0__react@18.2.0/node_modules/@radix-ui/react-select/dist/index.mjs:42:5)
    at div
    at RegionSelector (/Users/tran.duc.thang/Projects/pit/src/components/RegionSelector.tsx:20:27)
    at div
    at /Users/tran.duc.thang/Projects/pit/src/components/ui/card.tsx:68:6
    at div
    at /Users/tran.duc.thang/Projects/pit/src/components/ui/card.tsx:14:6
    at CalculatorInputs (/Users/tran.duc.thang/Projects/pit/src/components/CalculatorInputs.tsx:19:3)
    at div
    at SalaryCalculator (/Users/tran.duc.thang/Projects/pit/src/components/SalaryCalculator.tsx:24:63)
    at ErrorBoundary (/Users/tran.duc.thang/Projects/pit/src/components/ErrorBoundary.tsx:13:5)
    at main
    at div
    at div
    at div
    at ErrorBoundary (/Users/tran.duc.thang/Projects/pit/src/components/ErrorBoundary.tsx:13:5)
    at App
Warning: An update to SelectItem inside a test was not wrapped in act(...).

When testing, code that causes React state updates should be wrapped into act(...):

act(() => {
  /* fire events that update state */
});
/* assert on the output */

This ensures that you're testing the behavior the user would see in the browser. Learn more at https://reactjs.org/link/wrap-tests-with-act
    at file:///Users/tran.duc.thang/Projects/pit/node_modules/.pnpm/@radix-ui+react-select@2.2.6_@types+react-dom@18.2.17_@types+react@18.2.43_react-dom@18.2.0_react@18.2.0__react@18.2.0/node_modules/@radix-ui/react-select/dist/index.mjs:800:7
    at /Users/tran.duc.thang/Projects/pit/src/components/ui/select.tsx:174:56
    at div
    at file:///Users/tran.duc.thang/Projects/pit/node_modules/.pnpm/@radix-ui+react-primitive@2.1.3_@types+react-dom@18.2.17_@types+react@18.2.43_react-dom_2161c237ea33b60c0cf3d21a889a9a3e/node_modules/@radix-ui/react-primitive/dist/index.mjs:28:13
    at file:///Users/tran.duc.thang/Projects/pit/node_modules/.pnpm/@radix-ui+react-slot@1.2.3_@types+react@18.2.43_react@18.2.0/node_modules/@radix-ui/react-slot/dist/index.mjs:33:13
    at file:///Users/tran.duc.thang/Projects/pit/node_modules/.pnpm/@radix-ui+react-slot@1.2.3_@types+react@18.2.43_react@18.2.0/node_modules/@radix-ui/react-slot/dist/index.mjs:9:13
    at file:///Users/tran.duc.thang/Projects/pit/node_modules/.pnpm/@radix-ui+react-collection@1.1.7_@types+react-dom@18.2.17_@types+react@18.2.43_react-do_a03fe685936792784d18791d9a1c5606/node_modules/@radix-ui/react-collection/dist/index.mjs:27:15
    at file:///Users/tran.duc.thang/Projects/pit/node_modules/.pnpm/@radix-ui+react-select@2.2.6_@types+react-dom@18.2.17_@types+react@18.2.43_react-dom@18.2.0_react@18.2.0__react@18.2.0/node_modules/@radix-ui/react-select/dist/index.mjs:711:13
    at div
    at file:///Users/tran.duc.thang/Projects/pit/node_modules/.pnpm/@radix-ui+react-slot@1.2.3_@types+react@18.2.43_react@18.2.0/node_modules/@radix-ui/react-slot/dist/index.mjs:33:13
    at file:///Users/tran.duc.thang/Projects/pit/node_modules/.pnpm/@radix-ui+react-slot@1.2.3_@types+react@18.2.43_react@18.2.0/node_modules/@radix-ui/react-slot/dist/index.mjs:9:13
    at file:///Users/tran.duc.thang/Projects/pit/node_modules/.pnpm/@radix-ui+react-collection@1.1.7_@types+react-dom@18.2.17_@types+react@18.2.43_react-do_a03fe685936792784d18791d9a1c5606/node_modules/@radix-ui/react-collection/dist/index.mjs:27:15
    at Provider (file:///Users/tran.duc.thang/Projects/pit/node_modules/.pnpm/@radix-ui+react-context@1.1.2_@types+react@18.2.43_react@18.2.0/node_modules/@radix-ui/react-context/dist/index.mjs:27:15)
    at file:///Users/tran.duc.thang/Projects/pit/node_modules/.pnpm/@radix-ui+react-select@2.2.6_@types+react-dom@18.2.17_@types+react@18.2.43_react-dom@18.2.0_react@18.2.0__react@18.2.0/node_modules/@radix-ui/react-select/dist/index.mjs:256:58
    at file:///Users/tran.duc.thang/Projects/pit/node_modules/.pnpm/@radix-ui+react-slot@1.2.3_@types+react@18.2.43_react@18.2.0/node_modules/@radix-ui/react-slot/dist/index.mjs:33:13
    at file:///Users/tran.duc.thang/Projects/pit/node_modules/.pnpm/@radix-ui+react-slot@1.2.3_@types+react@18.2.43_react@18.2.0/node_modules/@radix-ui/react-slot/dist/index.mjs:9:13
    at file:///Users/tran.duc.thang/Projects/pit/node_modules/.pnpm/@radix-ui+react-primitive@2.1.3_@types+react-dom@18.2.17_@types+react@18.2.43_react-dom_2161c237ea33b60c0cf3d21a889a9a3e/node_modules/@radix-ui/react-primitive/dist/index.mjs:28:13
    at file:///Users/tran.duc.thang/Projects/pit/node_modules/.pnpm/@radix-ui+react-portal@1.1.9_@types+react-dom@18.2.17_@types+react@18.2.43_react-dom@18.2.0_react@18.2.0__react@18.2.0/node_modules/@radix-ui/react-portal/dist/index.mjs:11:22
    at SelectPortal
    at /Users/tran.duc.thang/Projects/pit/src/components/ui/select.tsx:101:59
    at Provider (file:///Users/tran.duc.thang/Projects/pit/node_modules/.pnpm/@radix-ui+react-context@1.1.2_@types+react@18.2.43_react@18.2.0/node_modules/@radix-ui/react-context/dist/index.mjs:27:15)
    at Provider (file:///Users/tran.duc.thang/Projects/pit/node_modules/.pnpm/@radix-ui+react-context@1.1.2_@types+react@18.2.43_react@18.2.0/node_modules/@radix-ui/react-context/dist/index.mjs:27:15)
    at CollectionProvider (file:///Users/tran.duc.thang/Projects/pit/node_modules/.pnpm/@radix-ui+react-collection@1.1.7_@types+react-dom@18.2.17_@types+react@18.2.43_react-do_a03fe685936792784d18791d9a1c5606/node_modules/@radix-ui/react-collection/dist/index.mjs:17:13)
    at Provider (file:///Users/tran.duc.thang/Projects/pit/node_modules/.pnpm/@radix-ui+react-context@1.1.2_@types+react@18.2.43_react@18.2.0/node_modules/@radix-ui/react-context/dist/index.mjs:27:15)
    at Provider (file:///Users/tran.duc.thang/Projects/pit/node_modules/.pnpm/@radix-ui+react-context@1.1.2_@types+react@18.2.43_react@18.2.0/node_modules/@radix-ui/react-context/dist/index.mjs:27:15)
    at Popper (file:///Users/tran.duc.thang/Projects/pit/node_modules/.pnpm/@radix-ui+react-popper@1.2.8_@types+react-dom@18.2.17_@types+react@18.2.43_react-dom@18.2.0_react@18.2.0__react@18.2.0/node_modules/@radix-ui/react-popper/dist/index.mjs:30:11)
    at Select (file:///Users/tran.duc.thang/Projects/pit/node_modules/.pnpm/@radix-ui+react-select@2.2.6_@types+react-dom@18.2.17_@types+react@18.2.43_react-dom@18.2.0_react@18.2.0__react@18.2.0/node_modules/@radix-ui/react-select/dist/index.mjs:42:5)
    at div
    at RegionSelector (/Users/tran.duc.thang/Projects/pit/src/components/RegionSelector.tsx:20:27)
    at div
    at /Users/tran.duc.thang/Projects/pit/src/components/ui/card.tsx:68:6
    at div
    at /Users/tran.duc.thang/Projects/pit/src/components/ui/card.tsx:14:6
    at CalculatorInputs (/Users/tran.duc.thang/Projects/pit/src/components/CalculatorInputs.tsx:19:3)
    at div
    at SalaryCalculator (/Users/tran.duc.thang/Projects/pit/src/components/SalaryCalculator.tsx:24:63)
    at ErrorBoundary (/Users/tran.duc.thang/Projects/pit/src/components/ErrorBoundary.tsx:13:5)
    at main
    at div
    at div
    at div
    at ErrorBoundary (/Users/tran.duc.thang/Projects/pit/src/components/ErrorBoundary.tsx:13:5)
    at App
Warning: An update to SelectItemText inside a test was not wrapped in act(...).

When testing, code that causes React state updates should be wrapped into act(...):

act(() => {
  /* fire events that update state */
});
/* assert on the output */

This ensures that you're testing the behavior the user would see in the browser. Learn more at https://reactjs.org/link/wrap-tests-with-act
    at file:///Users/tran.duc.thang/Projects/pit/node_modules/.pnpm/@radix-ui+react-select@2.2.6_@types+react-dom@18.2.17_@types+react@18.2.43_react-dom@18.2.0_react@18.2.0__react@18.2.0/node_modules/@radix-ui/react-select/dist/index.mjs:901:13
    at div
    at file:///Users/tran.duc.thang/Projects/pit/node_modules/.pnpm/@radix-ui+react-primitive@2.1.3_@types+react-dom@18.2.17_@types+react@18.2.43_react-dom_2161c237ea33b60c0cf3d21a889a9a3e/node_modules/@radix-ui/react-primitive/dist/index.mjs:28:13
    at file:///Users/tran.duc.thang/Projects/pit/node_modules/.pnpm/@radix-ui+react-slot@1.2.3_@types+react@18.2.43_react@18.2.0/node_modules/@radix-ui/react-slot/dist/index.mjs:33:13
    at file:///Users/tran.duc.thang/Projects/pit/node_modules/.pnpm/@radix-ui+react-slot@1.2.3_@types+react@18.2.43_react@18.2.0/node_modules/@radix-ui/react-slot/dist/index.mjs:9:13
    at file:///Users/tran.duc.thang/Projects/pit/node_modules/.pnpm/@radix-ui+react-collection@1.1.7_@types+react-dom@18.2.17_@types+react@18.2.43_react-do_a03fe685936792784d18791d9a1c5606/node_modules/@radix-ui/react-collection/dist/index.mjs:39:15
    at Provider (file:///Users/tran.duc.thang/Projects/pit/node_modules/.pnpm/@radix-ui+react-context@1.1.2_@types+react@18.2.43_react@18.2.0/node_modules/@radix-ui/react-context/dist/index.mjs:27:15)
    at file:///Users/tran.duc.thang/Projects/pit/node_modules/.pnpm/@radix-ui+react-select@2.2.6_@types+react-dom@18.2.17_@types+react@18.2.43_react-dom@18.2.0_react@18.2.0__react@18.2.0/node_modules/@radix-ui/react-select/dist/index.mjs:800:7
    at /Users/tran.duc.thang/Projects/pit/src/components/ui/select.tsx:174:56
    at div
    at file:///Users/tran.duc.thang/Projects/pit/node_modules/.pnpm/@radix-ui+react-primitive@2.1.3_@types+react-dom@18.2.17_@types+react@18.2.43_react-dom_2161c237ea33b60c0cf3d21a889a9a3e/node_modules/@radix-ui/react-primitive/dist/index.mjs:28:13
    at file:///Users/tran.duc.thang/Projects/pit/node_modules/.pnpm/@radix-ui+react-slot@1.2.3_@types+react@18.2.43_react@18.2.0/node_modules/@radix-ui/react-slot/dist/index.mjs:33:13
    at file:///Users/tran.duc.thang/Projects/pit/node_modules/.pnpm/@radix-ui+react-slot@1.2.3_@types+react@18.2.43_react@18.2.0/node_modules/@radix-ui/react-slot/dist/index.mjs:9:13
    at file:///Users/tran.duc.thang/Projects/pit/node_modules/.pnpm/@radix-ui+react-collection@1.1.7_@types+react-dom@18.2.17_@types+react@18.2.43_react-do_a03fe685936792784d18791d9a1c5606/node_modules/@radix-ui/react-collection/dist/index.mjs:27:15
    at file:///Users/tran.duc.thang/Projects/pit/node_modules/.pnpm/@radix-ui+react-select@2.2.6_@types+react-dom@18.2.17_@types+react@18.2.43_react-dom@18.2.0_react@18.2.0__react@18.2.0/node_modules/@radix-ui/react-select/dist/index.mjs:711:13
    at div
    at file:///Users/tran.duc.thang/Projects/pit/node_modules/.pnpm/@radix-ui+react-slot@1.2.3_@types+react@18.2.43_react@18.2.0/node_modules/@radix-ui/react-slot/dist/index.mjs:33:13
    at file:///Users/tran.duc.thang/Projects/pit/node_modules/.pnpm/@radix-ui+react-slot@1.2.3_@types+react@18.2.43_react@18.2.0/node_modules/@radix-ui/react-slot/dist/index.mjs:9:13
    at file:///Users/tran.duc.thang/Projects/pit/node_modules/.pnpm/@radix-ui+react-collection@1.1.7_@types+react-dom@18.2.17_@types+react@18.2.43_react-do_a03fe685936792784d18791d9a1c5606/node_modules/@radix-ui/react-collection/dist/index.mjs:27:15
    at Provider (file:///Users/tran.duc.thang/Projects/pit/node_modules/.pnpm/@radix-ui+react-context@1.1.2_@types+react@18.2.43_react@18.2.0/node_modules/@radix-ui/react-context/dist/index.mjs:27:15)
    at file:///Users/tran.duc.thang/Projects/pit/node_modules/.pnpm/@radix-ui+react-select@2.2.6_@types+react-dom@18.2.17_@types+react@18.2.43_react-dom@18.2.0_react@18.2.0__react@18.2.0/node_modules/@radix-ui/react-select/dist/index.mjs:256:58
    at file:///Users/tran.duc.thang/Projects/pit/node_modules/.pnpm/@radix-ui+react-slot@1.2.3_@types+react@18.2.43_react@18.2.0/node_modules/@radix-ui/react-slot/dist/index.mjs:33:13
    at file:///Users/tran.duc.thang/Projects/pit/node_modules/.pnpm/@radix-ui+react-slot@1.2.3_@types+react@18.2.43_react@18.2.0/node_modules/@radix-ui/react-slot/dist/index.mjs:9:13
    at file:///Users/tran.duc.thang/Projects/pit/node_modules/.pnpm/@radix-ui+react-primitive@2.1.3_@types+react-dom@18.2.17_@types+react@18.2.43_react-dom_2161c237ea33b60c0cf3d21a889a9a3e/node_modules/@radix-ui/react-primitive/dist/index.mjs:28:13
    at file:///Users/tran.duc.thang/Projects/pit/node_modules/.pnpm/@radix-ui+react-portal@1.1.9_@types+react-dom@18.2.17_@types+react@18.2.43_react-dom@18.2.0_react@18.2.0__react@18.2.0/node_modules/@radix-ui/react-portal/dist/index.mjs:11:22
    at SelectPortal
    at /Users/tran.duc.thang/Projects/pit/src/components/ui/select.tsx:101:59
    at Provider (file:///Users/tran.duc.thang/Projects/pit/node_modules/.pnpm/@radix-ui+react-context@1.1.2_@types+react@18.2.43_react@18.2.0/node_modules/@radix-ui/react-context/dist/index.mjs:27:15)
    at Provider (file:///Users/tran.duc.thang/Projects/pit/node_modules/.pnpm/@radix-ui+react-context@1.1.2_@types+react@18.2.43_react@18.2.0/node_modules/@radix-ui/react-context/dist/index.mjs:27:15)
    at CollectionProvider (file:///Users/tran.duc.thang/Projects/pit/node_modules/.pnpm/@radix-ui+react-collection@1.1.7_@types+react-dom@18.2.17_@types+react@18.2.43_react-do_a03fe685936792784d18791d9a1c5606/node_modules/@radix-ui/react-collection/dist/index.mjs:17:13)
    at Provider (file:///Users/tran.duc.thang/Projects/pit/node_modules/.pnpm/@radix-ui+react-context@1.1.2_@types+react@18.2.43_react@18.2.0/node_modules/@radix-ui/react-context/dist/index.mjs:27:15)
    at Provider (file:///Users/tran.duc.thang/Projects/pit/node_modules/.pnpm/@radix-ui+react-context@1.1.2_@types+react@18.2.43_react@18.2.0/node_modules/@radix-ui/react-context/dist/index.mjs:27:15)
    at Popper (file:///Users/tran.duc.thang/Projects/pit/node_modules/.pnpm/@radix-ui+react-popper@1.2.8_@types+react-dom@18.2.17_@types+react@18.2.43_react-dom@18.2.0_react@18.2.0__react@18.2.0/node_modules/@radix-ui/react-popper/dist/index.mjs:30:11)
    at Select (file:///Users/tran.duc.thang/Projects/pit/node_modules/.pnpm/@radix-ui+react-select@2.2.6_@types+react-dom@18.2.17_@types+react@18.2.43_react-dom@18.2.0_react@18.2.0__react@18.2.0/node_modules/@radix-ui/react-select/dist/index.mjs:42:5)
    at div
    at RegionSelector (/Users/tran.duc.thang/Projects/pit/src/components/RegionSelector.tsx:20:27)
    at div
    at /Users/tran.duc.thang/Projects/pit/src/components/ui/card.tsx:68:6
    at div
    at /Users/tran.duc.thang/Projects/pit/src/components/ui/card.tsx:14:6
    at CalculatorInputs (/Users/tran.duc.thang/Projects/pit/src/components/CalculatorInputs.tsx:19:3)
    at div
    at SalaryCalculator (/Users/tran.duc.thang/Projects/pit/src/components/SalaryCalculator.tsx:24:63)
    at ErrorBoundary (/Users/tran.duc.thang/Projects/pit/src/components/ErrorBoundary.tsx:13:5)
    at main
    at div
    at div
    at div
    at ErrorBoundary (/Users/tran.duc.thang/Projects/pit/src/components/ErrorBoundary.tsx:13:5)
    at App
Warning: An update to SelectItem inside a test was not wrapped in act(...).

When testing, code that causes React state updates should be wrapped into act(...):

act(() => {
  /* fire events that update state */
});
/* assert on the output */

This ensures that you're testing the behavior the user would see in the browser. Learn more at https://reactjs.org/link/wrap-tests-with-act
    at file:///Users/tran.duc.thang/Projects/pit/node_modules/.pnpm/@radix-ui+react-select@2.2.6_@types+react-dom@18.2.17_@types+react@18.2.43_react-dom@18.2.0_react@18.2.0__react@18.2.0/node_modules/@radix-ui/react-select/dist/index.mjs:800:7
    at /Users/tran.duc.thang/Projects/pit/src/components/ui/select.tsx:174:56
    at div
    at file:///Users/tran.duc.thang/Projects/pit/node_modules/.pnpm/@radix-ui+react-primitive@2.1.3_@types+react-dom@18.2.17_@types+react@18.2.43_react-dom_2161c237ea33b60c0cf3d21a889a9a3e/node_modules/@radix-ui/react-primitive/dist/index.mjs:28:13
    at file:///Users/tran.duc.thang/Projects/pit/node_modules/.pnpm/@radix-ui+react-slot@1.2.3_@types+react@18.2.43_react@18.2.0/node_modules/@radix-ui/react-slot/dist/index.mjs:33:13
    at file:///Users/tran.duc.thang/Projects/pit/node_modules/.pnpm/@radix-ui+react-slot@1.2.3_@types+react@18.2.43_react@18.2.0/node_modules/@radix-ui/react-slot/dist/index.mjs:9:13
    at file:///Users/tran.duc.thang/Projects/pit/node_modules/.pnpm/@radix-ui+react-collection@1.1.7_@types+react-dom@18.2.17_@types+react@18.2.43_react-do_a03fe685936792784d18791d9a1c5606/node_modules/@radix-ui/react-collection/dist/index.mjs:27:15
    at file:///Users/tran.duc.thang/Projects/pit/node_modules/.pnpm/@radix-ui+react-select@2.2.6_@types+react-dom@18.2.17_@types+react@18.2.43_react-dom@18.2.0_react@18.2.0__react@18.2.0/node_modules/@radix-ui/react-select/dist/index.mjs:711:13
    at div
    at file:///Users/tran.duc.thang/Projects/pit/node_modules/.pnpm/@radix-ui+react-slot@1.2.3_@types+react@18.2.43_react@18.2.0/node_modules/@radix-ui/react-slot/dist/index.mjs:33:13
    at file:///Users/tran.duc.thang/Projects/pit/node_modules/.pnpm/@radix-ui+react-slot@1.2.3_@types+react@18.2.43_react@18.2.0/node_modules/@radix-ui/react-slot/dist/index.mjs:9:13
    at file:///Users/tran.duc.thang/Projects/pit/node_modules/.pnpm/@radix-ui+react-collection@1.1.7_@types+react-dom@18.2.17_@types+react@18.2.43_react-do_a03fe685936792784d18791d9a1c5606/node_modules/@radix-ui/react-collection/dist/index.mjs:27:15
    at Provider (file:///Users/tran.duc.thang/Projects/pit/node_modules/.pnpm/@radix-ui+react-context@1.1.2_@types+react@18.2.43_react@18.2.0/node_modules/@radix-ui/react-context/dist/index.mjs:27:15)
    at file:///Users/tran.duc.thang/Projects/pit/node_modules/.pnpm/@radix-ui+react-select@2.2.6_@types+react-dom@18.2.17_@types+react@18.2.43_react-dom@18.2.0_react@18.2.0__react@18.2.0/node_modules/@radix-ui/react-select/dist/index.mjs:256:58
    at file:///Users/tran.duc.thang/Projects/pit/node_modules/.pnpm/@radix-ui+react-slot@1.2.3_@types+react@18.2.43_react@18.2.0/node_modules/@radix-ui/react-slot/dist/index.mjs:33:13
    at file:///Users/tran.duc.thang/Projects/pit/node_modules/.pnpm/@radix-ui+react-slot@1.2.3_@types+react@18.2.43_react@18.2.0/node_modules/@radix-ui/react-slot/dist/index.mjs:9:13
    at file:///Users/tran.duc.thang/Projects/pit/node_modules/.pnpm/@radix-ui+react-primitive@2.1.3_@types+react-dom@18.2.17_@types+react@18.2.43_react-dom_2161c237ea33b60c0cf3d21a889a9a3e/node_modules/@radix-ui/react-primitive/dist/index.mjs:28:13
    at file:///Users/tran.duc.thang/Projects/pit/node_modules/.pnpm/@radix-ui+react-portal@1.1.9_@types+react-dom@18.2.17_@types+react@18.2.43_react-dom@18.2.0_react@18.2.0__react@18.2.0/node_modules/@radix-ui/react-portal/dist/index.mjs:11:22
    at SelectPortal
    at /Users/tran.duc.thang/Projects/pit/src/components/ui/select.tsx:101:59
    at Provider (file:///Users/tran.duc.thang/Projects/pit/node_modules/.pnpm/@radix-ui+react-context@1.1.2_@types+react@18.2.43_react@18.2.0/node_modules/@radix-ui/react-context/dist/index.mjs:27:15)
    at Provider (file:///Users/tran.duc.thang/Projects/pit/node_modules/.pnpm/@radix-ui+react-context@1.1.2_@types+react@18.2.43_react@18.2.0/node_modules/@radix-ui/react-context/dist/index.mjs:27:15)
    at CollectionProvider (file:///Users/tran.duc.thang/Projects/pit/node_modules/.pnpm/@radix-ui+react-collection@1.1.7_@types+react-dom@18.2.17_@types+react@18.2.43_react-do_a03fe685936792784d18791d9a1c5606/node_modules/@radix-ui/react-collection/dist/index.mjs:17:13)
    at Provider (file:///Users/tran.duc.thang/Projects/pit/node_modules/.pnpm/@radix-ui+react-context@1.1.2_@types+react@18.2.43_react@18.2.0/node_modules/@radix-ui/react-context/dist/index.mjs:27:15)
    at Provider (file:///Users/tran.duc.thang/Projects/pit/node_modules/.pnpm/@radix-ui+react-context@1.1.2_@types+react@18.2.43_react@18.2.0/node_modules/@radix-ui/react-context/dist/index.mjs:27:15)
    at Popper (file:///Users/tran.duc.thang/Projects/pit/node_modules/.pnpm/@radix-ui+react-popper@1.2.8_@types+react-dom@18.2.17_@types+react@18.2.43_react-dom@18.2.0_react@18.2.0__react@18.2.0/node_modules/@radix-ui/react-popper/dist/index.mjs:30:11)
    at Select (file:///Users/tran.duc.thang/Projects/pit/node_modules/.pnpm/@radix-ui+react-select@2.2.6_@types+react-dom@18.2.17_@types+react@18.2.43_react-dom@18.2.0_react@18.2.0__react@18.2.0/node_modules/@radix-ui/react-select/dist/index.mjs:42:5)
    at div
    at RegionSelector (/Users/tran.duc.thang/Projects/pit/src/components/RegionSelector.tsx:20:27)
    at div
    at /Users/tran.duc.thang/Projects/pit/src/components/ui/card.tsx:68:6
    at div
    at /Users/tran.duc.thang/Projects/pit/src/components/ui/card.tsx:14:6
    at CalculatorInputs (/Users/tran.duc.thang/Projects/pit/src/components/CalculatorInputs.tsx:19:3)
    at div
    at SalaryCalculator (/Users/tran.duc.thang/Projects/pit/src/components/SalaryCalculator.tsx:24:63)
    at ErrorBoundary (/Users/tran.duc.thang/Projects/pit/src/components/ErrorBoundary.tsx:13:5)
    at main
    at div
    at div
    at div
    at ErrorBoundary (/Users/tran.duc.thang/Projects/pit/src/components/ErrorBoundary.tsx:13:5)
    at App
Warning: An update to Tooltip inside a test was not wrapped in act(...).

When testing, code that causes React state updates should be wrapped into act(...):

act(() => {
  /* fire events that update state */
});
/* assert on the output */

This ensures that you're testing the behavior the user would see in the browser. Learn more at https://reactjs.org/link/wrap-tests-with-act
    at Tooltip (file:///Users/tran.duc.thang/Projects/pit/node_modules/.pnpm/@radix-ui+react-tooltip@1.2.8_@types+react-dom@18.2.17_@types+react@18.2.43_react-dom@18.2.0_react@18.2.0__react@18.2.0/node_modules/@radix-ui/react-tooltip/dist/index.mjs:73:5)
    at Provider (file:///Users/tran.duc.thang/Projects/pit/node_modules/.pnpm/@radix-ui+react-context@1.1.2_@types+react@18.2.43_react@18.2.0/node_modules/@radix-ui/react-context/dist/index.mjs:27:15)
    at TooltipProvider (file:///Users/tran.duc.thang/Projects/pit/node_modules/.pnpm/@radix-ui+react-tooltip@1.2.8_@types+react-dom@18.2.17_@types+react@18.2.43_react-dom@18.2.0_react@18.2.0__react@18.2.0/node_modules/@radix-ui/react-tooltip/dist/index.mjs:29:5)
    at InfoTooltip (/Users/tran.duc.thang/Projects/pit/src/components/InfoTooltip.tsx:10:24)
    at div
    at div
    at InsuranceBaseInput (/Users/tran.duc.thang/Projects/pit/src/components/InsuranceBaseInput.tsx:13:3)
    at div
    at /Users/tran.duc.thang/Projects/pit/src/components/ui/card.tsx:68:6
    at div
    at /Users/tran.duc.thang/Projects/pit/src/components/ui/card.tsx:14:6
    at CalculatorInputs (/Users/tran.duc.thang/Projects/pit/src/components/CalculatorInputs.tsx:19:3)
    at div
    at SalaryCalculator (/Users/tran.duc.thang/Projects/pit/src/components/SalaryCalculator.tsx:24:63)
    at ErrorBoundary (/Users/tran.duc.thang/Projects/pit/src/components/ErrorBoundary.tsx:13:5)
    at main
    at div
    at div
    at div
    at ErrorBoundary (/Users/tran.duc.thang/Projects/pit/src/components/ErrorBoundary.tsx:13:5)
    at App
Warning: An update to Radio inside a test was not wrapped in act(...).

When testing, code that causes React state updates should be wrapped into act(...):

act(() => {
  /* fire events that update state */
});
/* assert on the output */

This ensures that you're testing the behavior the user would see in the browser. Learn more at https://reactjs.org/link/wrap-tests-with-act
    at file:///Users/tran.duc.thang/Projects/pit/node_modules/.pnpm/@radix-ui+react-radio-group@1.3.8_@types+react-dom@18.2.17_@types+react@18.2.43_react-d_232b8f11a4c03b4724d7150d14f44128/node_modules/@radix-ui/react-radio-group/dist/index.mjs:30:7
    at file:///Users/tran.duc.thang/Projects/pit/node_modules/.pnpm/@radix-ui+react-slot@1.2.3_@types+react@18.2.43_react@18.2.0/node_modules/@radix-ui/react-slot/dist/index.mjs:33:13
    at file:///Users/tran.duc.thang/Projects/pit/node_modules/.pnpm/@radix-ui+react-slot@1.2.3_@types+react@18.2.43_react@18.2.0/node_modules/@radix-ui/react-slot/dist/index.mjs:9:13
    at file:///Users/tran.duc.thang/Projects/pit/node_modules/.pnpm/@radix-ui+react-primitive@2.1.3_@types+react-dom@18.2.17_@types+react@18.2.43_react-dom_2161c237ea33b60c0cf3d21a889a9a3e/node_modules/@radix-ui/react-primitive/dist/index.mjs:28:13
    at file:///Users/tran.duc.thang/Projects/pit/node_modules/.pnpm/@radix-ui+react-slot@1.2.3_@types+react@18.2.43_react@18.2.0/node_modules/@radix-ui/react-slot/dist/index.mjs:33:13
    at file:///Users/tran.duc.thang/Projects/pit/node_modules/.pnpm/@radix-ui+react-slot@1.2.3_@types+react@18.2.43_react@18.2.0/node_modules/@radix-ui/react-slot/dist/index.mjs:9:13
    at file:///Users/tran.duc.thang/Projects/pit/node_modules/.pnpm/@radix-ui+react-collection@1.1.7_@types+react-dom@18.2.17_@types+react@18.2.43_react-do_a03fe685936792784d18791d9a1c5606/node_modules/@radix-ui/react-collection/dist/index.mjs:39:15
    at file:///Users/tran.duc.thang/Projects/pit/node_modules/.pnpm/@radix-ui+react-roving-focus@1.1.11_@types+react-dom@18.2.17_@types+react@18.2.43_react_0518848876eeed3dd17b5d7009596a7d/node_modules/@radix-ui/react-roving-focus/dist/index.mjs:124:7
    at file:///Users/tran.duc.thang/Projects/pit/node_modules/.pnpm/@radix-ui+react-radio-group@1.3.8_@types+react-dom@18.2.17_@types+react@18.2.43_react-d_232b8f11a4c03b4724d7150d14f44128/node_modules/@radix-ui/react-radio-group/dist/index.mjs:228:13
    at /Users/tran.duc.thang/Projects/pit/src/components/ui/radio-group.tsx:22:60
    at div
    at div
    at file:///Users/tran.duc.thang/Projects/pit/node_modules/.pnpm/@radix-ui+react-primitive@2.1.3_@types+react-dom@18.2.17_@types+react@18.2.43_react-dom_2161c237ea33b60c0cf3d21a889a9a3e/node_modules/@radix-ui/react-primitive/dist/index.mjs:28:13
    at file:///Users/tran.duc.thang/Projects/pit/node_modules/.pnpm/@radix-ui+react-slot@1.2.3_@types+react@18.2.43_react@18.2.0/node_modules/@radix-ui/react-slot/dist/index.mjs:33:13
    at file:///Users/tran.duc.thang/Projects/pit/node_modules/.pnpm/@radix-ui+react-slot@1.2.3_@types+react@18.2.43_react@18.2.0/node_modules/@radix-ui/react-slot/dist/index.mjs:9:13
    at file:///Users/tran.duc.thang/Projects/pit/node_modules/.pnpm/@radix-ui+react-primitive@2.1.3_@types+react-dom@18.2.17_@types+react@18.2.43_react-dom_2161c237ea33b60c0cf3d21a889a9a3e/node_modules/@radix-ui/react-primitive/dist/index.mjs:28:13
    at Provider (file:///Users/tran.duc.thang/Projects/pit/node_modules/.pnpm/@radix-ui+react-context@1.1.2_@types+react@18.2.43_react@18.2.0/node_modules/@radix-ui/react-context/dist/index.mjs:27:15)
    at file:///Users/tran.duc.thang/Projects/pit/node_modules/.pnpm/@radix-ui+react-roving-focus@1.1.11_@types+react-dom@18.2.17_@types+react@18.2.43_react_0518848876eeed3dd17b5d7009596a7d/node_modules/@radix-ui/react-roving-focus/dist/index.mjs:32:5
    at file:///Users/tran.duc.thang/Projects/pit/node_modules/.pnpm/@radix-ui+react-slot@1.2.3_@types+react@18.2.43_react@18.2.0/node_modules/@radix-ui/react-slot/dist/index.mjs:33:13
    at file:///Users/tran.duc.thang/Projects/pit/node_modules/.pnpm/@radix-ui+react-slot@1.2.3_@types+react@18.2.43_react@18.2.0/node_modules/@radix-ui/react-slot/dist/index.mjs:9:13
    at file:///Users/tran.duc.thang/Projects/pit/node_modules/.pnpm/@radix-ui+react-collection@1.1.7_@types+react-dom@18.2.17_@types+react@18.2.43_react-do_a03fe685936792784d18791d9a1c5606/node_modules/@radix-ui/react-collection/dist/index.mjs:27:15
    at Provider (file:///Users/tran.duc.thang/Projects/pit/node_modules/.pnpm/@radix-ui+react-context@1.1.2_@types+react@18.2.43_react@18.2.0/node_modules/@radix-ui/react-context/dist/index.mjs:27:15)
    at CollectionProvider (file:///Users/tran.duc.thang/Projects/pit/node_modules/.pnpm/@radix-ui+react-collection@1.1.7_@types+react-dom@18.2.17_@types+react@18.2.43_react-do_a03fe685936792784d18791d9a1c5606/node_modules/@radix-ui/react-collection/dist/index.mjs:17:13)
    at file:///Users/tran.duc.thang/Projects/pit/node_modules/.pnpm/@radix-ui+react-roving-focus@1.1.11_@types+react-dom@18.2.17_@types+react@18.2.43_react_0518848876eeed3dd17b5d7009596a7d/node_modules/@radix-ui/react-roving-focus/dist/index.mjs:26:68
    at Provider (file:///Users/tran.duc.thang/Projects/pit/node_modules/.pnpm/@radix-ui+react-context@1.1.2_@types+react@18.2.43_react@18.2.0/node_modules/@radix-ui/react-context/dist/index.mjs:27:15)
    at file:///Users/tran.duc.thang/Projects/pit/node_modules/.pnpm/@radix-ui+react-radio-group@1.3.8_@types+react-dom@18.2.17_@types+react@18.2.43_react-d_232b8f11a4c03b4724d7150d14f44128/node_modules/@radix-ui/react-radio-group/dist/index.mjs:169:7
    at /Users/tran.duc.thang/Projects/pit/src/components/ui/radio-group.tsx:14:56
    at div
    at InsuranceBaseInput (/Users/tran.duc.thang/Projects/pit/src/components/InsuranceBaseInput.tsx:13:3)
    at div
    at /Users/tran.duc.thang/Projects/pit/src/components/ui/card.tsx:68:6
    at div
    at /Users/tran.duc.thang/Projects/pit/src/components/ui/card.tsx:14:6
    at CalculatorInputs (/Users/tran.duc.thang/Projects/pit/src/components/CalculatorInputs.tsx:19:3)
    at div
    at SalaryCalculator (/Users/tran.duc.thang/Projects/pit/src/components/SalaryCalculator.tsx:24:63)
    at ErrorBoundary (/Users/tran.duc.thang/Projects/pit/src/components/ErrorBoundary.tsx:13:5)
    at main
    at div
    at div
    at div
    at ErrorBoundary (/Users/tran.duc.thang/Projects/pit/src/components/ErrorBoundary.tsx:13:5)
    at App
Warning: An update to Radio inside a test was not wrapped in act(...).

When testing, code that causes React state updates should be wrapped into act(...):

act(() => {
  /* fire events that update state */
});
/* assert on the output */

This ensures that you're testing the behavior the user would see in the browser. Learn more at https://reactjs.org/link/wrap-tests-with-act
    at file:///Users/tran.duc.thang/Projects/pit/node_modules/.pnpm/@radix-ui+react-radio-group@1.3.8_@types+react-dom@18.2.17_@types+react@18.2.43_react-d_232b8f11a4c03b4724d7150d14f44128/node_modules/@radix-ui/react-radio-group/dist/index.mjs:30:7
    at file:///Users/tran.duc.thang/Projects/pit/node_modules/.pnpm/@radix-ui+react-slot@1.2.3_@types+react@18.2.43_react@18.2.0/node_modules/@radix-ui/react-slot/dist/index.mjs:33:13
    at file:///Users/tran.duc.thang/Projects/pit/node_modules/.pnpm/@radix-ui+react-slot@1.2.3_@types+react@18.2.43_react@18.2.0/node_modules/@radix-ui/react-slot/dist/index.mjs:9:13
    at file:///Users/tran.duc.thang/Projects/pit/node_modules/.pnpm/@radix-ui+react-primitive@2.1.3_@types+react-dom@18.2.17_@types+react@18.2.43_react-dom_2161c237ea33b60c0cf3d21a889a9a3e/node_modules/@radix-ui/react-primitive/dist/index.mjs:28:13
    at file:///Users/tran.duc.thang/Projects/pit/node_modules/.pnpm/@radix-ui+react-slot@1.2.3_@types+react@18.2.43_react@18.2.0/node_modules/@radix-ui/react-slot/dist/index.mjs:33:13
    at file:///Users/tran.duc.thang/Projects/pit/node_modules/.pnpm/@radix-ui+react-slot@1.2.3_@types+react@18.2.43_react@18.2.0/node_modules/@radix-ui/react-slot/dist/index.mjs:9:13
    at file:///Users/tran.duc.thang/Projects/pit/node_modules/.pnpm/@radix-ui+react-collection@1.1.7_@types+react-dom@18.2.17_@types+react@18.2.43_react-do_a03fe685936792784d18791d9a1c5606/node_modules/@radix-ui/react-collection/dist/index.mjs:39:15
    at file:///Users/tran.duc.thang/Projects/pit/node_modules/.pnpm/@radix-ui+react-roving-focus@1.1.11_@types+react-dom@18.2.17_@types+react@18.2.43_react_0518848876eeed3dd17b5d7009596a7d/node_modules/@radix-ui/react-roving-focus/dist/index.mjs:124:7
    at file:///Users/tran.duc.thang/Projects/pit/node_modules/.pnpm/@radix-ui+react-radio-group@1.3.8_@types+react-dom@18.2.17_@types+react@18.2.43_react-d_232b8f11a4c03b4724d7150d14f44128/node_modules/@radix-ui/react-radio-group/dist/index.mjs:228:13
    at /Users/tran.duc.thang/Projects/pit/src/components/ui/radio-group.tsx:22:60
    at div
    at div
    at div
    at file:///Users/tran.duc.thang/Projects/pit/node_modules/.pnpm/@radix-ui+react-primitive@2.1.3_@types+react-dom@18.2.17_@types+react@18.2.43_react-dom_2161c237ea33b60c0cf3d21a889a9a3e/node_modules/@radix-ui/react-primitive/dist/index.mjs:28:13
    at file:///Users/tran.duc.thang/Projects/pit/node_modules/.pnpm/@radix-ui+react-slot@1.2.3_@types+react@18.2.43_react@18.2.0/node_modules/@radix-ui/react-slot/dist/index.mjs:33:13
    at file:///Users/tran.duc.thang/Projects/pit/node_modules/.pnpm/@radix-ui+react-slot@1.2.3_@types+react@18.2.43_react@18.2.0/node_modules/@radix-ui/react-slot/dist/index.mjs:9:13
    at file:///Users/tran.duc.thang/Projects/pit/node_modules/.pnpm/@radix-ui+react-primitive@2.1.3_@types+react-dom@18.2.17_@types+react@18.2.43_react-dom_2161c237ea33b60c0cf3d21a889a9a3e/node_modules/@radix-ui/react-primitive/dist/index.mjs:28:13
    at Provider (file:///Users/tran.duc.thang/Projects/pit/node_modules/.pnpm/@radix-ui+react-context@1.1.2_@types+react@18.2.43_react@18.2.0/node_modules/@radix-ui/react-context/dist/index.mjs:27:15)
    at file:///Users/tran.duc.thang/Projects/pit/node_modules/.pnpm/@radix-ui+react-roving-focus@1.1.11_@types+react-dom@18.2.17_@types+react@18.2.43_react_0518848876eeed3dd17b5d7009596a7d/node_modules/@radix-ui/react-roving-focus/dist/index.mjs:32:5
    at file:///Users/tran.duc.thang/Projects/pit/node_modules/.pnpm/@radix-ui+react-slot@1.2.3_@types+react@18.2.43_react@18.2.0/node_modules/@radix-ui/react-slot/dist/index.mjs:33:13
    at file:///Users/tran.duc.thang/Projects/pit/node_modules/.pnpm/@radix-ui+react-slot@1.2.3_@types+react@18.2.43_react@18.2.0/node_modules/@radix-ui/react-slot/dist/index.mjs:9:13
    at file:///Users/tran.duc.thang/Projects/pit/node_modules/.pnpm/@radix-ui+react-collection@1.1.7_@types+react-dom@18.2.17_@types+react@18.2.43_react-do_a03fe685936792784d18791d9a1c5606/node_modules/@radix-ui/react-collection/dist/index.mjs:27:15
    at Provider (file:///Users/tran.duc.thang/Projects/pit/node_modules/.pnpm/@radix-ui+react-context@1.1.2_@types+react@18.2.43_react@18.2.0/node_modules/@radix-ui/react-context/dist/index.mjs:27:15)
    at CollectionProvider (file:///Users/tran.duc.thang/Projects/pit/node_modules/.pnpm/@radix-ui+react-collection@1.1.7_@types+react-dom@18.2.17_@types+react@18.2.43_react-do_a03fe685936792784d18791d9a1c5606/node_modules/@radix-ui/react-collection/dist/index.mjs:17:13)
    at file:///Users/tran.duc.thang/Projects/pit/node_modules/.pnpm/@radix-ui+react-roving-focus@1.1.11_@types+react-dom@18.2.17_@types+react@18.2.43_react_0518848876eeed3dd17b5d7009596a7d/node_modules/@radix-ui/react-roving-focus/dist/index.mjs:26:68
    at Provider (file:///Users/tran.duc.thang/Projects/pit/node_modules/.pnpm/@radix-ui+react-context@1.1.2_@types+react@18.2.43_react@18.2.0/node_modules/@radix-ui/react-context/dist/index.mjs:27:15)
    at file:///Users/tran.duc.thang/Projects/pit/node_modules/.pnpm/@radix-ui+react-radio-group@1.3.8_@types+react-dom@18.2.17_@types+react@18.2.43_react-d_232b8f11a4c03b4724d7150d14f44128/node_modules/@radix-ui/react-radio-group/dist/index.mjs:169:7
    at /Users/tran.duc.thang/Projects/pit/src/components/ui/radio-group.tsx:14:56
    at div
    at InsuranceBaseInput (/Users/tran.duc.thang/Projects/pit/src/components/InsuranceBaseInput.tsx:13:3)
    at div
    at /Users/tran.duc.thang/Projects/pit/src/components/ui/card.tsx:68:6
    at div
    at /Users/tran.duc.thang/Projects/pit/src/components/ui/card.tsx:14:6
    at CalculatorInputs (/Users/tran.duc.thang/Projects/pit/src/components/CalculatorInputs.tsx:19:3)
    at div
    at SalaryCalculator (/Users/tran.duc.thang/Projects/pit/src/components/SalaryCalculator.tsx:24:63)
    at ErrorBoundary (/Users/tran.duc.thang/Projects/pit/src/components/ErrorBoundary.tsx:13:5)
    at main
    at div
    at div
    at div
    at ErrorBoundary (/Users/tran.duc.thang/Projects/pit/src/components/ErrorBoundary.tsx:13:5)
    at App
Warning: An update to Switch inside a test was not wrapped in act(...).

When testing, code that causes React state updates should be wrapped into act(...):

act(() => {
  /* fire events that update state */
});
/* assert on the output */

This ensures that you're testing the behavior the user would see in the browser. Learn more at https://reactjs.org/link/wrap-tests-with-act
    at file:///Users/tran.duc.thang/Projects/pit/node_modules/.pnpm/@radix-ui+react-switch@1.2.6_@types+react-dom@18.2.17_@types+react@18.2.43_react-dom@18.2.0_react@18.2.0__react@18.2.0/node_modules/@radix-ui/react-switch/dist/index.mjs:19:7
    at /Users/tran.duc.thang/Projects/pit/src/components/ui/switch.tsx:10:52
    at div
    at div
    at UnionDuesCheckbox (/Users/tran.duc.thang/Projects/pit/src/components/UnionDuesCheckbox.tsx:11:3)
    at div
    at /Users/tran.duc.thang/Projects/pit/src/components/ui/card.tsx:68:6
    at div
    at /Users/tran.duc.thang/Projects/pit/src/components/ui/card.tsx:14:6
    at CalculatorInputs (/Users/tran.duc.thang/Projects/pit/src/components/CalculatorInputs.tsx:19:3)
    at div
    at SalaryCalculator (/Users/tran.duc.thang/Projects/pit/src/components/SalaryCalculator.tsx:24:63)
    at ErrorBoundary (/Users/tran.duc.thang/Projects/pit/src/components/ErrorBoundary.tsx:13:5)
    at main
    at div
    at div
    at div
    at ErrorBoundary (/Users/tran.duc.thang/Projects/pit/src/components/ErrorBoundary.tsx:13:5)
    at App
Warning: An update to Tooltip inside a test was not wrapped in act(...).

When testing, code that causes React state updates should be wrapped into act(...):

act(() => {
  /* fire events that update state */
});
/* assert on the output */

This ensures that you're testing the behavior the user would see in the browser. Learn more at https://reactjs.org/link/wrap-tests-with-act
    at Tooltip (file:///Users/tran.duc.thang/Projects/pit/node_modules/.pnpm/@radix-ui+react-tooltip@1.2.8_@types+react-dom@18.2.17_@types+react@18.2.43_react-dom@18.2.0_react@18.2.0__react@18.2.0/node_modules/@radix-ui/react-tooltip/dist/index.mjs:73:5)
    at Provider (file:///Users/tran.duc.thang/Projects/pit/node_modules/.pnpm/@radix-ui+react-context@1.1.2_@types+react@18.2.43_react@18.2.0/node_modules/@radix-ui/react-context/dist/index.mjs:27:15)
    at TooltipProvider (file:///Users/tran.duc.thang/Projects/pit/node_modules/.pnpm/@radix-ui+react-tooltip@1.2.8_@types+react-dom@18.2.17_@types+react@18.2.43_react-dom@18.2.0_react@18.2.0__react@18.2.0/node_modules/@radix-ui/react-tooltip/dist/index.mjs:29:5)
    at InfoTooltip (/Users/tran.duc.thang/Projects/pit/src/components/InfoTooltip.tsx:10:24)
    at div
    at div
    at UnionDuesCheckbox (/Users/tran.duc.thang/Projects/pit/src/components/UnionDuesCheckbox.tsx:11:3)
    at div
    at /Users/tran.duc.thang/Projects/pit/src/components/ui/card.tsx:68:6
    at div
    at /Users/tran.duc.thang/Projects/pit/src/components/ui/card.tsx:14:6
    at CalculatorInputs (/Users/tran.duc.thang/Projects/pit/src/components/CalculatorInputs.tsx:19:3)
    at div
    at SalaryCalculator (/Users/tran.duc.thang/Projects/pit/src/components/SalaryCalculator.tsx:24:63)
    at ErrorBoundary (/Users/tran.duc.thang/Projects/pit/src/components/ErrorBoundary.tsx:13:5)
    at main
    at div
    at div
    at div
    at ErrorBoundary (/Users/tran.duc.thang/Projects/pit/src/components/ErrorBoundary.tsx:13:5)
    at App
Warning: An update to Switch inside a test was not wrapped in act(...).

When testing, code that causes React state updates should be wrapped into act(...):

act(() => {
  /* fire events that update state */
});
/* assert on the output */

This ensures that you're testing the behavior the user would see in the browser. Learn more at https://reactjs.org/link/wrap-tests-with-act
    at file:///Users/tran.duc.thang/Projects/pit/node_modules/.pnpm/@radix-ui+react-switch@1.2.6_@types+react-dom@18.2.17_@types+react@18.2.43_react-dom@18.2.0_react@18.2.0__react@18.2.0/node_modules/@radix-ui/react-switch/dist/index.mjs:19:7
    at /Users/tran.duc.thang/Projects/pit/src/components/ui/switch.tsx:10:52
    at div
    at div
    at LunchAllowanceInput (/Users/tran.duc.thang/Projects/pit/src/components/LunchAllowanceInput.tsx:13:134)
    at div
    at /Users/tran.duc.thang/Projects/pit/src/components/ui/card.tsx:68:6
    at div
    at /Users/tran.duc.thang/Projects/pit/src/components/ui/card.tsx:14:6
    at CalculatorInputs (/Users/tran.duc.thang/Projects/pit/src/components/CalculatorInputs.tsx:19:3)
    at div
    at SalaryCalculator (/Users/tran.duc.thang/Projects/pit/src/components/SalaryCalculator.tsx:24:63)
    at ErrorBoundary (/Users/tran.duc.thang/Projects/pit/src/components/ErrorBoundary.tsx:13:5)
    at main
    at div
    at div
    at div
    at ErrorBoundary (/Users/tran.duc.thang/Projects/pit/src/components/ErrorBoundary.tsx:13:5)
    at App
Warning: An update to Tooltip inside a test was not wrapped in act(...).

When testing, code that causes React state updates should be wrapped into act(...):

act(() => {
  /* fire events that update state */
});
/* assert on the output */

This ensures that you're testing the behavior the user would see in the browser. Learn more at https://reactjs.org/link/wrap-tests-with-act
    at Tooltip (file:///Users/tran.duc.thang/Projects/pit/node_modules/.pnpm/@radix-ui+react-tooltip@1.2.8_@types+react-dom@18.2.17_@types+react@18.2.43_react-dom@18.2.0_react@18.2.0__react@18.2.0/node_modules/@radix-ui/react-tooltip/dist/index.mjs:73:5)
    at Provider (file:///Users/tran.duc.thang/Projects/pit/node_modules/.pnpm/@radix-ui+react-context@1.1.2_@types+react@18.2.43_react@18.2.0/node_modules/@radix-ui/react-context/dist/index.mjs:27:15)
    at TooltipProvider (file:///Users/tran.duc.thang/Projects/pit/node_modules/.pnpm/@radix-ui+react-tooltip@1.2.8_@types+react-dom@18.2.17_@types+react@18.2.43_react-dom@18.2.0_react@18.2.0__react@18.2.0/node_modules/@radix-ui/react-tooltip/dist/index.mjs:29:5)
    at InfoTooltip (/Users/tran.duc.thang/Projects/pit/src/components/InfoTooltip.tsx:10:24)
    at div
    at td
    at /Users/tran.duc.thang/Projects/pit/src/components/ui/table.tsx:98:55
    at tr
    at /Users/tran.duc.thang/Projects/pit/src/components/ui/table.tsx:57:6
    at tbody
    at /Users/tran.duc.thang/Projects/pit/src/components/ui/table.tsx:33:55
    at table
    at div
    at /Users/tran.duc.thang/Projects/pit/src/components/ui/table.tsx:16:6
    at div
    at InsuranceBreakdown (/Users/tran.duc.thang/Projects/pit/src/components/InsuranceBreakdown.tsx:25:3)
    at div
    at div
    at /Users/tran.duc.thang/Projects/pit/src/components/ui/card.tsx:68:6
    at div
    at /Users/tran.duc.thang/Projects/pit/src/components/ui/card.tsx:14:6
    at ResultDisplay (/Users/tran.duc.thang/Projects/pit/src/components/ResultDisplay.tsx:29:3)
    at div
    at div
    at div
    at ComparisonView (/Users/tran.duc.thang/Projects/pit/src/components/ComparisonView.tsx:10:3)
    at Suspense
    at div
    at SalaryCalculator (/Users/tran.duc.thang/Projects/pit/src/components/SalaryCalculator.tsx:24:63)
    at ErrorBoundary (/Users/tran.duc.thang/Projects/pit/src/components/ErrorBoundary.tsx:13:5)
    at main
    at div
    at div
    at div
    at ErrorBoundary (/Users/tran.duc.thang/Projects/pit/src/components/ErrorBoundary.tsx:13:5)
    at App
Warning: An update to Tooltip inside a test was not wrapped in act(...).

When testing, code that causes React state updates should be wrapped into act(...):

act(() => {
  /* fire events that update state */
});
/* assert on the output */

This ensures that you're testing the behavior the user would see in the browser. Learn more at https://reactjs.org/link/wrap-tests-with-act
    at Tooltip (file:///Users/tran.duc.thang/Projects/pit/node_modules/.pnpm/@radix-ui+react-tooltip@1.2.8_@types+react-dom@18.2.17_@types+react@18.2.43_react-dom@18.2.0_react@18.2.0__react@18.2.0/node_modules/@radix-ui/react-tooltip/dist/index.mjs:73:5)
    at Provider (file:///Users/tran.duc.thang/Projects/pit/node_modules/.pnpm/@radix-ui+react-context@1.1.2_@types+react@18.2.43_react@18.2.0/node_modules/@radix-ui/react-context/dist/index.mjs:27:15)
    at TooltipProvider (file:///Users/tran.duc.thang/Projects/pit/node_modules/.pnpm/@radix-ui+react-tooltip@1.2.8_@types+react-dom@18.2.17_@types+react@18.2.43_react-dom@18.2.0_react@18.2.0__react@18.2.0/node_modules/@radix-ui/react-tooltip/dist/index.mjs:29:5)
    at InfoTooltip (/Users/tran.duc.thang/Projects/pit/src/components/InfoTooltip.tsx:10:24)
    at div
    at td
    at /Users/tran.duc.thang/Projects/pit/src/components/ui/table.tsx:98:55
    at tr
    at /Users/tran.duc.thang/Projects/pit/src/components/ui/table.tsx:57:6
    at tbody
    at /Users/tran.duc.thang/Projects/pit/src/components/ui/table.tsx:33:55
    at table
    at div
    at /Users/tran.duc.thang/Projects/pit/src/components/ui/table.tsx:16:6
    at div
    at InsuranceBreakdown (/Users/tran.duc.thang/Projects/pit/src/components/InsuranceBreakdown.tsx:25:3)
    at div
    at div
    at /Users/tran.duc.thang/Projects/pit/src/components/ui/card.tsx:68:6
    at div
    at /Users/tran.duc.thang/Projects/pit/src/components/ui/card.tsx:14:6
    at ResultDisplay (/Users/tran.duc.thang/Projects/pit/src/components/ResultDisplay.tsx:29:3)
    at div
    at div
    at div
    at ComparisonView (/Users/tran.duc.thang/Projects/pit/src/components/ComparisonView.tsx:10:3)
    at Suspense
    at div
    at SalaryCalculator (/Users/tran.duc.thang/Projects/pit/src/components/SalaryCalculator.tsx:24:63)
    at ErrorBoundary (/Users/tran.duc.thang/Projects/pit/src/components/ErrorBoundary.tsx:13:5)
    at main
    at div
    at div
    at div
    at ErrorBoundary (/Users/tran.duc.thang/Projects/pit/src/components/ErrorBoundary.tsx:13:5)
    at App
Warning: An update to Tooltip inside a test was not wrapped in act(...).

When testing, code that causes React state updates should be wrapped into act(...):

act(() => {
  /* fire events that update state */
});
/* assert on the output */

This ensures that you're testing the behavior the user would see in the browser. Learn more at https://reactjs.org/link/wrap-tests-with-act
    at Tooltip (file:///Users/tran.duc.thang/Projects/pit/node_modules/.pnpm/@radix-ui+react-tooltip@1.2.8_@types+react-dom@18.2.17_@types+react@18.2.43_react-dom@18.2.0_react@18.2.0__react@18.2.0/node_modules/@radix-ui/react-tooltip/dist/index.mjs:73:5)
    at Provider (file:///Users/tran.duc.thang/Projects/pit/node_modules/.pnpm/@radix-ui+react-context@1.1.2_@types+react@18.2.43_react@18.2.0/node_modules/@radix-ui/react-context/dist/index.mjs:27:15)
    at TooltipProvider (file:///Users/tran.duc.thang/Projects/pit/node_modules/.pnpm/@radix-ui+react-tooltip@1.2.8_@types+react-dom@18.2.17_@types+react@18.2.43_react-dom@18.2.0_react@18.2.0__react@18.2.0/node_modules/@radix-ui/react-tooltip/dist/index.mjs:29:5)
    at InfoTooltip (/Users/tran.duc.thang/Projects/pit/src/components/InfoTooltip.tsx:10:24)
    at div
    at td
    at /Users/tran.duc.thang/Projects/pit/src/components/ui/table.tsx:98:55
    at tr
    at /Users/tran.duc.thang/Projects/pit/src/components/ui/table.tsx:57:6
    at tbody
    at /Users/tran.duc.thang/Projects/pit/src/components/ui/table.tsx:33:55
    at table
    at div
    at /Users/tran.duc.thang/Projects/pit/src/components/ui/table.tsx:16:6
    at div
    at InsuranceBreakdown (/Users/tran.duc.thang/Projects/pit/src/components/InsuranceBreakdown.tsx:25:3)
    at div
    at div
    at /Users/tran.duc.thang/Projects/pit/src/components/ui/card.tsx:68:6
    at div
    at /Users/tran.duc.thang/Projects/pit/src/components/ui/card.tsx:14:6
    at ResultDisplay (/Users/tran.duc.thang/Projects/pit/src/components/ResultDisplay.tsx:29:3)
    at div
    at div
    at div
    at ComparisonView (/Users/tran.duc.thang/Projects/pit/src/components/ComparisonView.tsx:10:3)
    at Suspense
    at div
    at SalaryCalculator (/Users/tran.duc.thang/Projects/pit/src/components/SalaryCalculator.tsx:24:63)
    at ErrorBoundary (/Users/tran.duc.thang/Projects/pit/src/components/ErrorBoundary.tsx:13:5)
    at main
    at div
    at div
    at div
    at ErrorBoundary (/Users/tran.duc.thang/Projects/pit/src/components/ErrorBoundary.tsx:13:5)
    at App
Warning: An update to Tooltip inside a test was not wrapped in act(...).

When testing, code that causes React state updates should be wrapped into act(...):

act(() => {
  /* fire events that update state */
});
/* assert on the output */

This ensures that you're testing the behavior the user would see in the browser. Learn more at https://reactjs.org/link/wrap-tests-with-act
    at Tooltip (file:///Users/tran.duc.thang/Projects/pit/node_modules/.pnpm/@radix-ui+react-tooltip@1.2.8_@types+react-dom@18.2.17_@types+react@18.2.43_react-dom@18.2.0_react@18.2.0__react@18.2.0/node_modules/@radix-ui/react-tooltip/dist/index.mjs:73:5)
    at Provider (file:///Users/tran.duc.thang/Projects/pit/node_modules/.pnpm/@radix-ui+react-context@1.1.2_@types+react@18.2.43_react@18.2.0/node_modules/@radix-ui/react-context/dist/index.mjs:27:15)
    at TooltipProvider (file:///Users/tran.duc.thang/Projects/pit/node_modules/.pnpm/@radix-ui+react-tooltip@1.2.8_@types+react-dom@18.2.17_@types+react@18.2.43_react-dom@18.2.0_react@18.2.0__react@18.2.0/node_modules/@radix-ui/react-tooltip/dist/index.mjs:29:5)
    at InfoTooltip (/Users/tran.duc.thang/Projects/pit/src/components/InfoTooltip.tsx:10:24)
    at div
    at td
    at /Users/tran.duc.thang/Projects/pit/src/components/ui/table.tsx:98:55
    at tr
    at /Users/tran.duc.thang/Projects/pit/src/components/ui/table.tsx:57:6
    at tbody
    at /Users/tran.duc.thang/Projects/pit/src/components/ui/table.tsx:33:55
    at table
    at div
    at /Users/tran.duc.thang/Projects/pit/src/components/ui/table.tsx:16:6
    at div
    at InsuranceBreakdown (/Users/tran.duc.thang/Projects/pit/src/components/InsuranceBreakdown.tsx:25:3)
    at div
    at div
    at /Users/tran.duc.thang/Projects/pit/src/components/ui/card.tsx:68:6
    at div
    at /Users/tran.duc.thang/Projects/pit/src/components/ui/card.tsx:14:6
    at ResultDisplay (/Users/tran.duc.thang/Projects/pit/src/components/ResultDisplay.tsx:29:3)
    at div
    at div
    at div
    at ComparisonView (/Users/tran.duc.thang/Projects/pit/src/components/ComparisonView.tsx:10:3)
    at Suspense
    at div
    at SalaryCalculator (/Users/tran.duc.thang/Projects/pit/src/components/SalaryCalculator.tsx:24:63)
    at ErrorBoundary (/Users/tran.duc.thang/Projects/pit/src/components/ErrorBoundary.tsx:13:5)
    at main
    at div
    at div
    at div
    at ErrorBoundary (/Users/tran.duc.thang/Projects/pit/src/components/ErrorBoundary.tsx:13:5)
    at App
Warning: An update to Tooltip inside a test was not wrapped in act(...).

When testing, code that causes React state updates should be wrapped into act(...):

act(() => {
  /* fire events that update state */
});
/* assert on the output */

This ensures that you're testing the behavior the user would see in the browser. Learn more at https://reactjs.org/link/wrap-tests-with-act
    at Tooltip (file:///Users/tran.duc.thang/Projects/pit/node_modules/.pnpm/@radix-ui+react-tooltip@1.2.8_@types+react-dom@18.2.17_@types+react@18.2.43_react-dom@18.2.0_react@18.2.0__react@18.2.0/node_modules/@radix-ui/react-tooltip/dist/index.mjs:73:5)
    at Provider (file:///Users/tran.duc.thang/Projects/pit/node_modules/.pnpm/@radix-ui+react-context@1.1.2_@types+react@18.2.43_react@18.2.0/node_modules/@radix-ui/react-context/dist/index.mjs:27:15)
    at TooltipProvider (file:///Users/tran.duc.thang/Projects/pit/node_modules/.pnpm/@radix-ui+react-tooltip@1.2.8_@types+react-dom@18.2.17_@types+react@18.2.43_react-dom@18.2.0_react@18.2.0__react@18.2.0/node_modules/@radix-ui/react-tooltip/dist/index.mjs:29:5)
    at InfoTooltip (/Users/tran.duc.thang/Projects/pit/src/components/InfoTooltip.tsx:10:24)
    at div
    at td
    at /Users/tran.duc.thang/Projects/pit/src/components/ui/table.tsx:98:55
    at tr
    at /Users/tran.duc.thang/Projects/pit/src/components/ui/table.tsx:57:6
    at tbody
    at /Users/tran.duc.thang/Projects/pit/src/components/ui/table.tsx:33:55
    at table
    at div
    at /Users/tran.duc.thang/Projects/pit/src/components/ui/table.tsx:16:6
    at div
    at InsuranceBreakdown (/Users/tran.duc.thang/Projects/pit/src/components/InsuranceBreakdown.tsx:25:3)
    at div
    at div
    at /Users/tran.duc.thang/Projects/pit/src/components/ui/card.tsx:68:6
    at div
    at /Users/tran.duc.thang/Projects/pit/src/components/ui/card.tsx:14:6
    at ResultDisplay (/Users/tran.duc.thang/Projects/pit/src/components/ResultDisplay.tsx:29:3)
    at div
    at div
    at div
    at ComparisonView (/Users/tran.duc.thang/Projects/pit/src/components/ComparisonView.tsx:10:3)
    at Suspense
    at div
    at SalaryCalculator (/Users/tran.duc.thang/Projects/pit/src/components/SalaryCalculator.tsx:24:63)
    at ErrorBoundary (/Users/tran.duc.thang/Projects/pit/src/components/ErrorBoundary.tsx:13:5)
    at main
    at div
    at div
    at div
    at ErrorBoundary (/Users/tran.duc.thang/Projects/pit/src/components/ErrorBoundary.tsx:13:5)
    at App
Warning: An update to Tooltip inside a test was not wrapped in act(...).

When testing, code that causes React state updates should be wrapped into act(...):

act(() => {
  /* fire events that update state */
});
/* assert on the output */

This ensures that you're testing the behavior the user would see in the browser. Learn more at https://reactjs.org/link/wrap-tests-with-act
    at Tooltip (file:///Users/tran.duc.thang/Projects/pit/node_modules/.pnpm/@radix-ui+react-tooltip@1.2.8_@types+react-dom@18.2.17_@types+react@18.2.43_react-dom@18.2.0_react@18.2.0__react@18.2.0/node_modules/@radix-ui/react-tooltip/dist/index.mjs:73:5)
    at Provider (file:///Users/tran.duc.thang/Projects/pit/node_modules/.pnpm/@radix-ui+react-context@1.1.2_@types+react@18.2.43_react@18.2.0/node_modules/@radix-ui/react-context/dist/index.mjs:27:15)
    at TooltipProvider (file:///Users/tran.duc.thang/Projects/pit/node_modules/.pnpm/@radix-ui+react-tooltip@1.2.8_@types+react-dom@18.2.17_@types+react@18.2.43_react-dom@18.2.0_react@18.2.0__react@18.2.0/node_modules/@radix-ui/react-tooltip/dist/index.mjs:29:5)
    at InfoTooltip (/Users/tran.duc.thang/Projects/pit/src/components/InfoTooltip.tsx:10:24)
    at div
    at td
    at /Users/tran.duc.thang/Projects/pit/src/components/ui/table.tsx:98:55
    at tr
    at /Users/tran.duc.thang/Projects/pit/src/components/ui/table.tsx:57:6
    at tbody
    at /Users/tran.duc.thang/Projects/pit/src/components/ui/table.tsx:33:55
    at table
    at div
    at /Users/tran.duc.thang/Projects/pit/src/components/ui/table.tsx:16:6
    at div
    at InsuranceBreakdown (/Users/tran.duc.thang/Projects/pit/src/components/InsuranceBreakdown.tsx:25:3)
    at div
    at div
    at /Users/tran.duc.thang/Projects/pit/src/components/ui/card.tsx:68:6
    at div
    at /Users/tran.duc.thang/Projects/pit/src/components/ui/card.tsx:14:6
    at ResultDisplay (/Users/tran.duc.thang/Projects/pit/src/components/ResultDisplay.tsx:29:3)
    at div
    at div
    at div
    at ComparisonView (/Users/tran.duc.thang/Projects/pit/src/components/ComparisonView.tsx:10:3)
    at Suspense
    at div
    at SalaryCalculator (/Users/tran.duc.thang/Projects/pit/src/components/SalaryCalculator.tsx:24:63)
    at ErrorBoundary (/Users/tran.duc.thang/Projects/pit/src/components/ErrorBoundary.tsx:13:5)
    at main
    at div
    at div
    at div
    at ErrorBoundary (/Users/tran.duc.thang/Projects/pit/src/components/ErrorBoundary.tsx:13:5)
    at App
Warning: An update to Tooltip inside a test was not wrapped in act(...).

When testing, code that causes React state updates should be wrapped into act(...):

act(() => {
  /* fire events that update state */
});
/* assert on the output */

This ensures that you're testing the behavior the user would see in the browser. Learn more at https://reactjs.org/link/wrap-tests-with-act
    at Tooltip (file:///Users/tran.duc.thang/Projects/pit/node_modules/.pnpm/@radix-ui+react-tooltip@1.2.8_@types+react-dom@18.2.17_@types+react@18.2.43_react-dom@18.2.0_react@18.2.0__react@18.2.0/node_modules/@radix-ui/react-tooltip/dist/index.mjs:73:5)
    at Provider (file:///Users/tran.duc.thang/Projects/pit/node_modules/.pnpm/@radix-ui+react-context@1.1.2_@types+react@18.2.43_react@18.2.0/node_modules/@radix-ui/react-context/dist/index.mjs:27:15)
    at TooltipProvider (file:///Users/tran.duc.thang/Projects/pit/node_modules/.pnpm/@radix-ui+react-tooltip@1.2.8_@types+react-dom@18.2.17_@types+react@18.2.43_react-dom@18.2.0_react@18.2.0__react@18.2.0/node_modules/@radix-ui/react-tooltip/dist/index.mjs:29:5)
    at div
    at div
    at DependentsInput (/Users/tran.duc.thang/Projects/pit/src/components/DependentsInput.tsx:14:28)
    at div
    at /Users/tran.duc.thang/Projects/pit/src/components/ui/card.tsx:68:6
    at div
    at /Users/tran.duc.thang/Projects/pit/src/components/ui/card.tsx:14:6
    at CalculatorInputs (/Users/tran.duc.thang/Projects/pit/src/components/CalculatorInputs.tsx:19:3)
    at div
    at SalaryCalculator (/Users/tran.duc.thang/Projects/pit/src/components/SalaryCalculator.tsx:24:63)
    at ErrorBoundary (/Users/tran.duc.thang/Projects/pit/src/components/ErrorBoundary.tsx:13:5)
    at main
    at div
    at div
    at div
    at ErrorBoundary (/Users/tran.duc.thang/Projects/pit/src/components/ErrorBoundary.tsx:13:5)
    at App
Warning: An update to Select inside a test was not wrapped in act(...).

When testing, code that causes React state updates should be wrapped into act(...):

act(() => {
  /* fire events that update state */
});
/* assert on the output */

This ensures that you're testing the behavior the user would see in the browser. Learn more at https://reactjs.org/link/wrap-tests-with-act
    at Select (file:///Users/tran.duc.thang/Projects/pit/node_modules/.pnpm/@radix-ui+react-select@2.2.6_@types+react-dom@18.2.17_@types+react@18.2.43_react-dom@18.2.0_react@18.2.0__react@18.2.0/node_modules/@radix-ui/react-select/dist/index.mjs:42:5)
    at div
    at RegionSelector (/Users/tran.duc.thang/Projects/pit/src/components/RegionSelector.tsx:20:27)
    at div
    at /Users/tran.duc.thang/Projects/pit/src/components/ui/card.tsx:68:6
    at div
    at /Users/tran.duc.thang/Projects/pit/src/components/ui/card.tsx:14:6
    at CalculatorInputs (/Users/tran.duc.thang/Projects/pit/src/components/CalculatorInputs.tsx:19:3)
    at div
    at SalaryCalculator (/Users/tran.duc.thang/Projects/pit/src/components/SalaryCalculator.tsx:24:63)
    at ErrorBoundary (/Users/tran.duc.thang/Projects/pit/src/components/ErrorBoundary.tsx:13:5)
    at main
    at div
    at div
    at div
    at ErrorBoundary (/Users/tran.duc.thang/Projects/pit/src/components/ErrorBoundary.tsx:13:5)
    at App
Warning: An update to SelectItemText inside a test was not wrapped in act(...).

When testing, code that causes React state updates should be wrapped into act(...):

act(() => {
  /* fire events that update state */
});
/* assert on the output */

This ensures that you're testing the behavior the user would see in the browser. Learn more at https://reactjs.org/link/wrap-tests-with-act
    at file:///Users/tran.duc.thang/Projects/pit/node_modules/.pnpm/@radix-ui+react-select@2.2.6_@types+react-dom@18.2.17_@types+react@18.2.43_react-dom@18.2.0_react@18.2.0__react@18.2.0/node_modules/@radix-ui/react-select/dist/index.mjs:901:13
    at div
    at file:///Users/tran.duc.thang/Projects/pit/node_modules/.pnpm/@radix-ui+react-primitive@2.1.3_@types+react-dom@18.2.17_@types+react@18.2.43_react-dom_2161c237ea33b60c0cf3d21a889a9a3e/node_modules/@radix-ui/react-primitive/dist/index.mjs:28:13
    at file:///Users/tran.duc.thang/Projects/pit/node_modules/.pnpm/@radix-ui+react-slot@1.2.3_@types+react@18.2.43_react@18.2.0/node_modules/@radix-ui/react-slot/dist/index.mjs:33:13
    at file:///Users/tran.duc.thang/Projects/pit/node_modules/.pnpm/@radix-ui+react-slot@1.2.3_@types+react@18.2.43_react@18.2.0/node_modules/@radix-ui/react-slot/dist/index.mjs:9:13
    at file:///Users/tran.duc.thang/Projects/pit/node_modules/.pnpm/@radix-ui+react-collection@1.1.7_@types+react-dom@18.2.17_@types+react@18.2.43_react-do_a03fe685936792784d18791d9a1c5606/node_modules/@radix-ui/react-collection/dist/index.mjs:39:15
    at Provider (file:///Users/tran.duc.thang/Projects/pit/node_modules/.pnpm/@radix-ui+react-context@1.1.2_@types+react@18.2.43_react@18.2.0/node_modules/@radix-ui/react-context/dist/index.mjs:27:15)
    at file:///Users/tran.duc.thang/Projects/pit/node_modules/.pnpm/@radix-ui+react-select@2.2.6_@types+react-dom@18.2.17_@types+react@18.2.43_react-dom@18.2.0_react@18.2.0__react@18.2.0/node_modules/@radix-ui/react-select/dist/index.mjs:800:7
    at /Users/tran.duc.thang/Projects/pit/src/components/ui/select.tsx:174:56
    at div
    at file:///Users/tran.duc.thang/Projects/pit/node_modules/.pnpm/@radix-ui+react-primitive@2.1.3_@types+react-dom@18.2.17_@types+react@18.2.43_react-dom_2161c237ea33b60c0cf3d21a889a9a3e/node_modules/@radix-ui/react-primitive/dist/index.mjs:28:13
    at file:///Users/tran.duc.thang/Projects/pit/node_modules/.pnpm/@radix-ui+react-slot@1.2.3_@types+react@18.2.43_react@18.2.0/node_modules/@radix-ui/react-slot/dist/index.mjs:33:13
    at file:///Users/tran.duc.thang/Projects/pit/node_modules/.pnpm/@radix-ui+react-slot@1.2.3_@types+react@18.2.43_react@18.2.0/node_modules/@radix-ui/react-slot/dist/index.mjs:9:13
    at file:///Users/tran.duc.thang/Projects/pit/node_modules/.pnpm/@radix-ui+react-collection@1.1.7_@types+react-dom@18.2.17_@types+react@18.2.43_react-do_a03fe685936792784d18791d9a1c5606/node_modules/@radix-ui/react-collection/dist/index.mjs:27:15
    at file:///Users/tran.duc.thang/Projects/pit/node_modules/.pnpm/@radix-ui+react-select@2.2.6_@types+react-dom@18.2.17_@types+react@18.2.43_react-dom@18.2.0_react@18.2.0__react@18.2.0/node_modules/@radix-ui/react-select/dist/index.mjs:711:13
    at div
    at file:///Users/tran.duc.thang/Projects/pit/node_modules/.pnpm/@radix-ui+react-slot@1.2.3_@types+react@18.2.43_react@18.2.0/node_modules/@radix-ui/react-slot/dist/index.mjs:33:13
    at file:///Users/tran.duc.thang/Projects/pit/node_modules/.pnpm/@radix-ui+react-slot@1.2.3_@types+react@18.2.43_react@18.2.0/node_modules/@radix-ui/react-slot/dist/index.mjs:9:13
    at file:///Users/tran.duc.thang/Projects/pit/node_modules/.pnpm/@radix-ui+react-collection@1.1.7_@types+react-dom@18.2.17_@types+react@18.2.43_react-do_a03fe685936792784d18791d9a1c5606/node_modules/@radix-ui/react-collection/dist/index.mjs:27:15
    at Provider (file:///Users/tran.duc.thang/Projects/pit/node_modules/.pnpm/@radix-ui+react-context@1.1.2_@types+react@18.2.43_react@18.2.0/node_modules/@radix-ui/react-context/dist/index.mjs:27:15)
    at file:///Users/tran.duc.thang/Projects/pit/node_modules/.pnpm/@radix-ui+react-select@2.2.6_@types+react-dom@18.2.17_@types+react@18.2.43_react-dom@18.2.0_react@18.2.0__react@18.2.0/node_modules/@radix-ui/react-select/dist/index.mjs:256:58
    at file:///Users/tran.duc.thang/Projects/pit/node_modules/.pnpm/@radix-ui+react-slot@1.2.3_@types+react@18.2.43_react@18.2.0/node_modules/@radix-ui/react-slot/dist/index.mjs:33:13
    at file:///Users/tran.duc.thang/Projects/pit/node_modules/.pnpm/@radix-ui+react-slot@1.2.3_@types+react@18.2.43_react@18.2.0/node_modules/@radix-ui/react-slot/dist/index.mjs:9:13
    at file:///Users/tran.duc.thang/Projects/pit/node_modules/.pnpm/@radix-ui+react-primitive@2.1.3_@types+react-dom@18.2.17_@types+react@18.2.43_react-dom_2161c237ea33b60c0cf3d21a889a9a3e/node_modules/@radix-ui/react-primitive/dist/index.mjs:28:13
    at file:///Users/tran.duc.thang/Projects/pit/node_modules/.pnpm/@radix-ui+react-portal@1.1.9_@types+react-dom@18.2.17_@types+react@18.2.43_react-dom@18.2.0_react@18.2.0__react@18.2.0/node_modules/@radix-ui/react-portal/dist/index.mjs:11:22
    at SelectPortal
    at /Users/tran.duc.thang/Projects/pit/src/components/ui/select.tsx:101:59
    at Provider (file:///Users/tran.duc.thang/Projects/pit/node_modules/.pnpm/@radix-ui+react-context@1.1.2_@types+react@18.2.43_react@18.2.0/node_modules/@radix-ui/react-context/dist/index.mjs:27:15)
    at Provider (file:///Users/tran.duc.thang/Projects/pit/node_modules/.pnpm/@radix-ui+react-context@1.1.2_@types+react@18.2.43_react@18.2.0/node_modules/@radix-ui/react-context/dist/index.mjs:27:15)
    at CollectionProvider (file:///Users/tran.duc.thang/Projects/pit/node_modules/.pnpm/@radix-ui+react-collection@1.1.7_@types+react-dom@18.2.17_@types+react@18.2.43_react-do_a03fe685936792784d18791d9a1c5606/node_modules/@radix-ui/react-collection/dist/index.mjs:17:13)
    at Provider (file:///Users/tran.duc.thang/Projects/pit/node_modules/.pnpm/@radix-ui+react-context@1.1.2_@types+react@18.2.43_react@18.2.0/node_modules/@radix-ui/react-context/dist/index.mjs:27:15)
    at Provider (file:///Users/tran.duc.thang/Projects/pit/node_modules/.pnpm/@radix-ui+react-context@1.1.2_@types+react@18.2.43_react@18.2.0/node_modules/@radix-ui/react-context/dist/index.mjs:27:15)
    at Popper (file:///Users/tran.duc.thang/Projects/pit/node_modules/.pnpm/@radix-ui+react-popper@1.2.8_@types+react-dom@18.2.17_@types+react@18.2.43_react-dom@18.2.0_react@18.2.0__react@18.2.0/node_modules/@radix-ui/react-popper/dist/index.mjs:30:11)
    at Select (file:///Users/tran.duc.thang/Projects/pit/node_modules/.pnpm/@radix-ui+react-select@2.2.6_@types+react-dom@18.2.17_@types+react@18.2.43_react-dom@18.2.0_react@18.2.0__react@18.2.0/node_modules/@radix-ui/react-select/dist/index.mjs:42:5)
    at div
    at RegionSelector (/Users/tran.duc.thang/Projects/pit/src/components/RegionSelector.tsx:20:27)
    at div
    at /Users/tran.duc.thang/Projects/pit/src/components/ui/card.tsx:68:6
    at div
    at /Users/tran.duc.thang/Projects/pit/src/components/ui/card.tsx:14:6
    at CalculatorInputs (/Users/tran.duc.thang/Projects/pit/src/components/CalculatorInputs.tsx:19:3)
    at div
    at SalaryCalculator (/Users/tran.duc.thang/Projects/pit/src/components/SalaryCalculator.tsx:24:63)
    at ErrorBoundary (/Users/tran.duc.thang/Projects/pit/src/components/ErrorBoundary.tsx:13:5)
    at main
    at div
    at div
    at div
    at ErrorBoundary (/Users/tran.duc.thang/Projects/pit/src/components/ErrorBoundary.tsx:13:5)
    at App
Warning: An update to SelectItem inside a test was not wrapped in act(...).

When testing, code that causes React state updates should be wrapped into act(...):

act(() => {
  /* fire events that update state */
});
/* assert on the output */

This ensures that you're testing the behavior the user would see in the browser. Learn more at https://reactjs.org/link/wrap-tests-with-act
    at file:///Users/tran.duc.thang/Projects/pit/node_modules/.pnpm/@radix-ui+react-select@2.2.6_@types+react-dom@18.2.17_@types+react@18.2.43_react-dom@18.2.0_react@18.2.0__react@18.2.0/node_modules/@radix-ui/react-select/dist/index.mjs:800:7
    at /Users/tran.duc.thang/Projects/pit/src/components/ui/select.tsx:174:56
    at div
    at file:///Users/tran.duc.thang/Projects/pit/node_modules/.pnpm/@radix-ui+react-primitive@2.1.3_@types+react-dom@18.2.17_@types+react@18.2.43_react-dom_2161c237ea33b60c0cf3d21a889a9a3e/node_modules/@radix-ui/react-primitive/dist/index.mjs:28:13
    at file:///Users/tran.duc.thang/Projects/pit/node_modules/.pnpm/@radix-ui+react-slot@1.2.3_@types+react@18.2.43_react@18.2.0/node_modules/@radix-ui/react-slot/dist/index.mjs:33:13
    at file:///Users/tran.duc.thang/Projects/pit/node_modules/.pnpm/@radix-ui+react-slot@1.2.3_@types+react@18.2.43_react@18.2.0/node_modules/@radix-ui/react-slot/dist/index.mjs:9:13
    at file:///Users/tran.duc.thang/Projects/pit/node_modules/.pnpm/@radix-ui+react-collection@1.1.7_@types+react-dom@18.2.17_@types+react@18.2.43_react-do_a03fe685936792784d18791d9a1c5606/node_modules/@radix-ui/react-collection/dist/index.mjs:27:15
    at file:///Users/tran.duc.thang/Projects/pit/node_modules/.pnpm/@radix-ui+react-select@2.2.6_@types+react-dom@18.2.17_@types+react@18.2.43_react-dom@18.2.0_react@18.2.0__react@18.2.0/node_modules/@radix-ui/react-select/dist/index.mjs:711:13
    at div
    at file:///Users/tran.duc.thang/Projects/pit/node_modules/.pnpm/@radix-ui+react-slot@1.2.3_@types+react@18.2.43_react@18.2.0/node_modules/@radix-ui/react-slot/dist/index.mjs:33:13
    at file:///Users/tran.duc.thang/Projects/pit/node_modules/.pnpm/@radix-ui+react-slot@1.2.3_@types+react@18.2.43_react@18.2.0/node_modules/@radix-ui/react-slot/dist/index.mjs:9:13
    at file:///Users/tran.duc.thang/Projects/pit/node_modules/.pnpm/@radix-ui+react-collection@1.1.7_@types+react-dom@18.2.17_@types+react@18.2.43_react-do_a03fe685936792784d18791d9a1c5606/node_modules/@radix-ui/react-collection/dist/index.mjs:27:15
    at Provider (file:///Users/tran.duc.thang/Projects/pit/node_modules/.pnpm/@radix-ui+react-context@1.1.2_@types+react@18.2.43_react@18.2.0/node_modules/@radix-ui/react-context/dist/index.mjs:27:15)
    at file:///Users/tran.duc.thang/Projects/pit/node_modules/.pnpm/@radix-ui+react-select@2.2.6_@types+react-dom@18.2.17_@types+react@18.2.43_react-dom@18.2.0_react@18.2.0__react@18.2.0/node_modules/@radix-ui/react-select/dist/index.mjs:256:58
    at file:///Users/tran.duc.thang/Projects/pit/node_modules/.pnpm/@radix-ui+react-slot@1.2.3_@types+react@18.2.43_react@18.2.0/node_modules/@radix-ui/react-slot/dist/index.mjs:33:13
    at file:///Users/tran.duc.thang/Projects/pit/node_modules/.pnpm/@radix-ui+react-slot@1.2.3_@types+react@18.2.43_react@18.2.0/node_modules/@radix-ui/react-slot/dist/index.mjs:9:13
    at file:///Users/tran.duc.thang/Projects/pit/node_modules/.pnpm/@radix-ui+react-primitive@2.1.3_@types+react-dom@18.2.17_@types+react@18.2.43_react-dom_2161c237ea33b60c0cf3d21a889a9a3e/node_modules/@radix-ui/react-primitive/dist/index.mjs:28:13
    at file:///Users/tran.duc.thang/Projects/pit/node_modules/.pnpm/@radix-ui+react-portal@1.1.9_@types+react-dom@18.2.17_@types+react@18.2.43_react-dom@18.2.0_react@18.2.0__react@18.2.0/node_modules/@radix-ui/react-portal/dist/index.mjs:11:22
    at SelectPortal
    at /Users/tran.duc.thang/Projects/pit/src/components/ui/select.tsx:101:59
    at Provider (file:///Users/tran.duc.thang/Projects/pit/node_modules/.pnpm/@radix-ui+react-context@1.1.2_@types+react@18.2.43_react@18.2.0/node_modules/@radix-ui/react-context/dist/index.mjs:27:15)
    at Provider (file:///Users/tran.duc.thang/Projects/pit/node_modules/.pnpm/@radix-ui+react-context@1.1.2_@types+react@18.2.43_react@18.2.0/node_modules/@radix-ui/react-context/dist/index.mjs:27:15)
    at CollectionProvider (file:///Users/tran.duc.thang/Projects/pit/node_modules/.pnpm/@radix-ui+react-collection@1.1.7_@types+react-dom@18.2.17_@types+react@18.2.43_react-do_a03fe685936792784d18791d9a1c5606/node_modules/@radix-ui/react-collection/dist/index.mjs:17:13)
    at Provider (file:///Users/tran.duc.thang/Projects/pit/node_modules/.pnpm/@radix-ui+react-context@1.1.2_@types+react@18.2.43_react@18.2.0/node_modules/@radix-ui/react-context/dist/index.mjs:27:15)
    at Provider (file:///Users/tran.duc.thang/Projects/pit/node_modules/.pnpm/@radix-ui+react-context@1.1.2_@types+react@18.2.43_react@18.2.0/node_modules/@radix-ui/react-context/dist/index.mjs:27:15)
    at Popper (file:///Users/tran.duc.thang/Projects/pit/node_modules/.pnpm/@radix-ui+react-popper@1.2.8_@types+react-dom@18.2.17_@types+react@18.2.43_react-dom@18.2.0_react@18.2.0__react@18.2.0/node_modules/@radix-ui/react-popper/dist/index.mjs:30:11)
    at Select (file:///Users/tran.duc.thang/Projects/pit/node_modules/.pnpm/@radix-ui+react-select@2.2.6_@types+react-dom@18.2.17_@types+react@18.2.43_react-dom@18.2.0_react@18.2.0__react@18.2.0/node_modules/@radix-ui/react-select/dist/index.mjs:42:5)
    at div
    at RegionSelector (/Users/tran.duc.thang/Projects/pit/src/components/RegionSelector.tsx:20:27)
    at div
    at /Users/tran.duc.thang/Projects/pit/src/components/ui/card.tsx:68:6
    at div
    at /Users/tran.duc.thang/Projects/pit/src/components/ui/card.tsx:14:6
    at CalculatorInputs (/Users/tran.duc.thang/Projects/pit/src/components/CalculatorInputs.tsx:19:3)
    at div
    at SalaryCalculator (/Users/tran.duc.thang/Projects/pit/src/components/SalaryCalculator.tsx:24:63)
    at ErrorBoundary (/Users/tran.duc.thang/Projects/pit/src/components/ErrorBoundary.tsx:13:5)
    at main
    at div
    at div
    at div
    at ErrorBoundary (/Users/tran.duc.thang/Projects/pit/src/components/ErrorBoundary.tsx:13:5)
    at App
Warning: An update to SelectItemText inside a test was not wrapped in act(...).

When testing, code that causes React state updates should be wrapped into act(...):

act(() => {
  /* fire events that update state */
});
/* assert on the output */

This ensures that you're testing the behavior the user would see in the browser. Learn more at https://reactjs.org/link/wrap-tests-with-act
    at file:///Users/tran.duc.thang/Projects/pit/node_modules/.pnpm/@radix-ui+react-select@2.2.6_@types+react-dom@18.2.17_@types+react@18.2.43_react-dom@18.2.0_react@18.2.0__react@18.2.0/node_modules/@radix-ui/react-select/dist/index.mjs:901:13
    at div
    at file:///Users/tran.duc.thang/Projects/pit/node_modules/.pnpm/@radix-ui+react-primitive@2.1.3_@types+react-dom@18.2.17_@types+react@18.2.43_react-dom_2161c237ea33b60c0cf3d21a889a9a3e/node_modules/@radix-ui/react-primitive/dist/index.mjs:28:13
    at file:///Users/tran.duc.thang/Projects/pit/node_modules/.pnpm/@radix-ui+react-slot@1.2.3_@types+react@18.2.43_react@18.2.0/node_modules/@radix-ui/react-slot/dist/index.mjs:33:13
    at file:///Users/tran.duc.thang/Projects/pit/node_modules/.pnpm/@radix-ui+react-slot@1.2.3_@types+react@18.2.43_react@18.2.0/node_modules/@radix-ui/react-slot/dist/index.mjs:9:13
    at file:///Users/tran.duc.thang/Projects/pit/node_modules/.pnpm/@radix-ui+react-collection@1.1.7_@types+react-dom@18.2.17_@types+react@18.2.43_react-do_a03fe685936792784d18791d9a1c5606/node_modules/@radix-ui/react-collection/dist/index.mjs:39:15
    at Provider (file:///Users/tran.duc.thang/Projects/pit/node_modules/.pnpm/@radix-ui+react-context@1.1.2_@types+react@18.2.43_react@18.2.0/node_modules/@radix-ui/react-context/dist/index.mjs:27:15)
    at file:///Users/tran.duc.thang/Projects/pit/node_modules/.pnpm/@radix-ui+react-select@2.2.6_@types+react-dom@18.2.17_@types+react@18.2.43_react-dom@18.2.0_react@18.2.0__react@18.2.0/node_modules/@radix-ui/react-select/dist/index.mjs:800:7
    at /Users/tran.duc.thang/Projects/pit/src/components/ui/select.tsx:174:56
    at div
    at file:///Users/tran.duc.thang/Projects/pit/node_modules/.pnpm/@radix-ui+react-primitive@2.1.3_@types+react-dom@18.2.17_@types+react@18.2.43_react-dom_2161c237ea33b60c0cf3d21a889a9a3e/node_modules/@radix-ui/react-primitive/dist/index.mjs:28:13
    at file:///Users/tran.duc.thang/Projects/pit/node_modules/.pnpm/@radix-ui+react-slot@1.2.3_@types+react@18.2.43_react@18.2.0/node_modules/@radix-ui/react-slot/dist/index.mjs:33:13
    at file:///Users/tran.duc.thang/Projects/pit/node_modules/.pnpm/@radix-ui+react-slot@1.2.3_@types+react@18.2.43_react@18.2.0/node_modules/@radix-ui/react-slot/dist/index.mjs:9:13
    at file:///Users/tran.duc.thang/Projects/pit/node_modules/.pnpm/@radix-ui+react-collection@1.1.7_@types+react-dom@18.2.17_@types+react@18.2.43_react-do_a03fe685936792784d18791d9a1c5606/node_modules/@radix-ui/react-collection/dist/index.mjs:27:15
    at file:///Users/tran.duc.thang/Projects/pit/node_modules/.pnpm/@radix-ui+react-select@2.2.6_@types+react-dom@18.2.17_@types+react@18.2.43_react-dom@18.2.0_react@18.2.0__react@18.2.0/node_modules/@radix-ui/react-select/dist/index.mjs:711:13
    at div
    at file:///Users/tran.duc.thang/Projects/pit/node_modules/.pnpm/@radix-ui+react-slot@1.2.3_@types+react@18.2.43_react@18.2.0/node_modules/@radix-ui/react-slot/dist/index.mjs:33:13
    at file:///Users/tran.duc.thang/Projects/pit/node_modules/.pnpm/@radix-ui+react-slot@1.2.3_@types+react@18.2.43_react@18.2.0/node_modules/@radix-ui/react-slot/dist/index.mjs:9:13
    at file:///Users/tran.duc.thang/Projects/pit/node_modules/.pnpm/@radix-ui+react-collection@1.1.7_@types+react-dom@18.2.17_@types+react@18.2.43_react-do_a03fe685936792784d18791d9a1c5606/node_modules/@radix-ui/react-collection/dist/index.mjs:27:15
    at Provider (file:///Users/tran.duc.thang/Projects/pit/node_modules/.pnpm/@radix-ui+react-context@1.1.2_@types+react@18.2.43_react@18.2.0/node_modules/@radix-ui/react-context/dist/index.mjs:27:15)
    at file:///Users/tran.duc.thang/Projects/pit/node_modules/.pnpm/@radix-ui+react-select@2.2.6_@types+react-dom@18.2.17_@types+react@18.2.43_react-dom@18.2.0_react@18.2.0__react@18.2.0/node_modules/@radix-ui/react-select/dist/index.mjs:256:58
    at file:///Users/tran.duc.thang/Projects/pit/node_modules/.pnpm/@radix-ui+react-slot@1.2.3_@types+react@18.2.43_react@18.2.0/node_modules/@radix-ui/react-slot/dist/index.mjs:33:13
    at file:///Users/tran.duc.thang/Projects/pit/node_modules/.pnpm/@radix-ui+react-slot@1.2.3_@types+react@18.2.43_react@18.2.0/node_modules/@radix-ui/react-slot/dist/index.mjs:9:13
    at file:///Users/tran.duc.thang/Projects/pit/node_modules/.pnpm/@radix-ui+react-primitive@2.1.3_@types+react-dom@18.2.17_@types+react@18.2.43_react-dom_2161c237ea33b60c0cf3d21a889a9a3e/node_modules/@radix-ui/react-primitive/dist/index.mjs:28:13
    at file:///Users/tran.duc.thang/Projects/pit/node_modules/.pnpm/@radix-ui+react-portal@1.1.9_@types+react-dom@18.2.17_@types+react@18.2.43_react-dom@18.2.0_react@18.2.0__react@18.2.0/node_modules/@radix-ui/react-portal/dist/index.mjs:11:22
    at SelectPortal
    at /Users/tran.duc.thang/Projects/pit/src/components/ui/select.tsx:101:59
    at Provider (file:///Users/tran.duc.thang/Projects/pit/node_modules/.pnpm/@radix-ui+react-context@1.1.2_@types+react@18.2.43_react@18.2.0/node_modules/@radix-ui/react-context/dist/index.mjs:27:15)
    at Provider (file:///Users/tran.duc.thang/Projects/pit/node_modules/.pnpm/@radix-ui+react-context@1.1.2_@types+react@18.2.43_react@18.2.0/node_modules/@radix-ui/react-context/dist/index.mjs:27:15)
    at CollectionProvider (file:///Users/tran.duc.thang/Projects/pit/node_modules/.pnpm/@radix-ui+react-collection@1.1.7_@types+react-dom@18.2.17_@types+react@18.2.43_react-do_a03fe685936792784d18791d9a1c5606/node_modules/@radix-ui/react-collection/dist/index.mjs:17:13)
    at Provider (file:///Users/tran.duc.thang/Projects/pit/node_modules/.pnpm/@radix-ui+react-context@1.1.2_@types+react@18.2.43_react@18.2.0/node_modules/@radix-ui/react-context/dist/index.mjs:27:15)
    at Provider (file:///Users/tran.duc.thang/Projects/pit/node_modules/.pnpm/@radix-ui+react-context@1.1.2_@types+react@18.2.43_react@18.2.0/node_modules/@radix-ui/react-context/dist/index.mjs:27:15)
    at Popper (file:///Users/tran.duc.thang/Projects/pit/node_modules/.pnpm/@radix-ui+react-popper@1.2.8_@types+react-dom@18.2.17_@types+react@18.2.43_react-dom@18.2.0_react@18.2.0__react@18.2.0/node_modules/@radix-ui/react-popper/dist/index.mjs:30:11)
    at Select (file:///Users/tran.duc.thang/Projects/pit/node_modules/.pnpm/@radix-ui+react-select@2.2.6_@types+react-dom@18.2.17_@types+react@18.2.43_react-dom@18.2.0_react@18.2.0__react@18.2.0/node_modules/@radix-ui/react-select/dist/index.mjs:42:5)
    at div
    at RegionSelector (/Users/tran.duc.thang/Projects/pit/src/components/RegionSelector.tsx:20:27)
    at div
    at /Users/tran.duc.thang/Projects/pit/src/components/ui/card.tsx:68:6
    at div
    at /Users/tran.duc.thang/Projects/pit/src/components/ui/card.tsx:14:6
    at CalculatorInputs (/Users/tran.duc.thang/Projects/pit/src/components/CalculatorInputs.tsx:19:3)
    at div
    at SalaryCalculator (/Users/tran.duc.thang/Projects/pit/src/components/SalaryCalculator.tsx:24:63)
    at ErrorBoundary (/Users/tran.duc.thang/Projects/pit/src/components/ErrorBoundary.tsx:13:5)
    at main
    at div
    at div
    at div
    at ErrorBoundary (/Users/tran.duc.thang/Projects/pit/src/components/ErrorBoundary.tsx:13:5)
    at App
Warning: An update to SelectItem inside a test was not wrapped in act(...).

When testing, code that causes React state updates should be wrapped into act(...):

act(() => {
  /* fire events that update state */
});
/* assert on the output */

This ensures that you're testing the behavior the user would see in the browser. Learn more at https://reactjs.org/link/wrap-tests-with-act
    at file:///Users/tran.duc.thang/Projects/pit/node_modules/.pnpm/@radix-ui+react-select@2.2.6_@types+react-dom@18.2.17_@types+react@18.2.43_react-dom@18.2.0_react@18.2.0__react@18.2.0/node_modules/@radix-ui/react-select/dist/index.mjs:800:7
    at /Users/tran.duc.thang/Projects/pit/src/components/ui/select.tsx:174:56
    at div
    at file:///Users/tran.duc.thang/Projects/pit/node_modules/.pnpm/@radix-ui+react-primitive@2.1.3_@types+react-dom@18.2.17_@types+react@18.2.43_react-dom_2161c237ea33b60c0cf3d21a889a9a3e/node_modules/@radix-ui/react-primitive/dist/index.mjs:28:13
    at file:///Users/tran.duc.thang/Projects/pit/node_modules/.pnpm/@radix-ui+react-slot@1.2.3_@types+react@18.2.43_react@18.2.0/node_modules/@radix-ui/react-slot/dist/index.mjs:33:13
    at file:///Users/tran.duc.thang/Projects/pit/node_modules/.pnpm/@radix-ui+react-slot@1.2.3_@types+react@18.2.43_react@18.2.0/node_modules/@radix-ui/react-slot/dist/index.mjs:9:13
    at file:///Users/tran.duc.thang/Projects/pit/node_modules/.pnpm/@radix-ui+react-collection@1.1.7_@types+react-dom@18.2.17_@types+react@18.2.43_react-do_a03fe685936792784d18791d9a1c5606/node_modules/@radix-ui/react-collection/dist/index.mjs:27:15
    at file:///Users/tran.duc.thang/Projects/pit/node_modules/.pnpm/@radix-ui+react-select@2.2.6_@types+react-dom@18.2.17_@types+react@18.2.43_react-dom@18.2.0_react@18.2.0__react@18.2.0/node_modules/@radix-ui/react-select/dist/index.mjs:711:13
    at div
    at file:///Users/tran.duc.thang/Projects/pit/node_modules/.pnpm/@radix-ui+react-slot@1.2.3_@types+react@18.2.43_react@18.2.0/node_modules/@radix-ui/react-slot/dist/index.mjs:33:13
    at file:///Users/tran.duc.thang/Projects/pit/node_modules/.pnpm/@radix-ui+react-slot@1.2.3_@types+react@18.2.43_react@18.2.0/node_modules/@radix-ui/react-slot/dist/index.mjs:9:13
    at file:///Users/tran.duc.thang/Projects/pit/node_modules/.pnpm/@radix-ui+react-collection@1.1.7_@types+react-dom@18.2.17_@types+react@18.2.43_react-do_a03fe685936792784d18791d9a1c5606/node_modules/@radix-ui/react-collection/dist/index.mjs:27:15
    at Provider (file:///Users/tran.duc.thang/Projects/pit/node_modules/.pnpm/@radix-ui+react-context@1.1.2_@types+react@18.2.43_react@18.2.0/node_modules/@radix-ui/react-context/dist/index.mjs:27:15)
    at file:///Users/tran.duc.thang/Projects/pit/node_modules/.pnpm/@radix-ui+react-select@2.2.6_@types+react-dom@18.2.17_@types+react@18.2.43_react-dom@18.2.0_react@18.2.0__react@18.2.0/node_modules/@radix-ui/react-select/dist/index.mjs:256:58
    at file:///Users/tran.duc.thang/Projects/pit/node_modules/.pnpm/@radix-ui+react-slot@1.2.3_@types+react@18.2.43_react@18.2.0/node_modules/@radix-ui/react-slot/dist/index.mjs:33:13
    at file:///Users/tran.duc.thang/Projects/pit/node_modules/.pnpm/@radix-ui+react-slot@1.2.3_@types+react@18.2.43_react@18.2.0/node_modules/@radix-ui/react-slot/dist/index.mjs:9:13
    at file:///Users/tran.duc.thang/Projects/pit/node_modules/.pnpm/@radix-ui+react-primitive@2.1.3_@types+react-dom@18.2.17_@types+react@18.2.43_react-dom_2161c237ea33b60c0cf3d21a889a9a3e/node_modules/@radix-ui/react-primitive/dist/index.mjs:28:13
    at file:///Users/tran.duc.thang/Projects/pit/node_modules/.pnpm/@radix-ui+react-portal@1.1.9_@types+react-dom@18.2.17_@types+react@18.2.43_react-dom@18.2.0_react@18.2.0__react@18.2.0/node_modules/@radix-ui/react-portal/dist/index.mjs:11:22
    at SelectPortal
    at /Users/tran.duc.thang/Projects/pit/src/components/ui/select.tsx:101:59
    at Provider (file:///Users/tran.duc.thang/Projects/pit/node_modules/.pnpm/@radix-ui+react-context@1.1.2_@types+react@18.2.43_react@18.2.0/node_modules/@radix-ui/react-context/dist/index.mjs:27:15)
    at Provider (file:///Users/tran.duc.thang/Projects/pit/node_modules/.pnpm/@radix-ui+react-context@1.1.2_@types+react@18.2.43_react@18.2.0/node_modules/@radix-ui/react-context/dist/index.mjs:27:15)
    at CollectionProvider (file:///Users/tran.duc.thang/Projects/pit/node_modules/.pnpm/@radix-ui+react-collection@1.1.7_@types+react-dom@18.2.17_@types+react@18.2.43_react-do_a03fe685936792784d18791d9a1c5606/node_modules/@radix-ui/react-collection/dist/index.mjs:17:13)
    at Provider (file:///Users/tran.duc.thang/Projects/pit/node_modules/.pnpm/@radix-ui+react-context@1.1.2_@types+react@18.2.43_react@18.2.0/node_modules/@radix-ui/react-context/dist/index.mjs:27:15)
    at Provider (file:///Users/tran.duc.thang/Projects/pit/node_modules/.pnpm/@radix-ui+react-context@1.1.2_@types+react@18.2.43_react@18.2.0/node_modules/@radix-ui/react-context/dist/index.mjs:27:15)
    at Popper (file:///Users/tran.duc.thang/Projects/pit/node_modules/.pnpm/@radix-ui+react-popper@1.2.8_@types+react-dom@18.2.17_@types+react@18.2.43_react-dom@18.2.0_react@18.2.0__react@18.2.0/node_modules/@radix-ui/react-popper/dist/index.mjs:30:11)
    at Select (file:///Users/tran.duc.thang/Projects/pit/node_modules/.pnpm/@radix-ui+react-select@2.2.6_@types+react-dom@18.2.17_@types+react@18.2.43_react-dom@18.2.0_react@18.2.0__react@18.2.0/node_modules/@radix-ui/react-select/dist/index.mjs:42:5)
    at div
    at RegionSelector (/Users/tran.duc.thang/Projects/pit/src/components/RegionSelector.tsx:20:27)
    at div
    at /Users/tran.duc.thang/Projects/pit/src/components/ui/card.tsx:68:6
    at div
    at /Users/tran.duc.thang/Projects/pit/src/components/ui/card.tsx:14:6
    at CalculatorInputs (/Users/tran.duc.thang/Projects/pit/src/components/CalculatorInputs.tsx:19:3)
    at div
    at SalaryCalculator (/Users/tran.duc.thang/Projects/pit/src/components/SalaryCalculator.tsx:24:63)
    at ErrorBoundary (/Users/tran.duc.thang/Projects/pit/src/components/ErrorBoundary.tsx:13:5)
    at main
    at div
    at div
    at div
    at ErrorBoundary (/Users/tran.duc.thang/Projects/pit/src/components/ErrorBoundary.tsx:13:5)
    at App
Warning: An update to SelectItemText inside a test was not wrapped in act(...).

When testing, code that causes React state updates should be wrapped into act(...):

act(() => {
  /* fire events that update state */
});
/* assert on the output */

This ensures that you're testing the behavior the user would see in the browser. Learn more at https://reactjs.org/link/wrap-tests-with-act
    at file:///Users/tran.duc.thang/Projects/pit/node_modules/.pnpm/@radix-ui+react-select@2.2.6_@types+react-dom@18.2.17_@types+react@18.2.43_react-dom@18.2.0_react@18.2.0__react@18.2.0/node_modules/@radix-ui/react-select/dist/index.mjs:901:13
    at div
    at file:///Users/tran.duc.thang/Projects/pit/node_modules/.pnpm/@radix-ui+react-primitive@2.1.3_@types+react-dom@18.2.17_@types+react@18.2.43_react-dom_2161c237ea33b60c0cf3d21a889a9a3e/node_modules/@radix-ui/react-primitive/dist/index.mjs:28:13
    at file:///Users/tran.duc.thang/Projects/pit/node_modules/.pnpm/@radix-ui+react-slot@1.2.3_@types+react@18.2.43_react@18.2.0/node_modules/@radix-ui/react-slot/dist/index.mjs:33:13
    at file:///Users/tran.duc.thang/Projects/pit/node_modules/.pnpm/@radix-ui+react-slot@1.2.3_@types+react@18.2.43_react@18.2.0/node_modules/@radix-ui/react-slot/dist/index.mjs:9:13
    at file:///Users/tran.duc.thang/Projects/pit/node_modules/.pnpm/@radix-ui+react-collection@1.1.7_@types+react-dom@18.2.17_@types+react@18.2.43_react-do_a03fe685936792784d18791d9a1c5606/node_modules/@radix-ui/react-collection/dist/index.mjs:39:15
    at Provider (file:///Users/tran.duc.thang/Projects/pit/node_modules/.pnpm/@radix-ui+react-context@1.1.2_@types+react@18.2.43_react@18.2.0/node_modules/@radix-ui/react-context/dist/index.mjs:27:15)
    at file:///Users/tran.duc.thang/Projects/pit/node_modules/.pnpm/@radix-ui+react-select@2.2.6_@types+react-dom@18.2.17_@types+react@18.2.43_react-dom@18.2.0_react@18.2.0__react@18.2.0/node_modules/@radix-ui/react-select/dist/index.mjs:800:7
    at /Users/tran.duc.thang/Projects/pit/src/components/ui/select.tsx:174:56
    at div
    at file:///Users/tran.duc.thang/Projects/pit/node_modules/.pnpm/@radix-ui+react-primitive@2.1.3_@types+react-dom@18.2.17_@types+react@18.2.43_react-dom_2161c237ea33b60c0cf3d21a889a9a3e/node_modules/@radix-ui/react-primitive/dist/index.mjs:28:13
    at file:///Users/tran.duc.thang/Projects/pit/node_modules/.pnpm/@radix-ui+react-slot@1.2.3_@types+react@18.2.43_react@18.2.0/node_modules/@radix-ui/react-slot/dist/index.mjs:33:13
    at file:///Users/tran.duc.thang/Projects/pit/node_modules/.pnpm/@radix-ui+react-slot@1.2.3_@types+react@18.2.43_react@18.2.0/node_modules/@radix-ui/react-slot/dist/index.mjs:9:13
    at file:///Users/tran.duc.thang/Projects/pit/node_modules/.pnpm/@radix-ui+react-collection@1.1.7_@types+react-dom@18.2.17_@types+react@18.2.43_react-do_a03fe685936792784d18791d9a1c5606/node_modules/@radix-ui/react-collection/dist/index.mjs:27:15
    at file:///Users/tran.duc.thang/Projects/pit/node_modules/.pnpm/@radix-ui+react-select@2.2.6_@types+react-dom@18.2.17_@types+react@18.2.43_react-dom@18.2.0_react@18.2.0__react@18.2.0/node_modules/@radix-ui/react-select/dist/index.mjs:711:13
    at div
    at file:///Users/tran.duc.thang/Projects/pit/node_modules/.pnpm/@radix-ui+react-slot@1.2.3_@types+react@18.2.43_react@18.2.0/node_modules/@radix-ui/react-slot/dist/index.mjs:33:13
    at file:///Users/tran.duc.thang/Projects/pit/node_modules/.pnpm/@radix-ui+react-slot@1.2.3_@types+react@18.2.43_react@18.2.0/node_modules/@radix-ui/react-slot/dist/index.mjs:9:13
    at file:///Users/tran.duc.thang/Projects/pit/node_modules/.pnpm/@radix-ui+react-collection@1.1.7_@types+react-dom@18.2.17_@types+react@18.2.43_react-do_a03fe685936792784d18791d9a1c5606/node_modules/@radix-ui/react-collection/dist/index.mjs:27:15
    at Provider (file:///Users/tran.duc.thang/Projects/pit/node_modules/.pnpm/@radix-ui+react-context@1.1.2_@types+react@18.2.43_react@18.2.0/node_modules/@radix-ui/react-context/dist/index.mjs:27:15)
    at file:///Users/tran.duc.thang/Projects/pit/node_modules/.pnpm/@radix-ui+react-select@2.2.6_@types+react-dom@18.2.17_@types+react@18.2.43_react-dom@18.2.0_react@18.2.0__react@18.2.0/node_modules/@radix-ui/react-select/dist/index.mjs:256:58
    at file:///Users/tran.duc.thang/Projects/pit/node_modules/.pnpm/@radix-ui+react-slot@1.2.3_@types+react@18.2.43_react@18.2.0/node_modules/@radix-ui/react-slot/dist/index.mjs:33:13
    at file:///Users/tran.duc.thang/Projects/pit/node_modules/.pnpm/@radix-ui+react-slot@1.2.3_@types+react@18.2.43_react@18.2.0/node_modules/@radix-ui/react-slot/dist/index.mjs:9:13
    at file:///Users/tran.duc.thang/Projects/pit/node_modules/.pnpm/@radix-ui+react-primitive@2.1.3_@types+react-dom@18.2.17_@types+react@18.2.43_react-dom_2161c237ea33b60c0cf3d21a889a9a3e/node_modules/@radix-ui/react-primitive/dist/index.mjs:28:13
    at file:///Users/tran.duc.thang/Projects/pit/node_modules/.pnpm/@radix-ui+react-portal@1.1.9_@types+react-dom@18.2.17_@types+react@18.2.43_react-dom@18.2.0_react@18.2.0__react@18.2.0/node_modules/@radix-ui/react-portal/dist/index.mjs:11:22
    at SelectPortal
    at /Users/tran.duc.thang/Projects/pit/src/components/ui/select.tsx:101:59
    at Provider (file:///Users/tran.duc.thang/Projects/pit/node_modules/.pnpm/@radix-ui+react-context@1.1.2_@types+react@18.2.43_react@18.2.0/node_modules/@radix-ui/react-context/dist/index.mjs:27:15)
    at Provider (file:///Users/tran.duc.thang/Projects/pit/node_modules/.pnpm/@radix-ui+react-context@1.1.2_@types+react@18.2.43_react@18.2.0/node_modules/@radix-ui/react-context/dist/index.mjs:27:15)
    at CollectionProvider (file:///Users/tran.duc.thang/Projects/pit/node_modules/.pnpm/@radix-ui+react-collection@1.1.7_@types+react-dom@18.2.17_@types+react@18.2.43_react-do_a03fe685936792784d18791d9a1c5606/node_modules/@radix-ui/react-collection/dist/index.mjs:17:13)
    at Provider (file:///Users/tran.duc.thang/Projects/pit/node_modules/.pnpm/@radix-ui+react-context@1.1.2_@types+react@18.2.43_react@18.2.0/node_modules/@radix-ui/react-context/dist/index.mjs:27:15)
    at Provider (file:///Users/tran.duc.thang/Projects/pit/node_modules/.pnpm/@radix-ui+react-context@1.1.2_@types+react@18.2.43_react@18.2.0/node_modules/@radix-ui/react-context/dist/index.mjs:27:15)
    at Popper (file:///Users/tran.duc.thang/Projects/pit/node_modules/.pnpm/@radix-ui+react-popper@1.2.8_@types+react-dom@18.2.17_@types+react@18.2.43_react-dom@18.2.0_react@18.2.0__react@18.2.0/node_modules/@radix-ui/react-popper/dist/index.mjs:30:11)
    at Select (file:///Users/tran.duc.thang/Projects/pit/node_modules/.pnpm/@radix-ui+react-select@2.2.6_@types+react-dom@18.2.17_@types+react@18.2.43_react-dom@18.2.0_react@18.2.0__react@18.2.0/node_modules/@radix-ui/react-select/dist/index.mjs:42:5)
    at div
    at RegionSelector (/Users/tran.duc.thang/Projects/pit/src/components/RegionSelector.tsx:20:27)
    at div
    at /Users/tran.duc.thang/Projects/pit/src/components/ui/card.tsx:68:6
    at div
    at /Users/tran.duc.thang/Projects/pit/src/components/ui/card.tsx:14:6
    at CalculatorInputs (/Users/tran.duc.thang/Projects/pit/src/components/CalculatorInputs.tsx:19:3)
    at div
    at SalaryCalculator (/Users/tran.duc.thang/Projects/pit/src/components/SalaryCalculator.tsx:24:63)
    at ErrorBoundary (/Users/tran.duc.thang/Projects/pit/src/components/ErrorBoundary.tsx:13:5)
    at main
    at div
    at div
    at div
    at ErrorBoundary (/Users/tran.duc.thang/Projects/pit/src/components/ErrorBoundary.tsx:13:5)
    at App
Warning: An update to SelectItem inside a test was not wrapped in act(...).

When testing, code that causes React state updates should be wrapped into act(...):

act(() => {
  /* fire events that update state */
});
/* assert on the output */

This ensures that you're testing the behavior the user would see in the browser. Learn more at https://reactjs.org/link/wrap-tests-with-act
    at file:///Users/tran.duc.thang/Projects/pit/node_modules/.pnpm/@radix-ui+react-select@2.2.6_@types+react-dom@18.2.17_@types+react@18.2.43_react-dom@18.2.0_react@18.2.0__react@18.2.0/node_modules/@radix-ui/react-select/dist/index.mjs:800:7
    at /Users/tran.duc.thang/Projects/pit/src/components/ui/select.tsx:174:56
    at div
    at file:///Users/tran.duc.thang/Projects/pit/node_modules/.pnpm/@radix-ui+react-primitive@2.1.3_@types+react-dom@18.2.17_@types+react@18.2.43_react-dom_2161c237ea33b60c0cf3d21a889a9a3e/node_modules/@radix-ui/react-primitive/dist/index.mjs:28:13
    at file:///Users/tran.duc.thang/Projects/pit/node_modules/.pnpm/@radix-ui+react-slot@1.2.3_@types+react@18.2.43_react@18.2.0/node_modules/@radix-ui/react-slot/dist/index.mjs:33:13
    at file:///Users/tran.duc.thang/Projects/pit/node_modules/.pnpm/@radix-ui+react-slot@1.2.3_@types+react@18.2.43_react@18.2.0/node_modules/@radix-ui/react-slot/dist/index.mjs:9:13
    at file:///Users/tran.duc.thang/Projects/pit/node_modules/.pnpm/@radix-ui+react-collection@1.1.7_@types+react-dom@18.2.17_@types+react@18.2.43_react-do_a03fe685936792784d18791d9a1c5606/node_modules/@radix-ui/react-collection/dist/index.mjs:27:15
    at file:///Users/tran.duc.thang/Projects/pit/node_modules/.pnpm/@radix-ui+react-select@2.2.6_@types+react-dom@18.2.17_@types+react@18.2.43_react-dom@18.2.0_react@18.2.0__react@18.2.0/node_modules/@radix-ui/react-select/dist/index.mjs:711:13
    at div
    at file:///Users/tran.duc.thang/Projects/pit/node_modules/.pnpm/@radix-ui+react-slot@1.2.3_@types+react@18.2.43_react@18.2.0/node_modules/@radix-ui/react-slot/dist/index.mjs:33:13
    at file:///Users/tran.duc.thang/Projects/pit/node_modules/.pnpm/@radix-ui+react-slot@1.2.3_@types+react@18.2.43_react@18.2.0/node_modules/@radix-ui/react-slot/dist/index.mjs:9:13
    at file:///Users/tran.duc.thang/Projects/pit/node_modules/.pnpm/@radix-ui+react-collection@1.1.7_@types+react-dom@18.2.17_@types+react@18.2.43_react-do_a03fe685936792784d18791d9a1c5606/node_modules/@radix-ui/react-collection/dist/index.mjs:27:15
    at Provider (file:///Users/tran.duc.thang/Projects/pit/node_modules/.pnpm/@radix-ui+react-context@1.1.2_@types+react@18.2.43_react@18.2.0/node_modules/@radix-ui/react-context/dist/index.mjs:27:15)
    at file:///Users/tran.duc.thang/Projects/pit/node_modules/.pnpm/@radix-ui+react-select@2.2.6_@types+react-dom@18.2.17_@types+react@18.2.43_react-dom@18.2.0_react@18.2.0__react@18.2.0/node_modules/@radix-ui/react-select/dist/index.mjs:256:58
    at file:///Users/tran.duc.thang/Projects/pit/node_modules/.pnpm/@radix-ui+react-slot@1.2.3_@types+react@18.2.43_react@18.2.0/node_modules/@radix-ui/react-slot/dist/index.mjs:33:13
    at file:///Users/tran.duc.thang/Projects/pit/node_modules/.pnpm/@radix-ui+react-slot@1.2.3_@types+react@18.2.43_react@18.2.0/node_modules/@radix-ui/react-slot/dist/index.mjs:9:13
    at file:///Users/tran.duc.thang/Projects/pit/node_modules/.pnpm/@radix-ui+react-primitive@2.1.3_@types+react-dom@18.2.17_@types+react@18.2.43_react-dom_2161c237ea33b60c0cf3d21a889a9a3e/node_modules/@radix-ui/react-primitive/dist/index.mjs:28:13
    at file:///Users/tran.duc.thang/Projects/pit/node_modules/.pnpm/@radix-ui+react-portal@1.1.9_@types+react-dom@18.2.17_@types+react@18.2.43_react-dom@18.2.0_react@18.2.0__react@18.2.0/node_modules/@radix-ui/react-portal/dist/index.mjs:11:22
    at SelectPortal
    at /Users/tran.duc.thang/Projects/pit/src/components/ui/select.tsx:101:59
    at Provider (file:///Users/tran.duc.thang/Projects/pit/node_modules/.pnpm/@radix-ui+react-context@1.1.2_@types+react@18.2.43_react@18.2.0/node_modules/@radix-ui/react-context/dist/index.mjs:27:15)
    at Provider (file:///Users/tran.duc.thang/Projects/pit/node_modules/.pnpm/@radix-ui+react-context@1.1.2_@types+react@18.2.43_react@18.2.0/node_modules/@radix-ui/react-context/dist/index.mjs:27:15)
    at CollectionProvider (file:///Users/tran.duc.thang/Projects/pit/node_modules/.pnpm/@radix-ui+react-collection@1.1.7_@types+react-dom@18.2.17_@types+react@18.2.43_react-do_a03fe685936792784d18791d9a1c5606/node_modules/@radix-ui/react-collection/dist/index.mjs:17:13)
    at Provider (file:///Users/tran.duc.thang/Projects/pit/node_modules/.pnpm/@radix-ui+react-context@1.1.2_@types+react@18.2.43_react@18.2.0/node_modules/@radix-ui/react-context/dist/index.mjs:27:15)
    at Provider (file:///Users/tran.duc.thang/Projects/pit/node_modules/.pnpm/@radix-ui+react-context@1.1.2_@types+react@18.2.43_react@18.2.0/node_modules/@radix-ui/react-context/dist/index.mjs:27:15)
    at Popper (file:///Users/tran.duc.thang/Projects/pit/node_modules/.pnpm/@radix-ui+react-popper@1.2.8_@types+react-dom@18.2.17_@types+react@18.2.43_react-dom@18.2.0_react@18.2.0__react@18.2.0/node_modules/@radix-ui/react-popper/dist/index.mjs:30:11)
    at Select (file:///Users/tran.duc.thang/Projects/pit/node_modules/.pnpm/@radix-ui+react-select@2.2.6_@types+react-dom@18.2.17_@types+react@18.2.43_react-dom@18.2.0_react@18.2.0__react@18.2.0/node_modules/@radix-ui/react-select/dist/index.mjs:42:5)
    at div
    at RegionSelector (/Users/tran.duc.thang/Projects/pit/src/components/RegionSelector.tsx:20:27)
    at div
    at /Users/tran.duc.thang/Projects/pit/src/components/ui/card.tsx:68:6
    at div
    at /Users/tran.duc.thang/Projects/pit/src/components/ui/card.tsx:14:6
    at CalculatorInputs (/Users/tran.duc.thang/Projects/pit/src/components/CalculatorInputs.tsx:19:3)
    at div
    at SalaryCalculator (/Users/tran.duc.thang/Projects/pit/src/components/SalaryCalculator.tsx:24:63)
    at ErrorBoundary (/Users/tran.duc.thang/Projects/pit/src/components/ErrorBoundary.tsx:13:5)
    at main
    at div
    at div
    at div
    at ErrorBoundary (/Users/tran.duc.thang/Projects/pit/src/components/ErrorBoundary.tsx:13:5)
    at App
Warning: An update to SelectItemText inside a test was not wrapped in act(...).

When testing, code that causes React state updates should be wrapped into act(...):

act(() => {
  /* fire events that update state */
});
/* assert on the output */

This ensures that you're testing the behavior the user would see in the browser. Learn more at https://reactjs.org/link/wrap-tests-with-act
    at file:///Users/tran.duc.thang/Projects/pit/node_modules/.pnpm/@radix-ui+react-select@2.2.6_@types+react-dom@18.2.17_@types+react@18.2.43_react-dom@18.2.0_react@18.2.0__react@18.2.0/node_modules/@radix-ui/react-select/dist/index.mjs:901:13
    at div
    at file:///Users/tran.duc.thang/Projects/pit/node_modules/.pnpm/@radix-ui+react-primitive@2.1.3_@types+react-dom@18.2.17_@types+react@18.2.43_react-dom_2161c237ea33b60c0cf3d21a889a9a3e/node_modules/@radix-ui/react-primitive/dist/index.mjs:28:13
    at file:///Users/tran.duc.thang/Projects/pit/node_modules/.pnpm/@radix-ui+react-slot@1.2.3_@types+react@18.2.43_react@18.2.0/node_modules/@radix-ui/react-slot/dist/index.mjs:33:13
    at file:///Users/tran.duc.thang/Projects/pit/node_modules/.pnpm/@radix-ui+react-slot@1.2.3_@types+react@18.2.43_react@18.2.0/node_modules/@radix-ui/react-slot/dist/index.mjs:9:13
    at file:///Users/tran.duc.thang/Projects/pit/node_modules/.pnpm/@radix-ui+react-collection@1.1.7_@types+react-dom@18.2.17_@types+react@18.2.43_react-do_a03fe685936792784d18791d9a1c5606/node_modules/@radix-ui/react-collection/dist/index.mjs:39:15
    at Provider (file:///Users/tran.duc.thang/Projects/pit/node_modules/.pnpm/@radix-ui+react-context@1.1.2_@types+react@18.2.43_react@18.2.0/node_modules/@radix-ui/react-context/dist/index.mjs:27:15)
    at file:///Users/tran.duc.thang/Projects/pit/node_modules/.pnpm/@radix-ui+react-select@2.2.6_@types+react-dom@18.2.17_@types+react@18.2.43_react-dom@18.2.0_react@18.2.0__react@18.2.0/node_modules/@radix-ui/react-select/dist/index.mjs:800:7
    at /Users/tran.duc.thang/Projects/pit/src/components/ui/select.tsx:174:56
    at div
    at file:///Users/tran.duc.thang/Projects/pit/node_modules/.pnpm/@radix-ui+react-primitive@2.1.3_@types+react-dom@18.2.17_@types+react@18.2.43_react-dom_2161c237ea33b60c0cf3d21a889a9a3e/node_modules/@radix-ui/react-primitive/dist/index.mjs:28:13
    at file:///Users/tran.duc.thang/Projects/pit/node_modules/.pnpm/@radix-ui+react-slot@1.2.3_@types+react@18.2.43_react@18.2.0/node_modules/@radix-ui/react-slot/dist/index.mjs:33:13
    at file:///Users/tran.duc.thang/Projects/pit/node_modules/.pnpm/@radix-ui+react-slot@1.2.3_@types+react@18.2.43_react@18.2.0/node_modules/@radix-ui/react-slot/dist/index.mjs:9:13
    at file:///Users/tran.duc.thang/Projects/pit/node_modules/.pnpm/@radix-ui+react-collection@1.1.7_@types+react-dom@18.2.17_@types+react@18.2.43_react-do_a03fe685936792784d18791d9a1c5606/node_modules/@radix-ui/react-collection/dist/index.mjs:27:15
    at file:///Users/tran.duc.thang/Projects/pit/node_modules/.pnpm/@radix-ui+react-select@2.2.6_@types+react-dom@18.2.17_@types+react@18.2.43_react-dom@18.2.0_react@18.2.0__react@18.2.0/node_modules/@radix-ui/react-select/dist/index.mjs:711:13
    at div
    at file:///Users/tran.duc.thang/Projects/pit/node_modules/.pnpm/@radix-ui+react-slot@1.2.3_@types+react@18.2.43_react@18.2.0/node_modules/@radix-ui/react-slot/dist/index.mjs:33:13
    at file:///Users/tran.duc.thang/Projects/pit/node_modules/.pnpm/@radix-ui+react-slot@1.2.3_@types+react@18.2.43_react@18.2.0/node_modules/@radix-ui/react-slot/dist/index.mjs:9:13
    at file:///Users/tran.duc.thang/Projects/pit/node_modules/.pnpm/@radix-ui+react-collection@1.1.7_@types+react-dom@18.2.17_@types+react@18.2.43_react-do_a03fe685936792784d18791d9a1c5606/node_modules/@radix-ui/react-collection/dist/index.mjs:27:15
    at Provider (file:///Users/tran.duc.thang/Projects/pit/node_modules/.pnpm/@radix-ui+react-context@1.1.2_@types+react@18.2.43_react@18.2.0/node_modules/@radix-ui/react-context/dist/index.mjs:27:15)
    at file:///Users/tran.duc.thang/Projects/pit/node_modules/.pnpm/@radix-ui+react-select@2.2.6_@types+react-dom@18.2.17_@types+react@18.2.43_react-dom@18.2.0_react@18.2.0__react@18.2.0/node_modules/@radix-ui/react-select/dist/index.mjs:256:58
    at file:///Users/tran.duc.thang/Projects/pit/node_modules/.pnpm/@radix-ui+react-slot@1.2.3_@types+react@18.2.43_react@18.2.0/node_modules/@radix-ui/react-slot/dist/index.mjs:33:13
    at file:///Users/tran.duc.thang/Projects/pit/node_modules/.pnpm/@radix-ui+react-slot@1.2.3_@types+react@18.2.43_react@18.2.0/node_modules/@radix-ui/react-slot/dist/index.mjs:9:13
    at file:///Users/tran.duc.thang/Projects/pit/node_modules/.pnpm/@radix-ui+react-primitive@2.1.3_@types+react-dom@18.2.17_@types+react@18.2.43_react-dom_2161c237ea33b60c0cf3d21a889a9a3e/node_modules/@radix-ui/react-primitive/dist/index.mjs:28:13
    at file:///Users/tran.duc.thang/Projects/pit/node_modules/.pnpm/@radix-ui+react-portal@1.1.9_@types+react-dom@18.2.17_@types+react@18.2.43_react-dom@18.2.0_react@18.2.0__react@18.2.0/node_modules/@radix-ui/react-portal/dist/index.mjs:11:22
    at SelectPortal
    at /Users/tran.duc.thang/Projects/pit/src/components/ui/select.tsx:101:59
    at Provider (file:///Users/tran.duc.thang/Projects/pit/node_modules/.pnpm/@radix-ui+react-context@1.1.2_@types+react@18.2.43_react@18.2.0/node_modules/@radix-ui/react-context/dist/index.mjs:27:15)
    at Provider (file:///Users/tran.duc.thang/Projects/pit/node_modules/.pnpm/@radix-ui+react-context@1.1.2_@types+react@18.2.43_react@18.2.0/node_modules/@radix-ui/react-context/dist/index.mjs:27:15)
    at CollectionProvider (file:///Users/tran.duc.thang/Projects/pit/node_modules/.pnpm/@radix-ui+react-collection@1.1.7_@types+react-dom@18.2.17_@types+react@18.2.43_react-do_a03fe685936792784d18791d9a1c5606/node_modules/@radix-ui/react-collection/dist/index.mjs:17:13)
    at Provider (file:///Users/tran.duc.thang/Projects/pit/node_modules/.pnpm/@radix-ui+react-context@1.1.2_@types+react@18.2.43_react@18.2.0/node_modules/@radix-ui/react-context/dist/index.mjs:27:15)
    at Provider (file:///Users/tran.duc.thang/Projects/pit/node_modules/.pnpm/@radix-ui+react-context@1.1.2_@types+react@18.2.43_react@18.2.0/node_modules/@radix-ui/react-context/dist/index.mjs:27:15)
    at Popper (file:///Users/tran.duc.thang/Projects/pit/node_modules/.pnpm/@radix-ui+react-popper@1.2.8_@types+react-dom@18.2.17_@types+react@18.2.43_react-dom@18.2.0_react@18.2.0__react@18.2.0/node_modules/@radix-ui/react-popper/dist/index.mjs:30:11)
    at Select (file:///Users/tran.duc.thang/Projects/pit/node_modules/.pnpm/@radix-ui+react-select@2.2.6_@types+react-dom@18.2.17_@types+react@18.2.43_react-dom@18.2.0_react@18.2.0__react@18.2.0/node_modules/@radix-ui/react-select/dist/index.mjs:42:5)
    at div
    at RegionSelector (/Users/tran.duc.thang/Projects/pit/src/components/RegionSelector.tsx:20:27)
    at div
    at /Users/tran.duc.thang/Projects/pit/src/components/ui/card.tsx:68:6
    at div
    at /Users/tran.duc.thang/Projects/pit/src/components/ui/card.tsx:14:6
    at CalculatorInputs (/Users/tran.duc.thang/Projects/pit/src/components/CalculatorInputs.tsx:19:3)
    at div
    at SalaryCalculator (/Users/tran.duc.thang/Projects/pit/src/components/SalaryCalculator.tsx:24:63)
    at ErrorBoundary (/Users/tran.duc.thang/Projects/pit/src/components/ErrorBoundary.tsx:13:5)
    at main
    at div
    at div
    at div
    at ErrorBoundary (/Users/tran.duc.thang/Projects/pit/src/components/ErrorBoundary.tsx:13:5)
    at App
Warning: An update to SelectItem inside a test was not wrapped in act(...).

When testing, code that causes React state updates should be wrapped into act(...):

act(() => {
  /* fire events that update state */
});
/* assert on the output */

This ensures that you're testing the behavior the user would see in the browser. Learn more at https://reactjs.org/link/wrap-tests-with-act
    at file:///Users/tran.duc.thang/Projects/pit/node_modules/.pnpm/@radix-ui+react-select@2.2.6_@types+react-dom@18.2.17_@types+react@18.2.43_react-dom@18.2.0_react@18.2.0__react@18.2.0/node_modules/@radix-ui/react-select/dist/index.mjs:800:7
    at /Users/tran.duc.thang/Projects/pit/src/components/ui/select.tsx:174:56
    at div
    at file:///Users/tran.duc.thang/Projects/pit/node_modules/.pnpm/@radix-ui+react-primitive@2.1.3_@types+react-dom@18.2.17_@types+react@18.2.43_react-dom_2161c237ea33b60c0cf3d21a889a9a3e/node_modules/@radix-ui/react-primitive/dist/index.mjs:28:13
    at file:///Users/tran.duc.thang/Projects/pit/node_modules/.pnpm/@radix-ui+react-slot@1.2.3_@types+react@18.2.43_react@18.2.0/node_modules/@radix-ui/react-slot/dist/index.mjs:33:13
    at file:///Users/tran.duc.thang/Projects/pit/node_modules/.pnpm/@radix-ui+react-slot@1.2.3_@types+react@18.2.43_react@18.2.0/node_modules/@radix-ui/react-slot/dist/index.mjs:9:13
    at file:///Users/tran.duc.thang/Projects/pit/node_modules/.pnpm/@radix-ui+react-collection@1.1.7_@types+react-dom@18.2.17_@types+react@18.2.43_react-do_a03fe685936792784d18791d9a1c5606/node_modules/@radix-ui/react-collection/dist/index.mjs:27:15
    at file:///Users/tran.duc.thang/Projects/pit/node_modules/.pnpm/@radix-ui+react-select@2.2.6_@types+react-dom@18.2.17_@types+react@18.2.43_react-dom@18.2.0_react@18.2.0__react@18.2.0/node_modules/@radix-ui/react-select/dist/index.mjs:711:13
    at div
    at file:///Users/tran.duc.thang/Projects/pit/node_modules/.pnpm/@radix-ui+react-slot@1.2.3_@types+react@18.2.43_react@18.2.0/node_modules/@radix-ui/react-slot/dist/index.mjs:33:13
    at file:///Users/tran.duc.thang/Projects/pit/node_modules/.pnpm/@radix-ui+react-slot@1.2.3_@types+react@18.2.43_react@18.2.0/node_modules/@radix-ui/react-slot/dist/index.mjs:9:13
    at file:///Users/tran.duc.thang/Projects/pit/node_modules/.pnpm/@radix-ui+react-collection@1.1.7_@types+react-dom@18.2.17_@types+react@18.2.43_react-do_a03fe685936792784d18791d9a1c5606/node_modules/@radix-ui/react-collection/dist/index.mjs:27:15
    at Provider (file:///Users/tran.duc.thang/Projects/pit/node_modules/.pnpm/@radix-ui+react-context@1.1.2_@types+react@18.2.43_react@18.2.0/node_modules/@radix-ui/react-context/dist/index.mjs:27:15)
    at file:///Users/tran.duc.thang/Projects/pit/node_modules/.pnpm/@radix-ui+react-select@2.2.6_@types+react-dom@18.2.17_@types+react@18.2.43_react-dom@18.2.0_react@18.2.0__react@18.2.0/node_modules/@radix-ui/react-select/dist/index.mjs:256:58
    at file:///Users/tran.duc.thang/Projects/pit/node_modules/.pnpm/@radix-ui+react-slot@1.2.3_@types+react@18.2.43_react@18.2.0/node_modules/@radix-ui/react-slot/dist/index.mjs:33:13
    at file:///Users/tran.duc.thang/Projects/pit/node_modules/.pnpm/@radix-ui+react-slot@1.2.3_@types+react@18.2.43_react@18.2.0/node_modules/@radix-ui/react-slot/dist/index.mjs:9:13
    at file:///Users/tran.duc.thang/Projects/pit/node_modules/.pnpm/@radix-ui+react-primitive@2.1.3_@types+react-dom@18.2.17_@types+react@18.2.43_react-dom_2161c237ea33b60c0cf3d21a889a9a3e/node_modules/@radix-ui/react-primitive/dist/index.mjs:28:13
    at file:///Users/tran.duc.thang/Projects/pit/node_modules/.pnpm/@radix-ui+react-portal@1.1.9_@types+react-dom@18.2.17_@types+react@18.2.43_react-dom@18.2.0_react@18.2.0__react@18.2.0/node_modules/@radix-ui/react-portal/dist/index.mjs:11:22
    at SelectPortal
    at /Users/tran.duc.thang/Projects/pit/src/components/ui/select.tsx:101:59
    at Provider (file:///Users/tran.duc.thang/Projects/pit/node_modules/.pnpm/@radix-ui+react-context@1.1.2_@types+react@18.2.43_react@18.2.0/node_modules/@radix-ui/react-context/dist/index.mjs:27:15)
    at Provider (file:///Users/tran.duc.thang/Projects/pit/node_modules/.pnpm/@radix-ui+react-context@1.1.2_@types+react@18.2.43_react@18.2.0/node_modules/@radix-ui/react-context/dist/index.mjs:27:15)
    at CollectionProvider (file:///Users/tran.duc.thang/Projects/pit/node_modules/.pnpm/@radix-ui+react-collection@1.1.7_@types+react-dom@18.2.17_@types+react@18.2.43_react-do_a03fe685936792784d18791d9a1c5606/node_modules/@radix-ui/react-collection/dist/index.mjs:17:13)
    at Provider (file:///Users/tran.duc.thang/Projects/pit/node_modules/.pnpm/@radix-ui+react-context@1.1.2_@types+react@18.2.43_react@18.2.0/node_modules/@radix-ui/react-context/dist/index.mjs:27:15)
    at Provider (file:///Users/tran.duc.thang/Projects/pit/node_modules/.pnpm/@radix-ui+react-context@1.1.2_@types+react@18.2.43_react@18.2.0/node_modules/@radix-ui/react-context/dist/index.mjs:27:15)
    at Popper (file:///Users/tran.duc.thang/Projects/pit/node_modules/.pnpm/@radix-ui+react-popper@1.2.8_@types+react-dom@18.2.17_@types+react@18.2.43_react-dom@18.2.0_react@18.2.0__react@18.2.0/node_modules/@radix-ui/react-popper/dist/index.mjs:30:11)
    at Select (file:///Users/tran.duc.thang/Projects/pit/node_modules/.pnpm/@radix-ui+react-select@2.2.6_@types+react-dom@18.2.17_@types+react@18.2.43_react-dom@18.2.0_react@18.2.0__react@18.2.0/node_modules/@radix-ui/react-select/dist/index.mjs:42:5)
    at div
    at RegionSelector (/Users/tran.duc.thang/Projects/pit/src/components/RegionSelector.tsx:20:27)
    at div
    at /Users/tran.duc.thang/Projects/pit/src/components/ui/card.tsx:68:6
    at div
    at /Users/tran.duc.thang/Projects/pit/src/components/ui/card.tsx:14:6
    at CalculatorInputs (/Users/tran.duc.thang/Projects/pit/src/components/CalculatorInputs.tsx:19:3)
    at div
    at SalaryCalculator (/Users/tran.duc.thang/Projects/pit/src/components/SalaryCalculator.tsx:24:63)
    at ErrorBoundary (/Users/tran.duc.thang/Projects/pit/src/components/ErrorBoundary.tsx:13:5)
    at main
    at div
    at div
    at div
    at ErrorBoundary (/Users/tran.duc.thang/Projects/pit/src/components/ErrorBoundary.tsx:13:5)
    at App
Warning: An update to Tooltip inside a test was not wrapped in act(...).

When testing, code that causes React state updates should be wrapped into act(...):

act(() => {
  /* fire events that update state */
});
/* assert on the output */

This ensures that you're testing the behavior the user would see in the browser. Learn more at https://reactjs.org/link/wrap-tests-with-act
    at Tooltip (file:///Users/tran.duc.thang/Projects/pit/node_modules/.pnpm/@radix-ui+react-tooltip@1.2.8_@types+react-dom@18.2.17_@types+react@18.2.43_react-dom@18.2.0_react@18.2.0__react@18.2.0/node_modules/@radix-ui/react-tooltip/dist/index.mjs:73:5)
    at Provider (file:///Users/tran.duc.thang/Projects/pit/node_modules/.pnpm/@radix-ui+react-context@1.1.2_@types+react@18.2.43_react@18.2.0/node_modules/@radix-ui/react-context/dist/index.mjs:27:15)
    at TooltipProvider (file:///Users/tran.duc.thang/Projects/pit/node_modules/.pnpm/@radix-ui+react-tooltip@1.2.8_@types+react-dom@18.2.17_@types+react@18.2.43_react-dom@18.2.0_react@18.2.0__react@18.2.0/node_modules/@radix-ui/react-tooltip/dist/index.mjs:29:5)
    at InfoTooltip (/Users/tran.duc.thang/Projects/pit/src/components/InfoTooltip.tsx:10:24)
    at div
    at div
    at InsuranceBaseInput (/Users/tran.duc.thang/Projects/pit/src/components/InsuranceBaseInput.tsx:13:3)
    at div
    at /Users/tran.duc.thang/Projects/pit/src/components/ui/card.tsx:68:6
    at div
    at /Users/tran.duc.thang/Projects/pit/src/components/ui/card.tsx:14:6
    at CalculatorInputs (/Users/tran.duc.thang/Projects/pit/src/components/CalculatorInputs.tsx:19:3)
    at div
    at SalaryCalculator (/Users/tran.duc.thang/Projects/pit/src/components/SalaryCalculator.tsx:24:63)
    at ErrorBoundary (/Users/tran.duc.thang/Projects/pit/src/components/ErrorBoundary.tsx:13:5)
    at main
    at div
    at div
    at div
    at ErrorBoundary (/Users/tran.duc.thang/Projects/pit/src/components/ErrorBoundary.tsx:13:5)
    at App
Warning: An update to Radio inside a test was not wrapped in act(...).

When testing, code that causes React state updates should be wrapped into act(...):

act(() => {
  /* fire events that update state */
});
/* assert on the output */

This ensures that you're testing the behavior the user would see in the browser. Learn more at https://reactjs.org/link/wrap-tests-with-act
    at file:///Users/tran.duc.thang/Projects/pit/node_modules/.pnpm/@radix-ui+react-radio-group@1.3.8_@types+react-dom@18.2.17_@types+react@18.2.43_react-d_232b8f11a4c03b4724d7150d14f44128/node_modules/@radix-ui/react-radio-group/dist/index.mjs:30:7
    at file:///Users/tran.duc.thang/Projects/pit/node_modules/.pnpm/@radix-ui+react-slot@1.2.3_@types+react@18.2.43_react@18.2.0/node_modules/@radix-ui/react-slot/dist/index.mjs:33:13
    at file:///Users/tran.duc.thang/Projects/pit/node_modules/.pnpm/@radix-ui+react-slot@1.2.3_@types+react@18.2.43_react@18.2.0/node_modules/@radix-ui/react-slot/dist/index.mjs:9:13
    at file:///Users/tran.duc.thang/Projects/pit/node_modules/.pnpm/@radix-ui+react-primitive@2.1.3_@types+react-dom@18.2.17_@types+react@18.2.43_react-dom_2161c237ea33b60c0cf3d21a889a9a3e/node_modules/@radix-ui/react-primitive/dist/index.mjs:28:13
    at file:///Users/tran.duc.thang/Projects/pit/node_modules/.pnpm/@radix-ui+react-slot@1.2.3_@types+react@18.2.43_react@18.2.0/node_modules/@radix-ui/react-slot/dist/index.mjs:33:13
    at file:///Users/tran.duc.thang/Projects/pit/node_modules/.pnpm/@radix-ui+react-slot@1.2.3_@types+react@18.2.43_react@18.2.0/node_modules/@radix-ui/react-slot/dist/index.mjs:9:13
    at file:///Users/tran.duc.thang/Projects/pit/node_modules/.pnpm/@radix-ui+react-collection@1.1.7_@types+react-dom@18.2.17_@types+react@18.2.43_react-do_a03fe685936792784d18791d9a1c5606/node_modules/@radix-ui/react-collection/dist/index.mjs:39:15
    at file:///Users/tran.duc.thang/Projects/pit/node_modules/.pnpm/@radix-ui+react-roving-focus@1.1.11_@types+react-dom@18.2.17_@types+react@18.2.43_react_0518848876eeed3dd17b5d7009596a7d/node_modules/@radix-ui/react-roving-focus/dist/index.mjs:124:7
    at file:///Users/tran.duc.thang/Projects/pit/node_modules/.pnpm/@radix-ui+react-radio-group@1.3.8_@types+react-dom@18.2.17_@types+react@18.2.43_react-d_232b8f11a4c03b4724d7150d14f44128/node_modules/@radix-ui/react-radio-group/dist/index.mjs:228:13
    at /Users/tran.duc.thang/Projects/pit/src/components/ui/radio-group.tsx:22:60
    at div
    at div
    at file:///Users/tran.duc.thang/Projects/pit/node_modules/.pnpm/@radix-ui+react-primitive@2.1.3_@types+react-dom@18.2.17_@types+react@18.2.43_react-dom_2161c237ea33b60c0cf3d21a889a9a3e/node_modules/@radix-ui/react-primitive/dist/index.mjs:28:13
    at file:///Users/tran.duc.thang/Projects/pit/node_modules/.pnpm/@radix-ui+react-slot@1.2.3_@types+react@18.2.43_react@18.2.0/node_modules/@radix-ui/react-slot/dist/index.mjs:33:13
    at file:///Users/tran.duc.thang/Projects/pit/node_modules/.pnpm/@radix-ui+react-slot@1.2.3_@types+react@18.2.43_react@18.2.0/node_modules/@radix-ui/react-slot/dist/index.mjs:9:13
    at file:///Users/tran.duc.thang/Projects/pit/node_modules/.pnpm/@radix-ui+react-primitive@2.1.3_@types+react-dom@18.2.17_@types+react@18.2.43_react-dom_2161c237ea33b60c0cf3d21a889a9a3e/node_modules/@radix-ui/react-primitive/dist/index.mjs:28:13
    at Provider (file:///Users/tran.duc.thang/Projects/pit/node_modules/.pnpm/@radix-ui+react-context@1.1.2_@types+react@18.2.43_react@18.2.0/node_modules/@radix-ui/react-context/dist/index.mjs:27:15)
    at file:///Users/tran.duc.thang/Projects/pit/node_modules/.pnpm/@radix-ui+react-roving-focus@1.1.11_@types+react-dom@18.2.17_@types+react@18.2.43_react_0518848876eeed3dd17b5d7009596a7d/node_modules/@radix-ui/react-roving-focus/dist/index.mjs:32:5
    at file:///Users/tran.duc.thang/Projects/pit/node_modules/.pnpm/@radix-ui+react-slot@1.2.3_@types+react@18.2.43_react@18.2.0/node_modules/@radix-ui/react-slot/dist/index.mjs:33:13
    at file:///Users/tran.duc.thang/Projects/pit/node_modules/.pnpm/@radix-ui+react-slot@1.2.3_@types+react@18.2.43_react@18.2.0/node_modules/@radix-ui/react-slot/dist/index.mjs:9:13
    at file:///Users/tran.duc.thang/Projects/pit/node_modules/.pnpm/@radix-ui+react-collection@1.1.7_@types+react-dom@18.2.17_@types+react@18.2.43_react-do_a03fe685936792784d18791d9a1c5606/node_modules/@radix-ui/react-collection/dist/index.mjs:27:15
    at Provider (file:///Users/tran.duc.thang/Projects/pit/node_modules/.pnpm/@radix-ui+react-context@1.1.2_@types+react@18.2.43_react@18.2.0/node_modules/@radix-ui/react-context/dist/index.mjs:27:15)
    at CollectionProvider (file:///Users/tran.duc.thang/Projects/pit/node_modules/.pnpm/@radix-ui+react-collection@1.1.7_@types+react-dom@18.2.17_@types+react@18.2.43_react-do_a03fe685936792784d18791d9a1c5606/node_modules/@radix-ui/react-collection/dist/index.mjs:17:13)
    at file:///Users/tran.duc.thang/Projects/pit/node_modules/.pnpm/@radix-ui+react-roving-focus@1.1.11_@types+react-dom@18.2.17_@types+react@18.2.43_react_0518848876eeed3dd17b5d7009596a7d/node_modules/@radix-ui/react-roving-focus/dist/index.mjs:26:68
    at Provider (file:///Users/tran.duc.thang/Projects/pit/node_modules/.pnpm/@radix-ui+react-context@1.1.2_@types+react@18.2.43_react@18.2.0/node_modules/@radix-ui/react-context/dist/index.mjs:27:15)
    at file:///Users/tran.duc.thang/Projects/pit/node_modules/.pnpm/@radix-ui+react-radio-group@1.3.8_@types+react-dom@18.2.17_@types+react@18.2.43_react-d_232b8f11a4c03b4724d7150d14f44128/node_modules/@radix-ui/react-radio-group/dist/index.mjs:169:7
    at /Users/tran.duc.thang/Projects/pit/src/components/ui/radio-group.tsx:14:56
    at div
    at InsuranceBaseInput (/Users/tran.duc.thang/Projects/pit/src/components/InsuranceBaseInput.tsx:13:3)
    at div
    at /Users/tran.duc.thang/Projects/pit/src/components/ui/card.tsx:68:6
    at div
    at /Users/tran.duc.thang/Projects/pit/src/components/ui/card.tsx:14:6
    at CalculatorInputs (/Users/tran.duc.thang/Projects/pit/src/components/CalculatorInputs.tsx:19:3)
    at div
    at SalaryCalculator (/Users/tran.duc.thang/Projects/pit/src/components/SalaryCalculator.tsx:24:63)
    at ErrorBoundary (/Users/tran.duc.thang/Projects/pit/src/components/ErrorBoundary.tsx:13:5)
    at main
    at div
    at div
    at div
    at ErrorBoundary (/Users/tran.duc.thang/Projects/pit/src/components/ErrorBoundary.tsx:13:5)
    at App
Warning: An update to Radio inside a test was not wrapped in act(...).

When testing, code that causes React state updates should be wrapped into act(...):

act(() => {
  /* fire events that update state */
});
/* assert on the output */

This ensures that you're testing the behavior the user would see in the browser. Learn more at https://reactjs.org/link/wrap-tests-with-act
    at file:///Users/tran.duc.thang/Projects/pit/node_modules/.pnpm/@radix-ui+react-radio-group@1.3.8_@types+react-dom@18.2.17_@types+react@18.2.43_react-d_232b8f11a4c03b4724d7150d14f44128/node_modules/@radix-ui/react-radio-group/dist/index.mjs:30:7
    at file:///Users/tran.duc.thang/Projects/pit/node_modules/.pnpm/@radix-ui+react-slot@1.2.3_@types+react@18.2.43_react@18.2.0/node_modules/@radix-ui/react-slot/dist/index.mjs:33:13
    at file:///Users/tran.duc.thang/Projects/pit/node_modules/.pnpm/@radix-ui+react-slot@1.2.3_@types+react@18.2.43_react@18.2.0/node_modules/@radix-ui/react-slot/dist/index.mjs:9:13
    at file:///Users/tran.duc.thang/Projects/pit/node_modules/.pnpm/@radix-ui+react-primitive@2.1.3_@types+react-dom@18.2.17_@types+react@18.2.43_react-dom_2161c237ea33b60c0cf3d21a889a9a3e/node_modules/@radix-ui/react-primitive/dist/index.mjs:28:13
    at file:///Users/tran.duc.thang/Projects/pit/node_modules/.pnpm/@radix-ui+react-slot@1.2.3_@types+react@18.2.43_react@18.2.0/node_modules/@radix-ui/react-slot/dist/index.mjs:33:13
    at file:///Users/tran.duc.thang/Projects/pit/node_modules/.pnpm/@radix-ui+react-slot@1.2.3_@types+react@18.2.43_react@18.2.0/node_modules/@radix-ui/react-slot/dist/index.mjs:9:13
    at file:///Users/tran.duc.thang/Projects/pit/node_modules/.pnpm/@radix-ui+react-collection@1.1.7_@types+react-dom@18.2.17_@types+react@18.2.43_react-do_a03fe685936792784d18791d9a1c5606/node_modules/@radix-ui/react-collection/dist/index.mjs:39:15
    at file:///Users/tran.duc.thang/Projects/pit/node_modules/.pnpm/@radix-ui+react-roving-focus@1.1.11_@types+react-dom@18.2.17_@types+react@18.2.43_react_0518848876eeed3dd17b5d7009596a7d/node_modules/@radix-ui/react-roving-focus/dist/index.mjs:124:7
    at file:///Users/tran.duc.thang/Projects/pit/node_modules/.pnpm/@radix-ui+react-radio-group@1.3.8_@types+react-dom@18.2.17_@types+react@18.2.43_react-d_232b8f11a4c03b4724d7150d14f44128/node_modules/@radix-ui/react-radio-group/dist/index.mjs:228:13
    at /Users/tran.duc.thang/Projects/pit/src/components/ui/radio-group.tsx:22:60
    at div
    at div
    at div
    at file:///Users/tran.duc.thang/Projects/pit/node_modules/.pnpm/@radix-ui+react-primitive@2.1.3_@types+react-dom@18.2.17_@types+react@18.2.43_react-dom_2161c237ea33b60c0cf3d21a889a9a3e/node_modules/@radix-ui/react-primitive/dist/index.mjs:28:13
    at file:///Users/tran.duc.thang/Projects/pit/node_modules/.pnpm/@radix-ui+react-slot@1.2.3_@types+react@18.2.43_react@18.2.0/node_modules/@radix-ui/react-slot/dist/index.mjs:33:13
    at file:///Users/tran.duc.thang/Projects/pit/node_modules/.pnpm/@radix-ui+react-slot@1.2.3_@types+react@18.2.43_react@18.2.0/node_modules/@radix-ui/react-slot/dist/index.mjs:9:13
    at file:///Users/tran.duc.thang/Projects/pit/node_modules/.pnpm/@radix-ui+react-primitive@2.1.3_@types+react-dom@18.2.17_@types+react@18.2.43_react-dom_2161c237ea33b60c0cf3d21a889a9a3e/node_modules/@radix-ui/react-primitive/dist/index.mjs:28:13
    at Provider (file:///Users/tran.duc.thang/Projects/pit/node_modules/.pnpm/@radix-ui+react-context@1.1.2_@types+react@18.2.43_react@18.2.0/node_modules/@radix-ui/react-context/dist/index.mjs:27:15)
    at file:///Users/tran.duc.thang/Projects/pit/node_modules/.pnpm/@radix-ui+react-roving-focus@1.1.11_@types+react-dom@18.2.17_@types+react@18.2.43_react_0518848876eeed3dd17b5d7009596a7d/node_modules/@radix-ui/react-roving-focus/dist/index.mjs:32:5
    at file:///Users/tran.duc.thang/Projects/pit/node_modules/.pnpm/@radix-ui+react-slot@1.2.3_@types+react@18.2.43_react@18.2.0/node_modules/@radix-ui/react-slot/dist/index.mjs:33:13
    at file:///Users/tran.duc.thang/Projects/pit/node_modules/.pnpm/@radix-ui+react-slot@1.2.3_@types+react@18.2.43_react@18.2.0/node_modules/@radix-ui/react-slot/dist/index.mjs:9:13
    at file:///Users/tran.duc.thang/Projects/pit/node_modules/.pnpm/@radix-ui+react-collection@1.1.7_@types+react-dom@18.2.17_@types+react@18.2.43_react-do_a03fe685936792784d18791d9a1c5606/node_modules/@radix-ui/react-collection/dist/index.mjs:27:15
    at Provider (file:///Users/tran.duc.thang/Projects/pit/node_modules/.pnpm/@radix-ui+react-context@1.1.2_@types+react@18.2.43_react@18.2.0/node_modules/@radix-ui/react-context/dist/index.mjs:27:15)
    at CollectionProvider (file:///Users/tran.duc.thang/Projects/pit/node_modules/.pnpm/@radix-ui+react-collection@1.1.7_@types+react-dom@18.2.17_@types+react@18.2.43_react-do_a03fe685936792784d18791d9a1c5606/node_modules/@radix-ui/react-collection/dist/index.mjs:17:13)
    at file:///Users/tran.duc.thang/Projects/pit/node_modules/.pnpm/@radix-ui+react-roving-focus@1.1.11_@types+react-dom@18.2.17_@types+react@18.2.43_react_0518848876eeed3dd17b5d7009596a7d/node_modules/@radix-ui/react-roving-focus/dist/index.mjs:26:68
    at Provider (file:///Users/tran.duc.thang/Projects/pit/node_modules/.pnpm/@radix-ui+react-context@1.1.2_@types+react@18.2.43_react@18.2.0/node_modules/@radix-ui/react-context/dist/index.mjs:27:15)
    at file:///Users/tran.duc.thang/Projects/pit/node_modules/.pnpm/@radix-ui+react-radio-group@1.3.8_@types+react-dom@18.2.17_@types+react@18.2.43_react-d_232b8f11a4c03b4724d7150d14f44128/node_modules/@radix-ui/react-radio-group/dist/index.mjs:169:7
    at /Users/tran.duc.thang/Projects/pit/src/components/ui/radio-group.tsx:14:56
    at div
    at InsuranceBaseInput (/Users/tran.duc.thang/Projects/pit/src/components/InsuranceBaseInput.tsx:13:3)
    at div
    at /Users/tran.duc.thang/Projects/pit/src/components/ui/card.tsx:68:6
    at div
    at /Users/tran.duc.thang/Projects/pit/src/components/ui/card.tsx:14:6
    at CalculatorInputs (/Users/tran.duc.thang/Projects/pit/src/components/CalculatorInputs.tsx:19:3)
    at div
    at SalaryCalculator (/Users/tran.duc.thang/Projects/pit/src/components/SalaryCalculator.tsx:24:63)
    at ErrorBoundary (/Users/tran.duc.thang/Projects/pit/src/components/ErrorBoundary.tsx:13:5)
    at main
    at div
    at div
    at div
    at ErrorBoundary (/Users/tran.duc.thang/Projects/pit/src/components/ErrorBoundary.tsx:13:5)
    at App
Warning: An update to Switch inside a test was not wrapped in act(...).

When testing, code that causes React state updates should be wrapped into act(...):

act(() => {
  /* fire events that update state */
});
/* assert on the output */

This ensures that you're testing the behavior the user would see in the browser. Learn more at https://reactjs.org/link/wrap-tests-with-act
    at file:///Users/tran.duc.thang/Projects/pit/node_modules/.pnpm/@radix-ui+react-switch@1.2.6_@types+react-dom@18.2.17_@types+react@18.2.43_react-dom@18.2.0_react@18.2.0__react@18.2.0/node_modules/@radix-ui/react-switch/dist/index.mjs:19:7
    at /Users/tran.duc.thang/Projects/pit/src/components/ui/switch.tsx:10:52
    at div
    at div
    at UnionDuesCheckbox (/Users/tran.duc.thang/Projects/pit/src/components/UnionDuesCheckbox.tsx:11:3)
    at div
    at /Users/tran.duc.thang/Projects/pit/src/components/ui/card.tsx:68:6
    at div
    at /Users/tran.duc.thang/Projects/pit/src/components/ui/card.tsx:14:6
    at CalculatorInputs (/Users/tran.duc.thang/Projects/pit/src/components/CalculatorInputs.tsx:19:3)
    at div
    at SalaryCalculator (/Users/tran.duc.thang/Projects/pit/src/components/SalaryCalculator.tsx:24:63)
    at ErrorBoundary (/Users/tran.duc.thang/Projects/pit/src/components/ErrorBoundary.tsx:13:5)
    at main
    at div
    at div
    at div
    at ErrorBoundary (/Users/tran.duc.thang/Projects/pit/src/components/ErrorBoundary.tsx:13:5)
    at App
Warning: An update to Tooltip inside a test was not wrapped in act(...).

When testing, code that causes React state updates should be wrapped into act(...):

act(() => {
  /* fire events that update state */
});
/* assert on the output */

This ensures that you're testing the behavior the user would see in the browser. Learn more at https://reactjs.org/link/wrap-tests-with-act
    at Tooltip (file:///Users/tran.duc.thang/Projects/pit/node_modules/.pnpm/@radix-ui+react-tooltip@1.2.8_@types+react-dom@18.2.17_@types+react@18.2.43_react-dom@18.2.0_react@18.2.0__react@18.2.0/node_modules/@radix-ui/react-tooltip/dist/index.mjs:73:5)
    at Provider (file:///Users/tran.duc.thang/Projects/pit/node_modules/.pnpm/@radix-ui+react-context@1.1.2_@types+react@18.2.43_react@18.2.0/node_modules/@radix-ui/react-context/dist/index.mjs:27:15)
    at TooltipProvider (file:///Users/tran.duc.thang/Projects/pit/node_modules/.pnpm/@radix-ui+react-tooltip@1.2.8_@types+react-dom@18.2.17_@types+react@18.2.43_react-dom@18.2.0_react@18.2.0__react@18.2.0/node_modules/@radix-ui/react-tooltip/dist/index.mjs:29:5)
    at InfoTooltip (/Users/tran.duc.thang/Projects/pit/src/components/InfoTooltip.tsx:10:24)
    at div
    at div
    at UnionDuesCheckbox (/Users/tran.duc.thang/Projects/pit/src/components/UnionDuesCheckbox.tsx:11:3)
    at div
    at /Users/tran.duc.thang/Projects/pit/src/components/ui/card.tsx:68:6
    at div
    at /Users/tran.duc.thang/Projects/pit/src/components/ui/card.tsx:14:6
    at CalculatorInputs (/Users/tran.duc.thang/Projects/pit/src/components/CalculatorInputs.tsx:19:3)
    at div
    at SalaryCalculator (/Users/tran.duc.thang/Projects/pit/src/components/SalaryCalculator.tsx:24:63)
    at ErrorBoundary (/Users/tran.duc.thang/Projects/pit/src/components/ErrorBoundary.tsx:13:5)
    at main
    at div
    at div
    at div
    at ErrorBoundary (/Users/tran.duc.thang/Projects/pit/src/components/ErrorBoundary.tsx:13:5)
    at App
Warning: An update to Switch inside a test was not wrapped in act(...).

When testing, code that causes React state updates should be wrapped into act(...):

act(() => {
  /* fire events that update state */
});
/* assert on the output */

This ensures that you're testing the behavior the user would see in the browser. Learn more at https://reactjs.org/link/wrap-tests-with-act
    at file:///Users/tran.duc.thang/Projects/pit/node_modules/.pnpm/@radix-ui+react-switch@1.2.6_@types+react-dom@18.2.17_@types+react@18.2.43_react-dom@18.2.0_react@18.2.0__react@18.2.0/node_modules/@radix-ui/react-switch/dist/index.mjs:19:7
    at /Users/tran.duc.thang/Projects/pit/src/components/ui/switch.tsx:10:52
    at div
    at div
    at LunchAllowanceInput (/Users/tran.duc.thang/Projects/pit/src/components/LunchAllowanceInput.tsx:13:134)
    at div
    at /Users/tran.duc.thang/Projects/pit/src/components/ui/card.tsx:68:6
    at div
    at /Users/tran.duc.thang/Projects/pit/src/components/ui/card.tsx:14:6
    at CalculatorInputs (/Users/tran.duc.thang/Projects/pit/src/components/CalculatorInputs.tsx:19:3)
    at div
    at SalaryCalculator (/Users/tran.duc.thang/Projects/pit/src/components/SalaryCalculator.tsx:24:63)
    at ErrorBoundary (/Users/tran.duc.thang/Projects/pit/src/components/ErrorBoundary.tsx:13:5)
    at main
    at div
    at div
    at div
    at ErrorBoundary (/Users/tran.duc.thang/Projects/pit/src/components/ErrorBoundary.tsx:13:5)
    at App
Warning: An update to Tooltip inside a test was not wrapped in act(...).

When testing, code that causes React state updates should be wrapped into act(...):

act(() => {
  /* fire events that update state */
});
/* assert on the output */

This ensures that you're testing the behavior the user would see in the browser. Learn more at https://reactjs.org/link/wrap-tests-with-act
    at Tooltip (file:///Users/tran.duc.thang/Projects/pit/node_modules/.pnpm/@radix-ui+react-tooltip@1.2.8_@types+react-dom@18.2.17_@types+react@18.2.43_react-dom@18.2.0_react@18.2.0__react@18.2.0/node_modules/@radix-ui/react-tooltip/dist/index.mjs:73:5)
    at Provider (file:///Users/tran.duc.thang/Projects/pit/node_modules/.pnpm/@radix-ui+react-context@1.1.2_@types+react@18.2.43_react@18.2.0/node_modules/@radix-ui/react-context/dist/index.mjs:27:15)
    at TooltipProvider (file:///Users/tran.duc.thang/Projects/pit/node_modules/.pnpm/@radix-ui+react-tooltip@1.2.8_@types+react-dom@18.2.17_@types+react@18.2.43_react-dom@18.2.0_react@18.2.0__react@18.2.0/node_modules/@radix-ui/react-tooltip/dist/index.mjs:29:5)
    at InfoTooltip (/Users/tran.duc.thang/Projects/pit/src/components/InfoTooltip.tsx:10:24)
    at div
    at td
    at /Users/tran.duc.thang/Projects/pit/src/components/ui/table.tsx:98:55
    at tr
    at /Users/tran.duc.thang/Projects/pit/src/components/ui/table.tsx:57:6
    at tbody
    at /Users/tran.duc.thang/Projects/pit/src/components/ui/table.tsx:33:55
    at table
    at div
    at /Users/tran.duc.thang/Projects/pit/src/components/ui/table.tsx:16:6
    at div
    at InsuranceBreakdown (/Users/tran.duc.thang/Projects/pit/src/components/InsuranceBreakdown.tsx:25:3)
    at div
    at div
    at /Users/tran.duc.thang/Projects/pit/src/components/ui/card.tsx:68:6
    at div
    at /Users/tran.duc.thang/Projects/pit/src/components/ui/card.tsx:14:6
    at ResultDisplay (/Users/tran.duc.thang/Projects/pit/src/components/ResultDisplay.tsx:29:3)
    at div
    at div
    at div
    at ComparisonView (/Users/tran.duc.thang/Projects/pit/src/components/ComparisonView.tsx:10:3)
    at Suspense
    at div
    at SalaryCalculator (/Users/tran.duc.thang/Projects/pit/src/components/SalaryCalculator.tsx:24:63)
    at ErrorBoundary (/Users/tran.duc.thang/Projects/pit/src/components/ErrorBoundary.tsx:13:5)
    at main
    at div
    at div
    at div
    at ErrorBoundary (/Users/tran.duc.thang/Projects/pit/src/components/ErrorBoundary.tsx:13:5)
    at App
Warning: An update to Tooltip inside a test was not wrapped in act(...).

When testing, code that causes React state updates should be wrapped into act(...):

act(() => {
  /* fire events that update state */
});
/* assert on the output */

This ensures that you're testing the behavior the user would see in the browser. Learn more at https://reactjs.org/link/wrap-tests-with-act
    at Tooltip (file:///Users/tran.duc.thang/Projects/pit/node_modules/.pnpm/@radix-ui+react-tooltip@1.2.8_@types+react-dom@18.2.17_@types+react@18.2.43_react-dom@18.2.0_react@18.2.0__react@18.2.0/node_modules/@radix-ui/react-tooltip/dist/index.mjs:73:5)
    at Provider (file:///Users/tran.duc.thang/Projects/pit/node_modules/.pnpm/@radix-ui+react-context@1.1.2_@types+react@18.2.43_react@18.2.0/node_modules/@radix-ui/react-context/dist/index.mjs:27:15)
    at TooltipProvider (file:///Users/tran.duc.thang/Projects/pit/node_modules/.pnpm/@radix-ui+react-tooltip@1.2.8_@types+react-dom@18.2.17_@types+react@18.2.43_react-dom@18.2.0_react@18.2.0__react@18.2.0/node_modules/@radix-ui/react-tooltip/dist/index.mjs:29:5)
    at InfoTooltip (/Users/tran.duc.thang/Projects/pit/src/components/InfoTooltip.tsx:10:24)
    at div
    at td
    at /Users/tran.duc.thang/Projects/pit/src/components/ui/table.tsx:98:55
    at tr
    at /Users/tran.duc.thang/Projects/pit/src/components/ui/table.tsx:57:6
    at tbody
    at /Users/tran.duc.thang/Projects/pit/src/components/ui/table.tsx:33:55
    at table
    at div
    at /Users/tran.duc.thang/Projects/pit/src/components/ui/table.tsx:16:6
    at div
    at InsuranceBreakdown (/Users/tran.duc.thang/Projects/pit/src/components/InsuranceBreakdown.tsx:25:3)
    at div
    at div
    at /Users/tran.duc.thang/Projects/pit/src/components/ui/card.tsx:68:6
    at div
    at /Users/tran.duc.thang/Projects/pit/src/components/ui/card.tsx:14:6
    at ResultDisplay (/Users/tran.duc.thang/Projects/pit/src/components/ResultDisplay.tsx:29:3)
    at div
    at div
    at div
    at ComparisonView (/Users/tran.duc.thang/Projects/pit/src/components/ComparisonView.tsx:10:3)
    at Suspense
    at div
    at SalaryCalculator (/Users/tran.duc.thang/Projects/pit/src/components/SalaryCalculator.tsx:24:63)
    at ErrorBoundary (/Users/tran.duc.thang/Projects/pit/src/components/ErrorBoundary.tsx:13:5)
    at main
    at div
    at div
    at div
    at ErrorBoundary (/Users/tran.duc.thang/Projects/pit/src/components/ErrorBoundary.tsx:13:5)
    at App
Warning: An update to Tooltip inside a test was not wrapped in act(...).

When testing, code that causes React state updates should be wrapped into act(...):

act(() => {
  /* fire events that update state */
});
/* assert on the output */

This ensures that you're testing the behavior the user would see in the browser. Learn more at https://reactjs.org/link/wrap-tests-with-act
    at Tooltip (file:///Users/tran.duc.thang/Projects/pit/node_modules/.pnpm/@radix-ui+react-tooltip@1.2.8_@types+react-dom@18.2.17_@types+react@18.2.43_react-dom@18.2.0_react@18.2.0__react@18.2.0/node_modules/@radix-ui/react-tooltip/dist/index.mjs:73:5)
    at Provider (file:///Users/tran.duc.thang/Projects/pit/node_modules/.pnpm/@radix-ui+react-context@1.1.2_@types+react@18.2.43_react@18.2.0/node_modules/@radix-ui/react-context/dist/index.mjs:27:15)
    at TooltipProvider (file:///Users/tran.duc.thang/Projects/pit/node_modules/.pnpm/@radix-ui+react-tooltip@1.2.8_@types+react-dom@18.2.17_@types+react@18.2.43_react-dom@18.2.0_react@18.2.0__react@18.2.0/node_modules/@radix-ui/react-tooltip/dist/index.mjs:29:5)
    at InfoTooltip (/Users/tran.duc.thang/Projects/pit/src/components/InfoTooltip.tsx:10:24)
    at div
    at td
    at /Users/tran.duc.thang/Projects/pit/src/components/ui/table.tsx:98:55
    at tr
    at /Users/tran.duc.thang/Projects/pit/src/components/ui/table.tsx:57:6
    at tbody
    at /Users/tran.duc.thang/Projects/pit/src/components/ui/table.tsx:33:55
    at table
    at div
    at /Users/tran.duc.thang/Projects/pit/src/components/ui/table.tsx:16:6
    at div
    at InsuranceBreakdown (/Users/tran.duc.thang/Projects/pit/src/components/InsuranceBreakdown.tsx:25:3)
    at div
    at div
    at /Users/tran.duc.thang/Projects/pit/src/components/ui/card.tsx:68:6
    at div
    at /Users/tran.duc.thang/Projects/pit/src/components/ui/card.tsx:14:6
    at ResultDisplay (/Users/tran.duc.thang/Projects/pit/src/components/ResultDisplay.tsx:29:3)
    at div
    at div
    at div
    at ComparisonView (/Users/tran.duc.thang/Projects/pit/src/components/ComparisonView.tsx:10:3)
    at Suspense
    at div
    at SalaryCalculator (/Users/tran.duc.thang/Projects/pit/src/components/SalaryCalculator.tsx:24:63)
    at ErrorBoundary (/Users/tran.duc.thang/Projects/pit/src/components/ErrorBoundary.tsx:13:5)
    at main
    at div
    at div
    at div
    at ErrorBoundary (/Users/tran.duc.thang/Projects/pit/src/components/ErrorBoundary.tsx:13:5)
    at App
Warning: An update to Tooltip inside a test was not wrapped in act(...).

When testing, code that causes React state updates should be wrapped into act(...):

act(() => {
  /* fire events that update state */
});
/* assert on the output */

This ensures that you're testing the behavior the user would see in the browser. Learn more at https://reactjs.org/link/wrap-tests-with-act
    at Tooltip (file:///Users/tran.duc.thang/Projects/pit/node_modules/.pnpm/@radix-ui+react-tooltip@1.2.8_@types+react-dom@18.2.17_@types+react@18.2.43_react-dom@18.2.0_react@18.2.0__react@18.2.0/node_modules/@radix-ui/react-tooltip/dist/index.mjs:73:5)
    at Provider (file:///Users/tran.duc.thang/Projects/pit/node_modules/.pnpm/@radix-ui+react-context@1.1.2_@types+react@18.2.43_react@18.2.0/node_modules/@radix-ui/react-context/dist/index.mjs:27:15)
    at TooltipProvider (file:///Users/tran.duc.thang/Projects/pit/node_modules/.pnpm/@radix-ui+react-tooltip@1.2.8_@types+react-dom@18.2.17_@types+react@18.2.43_react-dom@18.2.0_react@18.2.0__react@18.2.0/node_modules/@radix-ui/react-tooltip/dist/index.mjs:29:5)
    at InfoTooltip (/Users/tran.duc.thang/Projects/pit/src/components/InfoTooltip.tsx:10:24)
    at div
    at td
    at /Users/tran.duc.thang/Projects/pit/src/components/ui/table.tsx:98:55
    at tr
    at /Users/tran.duc.thang/Projects/pit/src/components/ui/table.tsx:57:6
    at tbody
    at /Users/tran.duc.thang/Projects/pit/src/components/ui/table.tsx:33:55
    at table
    at div
    at /Users/tran.duc.thang/Projects/pit/src/components/ui/table.tsx:16:6
    at div
    at InsuranceBreakdown (/Users/tran.duc.thang/Projects/pit/src/components/InsuranceBreakdown.tsx:25:3)
    at div
    at div
    at /Users/tran.duc.thang/Projects/pit/src/components/ui/card.tsx:68:6
    at div
    at /Users/tran.duc.thang/Projects/pit/src/components/ui/card.tsx:14:6
    at ResultDisplay (/Users/tran.duc.thang/Projects/pit/src/components/ResultDisplay.tsx:29:3)
    at div
    at div
    at div
    at ComparisonView (/Users/tran.duc.thang/Projects/pit/src/components/ComparisonView.tsx:10:3)
    at Suspense
    at div
    at SalaryCalculator (/Users/tran.duc.thang/Projects/pit/src/components/SalaryCalculator.tsx:24:63)
    at ErrorBoundary (/Users/tran.duc.thang/Projects/pit/src/components/ErrorBoundary.tsx:13:5)
    at main
    at div
    at div
    at div
    at ErrorBoundary (/Users/tran.duc.thang/Projects/pit/src/components/ErrorBoundary.tsx:13:5)
    at App
Warning: An update to Tooltip inside a test was not wrapped in act(...).

When testing, code that causes React state updates should be wrapped into act(...):

act(() => {
  /* fire events that update state */
});
/* assert on the output */

This ensures that you're testing the behavior the user would see in the browser. Learn more at https://reactjs.org/link/wrap-tests-with-act
    at Tooltip (file:///Users/tran.duc.thang/Projects/pit/node_modules/.pnpm/@radix-ui+react-tooltip@1.2.8_@types+react-dom@18.2.17_@types+react@18.2.43_react-dom@18.2.0_react@18.2.0__react@18.2.0/node_modules/@radix-ui/react-tooltip/dist/index.mjs:73:5)
    at Provider (file:///Users/tran.duc.thang/Projects/pit/node_modules/.pnpm/@radix-ui+react-context@1.1.2_@types+react@18.2.43_react@18.2.0/node_modules/@radix-ui/react-context/dist/index.mjs:27:15)
    at TooltipProvider (file:///Users/tran.duc.thang/Projects/pit/node_modules/.pnpm/@radix-ui+react-tooltip@1.2.8_@types+react-dom@18.2.17_@types+react@18.2.43_react-dom@18.2.0_react@18.2.0__react@18.2.0/node_modules/@radix-ui/react-tooltip/dist/index.mjs:29:5)
    at InfoTooltip (/Users/tran.duc.thang/Projects/pit/src/components/InfoTooltip.tsx:10:24)
    at div
    at td
    at /Users/tran.duc.thang/Projects/pit/src/components/ui/table.tsx:98:55
    at tr
    at /Users/tran.duc.thang/Projects/pit/src/components/ui/table.tsx:57:6
    at tbody
    at /Users/tran.duc.thang/Projects/pit/src/components/ui/table.tsx:33:55
    at table
    at div
    at /Users/tran.duc.thang/Projects/pit/src/components/ui/table.tsx:16:6
    at div
    at InsuranceBreakdown (/Users/tran.duc.thang/Projects/pit/src/components/InsuranceBreakdown.tsx:25:3)
    at div
    at div
    at /Users/tran.duc.thang/Projects/pit/src/components/ui/card.tsx:68:6
    at div
    at /Users/tran.duc.thang/Projects/pit/src/components/ui/card.tsx:14:6
    at ResultDisplay (/Users/tran.duc.thang/Projects/pit/src/components/ResultDisplay.tsx:29:3)
    at div
    at div
    at div
    at ComparisonView (/Users/tran.duc.thang/Projects/pit/src/components/ComparisonView.tsx:10:3)
    at Suspense
    at div
    at SalaryCalculator (/Users/tran.duc.thang/Projects/pit/src/components/SalaryCalculator.tsx:24:63)
    at ErrorBoundary (/Users/tran.duc.thang/Projects/pit/src/components/ErrorBoundary.tsx:13:5)
    at main
    at div
    at div
    at div
    at ErrorBoundary (/Users/tran.duc.thang/Projects/pit/src/components/ErrorBoundary.tsx:13:5)
    at App
Warning: An update to Tooltip inside a test was not wrapped in act(...).

When testing, code that causes React state updates should be wrapped into act(...):

act(() => {
  /* fire events that update state */
});
/* assert on the output */

This ensures that you're testing the behavior the user would see in the browser. Learn more at https://reactjs.org/link/wrap-tests-with-act
    at Tooltip (file:///Users/tran.duc.thang/Projects/pit/node_modules/.pnpm/@radix-ui+react-tooltip@1.2.8_@types+react-dom@18.2.17_@types+react@18.2.43_react-dom@18.2.0_react@18.2.0__react@18.2.0/node_modules/@radix-ui/react-tooltip/dist/index.mjs:73:5)
    at Provider (file:///Users/tran.duc.thang/Projects/pit/node_modules/.pnpm/@radix-ui+react-context@1.1.2_@types+react@18.2.43_react@18.2.0/node_modules/@radix-ui/react-context/dist/index.mjs:27:15)
    at TooltipProvider (file:///Users/tran.duc.thang/Projects/pit/node_modules/.pnpm/@radix-ui+react-tooltip@1.2.8_@types+react-dom@18.2.17_@types+react@18.2.43_react-dom@18.2.0_react@18.2.0__react@18.2.0/node_modules/@radix-ui/react-tooltip/dist/index.mjs:29:5)
    at InfoTooltip (/Users/tran.duc.thang/Projects/pit/src/components/InfoTooltip.tsx:10:24)
    at div
    at td
    at /Users/tran.duc.thang/Projects/pit/src/components/ui/table.tsx:98:55
    at tr
    at /Users/tran.duc.thang/Projects/pit/src/components/ui/table.tsx:57:6
    at tbody
    at /Users/tran.duc.thang/Projects/pit/src/components/ui/table.tsx:33:55
    at table
    at div
    at /Users/tran.duc.thang/Projects/pit/src/components/ui/table.tsx:16:6
    at div
    at InsuranceBreakdown (/Users/tran.duc.thang/Projects/pit/src/components/InsuranceBreakdown.tsx:25:3)
    at div
    at div
    at /Users/tran.duc.thang/Projects/pit/src/components/ui/card.tsx:68:6
    at div
    at /Users/tran.duc.thang/Projects/pit/src/components/ui/card.tsx:14:6
    at ResultDisplay (/Users/tran.duc.thang/Projects/pit/src/components/ResultDisplay.tsx:29:3)
    at div
    at div
    at div
    at ComparisonView (/Users/tran.duc.thang/Projects/pit/src/components/ComparisonView.tsx:10:3)
    at Suspense
    at div
    at SalaryCalculator (/Users/tran.duc.thang/Projects/pit/src/components/SalaryCalculator.tsx:24:63)
    at ErrorBoundary (/Users/tran.duc.thang/Projects/pit/src/components/ErrorBoundary.tsx:13:5)
    at main
    at div
    at div
    at div
    at ErrorBoundary (/Users/tran.duc.thang/Projects/pit/src/components/ErrorBoundary.tsx:13:5)
    at App

 [32m✓[39m tests/contract/lunch-allowance.contract.test.ts [2m([22m[2m2 tests[22m[2m)[22m[32m 2[2mms[22m[39m
[90mstdout[2m | tests/integration/analytics.integration.test.tsx[2m > [22m[2mAnalytics Integration[2m > [22m[2mshould track regime switch when view mode toggles
[22m[39m[Analytics] Page view tracked: /compare
[Analytics] Event tracked: calculate_salary

[90mstdout[2m | tests/integration/analytics.integration.test.tsx[2m > [22m[2mAnalytics Integration[2m > [22m[2mshould track regime switch when view mode toggles
[22m[39m[Analytics] Page view tracked: /2026
[Analytics] Event tracked: regime_switch
[Analytics] Event tracked: calculate_salary

 [32m✓[39m tests/contract/union-dues.contract.test.ts [2m([22m[2m4 tests[22m[2m)[22m[32m 7[2mms[22m[39m
[90mstdout[2m | tests/integration/analytics.integration.test.tsx[2m > [22m[2mAnalytics Integration[2m > [22m[2mshould track regime switch when view mode toggles
[22m[39m[Analytics] Page view tracked: /2025
[Analytics] Event tracked: regime_switch
[Analytics] Event tracked: calculate_salary

 [32m✓[39m tests/unit/preferences.test.ts [2m([22m[2m7 tests[22m[2m)[22m[32m 5[2mms[22m[39m
[90mstderr[2m | tests/contract/analytics.contract.test.ts[2m > [22m[2mIAnalyticsService contract[2m > [22m[2mtrackPageView should return void
[22m[39m[Analytics] gtag not available (blocked or not loaded)

 [32m✓[39m tests/contract/analytics.contract.test.ts [2m([22m[2m5 tests[22m[2m)[22m[32m 3[2mms[22m[39m
 [32m✓[39m tests/unit/calculator-store.test.ts [2m([22m[2m8 tests[22m[2m)[22m[32m 2[2mms[22m[39m
 [32m✓[39m tests/unit/union-dues.test.ts [2m([22m[2m7 tests[22m[2m)[22m[32m 3[2mms[22m[39m
[90mstdout[2m | tests/integration/analytics.integration.test.tsx[2m > [22m[2mAnalytics Integration[2m > [22m[2mshould track share when share button is clicked
[22m[39m[Analytics] Page view tracked: /2025
[Analytics] Event tracked: calculate_salary

[90mstdout[2m | tests/integration/analytics.integration.test.tsx[2m > [22m[2mAnalytics Integration[2m > [22m[2mshould track share when share button is clicked
[22m[39m[Analytics] Event tracked: share

 [32m✓[39m tests/unit/constants.test.ts [2m([22m[2m1 test[22m[2m)[22m[32m 1[2mms[22m[39m
[90mstdout[2m | tests/integration/analytics.integration.test.tsx[2m > [22m[2mAnalytics Integration[2m > [22m[2mshould include calculation timing when tracking calculations
[22m[39m[Analytics] Page view tracked: /2025
[Analytics] Event tracked: calculate_salary

[90mstderr[2m | tests/integration/analytics.integration.test.tsx[2m > [22m[2mAnalytics Integration[2m > [22m[2mshould include calculation timing when tracking calculations
[22m[39mWarning: An update to GrossSalaryInput inside a test was not wrapped in act(...).

When testing, code that causes React state updates should be wrapped into act(...):

act(() => {
  /* fire events that update state */
});
/* assert on the output */

This ensures that you're testing the behavior the user would see in the browser. Learn more at https://reactjs.org/link/wrap-tests-with-act
    at GrossSalaryInput (/Users/tran.duc.thang/Projects/pit/src/components/GrossSalaryInput.tsx:19:3)
    at div
    at /Users/tran.duc.thang/Projects/pit/src/components/ui/card.tsx:68:6
    at div
    at /Users/tran.duc.thang/Projects/pit/src/components/ui/card.tsx:14:6
    at CalculatorInputs (/Users/tran.duc.thang/Projects/pit/src/components/CalculatorInputs.tsx:19:3)
    at div
    at SalaryCalculator (/Users/tran.duc.thang/Projects/pit/src/components/SalaryCalculator.tsx:24:63)
    at ErrorBoundary (/Users/tran.duc.thang/Projects/pit/src/components/ErrorBoundary.tsx:13:5)
    at main
    at div
    at div
    at div
    at ErrorBoundary (/Users/tran.duc.thang/Projects/pit/src/components/ErrorBoundary.tsx:13:5)
    at App
Warning: An update to SalaryCalculator inside a test was not wrapped in act(...).

When testing, code that causes React state updates should be wrapped into act(...):

act(() => {
  /* fire events that update state */
});
/* assert on the output */

This ensures that you're testing the behavior the user would see in the browser. Learn more at https://reactjs.org/link/wrap-tests-with-act
    at SalaryCalculator (/Users/tran.duc.thang/Projects/pit/src/components/SalaryCalculator.tsx:24:63)
    at ErrorBoundary (/Users/tran.duc.thang/Projects/pit/src/components/ErrorBoundary.tsx:13:5)
    at main
    at div
    at div
    at div
    at ErrorBoundary (/Users/tran.duc.thang/Projects/pit/src/components/ErrorBoundary.tsx:13:5)
    at App
Warning: An update to Tooltip inside a test was not wrapped in act(...).

When testing, code that causes React state updates should be wrapped into act(...):

act(() => {
  /* fire events that update state */
});
/* assert on the output */

This ensures that you're testing the behavior the user would see in the browser. Learn more at https://reactjs.org/link/wrap-tests-with-act
    at Tooltip (file:///Users/tran.duc.thang/Projects/pit/node_modules/.pnpm/@radix-ui+react-tooltip@1.2.8_@types+react-dom@18.2.17_@types+react@18.2.43_react-dom@18.2.0_react@18.2.0__react@18.2.0/node_modules/@radix-ui/react-tooltip/dist/index.mjs:73:5)
    at Provider (file:///Users/tran.duc.thang/Projects/pit/node_modules/.pnpm/@radix-ui+react-context@1.1.2_@types+react@18.2.43_react@18.2.0/node_modules/@radix-ui/react-context/dist/index.mjs:27:15)
    at TooltipProvider (file:///Users/tran.duc.thang/Projects/pit/node_modules/.pnpm/@radix-ui+react-tooltip@1.2.8_@types+react-dom@18.2.17_@types+react@18.2.43_react-dom@18.2.0_react@18.2.0__react@18.2.0/node_modules/@radix-ui/react-tooltip/dist/index.mjs:29:5)
    at div
    at div
    at DependentsInput (/Users/tran.duc.thang/Projects/pit/src/components/DependentsInput.tsx:14:28)
    at div
    at /Users/tran.duc.thang/Projects/pit/src/components/ui/card.tsx:68:6
    at div
    at /Users/tran.duc.thang/Projects/pit/src/components/ui/card.tsx:14:6
    at CalculatorInputs (/Users/tran.duc.thang/Projects/pit/src/components/CalculatorInputs.tsx:19:3)
    at div
    at SalaryCalculator (/Users/tran.duc.thang/Projects/pit/src/components/SalaryCalculator.tsx:24:63)
    at ErrorBoundary (/Users/tran.duc.thang/Projects/pit/src/components/ErrorBoundary.tsx:13:5)
    at main
    at div
    at div
    at div
    at ErrorBoundary (/Users/tran.duc.thang/Projects/pit/src/components/ErrorBoundary.tsx:13:5)
    at App
Warning: An update to Select inside a test was not wrapped in act(...).

When testing, code that causes React state updates should be wrapped into act(...):

act(() => {
  /* fire events that update state */
});
/* assert on the output */

This ensures that you're testing the behavior the user would see in the browser. Learn more at https://reactjs.org/link/wrap-tests-with-act
    at Select (file:///Users/tran.duc.thang/Projects/pit/node_modules/.pnpm/@radix-ui+react-select@2.2.6_@types+react-dom@18.2.17_@types+react@18.2.43_react-dom@18.2.0_react@18.2.0__react@18.2.0/node_modules/@radix-ui/react-select/dist/index.mjs:42:5)
    at div
    at RegionSelector (/Users/tran.duc.thang/Projects/pit/src/components/RegionSelector.tsx:20:27)
    at div
    at /Users/tran.duc.thang/Projects/pit/src/components/ui/card.tsx:68:6
    at div
    at /Users/tran.duc.thang/Projects/pit/src/components/ui/card.tsx:14:6
    at CalculatorInputs (/Users/tran.duc.thang/Projects/pit/src/components/CalculatorInputs.tsx:19:3)
    at div
    at SalaryCalculator (/Users/tran.duc.thang/Projects/pit/src/components/SalaryCalculator.tsx:24:63)
    at ErrorBoundary (/Users/tran.duc.thang/Projects/pit/src/components/ErrorBoundary.tsx:13:5)
    at main
    at div
    at div
    at div
    at ErrorBoundary (/Users/tran.duc.thang/Projects/pit/src/components/ErrorBoundary.tsx:13:5)
    at App
Warning: An update to SelectItemText inside a test was not wrapped in act(...).

When testing, code that causes React state updates should be wrapped into act(...):

act(() => {
  /* fire events that update state */
});
/* assert on the output */

This ensures that you're testing the behavior the user would see in the browser. Learn more at https://reactjs.org/link/wrap-tests-with-act
    at file:///Users/tran.duc.thang/Projects/pit/node_modules/.pnpm/@radix-ui+react-select@2.2.6_@types+react-dom@18.2.17_@types+react@18.2.43_react-dom@18.2.0_react@18.2.0__react@18.2.0/node_modules/@radix-ui/react-select/dist/index.mjs:901:13
    at div
    at file:///Users/tran.duc.thang/Projects/pit/node_modules/.pnpm/@radix-ui+react-primitive@2.1.3_@types+react-dom@18.2.17_@types+react@18.2.43_react-dom_2161c237ea33b60c0cf3d21a889a9a3e/node_modules/@radix-ui/react-primitive/dist/index.mjs:28:13
    at file:///Users/tran.duc.thang/Projects/pit/node_modules/.pnpm/@radix-ui+react-slot@1.2.3_@types+react@18.2.43_react@18.2.0/node_modules/@radix-ui/react-slot/dist/index.mjs:33:13
    at file:///Users/tran.duc.thang/Projects/pit/node_modules/.pnpm/@radix-ui+react-slot@1.2.3_@types+react@18.2.43_react@18.2.0/node_modules/@radix-ui/react-slot/dist/index.mjs:9:13
    at file:///Users/tran.duc.thang/Projects/pit/node_modules/.pnpm/@radix-ui+react-collection@1.1.7_@types+react-dom@18.2.17_@types+react@18.2.43_react-do_a03fe685936792784d18791d9a1c5606/node_modules/@radix-ui/react-collection/dist/index.mjs:39:15
    at Provider (file:///Users/tran.duc.thang/Projects/pit/node_modules/.pnpm/@radix-ui+react-context@1.1.2_@types+react@18.2.43_react@18.2.0/node_modules/@radix-ui/react-context/dist/index.mjs:27:15)
    at file:///Users/tran.duc.thang/Projects/pit/node_modules/.pnpm/@radix-ui+react-select@2.2.6_@types+react-dom@18.2.17_@types+react@18.2.43_react-dom@18.2.0_react@18.2.0__react@18.2.0/node_modules/@radix-ui/react-select/dist/index.mjs:800:7
    at /Users/tran.duc.thang/Projects/pit/src/components/ui/select.tsx:174:56
    at div
    at file:///Users/tran.duc.thang/Projects/pit/node_modules/.pnpm/@radix-ui+react-primitive@2.1.3_@types+react-dom@18.2.17_@types+react@18.2.43_react-dom_2161c237ea33b60c0cf3d21a889a9a3e/node_modules/@radix-ui/react-primitive/dist/index.mjs:28:13
    at file:///Users/tran.duc.thang/Projects/pit/node_modules/.pnpm/@radix-ui+react-slot@1.2.3_@types+react@18.2.43_react@18.2.0/node_modules/@radix-ui/react-slot/dist/index.mjs:33:13
    at file:///Users/tran.duc.thang/Projects/pit/node_modules/.pnpm/@radix-ui+react-slot@1.2.3_@types+react@18.2.43_react@18.2.0/node_modules/@radix-ui/react-slot/dist/index.mjs:9:13
    at file:///Users/tran.duc.thang/Projects/pit/node_modules/.pnpm/@radix-ui+react-collection@1.1.7_@types+react-dom@18.2.17_@types+react@18.2.43_react-do_a03fe685936792784d18791d9a1c5606/node_modules/@radix-ui/react-collection/dist/index.mjs:27:15
    at file:///Users/tran.duc.thang/Projects/pit/node_modules/.pnpm/@radix-ui+react-select@2.2.6_@types+react-dom@18.2.17_@types+react@18.2.43_react-dom@18.2.0_react@18.2.0__react@18.2.0/node_modules/@radix-ui/react-select/dist/index.mjs:711:13
    at div
    at file:///Users/tran.duc.thang/Projects/pit/node_modules/.pnpm/@radix-ui+react-slot@1.2.3_@types+react@18.2.43_react@18.2.0/node_modules/@radix-ui/react-slot/dist/index.mjs:33:13
    at file:///Users/tran.duc.thang/Projects/pit/node_modules/.pnpm/@radix-ui+react-slot@1.2.3_@types+react@18.2.43_react@18.2.0/node_modules/@radix-ui/react-slot/dist/index.mjs:9:13
    at file:///Users/tran.duc.thang/Projects/pit/node_modules/.pnpm/@radix-ui+react-collection@1.1.7_@types+react-dom@18.2.17_@types+react@18.2.43_react-do_a03fe685936792784d18791d9a1c5606/node_modules/@radix-ui/react-collection/dist/index.mjs:27:15
    at Provider (file:///Users/tran.duc.thang/Projects/pit/node_modules/.pnpm/@radix-ui+react-context@1.1.2_@types+react@18.2.43_react@18.2.0/node_modules/@radix-ui/react-context/dist/index.mjs:27:15)
    at file:///Users/tran.duc.thang/Projects/pit/node_modules/.pnpm/@radix-ui+react-select@2.2.6_@types+react-dom@18.2.17_@types+react@18.2.43_react-dom@18.2.0_react@18.2.0__react@18.2.0/node_modules/@radix-ui/react-select/dist/index.mjs:256:58
    at file:///Users/tran.duc.thang/Projects/pit/node_modules/.pnpm/@radix-ui+react-slot@1.2.3_@types+react@18.2.43_react@18.2.0/node_modules/@radix-ui/react-slot/dist/index.mjs:33:13
    at file:///Users/tran.duc.thang/Projects/pit/node_modules/.pnpm/@radix-ui+react-slot@1.2.3_@types+react@18.2.43_react@18.2.0/node_modules/@radix-ui/react-slot/dist/index.mjs:9:13
    at file:///Users/tran.duc.thang/Projects/pit/node_modules/.pnpm/@radix-ui+react-primitive@2.1.3_@types+react-dom@18.2.17_@types+react@18.2.43_react-dom_2161c237ea33b60c0cf3d21a889a9a3e/node_modules/@radix-ui/react-primitive/dist/index.mjs:28:13
    at file:///Users/tran.duc.thang/Projects/pit/node_modules/.pnpm/@radix-ui+react-portal@1.1.9_@types+react-dom@18.2.17_@types+react@18.2.43_react-dom@18.2.0_react@18.2.0__react@18.2.0/node_modules/@radix-ui/react-portal/dist/index.mjs:11:22
    at SelectPortal
    at /Users/tran.duc.thang/Projects/pit/src/components/ui/select.tsx:101:59
    at Provider (file:///Users/tran.duc.thang/Projects/pit/node_modules/.pnpm/@radix-ui+react-context@1.1.2_@types+react@18.2.43_react@18.2.0/node_modules/@radix-ui/react-context/dist/index.mjs:27:15)
    at Provider (file:///Users/tran.duc.thang/Projects/pit/node_modules/.pnpm/@radix-ui+react-context@1.1.2_@types+react@18.2.43_react@18.2.0/node_modules/@radix-ui/react-context/dist/index.mjs:27:15)
    at CollectionProvider (file:///Users/tran.duc.thang/Projects/pit/node_modules/.pnpm/@radix-ui+react-collection@1.1.7_@types+react-dom@18.2.17_@types+react@18.2.43_react-do_a03fe685936792784d18791d9a1c5606/node_modules/@radix-ui/react-collection/dist/index.mjs:17:13)
    at Provider (file:///Users/tran.duc.thang/Projects/pit/node_modules/.pnpm/@radix-ui+react-context@1.1.2_@types+react@18.2.43_react@18.2.0/node_modules/@radix-ui/react-context/dist/index.mjs:27:15)
    at Provider (file:///Users/tran.duc.thang/Projects/pit/node_modules/.pnpm/@radix-ui+react-context@1.1.2_@types+react@18.2.43_react@18.2.0/node_modules/@radix-ui/react-context/dist/index.mjs:27:15)
    at Popper (file:///Users/tran.duc.thang/Projects/pit/node_modules/.pnpm/@radix-ui+react-popper@1.2.8_@types+react-dom@18.2.17_@types+react@18.2.43_react-dom@18.2.0_react@18.2.0__react@18.2.0/node_modules/@radix-ui/react-popper/dist/index.mjs:30:11)
    at Select (file:///Users/tran.duc.thang/Projects/pit/node_modules/.pnpm/@radix-ui+react-select@2.2.6_@types+react-dom@18.2.17_@types+react@18.2.43_react-dom@18.2.0_react@18.2.0__react@18.2.0/node_modules/@radix-ui/react-select/dist/index.mjs:42:5)
    at div
    at RegionSelector (/Users/tran.duc.thang/Projects/pit/src/components/RegionSelector.tsx:20:27)
    at div
    at /Users/tran.duc.thang/Projects/pit/src/components/ui/card.tsx:68:6
    at div
    at /Users/tran.duc.thang/Projects/pit/src/components/ui/card.tsx:14:6
    at CalculatorInputs (/Users/tran.duc.thang/Projects/pit/src/components/CalculatorInputs.tsx:19:3)
    at div
    at SalaryCalculator (/Users/tran.duc.thang/Projects/pit/src/components/SalaryCalculator.tsx:24:63)
    at ErrorBoundary (/Users/tran.duc.thang/Projects/pit/src/components/ErrorBoundary.tsx:13:5)
    at main
    at div
    at div
    at div
    at ErrorBoundary (/Users/tran.duc.thang/Projects/pit/src/components/ErrorBoundary.tsx:13:5)
    at App
Warning: An update to SelectItemText inside a test was not wrapped in act(...).

When testing, code that causes React state updates should be wrapped into act(...):

act(() => {
  /* fire events that update state */
});
/* assert on the output */

This ensures that you're testing the behavior the user would see in the browser. Learn more at https://reactjs.org/link/wrap-tests-with-act
    at file:///Users/tran.duc.thang/Projects/pit/node_modules/.pnpm/@radix-ui+react-select@2.2.6_@types+react-dom@18.2.17_@types+react@18.2.43_react-dom@18.2.0_react@18.2.0__react@18.2.0/node_modules/@radix-ui/react-select/dist/index.mjs:901:13
    at div
    at file:///Users/tran.duc.thang/Projects/pit/node_modules/.pnpm/@radix-ui+react-primitive@2.1.3_@types+react-dom@18.2.17_@types+react@18.2.43_react-dom_2161c237ea33b60c0cf3d21a889a9a3e/node_modules/@radix-ui/react-primitive/dist/index.mjs:28:13
    at file:///Users/tran.duc.thang/Projects/pit/node_modules/.pnpm/@radix-ui+react-slot@1.2.3_@types+react@18.2.43_react@18.2.0/node_modules/@radix-ui/react-slot/dist/index.mjs:33:13
    at file:///Users/tran.duc.thang/Projects/pit/node_modules/.pnpm/@radix-ui+react-slot@1.2.3_@types+react@18.2.43_react@18.2.0/node_modules/@radix-ui/react-slot/dist/index.mjs:9:13
    at file:///Users/tran.duc.thang/Projects/pit/node_modules/.pnpm/@radix-ui+react-collection@1.1.7_@types+react-dom@18.2.17_@types+react@18.2.43_react-do_a03fe685936792784d18791d9a1c5606/node_modules/@radix-ui/react-collection/dist/index.mjs:39:15
    at Provider (file:///Users/tran.duc.thang/Projects/pit/node_modules/.pnpm/@radix-ui+react-context@1.1.2_@types+react@18.2.43_react@18.2.0/node_modules/@radix-ui/react-context/dist/index.mjs:27:15)
    at file:///Users/tran.duc.thang/Projects/pit/node_modules/.pnpm/@radix-ui+react-select@2.2.6_@types+react-dom@18.2.17_@types+react@18.2.43_react-dom@18.2.0_react@18.2.0__react@18.2.0/node_modules/@radix-ui/react-select/dist/index.mjs:800:7
    at /Users/tran.duc.thang/Projects/pit/src/components/ui/select.tsx:174:56
    at div
    at file:///Users/tran.duc.thang/Projects/pit/node_modules/.pnpm/@radix-ui+react-primitive@2.1.3_@types+react-dom@18.2.17_@types+react@18.2.43_react-dom_2161c237ea33b60c0cf3d21a889a9a3e/node_modules/@radix-ui/react-primitive/dist/index.mjs:28:13
    at file:///Users/tran.duc.thang/Projects/pit/node_modules/.pnpm/@radix-ui+react-slot@1.2.3_@types+react@18.2.43_react@18.2.0/node_modules/@radix-ui/react-slot/dist/index.mjs:33:13
    at file:///Users/tran.duc.thang/Projects/pit/node_modules/.pnpm/@radix-ui+react-slot@1.2.3_@types+react@18.2.43_react@18.2.0/node_modules/@radix-ui/react-slot/dist/index.mjs:9:13
    at file:///Users/tran.duc.thang/Projects/pit/node_modules/.pnpm/@radix-ui+react-collection@1.1.7_@types+react-dom@18.2.17_@types+react@18.2.43_react-do_a03fe685936792784d18791d9a1c5606/node_modules/@radix-ui/react-collection/dist/index.mjs:27:15
    at file:///Users/tran.duc.thang/Projects/pit/node_modules/.pnpm/@radix-ui+react-select@2.2.6_@types+react-dom@18.2.17_@types+react@18.2.43_react-dom@18.2.0_react@18.2.0__react@18.2.0/node_modules/@radix-ui/react-select/dist/index.mjs:711:13
    at div
    at file:///Users/tran.duc.thang/Projects/pit/node_modules/.pnpm/@radix-ui+react-slot@1.2.3_@types+react@18.2.43_react@18.2.0/node_modules/@radix-ui/react-slot/dist/index.mjs:33:13
    at file:///Users/tran.duc.thang/Projects/pit/node_modules/.pnpm/@radix-ui+react-slot@1.2.3_@types+react@18.2.43_react@18.2.0/node_modules/@radix-ui/react-slot/dist/index.mjs:9:13
    at file:///Users/tran.duc.thang/Projects/pit/node_modules/.pnpm/@radix-ui+react-collection@1.1.7_@types+react-dom@18.2.17_@types+react@18.2.43_react-do_a03fe685936792784d18791d9a1c5606/node_modules/@radix-ui/react-collection/dist/index.mjs:27:15
    at Provider (file:///Users/tran.duc.thang/Projects/pit/node_modules/.pnpm/@radix-ui+react-context@1.1.2_@types+react@18.2.43_react@18.2.0/node_modules/@radix-ui/react-context/dist/index.mjs:27:15)
    at file:///Users/tran.duc.thang/Projects/pit/node_modules/.pnpm/@radix-ui+react-select@2.2.6_@types+react-dom@18.2.17_@types+react@18.2.43_react-dom@18.2.0_react@18.2.0__react@18.2.0/node_modules/@radix-ui/react-select/dist/index.mjs:256:58
    at file:///Users/tran.duc.thang/Projects/pit/node_modules/.pnpm/@radix-ui+react-slot@1.2.3_@types+react@18.2.43_react@18.2.0/node_modules/@radix-ui/react-slot/dist/index.mjs:33:13
    at file:///Users/tran.duc.thang/Projects/pit/node_modules/.pnpm/@radix-ui+react-slot@1.2.3_@types+react@18.2.43_react@18.2.0/node_modules/@radix-ui/react-slot/dist/index.mjs:9:13
    at file:///Users/tran.duc.thang/Projects/pit/node_modules/.pnpm/@radix-ui+react-primitive@2.1.3_@types+react-dom@18.2.17_@types+react@18.2.43_react-dom_2161c237ea33b60c0cf3d21a889a9a3e/node_modules/@radix-ui/react-primitive/dist/index.mjs:28:13
    at file:///Users/tran.duc.thang/Projects/pit/node_modules/.pnpm/@radix-ui+react-portal@1.1.9_@types+react-dom@18.2.17_@types+react@18.2.43_react-dom@18.2.0_react@18.2.0__react@18.2.0/node_modules/@radix-ui/react-portal/dist/index.mjs:11:22
    at SelectPortal
    at /Users/tran.duc.thang/Projects/pit/src/components/ui/select.tsx:101:59
    at Provider (file:///Users/tran.duc.thang/Projects/pit/node_modules/.pnpm/@radix-ui+react-context@1.1.2_@types+react@18.2.43_react@18.2.0/node_modules/@radix-ui/react-context/dist/index.mjs:27:15)
    at Provider (file:///Users/tran.duc.thang/Projects/pit/node_modules/.pnpm/@radix-ui+react-context@1.1.2_@types+react@18.2.43_react@18.2.0/node_modules/@radix-ui/react-context/dist/index.mjs:27:15)
    at CollectionProvider (file:///Users/tran.duc.thang/Projects/pit/node_modules/.pnpm/@radix-ui+react-collection@1.1.7_@types+react-dom@18.2.17_@types+react@18.2.43_react-do_a03fe685936792784d18791d9a1c5606/node_modules/@radix-ui/react-collection/dist/index.mjs:17:13)
    at Provider (file:///Users/tran.duc.thang/Projects/pit/node_modules/.pnpm/@radix-ui+react-context@1.1.2_@types+react@18.2.43_react@18.2.0/node_modules/@radix-ui/react-context/dist/index.mjs:27:15)
    at Provider (file:///Users/tran.duc.thang/Projects/pit/node_modules/.pnpm/@radix-ui+react-context@1.1.2_@types+react@18.2.43_react@18.2.0/node_modules/@radix-ui/react-context/dist/index.mjs:27:15)
    at Popper (file:///Users/tran.duc.thang/Projects/pit/node_modules/.pnpm/@radix-ui+react-popper@1.2.8_@types+react-dom@18.2.17_@types+react@18.2.43_react-dom@18.2.0_react@18.2.0__react@18.2.0/node_modules/@radix-ui/react-popper/dist/index.mjs:30:11)
    at Select (file:///Users/tran.duc.thang/Projects/pit/node_modules/.pnpm/@radix-ui+react-select@2.2.6_@types+react-dom@18.2.17_@types+react@18.2.43_react-dom@18.2.0_react@18.2.0__react@18.2.0/node_modules/@radix-ui/react-select/dist/index.mjs:42:5)
    at div
    at RegionSelector (/Users/tran.duc.thang/Projects/pit/src/components/RegionSelector.tsx:20:27)
    at div
    at /Users/tran.duc.thang/Projects/pit/src/components/ui/card.tsx:68:6
    at div
    at /Users/tran.duc.thang/Projects/pit/src/components/ui/card.tsx:14:6
    at CalculatorInputs (/Users/tran.duc.thang/Projects/pit/src/components/CalculatorInputs.tsx:19:3)
    at div
    at SalaryCalculator (/Users/tran.duc.thang/Projects/pit/src/components/SalaryCalculator.tsx:24:63)
    at ErrorBoundary (/Users/tran.duc.thang/Projects/pit/src/components/ErrorBoundary.tsx:13:5)
    at main
    at div
    at div
    at div
    at ErrorBoundary (/Users/tran.duc.thang/Projects/pit/src/components/ErrorBoundary.tsx:13:5)
    at App
Warning: An update to SelectItemText inside a test was not wrapped in act(...).

When testing, code that causes React state updates should be wrapped into act(...):

act(() => {
  /* fire events that update state */
});
/* assert on the output */

This ensures that you're testing the behavior the user would see in the browser. Learn more at https://reactjs.org/link/wrap-tests-with-act
    at file:///Users/tran.duc.thang/Projects/pit/node_modules/.pnpm/@radix-ui+react-select@2.2.6_@types+react-dom@18.2.17_@types+react@18.2.43_react-dom@18.2.0_react@18.2.0__react@18.2.0/node_modules/@radix-ui/react-select/dist/index.mjs:901:13
    at div
    at file:///Users/tran.duc.thang/Projects/pit/node_modules/.pnpm/@radix-ui+react-primitive@2.1.3_@types+react-dom@18.2.17_@types+react@18.2.43_react-dom_2161c237ea33b60c0cf3d21a889a9a3e/node_modules/@radix-ui/react-primitive/dist/index.mjs:28:13
    at file:///Users/tran.duc.thang/Projects/pit/node_modules/.pnpm/@radix-ui+react-slot@1.2.3_@types+react@18.2.43_react@18.2.0/node_modules/@radix-ui/react-slot/dist/index.mjs:33:13
    at file:///Users/tran.duc.thang/Projects/pit/node_modules/.pnpm/@radix-ui+react-slot@1.2.3_@types+react@18.2.43_react@18.2.0/node_modules/@radix-ui/react-slot/dist/index.mjs:9:13
    at file:///Users/tran.duc.thang/Projects/pit/node_modules/.pnpm/@radix-ui+react-collection@1.1.7_@types+react-dom@18.2.17_@types+react@18.2.43_react-do_a03fe685936792784d18791d9a1c5606/node_modules/@radix-ui/react-collection/dist/index.mjs:39:15
    at Provider (file:///Users/tran.duc.thang/Projects/pit/node_modules/.pnpm/@radix-ui+react-context@1.1.2_@types+react@18.2.43_react@18.2.0/node_modules/@radix-ui/react-context/dist/index.mjs:27:15)
    at file:///Users/tran.duc.thang/Projects/pit/node_modules/.pnpm/@radix-ui+react-select@2.2.6_@types+react-dom@18.2.17_@types+react@18.2.43_react-dom@18.2.0_react@18.2.0__react@18.2.0/node_modules/@radix-ui/react-select/dist/index.mjs:800:7
    at /Users/tran.duc.thang/Projects/pit/src/components/ui/select.tsx:174:56
    at div
    at file:///Users/tran.duc.thang/Projects/pit/node_modules/.pnpm/@radix-ui+react-primitive@2.1.3_@types+react-dom@18.2.17_@types+react@18.2.43_react-dom_2161c237ea33b60c0cf3d21a889a9a3e/node_modules/@radix-ui/react-primitive/dist/index.mjs:28:13
    at file:///Users/tran.duc.thang/Projects/pit/node_modules/.pnpm/@radix-ui+react-slot@1.2.3_@types+react@18.2.43_react@18.2.0/node_modules/@radix-ui/react-slot/dist/index.mjs:33:13
    at file:///Users/tran.duc.thang/Projects/pit/node_modules/.pnpm/@radix-ui+react-slot@1.2.3_@types+react@18.2.43_react@18.2.0/node_modules/@radix-ui/react-slot/dist/index.mjs:9:13
    at file:///Users/tran.duc.thang/Projects/pit/node_modules/.pnpm/@radix-ui+react-collection@1.1.7_@types+react-dom@18.2.17_@types+react@18.2.43_react-do_a03fe685936792784d18791d9a1c5606/node_modules/@radix-ui/react-collection/dist/index.mjs:27:15
    at file:///Users/tran.duc.thang/Projects/pit/node_modules/.pnpm/@radix-ui+react-select@2.2.6_@types+react-dom@18.2.17_@types+react@18.2.43_react-dom@18.2.0_react@18.2.0__react@18.2.0/node_modules/@radix-ui/react-select/dist/index.mjs:711:13
    at div
    at file:///Users/tran.duc.thang/Projects/pit/node_modules/.pnpm/@radix-ui+react-slot@1.2.3_@types+react@18.2.43_react@18.2.0/node_modules/@radix-ui/react-slot/dist/index.mjs:33:13
    at file:///Users/tran.duc.thang/Projects/pit/node_modules/.pnpm/@radix-ui+react-slot@1.2.3_@types+react@18.2.43_react@18.2.0/node_modules/@radix-ui/react-slot/dist/index.mjs:9:13
    at file:///Users/tran.duc.thang/Projects/pit/node_modules/.pnpm/@radix-ui+react-collection@1.1.7_@types+react-dom@18.2.17_@types+react@18.2.43_react-do_a03fe685936792784d18791d9a1c5606/node_modules/@radix-ui/react-collection/dist/index.mjs:27:15
    at Provider (file:///Users/tran.duc.thang/Projects/pit/node_modules/.pnpm/@radix-ui+react-context@1.1.2_@types+react@18.2.43_react@18.2.0/node_modules/@radix-ui/react-context/dist/index.mjs:27:15)
    at file:///Users/tran.duc.thang/Projects/pit/node_modules/.pnpm/@radix-ui+react-select@2.2.6_@types+react-dom@18.2.17_@types+react@18.2.43_react-dom@18.2.0_react@18.2.0__react@18.2.0/node_modules/@radix-ui/react-select/dist/index.mjs:256:58
    at file:///Users/tran.duc.thang/Projects/pit/node_modules/.pnpm/@radix-ui+react-slot@1.2.3_@types+react@18.2.43_react@18.2.0/node_modules/@radix-ui/react-slot/dist/index.mjs:33:13
    at file:///Users/tran.duc.thang/Projects/pit/node_modules/.pnpm/@radix-ui+react-slot@1.2.3_@types+react@18.2.43_react@18.2.0/node_modules/@radix-ui/react-slot/dist/index.mjs:9:13
    at file:///Users/tran.duc.thang/Projects/pit/node_modules/.pnpm/@radix-ui+react-primitive@2.1.3_@types+react-dom@18.2.17_@types+react@18.2.43_react-dom_2161c237ea33b60c0cf3d21a889a9a3e/node_modules/@radix-ui/react-primitive/dist/index.mjs:28:13
    at file:///Users/tran.duc.thang/Projects/pit/node_modules/.pnpm/@radix-ui+react-portal@1.1.9_@types+react-dom@18.2.17_@types+react@18.2.43_react-dom@18.2.0_react@18.2.0__react@18.2.0/node_modules/@radix-ui/react-portal/dist/index.mjs:11:22
    at SelectPortal
    at /Users/tran.duc.thang/Projects/pit/src/components/ui/select.tsx:101:59
    at Provider (file:///Users/tran.duc.thang/Projects/pit/node_modules/.pnpm/@radix-ui+react-context@1.1.2_@types+react@18.2.43_react@18.2.0/node_modules/@radix-ui/react-context/dist/index.mjs:27:15)
    at Provider (file:///Users/tran.duc.thang/Projects/pit/node_modules/.pnpm/@radix-ui+react-context@1.1.2_@types+react@18.2.43_react@18.2.0/node_modules/@radix-ui/react-context/dist/index.mjs:27:15)
    at CollectionProvider (file:///Users/tran.duc.thang/Projects/pit/node_modules/.pnpm/@radix-ui+react-collection@1.1.7_@types+react-dom@18.2.17_@types+react@18.2.43_react-do_a03fe685936792784d18791d9a1c5606/node_modules/@radix-ui/react-collection/dist/index.mjs:17:13)
    at Provider (file:///Users/tran.duc.thang/Projects/pit/node_modules/.pnpm/@radix-ui+react-context@1.1.2_@types+react@18.2.43_react@18.2.0/node_modules/@radix-ui/react-context/dist/index.mjs:27:15)
    at Provider (file:///Users/tran.duc.thang/Projects/pit/node_modules/.pnpm/@radix-ui+react-context@1.1.2_@types+react@18.2.43_react@18.2.0/node_modules/@radix-ui/react-context/dist/index.mjs:27:15)
    at Popper (file:///Users/tran.duc.thang/Projects/pit/node_modules/.pnpm/@radix-ui+react-popper@1.2.8_@types+react-dom@18.2.17_@types+react@18.2.43_react-dom@18.2.0_react@18.2.0__react@18.2.0/node_modules/@radix-ui/react-popper/dist/index.mjs:30:11)
    at Select (file:///Users/tran.duc.thang/Projects/pit/node_modules/.pnpm/@radix-ui+react-select@2.2.6_@types+react-dom@18.2.17_@types+react@18.2.43_react-dom@18.2.0_react@18.2.0__react@18.2.0/node_modules/@radix-ui/react-select/dist/index.mjs:42:5)
    at div
    at RegionSelector (/Users/tran.duc.thang/Projects/pit/src/components/RegionSelector.tsx:20:27)
    at div
    at /Users/tran.duc.thang/Projects/pit/src/components/ui/card.tsx:68:6
    at div
    at /Users/tran.duc.thang/Projects/pit/src/components/ui/card.tsx:14:6
    at CalculatorInputs (/Users/tran.duc.thang/Projects/pit/src/components/CalculatorInputs.tsx:19:3)
    at div
    at SalaryCalculator (/Users/tran.duc.thang/Projects/pit/src/components/SalaryCalculator.tsx:24:63)
    at ErrorBoundary (/Users/tran.duc.thang/Projects/pit/src/components/ErrorBoundary.tsx:13:5)
    at main
    at div
    at div
    at div
    at ErrorBoundary (/Users/tran.duc.thang/Projects/pit/src/components/ErrorBoundary.tsx:13:5)
    at App
Warning: An update to SelectItemText inside a test was not wrapped in act(...).

When testing, code that causes React state updates should be wrapped into act(...):

act(() => {
  /* fire events that update state */
});
/* assert on the output */

This ensures that you're testing the behavior the user would see in the browser. Learn more at https://reactjs.org/link/wrap-tests-with-act
    at file:///Users/tran.duc.thang/Projects/pit/node_modules/.pnpm/@radix-ui+react-select@2.2.6_@types+react-dom@18.2.17_@types+react@18.2.43_react-dom@18.2.0_react@18.2.0__react@18.2.0/node_modules/@radix-ui/react-select/dist/index.mjs:901:13
    at div
    at file:///Users/tran.duc.thang/Projects/pit/node_modules/.pnpm/@radix-ui+react-primitive@2.1.3_@types+react-dom@18.2.17_@types+react@18.2.43_react-dom_2161c237ea33b60c0cf3d21a889a9a3e/node_modules/@radix-ui/react-primitive/dist/index.mjs:28:13
    at file:///Users/tran.duc.thang/Projects/pit/node_modules/.pnpm/@radix-ui+react-slot@1.2.3_@types+react@18.2.43_react@18.2.0/node_modules/@radix-ui/react-slot/dist/index.mjs:33:13
    at file:///Users/tran.duc.thang/Projects/pit/node_modules/.pnpm/@radix-ui+react-slot@1.2.3_@types+react@18.2.43_react@18.2.0/node_modules/@radix-ui/react-slot/dist/index.mjs:9:13
    at file:///Users/tran.duc.thang/Projects/pit/node_modules/.pnpm/@radix-ui+react-collection@1.1.7_@types+react-dom@18.2.17_@types+react@18.2.43_react-do_a03fe685936792784d18791d9a1c5606/node_modules/@radix-ui/react-collection/dist/index.mjs:39:15
    at Provider (file:///Users/tran.duc.thang/Projects/pit/node_modules/.pnpm/@radix-ui+react-context@1.1.2_@types+react@18.2.43_react@18.2.0/node_modules/@radix-ui/react-context/dist/index.mjs:27:15)
    at file:///Users/tran.duc.thang/Projects/pit/node_modules/.pnpm/@radix-ui+react-select@2.2.6_@types+react-dom@18.2.17_@types+react@18.2.43_react-dom@18.2.0_react@18.2.0__react@18.2.0/node_modules/@radix-ui/react-select/dist/index.mjs:800:7
    at /Users/tran.duc.thang/Projects/pit/src/components/ui/select.tsx:174:56
    at div
    at file:///Users/tran.duc.thang/Projects/pit/node_modules/.pnpm/@radix-ui+react-primitive@2.1.3_@types+react-dom@18.2.17_@types+react@18.2.43_react-dom_2161c237ea33b60c0cf3d21a889a9a3e/node_modules/@radix-ui/react-primitive/dist/index.mjs:28:13
    at file:///Users/tran.duc.thang/Projects/pit/node_modules/.pnpm/@radix-ui+react-slot@1.2.3_@types+react@18.2.43_react@18.2.0/node_modules/@radix-ui/react-slot/dist/index.mjs:33:13
    at file:///Users/tran.duc.thang/Projects/pit/node_modules/.pnpm/@radix-ui+react-slot@1.2.3_@types+react@18.2.43_react@18.2.0/node_modules/@radix-ui/react-slot/dist/index.mjs:9:13
    at file:///Users/tran.duc.thang/Projects/pit/node_modules/.pnpm/@radix-ui+react-collection@1.1.7_@types+react-dom@18.2.17_@types+react@18.2.43_react-do_a03fe685936792784d18791d9a1c5606/node_modules/@radix-ui/react-collection/dist/index.mjs:27:15
    at file:///Users/tran.duc.thang/Projects/pit/node_modules/.pnpm/@radix-ui+react-select@2.2.6_@types+react-dom@18.2.17_@types+react@18.2.43_react-dom@18.2.0_react@18.2.0__react@18.2.0/node_modules/@radix-ui/react-select/dist/index.mjs:711:13
    at div
    at file:///Users/tran.duc.thang/Projects/pit/node_modules/.pnpm/@radix-ui+react-slot@1.2.3_@types+react@18.2.43_react@18.2.0/node_modules/@radix-ui/react-slot/dist/index.mjs:33:13
    at file:///Users/tran.duc.thang/Projects/pit/node_modules/.pnpm/@radix-ui+react-slot@1.2.3_@types+react@18.2.43_react@18.2.0/node_modules/@radix-ui/react-slot/dist/index.mjs:9:13
    at file:///Users/tran.duc.thang/Projects/pit/node_modules/.pnpm/@radix-ui+react-collection@1.1.7_@types+react-dom@18.2.17_@types+react@18.2.43_react-do_a03fe685936792784d18791d9a1c5606/node_modules/@radix-ui/react-collection/dist/index.mjs:27:15
    at Provider (file:///Users/tran.duc.thang/Projects/pit/node_modules/.pnpm/@radix-ui+react-context@1.1.2_@types+react@18.2.43_react@18.2.0/node_modules/@radix-ui/react-context/dist/index.mjs:27:15)
    at file:///Users/tran.duc.thang/Projects/pit/node_modules/.pnpm/@radix-ui+react-select@2.2.6_@types+react-dom@18.2.17_@types+react@18.2.43_react-dom@18.2.0_react@18.2.0__react@18.2.0/node_modules/@radix-ui/react-select/dist/index.mjs:256:58
    at file:///Users/tran.duc.thang/Projects/pit/node_modules/.pnpm/@radix-ui+react-slot@1.2.3_@types+react@18.2.43_react@18.2.0/node_modules/@radix-ui/react-slot/dist/index.mjs:33:13
    at file:///Users/tran.duc.thang/Projects/pit/node_modules/.pnpm/@radix-ui+react-slot@1.2.3_@types+react@18.2.43_react@18.2.0/node_modules/@radix-ui/react-slot/dist/index.mjs:9:13
    at file:///Users/tran.duc.thang/Projects/pit/node_modules/.pnpm/@radix-ui+react-primitive@2.1.3_@types+react-dom@18.2.17_@types+react@18.2.43_react-dom_2161c237ea33b60c0cf3d21a889a9a3e/node_modules/@radix-ui/react-primitive/dist/index.mjs:28:13
    at file:///Users/tran.duc.thang/Projects/pit/node_modules/.pnpm/@radix-ui+react-portal@1.1.9_@types+react-dom@18.2.17_@types+react@18.2.43_react-dom@18.2.0_react@18.2.0__react@18.2.0/node_modules/@radix-ui/react-portal/dist/index.mjs:11:22
    at SelectPortal
    at /Users/tran.duc.thang/Projects/pit/src/components/ui/select.tsx:101:59
    at Provider (file:///Users/tran.duc.thang/Projects/pit/node_modules/.pnpm/@radix-ui+react-context@1.1.2_@types+react@18.2.43_react@18.2.0/node_modules/@radix-ui/react-context/dist/index.mjs:27:15)
    at Provider (file:///Users/tran.duc.thang/Projects/pit/node_modules/.pnpm/@radix-ui+react-context@1.1.2_@types+react@18.2.43_react@18.2.0/node_modules/@radix-ui/react-context/dist/index.mjs:27:15)
    at CollectionProvider (file:///Users/tran.duc.thang/Projects/pit/node_modules/.pnpm/@radix-ui+react-collection@1.1.7_@types+react-dom@18.2.17_@types+react@18.2.43_react-do_a03fe685936792784d18791d9a1c5606/node_modules/@radix-ui/react-collection/dist/index.mjs:17:13)
    at Provider (file:///Users/tran.duc.thang/Projects/pit/node_modules/.pnpm/@radix-ui+react-context@1.1.2_@types+react@18.2.43_react@18.2.0/node_modules/@radix-ui/react-context/dist/index.mjs:27:15)
    at Provider (file:///Users/tran.duc.thang/Projects/pit/node_modules/.pnpm/@radix-ui+react-context@1.1.2_@types+react@18.2.43_react@18.2.0/node_modules/@radix-ui/react-context/dist/index.mjs:27:15)
    at Popper (file:///Users/tran.duc.thang/Projects/pit/node_modules/.pnpm/@radix-ui+react-popper@1.2.8_@types+react-dom@18.2.17_@types+react@18.2.43_react-dom@18.2.0_react@18.2.0__react@18.2.0/node_modules/@radix-ui/react-popper/dist/index.mjs:30:11)
    at Select (file:///Users/tran.duc.thang/Projects/pit/node_modules/.pnpm/@radix-ui+react-select@2.2.6_@types+react-dom@18.2.17_@types+react@18.2.43_react-dom@18.2.0_react@18.2.0__react@18.2.0/node_modules/@radix-ui/react-select/dist/index.mjs:42:5)
    at div
    at RegionSelector (/Users/tran.duc.thang/Projects/pit/src/components/RegionSelector.tsx:20:27)
    at div
    at /Users/tran.duc.thang/Projects/pit/src/components/ui/card.tsx:68:6
    at div
    at /Users/tran.duc.thang/Projects/pit/src/components/ui/card.tsx:14:6
    at CalculatorInputs (/Users/tran.duc.thang/Projects/pit/src/components/CalculatorInputs.tsx:19:3)
    at div
    at SalaryCalculator (/Users/tran.duc.thang/Projects/pit/src/components/SalaryCalculator.tsx:24:63)
    at ErrorBoundary (/Users/tran.duc.thang/Projects/pit/src/components/ErrorBoundary.tsx:13:5)
    at main
    at div
    at div
    at div
    at ErrorBoundary (/Users/tran.duc.thang/Projects/pit/src/components/ErrorBoundary.tsx:13:5)
    at App
Warning: An update to Tooltip inside a test was not wrapped in act(...).

When testing, code that causes React state updates should be wrapped into act(...):

act(() => {
  /* fire events that update state */
});
/* assert on the output */

This ensures that you're testing the behavior the user would see in the browser. Learn more at https://reactjs.org/link/wrap-tests-with-act
    at Tooltip (file:///Users/tran.duc.thang/Projects/pit/node_modules/.pnpm/@radix-ui+react-tooltip@1.2.8_@types+react-dom@18.2.17_@types+react@18.2.43_react-dom@18.2.0_react@18.2.0__react@18.2.0/node_modules/@radix-ui/react-tooltip/dist/index.mjs:73:5)
    at Provider (file:///Users/tran.duc.thang/Projects/pit/node_modules/.pnpm/@radix-ui+react-context@1.1.2_@types+react@18.2.43_react@18.2.0/node_modules/@radix-ui/react-context/dist/index.mjs:27:15)
    at TooltipProvider (file:///Users/tran.duc.thang/Projects/pit/node_modules/.pnpm/@radix-ui+react-tooltip@1.2.8_@types+react-dom@18.2.17_@types+react@18.2.43_react-dom@18.2.0_react@18.2.0__react@18.2.0/node_modules/@radix-ui/react-tooltip/dist/index.mjs:29:5)
    at InfoTooltip (/Users/tran.duc.thang/Projects/pit/src/components/InfoTooltip.tsx:10:24)
    at div
    at div
    at InsuranceBaseInput (/Users/tran.duc.thang/Projects/pit/src/components/InsuranceBaseInput.tsx:13:3)
    at div
    at /Users/tran.duc.thang/Projects/pit/src/components/ui/card.tsx:68:6
    at div
    at /Users/tran.duc.thang/Projects/pit/src/components/ui/card.tsx:14:6
    at CalculatorInputs (/Users/tran.duc.thang/Projects/pit/src/components/CalculatorInputs.tsx:19:3)
    at div
    at SalaryCalculator (/Users/tran.duc.thang/Projects/pit/src/components/SalaryCalculator.tsx:24:63)
    at ErrorBoundary (/Users/tran.duc.thang/Projects/pit/src/components/ErrorBoundary.tsx:13:5)
    at main
    at div
    at div
    at div
    at ErrorBoundary (/Users/tran.duc.thang/Projects/pit/src/components/ErrorBoundary.tsx:13:5)
    at App
Warning: An update to Radio inside a test was not wrapped in act(...).

When testing, code that causes React state updates should be wrapped into act(...):

act(() => {
  /* fire events that update state */
});
/* assert on the output */

This ensures that you're testing the behavior the user would see in the browser. Learn more at https://reactjs.org/link/wrap-tests-with-act
    at file:///Users/tran.duc.thang/Projects/pit/node_modules/.pnpm/@radix-ui+react-radio-group@1.3.8_@types+react-dom@18.2.17_@types+react@18.2.43_react-d_232b8f11a4c03b4724d7150d14f44128/node_modules/@radix-ui/react-radio-group/dist/index.mjs:30:7
    at file:///Users/tran.duc.thang/Projects/pit/node_modules/.pnpm/@radix-ui+react-slot@1.2.3_@types+react@18.2.43_react@18.2.0/node_modules/@radix-ui/react-slot/dist/index.mjs:33:13
    at file:///Users/tran.duc.thang/Projects/pit/node_modules/.pnpm/@radix-ui+react-slot@1.2.3_@types+react@18.2.43_react@18.2.0/node_modules/@radix-ui/react-slot/dist/index.mjs:9:13
    at file:///Users/tran.duc.thang/Projects/pit/node_modules/.pnpm/@radix-ui+react-primitive@2.1.3_@types+react-dom@18.2.17_@types+react@18.2.43_react-dom_2161c237ea33b60c0cf3d21a889a9a3e/node_modules/@radix-ui/react-primitive/dist/index.mjs:28:13
    at file:///Users/tran.duc.thang/Projects/pit/node_modules/.pnpm/@radix-ui+react-slot@1.2.3_@types+react@18.2.43_react@18.2.0/node_modules/@radix-ui/react-slot/dist/index.mjs:33:13
    at file:///Users/tran.duc.thang/Projects/pit/node_modules/.pnpm/@radix-ui+react-slot@1.2.3_@types+react@18.2.43_react@18.2.0/node_modules/@radix-ui/react-slot/dist/index.mjs:9:13
    at file:///Users/tran.duc.thang/Projects/pit/node_modules/.pnpm/@radix-ui+react-collection@1.1.7_@types+react-dom@18.2.17_@types+react@18.2.43_react-do_a03fe685936792784d18791d9a1c5606/node_modules/@radix-ui/react-collection/dist/index.mjs:39:15
    at file:///Users/tran.duc.thang/Projects/pit/node_modules/.pnpm/@radix-ui+react-roving-focus@1.1.11_@types+react-dom@18.2.17_@types+react@18.2.43_react_0518848876eeed3dd17b5d7009596a7d/node_modules/@radix-ui/react-roving-focus/dist/index.mjs:124:7
    at file:///Users/tran.duc.thang/Projects/pit/node_modules/.pnpm/@radix-ui+react-radio-group@1.3.8_@types+react-dom@18.2.17_@types+react@18.2.43_react-d_232b8f11a4c03b4724d7150d14f44128/node_modules/@radix-ui/react-radio-group/dist/index.mjs:228:13
    at /Users/tran.duc.thang/Projects/pit/src/components/ui/radio-group.tsx:22:60
    at div
    at div
    at file:///Users/tran.duc.thang/Projects/pit/node_modules/.pnpm/@radix-ui+react-primitive@2.1.3_@types+react-dom@18.2.17_@types+react@18.2.43_react-dom_2161c237ea33b60c0cf3d21a889a9a3e/node_modules/@radix-ui/react-primitive/dist/index.mjs:28:13
    at file:///Users/tran.duc.thang/Projects/pit/node_modules/.pnpm/@radix-ui+react-slot@1.2.3_@types+react@18.2.43_react@18.2.0/node_modules/@radix-ui/react-slot/dist/index.mjs:33:13
    at file:///Users/tran.duc.thang/Projects/pit/node_modules/.pnpm/@radix-ui+react-slot@1.2.3_@types+react@18.2.43_react@18.2.0/node_modules/@radix-ui/react-slot/dist/index.mjs:9:13
    at file:///Users/tran.duc.thang/Projects/pit/node_modules/.pnpm/@radix-ui+react-primitive@2.1.3_@types+react-dom@18.2.17_@types+react@18.2.43_react-dom_2161c237ea33b60c0cf3d21a889a9a3e/node_modules/@radix-ui/react-primitive/dist/index.mjs:28:13
    at Provider (file:///Users/tran.duc.thang/Projects/pit/node_modules/.pnpm/@radix-ui+react-context@1.1.2_@types+react@18.2.43_react@18.2.0/node_modules/@radix-ui/react-context/dist/index.mjs:27:15)
    at file:///Users/tran.duc.thang/Projects/pit/node_modules/.pnpm/@radix-ui+react-roving-focus@1.1.11_@types+react-dom@18.2.17_@types+react@18.2.43_react_0518848876eeed3dd17b5d7009596a7d/node_modules/@radix-ui/react-roving-focus/dist/index.mjs:32:5
    at file:///Users/tran.duc.thang/Projects/pit/node_modules/.pnpm/@radix-ui+react-slot@1.2.3_@types+react@18.2.43_react@18.2.0/node_modules/@radix-ui/react-slot/dist/index.mjs:33:13
    at file:///Users/tran.duc.thang/Projects/pit/node_modules/.pnpm/@radix-ui+react-slot@1.2.3_@types+react@18.2.43_react@18.2.0/node_modules/@radix-ui/react-slot/dist/index.mjs:9:13
    at file:///Users/tran.duc.thang/Projects/pit/node_modules/.pnpm/@radix-ui+react-collection@1.1.7_@types+react-dom@18.2.17_@types+react@18.2.43_react-do_a03fe685936792784d18791d9a1c5606/node_modules/@radix-ui/react-collection/dist/index.mjs:27:15
    at Provider (file:///Users/tran.duc.thang/Projects/pit/node_modules/.pnpm/@radix-ui+react-context@1.1.2_@types+react@18.2.43_react@18.2.0/node_modules/@radix-ui/react-context/dist/index.mjs:27:15)
    at CollectionProvider (file:///Users/tran.duc.thang/Projects/pit/node_modules/.pnpm/@radix-ui+react-collection@1.1.7_@types+react-dom@18.2.17_@types+react@18.2.43_react-do_a03fe685936792784d18791d9a1c5606/node_modules/@radix-ui/react-collection/dist/index.mjs:17:13)
    at file:///Users/tran.duc.thang/Projects/pit/node_modules/.pnpm/@radix-ui+react-roving-focus@1.1.11_@types+react-dom@18.2.17_@types+react@18.2.43_react_0518848876eeed3dd17b5d7009596a7d/node_modules/@radix-ui/react-roving-focus/dist/index.mjs:26:68
    at Provider (file:///Users/tran.duc.thang/Projects/pit/node_modules/.pnpm/@radix-ui+react-context@1.1.2_@types+react@18.2.43_react@18.2.0/node_modules/@radix-ui/react-context/dist/index.mjs:27:15)
    at file:///Users/tran.duc.thang/Projects/pit/node_modules/.pnpm/@radix-ui+react-radio-group@1.3.8_@types+react-dom@18.2.17_@types+react@18.2.43_react-d_232b8f11a4c03b4724d7150d14f44128/node_modules/@radix-ui/react-radio-group/dist/index.mjs:169:7
    at /Users/tran.duc.thang/Projects/pit/src/components/ui/radio-group.tsx:14:56
    at div
    at InsuranceBaseInput (/Users/tran.duc.thang/Projects/pit/src/components/InsuranceBaseInput.tsx:13:3)
    at div
    at /Users/tran.duc.thang/Projects/pit/src/components/ui/card.tsx:68:6
    at div
    at /Users/tran.duc.thang/Projects/pit/src/components/ui/card.tsx:14:6
    at CalculatorInputs (/Users/tran.duc.thang/Projects/pit/src/components/CalculatorInputs.tsx:19:3)
    at div
    at SalaryCalculator (/Users/tran.duc.thang/Projects/pit/src/components/SalaryCalculator.tsx:24:63)
    at ErrorBoundary (/Users/tran.duc.thang/Projects/pit/src/components/ErrorBoundary.tsx:13:5)
    at main
    at div
    at div
    at div
    at ErrorBoundary (/Users/tran.duc.thang/Projects/pit/src/components/ErrorBoundary.tsx:13:5)
    at App
Warning: An update to Radio inside a test was not wrapped in act(...).

When testing, code that causes React state updates should be wrapped into act(...):

act(() => {
  /* fire events that update state */
});
/* assert on the output */

This ensures that you're testing the behavior the user would see in the browser. Learn more at https://reactjs.org/link/wrap-tests-with-act
    at file:///Users/tran.duc.thang/Projects/pit/node_modules/.pnpm/@radix-ui+react-radio-group@1.3.8_@types+react-dom@18.2.17_@types+react@18.2.43_react-d_232b8f11a4c03b4724d7150d14f44128/node_modules/@radix-ui/react-radio-group/dist/index.mjs:30:7
    at file:///Users/tran.duc.thang/Projects/pit/node_modules/.pnpm/@radix-ui+react-slot@1.2.3_@types+react@18.2.43_react@18.2.0/node_modules/@radix-ui/react-slot/dist/index.mjs:33:13
    at file:///Users/tran.duc.thang/Projects/pit/node_modules/.pnpm/@radix-ui+react-slot@1.2.3_@types+react@18.2.43_react@18.2.0/node_modules/@radix-ui/react-slot/dist/index.mjs:9:13
    at file:///Users/tran.duc.thang/Projects/pit/node_modules/.pnpm/@radix-ui+react-primitive@2.1.3_@types+react-dom@18.2.17_@types+react@18.2.43_react-dom_2161c237ea33b60c0cf3d21a889a9a3e/node_modules/@radix-ui/react-primitive/dist/index.mjs:28:13
    at file:///Users/tran.duc.thang/Projects/pit/node_modules/.pnpm/@radix-ui+react-slot@1.2.3_@types+react@18.2.43_react@18.2.0/node_modules/@radix-ui/react-slot/dist/index.mjs:33:13
    at file:///Users/tran.duc.thang/Projects/pit/node_modules/.pnpm/@radix-ui+react-slot@1.2.3_@types+react@18.2.43_react@18.2.0/node_modules/@radix-ui/react-slot/dist/index.mjs:9:13
    at file:///Users/tran.duc.thang/Projects/pit/node_modules/.pnpm/@radix-ui+react-collection@1.1.7_@types+react-dom@18.2.17_@types+react@18.2.43_react-do_a03fe685936792784d18791d9a1c5606/node_modules/@radix-ui/react-collection/dist/index.mjs:39:15
    at file:///Users/tran.duc.thang/Projects/pit/node_modules/.pnpm/@radix-ui+react-roving-focus@1.1.11_@types+react-dom@18.2.17_@types+react@18.2.43_react_0518848876eeed3dd17b5d7009596a7d/node_modules/@radix-ui/react-roving-focus/dist/index.mjs:124:7
    at file:///Users/tran.duc.thang/Projects/pit/node_modules/.pnpm/@radix-ui+react-radio-group@1.3.8_@types+react-dom@18.2.17_@types+react@18.2.43_react-d_232b8f11a4c03b4724d7150d14f44128/node_modules/@radix-ui/react-radio-group/dist/index.mjs:228:13
    at /Users/tran.duc.thang/Projects/pit/src/components/ui/radio-group.tsx:22:60
    at div
    at div
    at div
    at file:///Users/tran.duc.thang/Projects/pit/node_modules/.pnpm/@radix-ui+react-primitive@2.1.3_@types+react-dom@18.2.17_@types+react@18.2.43_react-dom_2161c237ea33b60c0cf3d21a889a9a3e/node_modules/@radix-ui/react-primitive/dist/index.mjs:28:13
    at file:///Users/tran.duc.thang/Projects/pit/node_modules/.pnpm/@radix-ui+react-slot@1.2.3_@types+react@18.2.43_react@18.2.0/node_modules/@radix-ui/react-slot/dist/index.mjs:33:13
    at file:///Users/tran.duc.thang/Projects/pit/node_modules/.pnpm/@radix-ui+react-slot@1.2.3_@types+react@18.2.43_react@18.2.0/node_modules/@radix-ui/react-slot/dist/index.mjs:9:13
    at file:///Users/tran.duc.thang/Projects/pit/node_modules/.pnpm/@radix-ui+react-primitive@2.1.3_@types+react-dom@18.2.17_@types+react@18.2.43_react-dom_2161c237ea33b60c0cf3d21a889a9a3e/node_modules/@radix-ui/react-primitive/dist/index.mjs:28:13
    at Provider (file:///Users/tran.duc.thang/Projects/pit/node_modules/.pnpm/@radix-ui+react-context@1.1.2_@types+react@18.2.43_react@18.2.0/node_modules/@radix-ui/react-context/dist/index.mjs:27:15)
    at file:///Users/tran.duc.thang/Projects/pit/node_modules/.pnpm/@radix-ui+react-roving-focus@1.1.11_@types+react-dom@18.2.17_@types+react@18.2.43_react_0518848876eeed3dd17b5d7009596a7d/node_modules/@radix-ui/react-roving-focus/dist/index.mjs:32:5
    at file:///Users/tran.duc.thang/Projects/pit/node_modules/.pnpm/@radix-ui+react-slot@1.2.3_@types+react@18.2.43_react@18.2.0/node_modules/@radix-ui/react-slot/dist/index.mjs:33:13
    at file:///Users/tran.duc.thang/Projects/pit/node_modules/.pnpm/@radix-ui+react-slot@1.2.3_@types+react@18.2.43_react@18.2.0/node_modules/@radix-ui/react-slot/dist/index.mjs:9:13
    at file:///Users/tran.duc.thang/Projects/pit/node_modules/.pnpm/@radix-ui+react-collection@1.1.7_@types+react-dom@18.2.17_@types+react@18.2.43_react-do_a03fe685936792784d18791d9a1c5606/node_modules/@radix-ui/react-collection/dist/index.mjs:27:15
    at Provider (file:///Users/tran.duc.thang/Projects/pit/node_modules/.pnpm/@radix-ui+react-context@1.1.2_@types+react@18.2.43_react@18.2.0/node_modules/@radix-ui/react-context/dist/index.mjs:27:15)
    at CollectionProvider (file:///Users/tran.duc.thang/Projects/pit/node_modules/.pnpm/@radix-ui+react-collection@1.1.7_@types+react-dom@18.2.17_@types+react@18.2.43_react-do_a03fe685936792784d18791d9a1c5606/node_modules/@radix-ui/react-collection/dist/index.mjs:17:13)
    at file:///Users/tran.duc.thang/Projects/pit/node_modules/.pnpm/@radix-ui+react-roving-focus@1.1.11_@types+react-dom@18.2.17_@types+react@18.2.43_react_0518848876eeed3dd17b5d7009596a7d/node_modules/@radix-ui/react-roving-focus/dist/index.mjs:26:68
    at Provider (file:///Users/tran.duc.thang/Projects/pit/node_modules/.pnpm/@radix-ui+react-context@1.1.2_@types+react@18.2.43_react@18.2.0/node_modules/@radix-ui/react-context/dist/index.mjs:27:15)
    at file:///Users/tran.duc.thang/Projects/pit/node_modules/.pnpm/@radix-ui+react-radio-group@1.3.8_@types+react-dom@18.2.17_@types+react@18.2.43_react-d_232b8f11a4c03b4724d7150d14f44128/node_modules/@radix-ui/react-radio-group/dist/index.mjs:169:7
    at /Users/tran.duc.thang/Projects/pit/src/components/ui/radio-group.tsx:14:56
    at div
    at InsuranceBaseInput (/Users/tran.duc.thang/Projects/pit/src/components/InsuranceBaseInput.tsx:13:3)
    at div
    at /Users/tran.duc.thang/Projects/pit/src/components/ui/card.tsx:68:6
    at div
    at /Users/tran.duc.thang/Projects/pit/src/components/ui/card.tsx:14:6
    at CalculatorInputs (/Users/tran.duc.thang/Projects/pit/src/components/CalculatorInputs.tsx:19:3)
    at div
    at SalaryCalculator (/Users/tran.duc.thang/Projects/pit/src/components/SalaryCalculator.tsx:24:63)
    at ErrorBoundary (/Users/tran.duc.thang/Projects/pit/src/components/ErrorBoundary.tsx:13:5)
    at main
    at div
    at div
    at div
    at ErrorBoundary (/Users/tran.duc.thang/Projects/pit/src/components/ErrorBoundary.tsx:13:5)
    at App
Warning: An update to Switch inside a test was not wrapped in act(...).

When testing, code that causes React state updates should be wrapped into act(...):

act(() => {
  /* fire events that update state */
});
/* assert on the output */

This ensures that you're testing the behavior the user would see in the browser. Learn more at https://reactjs.org/link/wrap-tests-with-act
    at file:///Users/tran.duc.thang/Projects/pit/node_modules/.pnpm/@radix-ui+react-switch@1.2.6_@types+react-dom@18.2.17_@types+react@18.2.43_react-dom@18.2.0_react@18.2.0__react@18.2.0/node_modules/@radix-ui/react-switch/dist/index.mjs:19:7
    at /Users/tran.duc.thang/Projects/pit/src/components/ui/switch.tsx:10:52
    at div
    at div
    at UnionDuesCheckbox (/Users/tran.duc.thang/Projects/pit/src/components/UnionDuesCheckbox.tsx:11:3)
    at div
    at /Users/tran.duc.thang/Projects/pit/src/components/ui/card.tsx:68:6
    at div
    at /Users/tran.duc.thang/Projects/pit/src/components/ui/card.tsx:14:6
    at CalculatorInputs (/Users/tran.duc.thang/Projects/pit/src/components/CalculatorInputs.tsx:19:3)
    at div
    at SalaryCalculator (/Users/tran.duc.thang/Projects/pit/src/components/SalaryCalculator.tsx:24:63)
    at ErrorBoundary (/Users/tran.duc.thang/Projects/pit/src/components/ErrorBoundary.tsx:13:5)
    at main
    at div
    at div
    at div
    at ErrorBoundary (/Users/tran.duc.thang/Projects/pit/src/components/ErrorBoundary.tsx:13:5)
    at App
Warning: An update to Tooltip inside a test was not wrapped in act(...).

When testing, code that causes React state updates should be wrapped into act(...):

act(() => {
  /* fire events that update state */
});
/* assert on the output */

This ensures that you're testing the behavior the user would see in the browser. Learn more at https://reactjs.org/link/wrap-tests-with-act
    at Tooltip (file:///Users/tran.duc.thang/Projects/pit/node_modules/.pnpm/@radix-ui+react-tooltip@1.2.8_@types+react-dom@18.2.17_@types+react@18.2.43_react-dom@18.2.0_react@18.2.0__react@18.2.0/node_modules/@radix-ui/react-tooltip/dist/index.mjs:73:5)
    at Provider (file:///Users/tran.duc.thang/Projects/pit/node_modules/.pnpm/@radix-ui+react-context@1.1.2_@types+react@18.2.43_react@18.2.0/node_modules/@radix-ui/react-context/dist/index.mjs:27:15)
    at TooltipProvider (file:///Users/tran.duc.thang/Projects/pit/node_modules/.pnpm/@radix-ui+react-tooltip@1.2.8_@types+react-dom@18.2.17_@types+react@18.2.43_react-dom@18.2.0_react@18.2.0__react@18.2.0/node_modules/@radix-ui/react-tooltip/dist/index.mjs:29:5)
    at InfoTooltip (/Users/tran.duc.thang/Projects/pit/src/components/InfoTooltip.tsx:10:24)
    at div
    at div
    at UnionDuesCheckbox (/Users/tran.duc.thang/Projects/pit/src/components/UnionDuesCheckbox.tsx:11:3)
    at div
    at /Users/tran.duc.thang/Projects/pit/src/components/ui/card.tsx:68:6
    at div
    at /Users/tran.duc.thang/Projects/pit/src/components/ui/card.tsx:14:6
    at CalculatorInputs (/Users/tran.duc.thang/Projects/pit/src/components/CalculatorInputs.tsx:19:3)
    at div
    at SalaryCalculator (/Users/tran.duc.thang/Projects/pit/src/components/SalaryCalculator.tsx:24:63)
    at ErrorBoundary (/Users/tran.duc.thang/Projects/pit/src/components/ErrorBoundary.tsx:13:5)
    at main
    at div
    at div
    at div
    at ErrorBoundary (/Users/tran.duc.thang/Projects/pit/src/components/ErrorBoundary.tsx:13:5)
    at App
Warning: An update to Switch inside a test was not wrapped in act(...).

When testing, code that causes React state updates should be wrapped into act(...):

act(() => {
  /* fire events that update state */
});
/* assert on the output */

This ensures that you're testing the behavior the user would see in the browser. Learn more at https://reactjs.org/link/wrap-tests-with-act
    at file:///Users/tran.duc.thang/Projects/pit/node_modules/.pnpm/@radix-ui+react-switch@1.2.6_@types+react-dom@18.2.17_@types+react@18.2.43_react-dom@18.2.0_react@18.2.0__react@18.2.0/node_modules/@radix-ui/react-switch/dist/index.mjs:19:7
    at /Users/tran.duc.thang/Projects/pit/src/components/ui/switch.tsx:10:52
    at div
    at div
    at LunchAllowanceInput (/Users/tran.duc.thang/Projects/pit/src/components/LunchAllowanceInput.tsx:13:134)
    at div
    at /Users/tran.duc.thang/Projects/pit/src/components/ui/card.tsx:68:6
    at div
    at /Users/tran.duc.thang/Projects/pit/src/components/ui/card.tsx:14:6
    at CalculatorInputs (/Users/tran.duc.thang/Projects/pit/src/components/CalculatorInputs.tsx:19:3)
    at div
    at SalaryCalculator (/Users/tran.duc.thang/Projects/pit/src/components/SalaryCalculator.tsx:24:63)
    at ErrorBoundary (/Users/tran.duc.thang/Projects/pit/src/components/ErrorBoundary.tsx:13:5)
    at main
    at div
    at div
    at div
    at ErrorBoundary (/Users/tran.duc.thang/Projects/pit/src/components/ErrorBoundary.tsx:13:5)
    at App
Warning: An update to Tooltip inside a test was not wrapped in act(...).

When testing, code that causes React state updates should be wrapped into act(...):

act(() => {
  /* fire events that update state */
});
/* assert on the output */

This ensures that you're testing the behavior the user would see in the browser. Learn more at https://reactjs.org/link/wrap-tests-with-act
    at Tooltip (file:///Users/tran.duc.thang/Projects/pit/node_modules/.pnpm/@radix-ui+react-tooltip@1.2.8_@types+react-dom@18.2.17_@types+react@18.2.43_react-dom@18.2.0_react@18.2.0__react@18.2.0/node_modules/@radix-ui/react-tooltip/dist/index.mjs:73:5)
    at Provider (file:///Users/tran.duc.thang/Projects/pit/node_modules/.pnpm/@radix-ui+react-context@1.1.2_@types+react@18.2.43_react@18.2.0/node_modules/@radix-ui/react-context/dist/index.mjs:27:15)
    at TooltipProvider (file:///Users/tran.duc.thang/Projects/pit/node_modules/.pnpm/@radix-ui+react-tooltip@1.2.8_@types+react-dom@18.2.17_@types+react@18.2.43_react-dom@18.2.0_react@18.2.0__react@18.2.0/node_modules/@radix-ui/react-tooltip/dist/index.mjs:29:5)
    at InfoTooltip (/Users/tran.duc.thang/Projects/pit/src/components/InfoTooltip.tsx:10:24)
    at div
    at td
    at /Users/tran.duc.thang/Projects/pit/src/components/ui/table.tsx:98:55
    at tr
    at /Users/tran.duc.thang/Projects/pit/src/components/ui/table.tsx:57:6
    at tbody
    at /Users/tran.duc.thang/Projects/pit/src/components/ui/table.tsx:33:55
    at table
    at div
    at /Users/tran.duc.thang/Projects/pit/src/components/ui/table.tsx:16:6
    at div
    at InsuranceBreakdown (/Users/tran.duc.thang/Projects/pit/src/components/InsuranceBreakdown.tsx:25:3)
    at div
    at div
    at /Users/tran.duc.thang/Projects/pit/src/components/ui/card.tsx:68:6
    at div
    at /Users/tran.duc.thang/Projects/pit/src/components/ui/card.tsx:14:6
    at ResultDisplay (/Users/tran.duc.thang/Projects/pit/src/components/ResultDisplay.tsx:29:3)
    at div
    at SalaryCalculator (/Users/tran.duc.thang/Projects/pit/src/components/SalaryCalculator.tsx:24:63)
    at ErrorBoundary (/Users/tran.duc.thang/Projects/pit/src/components/ErrorBoundary.tsx:13:5)
    at main
    at div
    at div
    at div
    at ErrorBoundary (/Users/tran.duc.thang/Projects/pit/src/components/ErrorBoundary.tsx:13:5)
    at App
Warning: An update to Tooltip inside a test was not wrapped in act(...).

When testing, code that causes React state updates should be wrapped into act(...):

act(() => {
  /* fire events that update state */
});
/* assert on the output */

This ensures that you're testing the behavior the user would see in the browser. Learn more at https://reactjs.org/link/wrap-tests-with-act
    at Tooltip (file:///Users/tran.duc.thang/Projects/pit/node_modules/.pnpm/@radix-ui+react-tooltip@1.2.8_@types+react-dom@18.2.17_@types+react@18.2.43_react-dom@18.2.0_react@18.2.0__react@18.2.0/node_modules/@radix-ui/react-tooltip/dist/index.mjs:73:5)
    at Provider (file:///Users/tran.duc.thang/Projects/pit/node_modules/.pnpm/@radix-ui+react-context@1.1.2_@types+react@18.2.43_react@18.2.0/node_modules/@radix-ui/react-context/dist/index.mjs:27:15)
    at TooltipProvider (file:///Users/tran.duc.thang/Projects/pit/node_modules/.pnpm/@radix-ui+react-tooltip@1.2.8_@types+react-dom@18.2.17_@types+react@18.2.43_react-dom@18.2.0_react@18.2.0__react@18.2.0/node_modules/@radix-ui/react-tooltip/dist/index.mjs:29:5)
    at InfoTooltip (/Users/tran.duc.thang/Projects/pit/src/components/InfoTooltip.tsx:10:24)
    at div
    at td
    at /Users/tran.duc.thang/Projects/pit/src/components/ui/table.tsx:98:55
    at tr
    at /Users/tran.duc.thang/Projects/pit/src/components/ui/table.tsx:57:6
    at tbody
    at /Users/tran.duc.thang/Projects/pit/src/components/ui/table.tsx:33:55
    at table
    at div
    at /Users/tran.duc.thang/Projects/pit/src/components/ui/table.tsx:16:6
    at div
    at InsuranceBreakdown (/Users/tran.duc.thang/Projects/pit/src/components/InsuranceBreakdown.tsx:25:3)
    at div
    at div
    at /Users/tran.duc.thang/Projects/pit/src/components/ui/card.tsx:68:6
    at div
    at /Users/tran.duc.thang/Projects/pit/src/components/ui/card.tsx:14:6
    at ResultDisplay (/Users/tran.duc.thang/Projects/pit/src/components/ResultDisplay.tsx:29:3)
    at div
    at SalaryCalculator (/Users/tran.duc.thang/Projects/pit/src/components/SalaryCalculator.tsx:24:63)
    at ErrorBoundary (/Users/tran.duc.thang/Projects/pit/src/components/ErrorBoundary.tsx:13:5)
    at main
    at div
    at div
    at div
    at ErrorBoundary (/Users/tran.duc.thang/Projects/pit/src/components/ErrorBoundary.tsx:13:5)
    at App
Warning: An update to Tooltip inside a test was not wrapped in act(...).

When testing, code that causes React state updates should be wrapped into act(...):

act(() => {
  /* fire events that update state */
});
/* assert on the output */

This ensures that you're testing the behavior the user would see in the browser. Learn more at https://reactjs.org/link/wrap-tests-with-act
    at Tooltip (file:///Users/tran.duc.thang/Projects/pit/node_modules/.pnpm/@radix-ui+react-tooltip@1.2.8_@types+react-dom@18.2.17_@types+react@18.2.43_react-dom@18.2.0_react@18.2.0__react@18.2.0/node_modules/@radix-ui/react-tooltip/dist/index.mjs:73:5)
    at Provider (file:///Users/tran.duc.thang/Projects/pit/node_modules/.pnpm/@radix-ui+react-context@1.1.2_@types+react@18.2.43_react@18.2.0/node_modules/@radix-ui/react-context/dist/index.mjs:27:15)
    at TooltipProvider (file:///Users/tran.duc.thang/Projects/pit/node_modules/.pnpm/@radix-ui+react-tooltip@1.2.8_@types+react-dom@18.2.17_@types+react@18.2.43_react-dom@18.2.0_react@18.2.0__react@18.2.0/node_modules/@radix-ui/react-tooltip/dist/index.mjs:29:5)
    at InfoTooltip (/Users/tran.duc.thang/Projects/pit/src/components/InfoTooltip.tsx:10:24)
    at div
    at td
    at /Users/tran.duc.thang/Projects/pit/src/components/ui/table.tsx:98:55
    at tr
    at /Users/tran.duc.thang/Projects/pit/src/components/ui/table.tsx:57:6
    at tbody
    at /Users/tran.duc.thang/Projects/pit/src/components/ui/table.tsx:33:55
    at table
    at div
    at /Users/tran.duc.thang/Projects/pit/src/components/ui/table.tsx:16:6
    at div
    at InsuranceBreakdown (/Users/tran.duc.thang/Projects/pit/src/components/InsuranceBreakdown.tsx:25:3)
    at div
    at div
    at /Users/tran.duc.thang/Projects/pit/src/components/ui/card.tsx:68:6
    at div
    at /Users/tran.duc.thang/Projects/pit/src/components/ui/card.tsx:14:6
    at ResultDisplay (/Users/tran.duc.thang/Projects/pit/src/components/ResultDisplay.tsx:29:3)
    at div
    at SalaryCalculator (/Users/tran.duc.thang/Projects/pit/src/components/SalaryCalculator.tsx:24:63)
    at ErrorBoundary (/Users/tran.duc.thang/Projects/pit/src/components/ErrorBoundary.tsx:13:5)
    at main
    at div
    at div
    at div
    at ErrorBoundary (/Users/tran.duc.thang/Projects/pit/src/components/ErrorBoundary.tsx:13:5)
    at App
Warning: An update to Tooltip inside a test was not wrapped in act(...).

When testing, code that causes React state updates should be wrapped into act(...):

act(() => {
  /* fire events that update state */
});
/* assert on the output */

This ensures that you're testing the behavior the user would see in the browser. Learn more at https://reactjs.org/link/wrap-tests-with-act
    at Tooltip (file:///Users/tran.duc.thang/Projects/pit/node_modules/.pnpm/@radix-ui+react-tooltip@1.2.8_@types+react-dom@18.2.17_@types+react@18.2.43_react-dom@18.2.0_react@18.2.0__react@18.2.0/node_modules/@radix-ui/react-tooltip/dist/index.mjs:73:5)
    at Provider (file:///Users/tran.duc.thang/Projects/pit/node_modules/.pnpm/@radix-ui+react-context@1.1.2_@types+react@18.2.43_react@18.2.0/node_modules/@radix-ui/react-context/dist/index.mjs:27:15)
    at TooltipProvider (file:///Users/tran.duc.thang/Projects/pit/node_modules/.pnpm/@radix-ui+react-tooltip@1.2.8_@types+react-dom@18.2.17_@types+react@18.2.43_react-dom@18.2.0_react@18.2.0__react@18.2.0/node_modules/@radix-ui/react-tooltip/dist/index.mjs:29:5)
    at div
    at div
    at DependentsInput (/Users/tran.duc.thang/Projects/pit/src/components/DependentsInput.tsx:14:28)
    at div
    at /Users/tran.duc.thang/Projects/pit/src/components/ui/card.tsx:68:6
    at div
    at /Users/tran.duc.thang/Projects/pit/src/components/ui/card.tsx:14:6
    at CalculatorInputs (/Users/tran.duc.thang/Projects/pit/src/components/CalculatorInputs.tsx:19:3)
    at div
    at SalaryCalculator (/Users/tran.duc.thang/Projects/pit/src/components/SalaryCalculator.tsx:24:63)
    at ErrorBoundary (/Users/tran.duc.thang/Projects/pit/src/components/ErrorBoundary.tsx:13:5)
    at main
    at div
    at div
    at div
    at ErrorBoundary (/Users/tran.duc.thang/Projects/pit/src/components/ErrorBoundary.tsx:13:5)
    at App
Warning: An update to Select inside a test was not wrapped in act(...).

When testing, code that causes React state updates should be wrapped into act(...):

act(() => {
  /* fire events that update state */
});
/* assert on the output */

This ensures that you're testing the behavior the user would see in the browser. Learn more at https://reactjs.org/link/wrap-tests-with-act
    at Select (file:///Users/tran.duc.thang/Projects/pit/node_modules/.pnpm/@radix-ui+react-select@2.2.6_@types+react-dom@18.2.17_@types+react@18.2.43_react-dom@18.2.0_react@18.2.0__react@18.2.0/node_modules/@radix-ui/react-select/dist/index.mjs:42:5)
    at div
    at RegionSelector (/Users/tran.duc.thang/Projects/pit/src/components/RegionSelector.tsx:20:27)
    at div
    at /Users/tran.duc.thang/Projects/pit/src/components/ui/card.tsx:68:6
    at div
    at /Users/tran.duc.thang/Projects/pit/src/components/ui/card.tsx:14:6
    at CalculatorInputs (/Users/tran.duc.thang/Projects/pit/src/components/CalculatorInputs.tsx:19:3)
    at div
    at SalaryCalculator (/Users/tran.duc.thang/Projects/pit/src/components/SalaryCalculator.tsx:24:63)
    at ErrorBoundary (/Users/tran.duc.thang/Projects/pit/src/components/ErrorBoundary.tsx:13:5)
    at main
    at div
    at div
    at div
    at ErrorBoundary (/Users/tran.duc.thang/Projects/pit/src/components/ErrorBoundary.tsx:13:5)
    at App
Warning: An update to SelectItemText inside a test was not wrapped in act(...).

When testing, code that causes React state updates should be wrapped into act(...):

act(() => {
  /* fire events that update state */
});
/* assert on the output */

This ensures that you're testing the behavior the user would see in the browser. Learn more at https://reactjs.org/link/wrap-tests-with-act
    at file:///Users/tran.duc.thang/Projects/pit/node_modules/.pnpm/@radix-ui+react-select@2.2.6_@types+react-dom@18.2.17_@types+react@18.2.43_react-dom@18.2.0_react@18.2.0__react@18.2.0/node_modules/@radix-ui/react-select/dist/index.mjs:901:13
    at div
    at file:///Users/tran.duc.thang/Projects/pit/node_modules/.pnpm/@radix-ui+react-primitive@2.1.3_@types+react-dom@18.2.17_@types+react@18.2.43_react-dom_2161c237ea33b60c0cf3d21a889a9a3e/node_modules/@radix-ui/react-primitive/dist/index.mjs:28:13
    at file:///Users/tran.duc.thang/Projects/pit/node_modules/.pnpm/@radix-ui+react-slot@1.2.3_@types+react@18.2.43_react@18.2.0/node_modules/@radix-ui/react-slot/dist/index.mjs:33:13
    at file:///Users/tran.duc.thang/Projects/pit/node_modules/.pnpm/@radix-ui+react-slot@1.2.3_@types+react@18.2.43_react@18.2.0/node_modules/@radix-ui/react-slot/dist/index.mjs:9:13
    at file:///Users/tran.duc.thang/Projects/pit/node_modules/.pnpm/@radix-ui+react-collection@1.1.7_@types+react-dom@18.2.17_@types+react@18.2.43_react-do_a03fe685936792784d18791d9a1c5606/node_modules/@radix-ui/react-collection/dist/index.mjs:39:15
    at Provider (file:///Users/tran.duc.thang/Projects/pit/node_modules/.pnpm/@radix-ui+react-context@1.1.2_@types+react@18.2.43_react@18.2.0/node_modules/@radix-ui/react-context/dist/index.mjs:27:15)
    at file:///Users/tran.duc.thang/Projects/pit/node_modules/.pnpm/@radix-ui+react-select@2.2.6_@types+react-dom@18.2.17_@types+react@18.2.43_react-dom@18.2.0_react@18.2.0__react@18.2.0/node_modules/@radix-ui/react-select/dist/index.mjs:800:7
    at /Users/tran.duc.thang/Projects/pit/src/components/ui/select.tsx:174:56
    at div
    at file:///Users/tran.duc.thang/Projects/pit/node_modules/.pnpm/@radix-ui+react-primitive@2.1.3_@types+react-dom@18.2.17_@types+react@18.2.43_react-dom_2161c237ea33b60c0cf3d21a889a9a3e/node_modules/@radix-ui/react-primitive/dist/index.mjs:28:13
    at file:///Users/tran.duc.thang/Projects/pit/node_modules/.pnpm/@radix-ui+react-slot@1.2.3_@types+react@18.2.43_react@18.2.0/node_modules/@radix-ui/react-slot/dist/index.mjs:33:13
    at file:///Users/tran.duc.thang/Projects/pit/node_modules/.pnpm/@radix-ui+react-slot@1.2.3_@types+react@18.2.43_react@18.2.0/node_modules/@radix-ui/react-slot/dist/index.mjs:9:13
    at file:///Users/tran.duc.thang/Projects/pit/node_modules/.pnpm/@radix-ui+react-collection@1.1.7_@types+react-dom@18.2.17_@types+react@18.2.43_react-do_a03fe685936792784d18791d9a1c5606/node_modules/@radix-ui/react-collection/dist/index.mjs:27:15
    at file:///Users/tran.duc.thang/Projects/pit/node_modules/.pnpm/@radix-ui+react-select@2.2.6_@types+react-dom@18.2.17_@types+react@18.2.43_react-dom@18.2.0_react@18.2.0__react@18.2.0/node_modules/@radix-ui/react-select/dist/index.mjs:711:13
    at div
    at file:///Users/tran.duc.thang/Projects/pit/node_modules/.pnpm/@radix-ui+react-slot@1.2.3_@types+react@18.2.43_react@18.2.0/node_modules/@radix-ui/react-slot/dist/index.mjs:33:13
    at file:///Users/tran.duc.thang/Projects/pit/node_modules/.pnpm/@radix-ui+react-slot@1.2.3_@types+react@18.2.43_react@18.2.0/node_modules/@radix-ui/react-slot/dist/index.mjs:9:13
    at file:///Users/tran.duc.thang/Projects/pit/node_modules/.pnpm/@radix-ui+react-collection@1.1.7_@types+react-dom@18.2.17_@types+react@18.2.43_react-do_a03fe685936792784d18791d9a1c5606/node_modules/@radix-ui/react-collection/dist/index.mjs:27:15
    at Provider (file:///Users/tran.duc.thang/Projects/pit/node_modules/.pnpm/@radix-ui+react-context@1.1.2_@types+react@18.2.43_react@18.2.0/node_modules/@radix-ui/react-context/dist/index.mjs:27:15)
    at file:///Users/tran.duc.thang/Projects/pit/node_modules/.pnpm/@radix-ui+react-select@2.2.6_@types+react-dom@18.2.17_@types+react@18.2.43_react-dom@18.2.0_react@18.2.0__react@18.2.0/node_modules/@radix-ui/react-select/dist/index.mjs:256:58
    at file:///Users/tran.duc.thang/Projects/pit/node_modules/.pnpm/@radix-ui+react-slot@1.2.3_@types+react@18.2.43_react@18.2.0/node_modules/@radix-ui/react-slot/dist/index.mjs:33:13
    at file:///Users/tran.duc.thang/Projects/pit/node_modules/.pnpm/@radix-ui+react-slot@1.2.3_@types+react@18.2.43_react@18.2.0/node_modules/@radix-ui/react-slot/dist/index.mjs:9:13
    at file:///Users/tran.duc.thang/Projects/pit/node_modules/.pnpm/@radix-ui+react-primitive@2.1.3_@types+react-dom@18.2.17_@types+react@18.2.43_react-dom_2161c237ea33b60c0cf3d21a889a9a3e/node_modules/@radix-ui/react-primitive/dist/index.mjs:28:13
    at file:///Users/tran.duc.thang/Projects/pit/node_modules/.pnpm/@radix-ui+react-portal@1.1.9_@types+react-dom@18.2.17_@types+react@18.2.43_react-dom@18.2.0_react@18.2.0__react@18.2.0/node_modules/@radix-ui/react-portal/dist/index.mjs:11:22
    at SelectPortal
    at /Users/tran.duc.thang/Projects/pit/src/components/ui/select.tsx:101:59
    at Provider (file:///Users/tran.duc.thang/Projects/pit/node_modules/.pnpm/@radix-ui+react-context@1.1.2_@types+react@18.2.43_react@18.2.0/node_modules/@radix-ui/react-context/dist/index.mjs:27:15)
    at Provider (file:///Users/tran.duc.thang/Projects/pit/node_modules/.pnpm/@radix-ui+react-context@1.1.2_@types+react@18.2.43_react@18.2.0/node_modules/@radix-ui/react-context/dist/index.mjs:27:15)
    at CollectionProvider (file:///Users/tran.duc.thang/Projects/pit/node_modules/.pnpm/@radix-ui+react-collection@1.1.7_@types+react-dom@18.2.17_@types+react@18.2.43_react-do_a03fe685936792784d18791d9a1c5606/node_modules/@radix-ui/react-collection/dist/index.mjs:17:13)
    at Provider (file:///Users/tran.duc.thang/Projects/pit/node_modules/.pnpm/@radix-ui+react-context@1.1.2_@types+react@18.2.43_react@18.2.0/node_modules/@radix-ui/react-context/dist/index.mjs:27:15)
    at Provider (file:///Users/tran.duc.thang/Projects/pit/node_modules/.pnpm/@radix-ui+react-context@1.1.2_@types+react@18.2.43_react@18.2.0/node_modules/@radix-ui/react-context/dist/index.mjs:27:15)
    at Popper (file:///Users/tran.duc.thang/Projects/pit/node_modules/.pnpm/@radix-ui+react-popper@1.2.8_@types+react-dom@18.2.17_@types+react@18.2.43_react-dom@18.2.0_react@18.2.0__react@18.2.0/node_modules/@radix-ui/react-popper/dist/index.mjs:30:11)
    at Select (file:///Users/tran.duc.thang/Projects/pit/node_modules/.pnpm/@radix-ui+react-select@2.2.6_@types+react-dom@18.2.17_@types+react@18.2.43_react-dom@18.2.0_react@18.2.0__react@18.2.0/node_modules/@radix-ui/react-select/dist/index.mjs:42:5)
    at div
    at RegionSelector (/Users/tran.duc.thang/Projects/pit/src/components/RegionSelector.tsx:20:27)
    at div
    at /Users/tran.duc.thang/Projects/pit/src/components/ui/card.tsx:68:6
    at div
    at /Users/tran.duc.thang/Projects/pit/src/components/ui/card.tsx:14:6
    at CalculatorInputs (/Users/tran.duc.thang/Projects/pit/src/components/CalculatorInputs.tsx:19:3)
    at div
    at SalaryCalculator (/Users/tran.duc.thang/Projects/pit/src/components/SalaryCalculator.tsx:24:63)
    at ErrorBoundary (/Users/tran.duc.thang/Projects/pit/src/components/ErrorBoundary.tsx:13:5)
    at main
    at div
    at div
    at div
    at ErrorBoundary (/Users/tran.duc.thang/Projects/pit/src/components/ErrorBoundary.tsx:13:5)
    at App
Warning: An update to SelectItemText inside a test was not wrapped in act(...).

When testing, code that causes React state updates should be wrapped into act(...):

act(() => {
  /* fire events that update state */
});
/* assert on the output */

This ensures that you're testing the behavior the user would see in the browser. Learn more at https://reactjs.org/link/wrap-tests-with-act
    at file:///Users/tran.duc.thang/Projects/pit/node_modules/.pnpm/@radix-ui+react-select@2.2.6_@types+react-dom@18.2.17_@types+react@18.2.43_react-dom@18.2.0_react@18.2.0__react@18.2.0/node_modules/@radix-ui/react-select/dist/index.mjs:901:13
    at div
    at file:///Users/tran.duc.thang/Projects/pit/node_modules/.pnpm/@radix-ui+react-primitive@2.1.3_@types+react-dom@18.2.17_@types+react@18.2.43_react-dom_2161c237ea33b60c0cf3d21a889a9a3e/node_modules/@radix-ui/react-primitive/dist/index.mjs:28:13
    at file:///Users/tran.duc.thang/Projects/pit/node_modules/.pnpm/@radix-ui+react-slot@1.2.3_@types+react@18.2.43_react@18.2.0/node_modules/@radix-ui/react-slot/dist/index.mjs:33:13
    at file:///Users/tran.duc.thang/Projects/pit/node_modules/.pnpm/@radix-ui+react-slot@1.2.3_@types+react@18.2.43_react@18.2.0/node_modules/@radix-ui/react-slot/dist/index.mjs:9:13
    at file:///Users/tran.duc.thang/Projects/pit/node_modules/.pnpm/@radix-ui+react-collection@1.1.7_@types+react-dom@18.2.17_@types+react@18.2.43_react-do_a03fe685936792784d18791d9a1c5606/node_modules/@radix-ui/react-collection/dist/index.mjs:39:15
    at Provider (file:///Users/tran.duc.thang/Projects/pit/node_modules/.pnpm/@radix-ui+react-context@1.1.2_@types+react@18.2.43_react@18.2.0/node_modules/@radix-ui/react-context/dist/index.mjs:27:15)
    at file:///Users/tran.duc.thang/Projects/pit/node_modules/.pnpm/@radix-ui+react-select@2.2.6_@types+react-dom@18.2.17_@types+react@18.2.43_react-dom@18.2.0_react@18.2.0__react@18.2.0/node_modules/@radix-ui/react-select/dist/index.mjs:800:7
    at /Users/tran.duc.thang/Projects/pit/src/components/ui/select.tsx:174:56
    at div
    at file:///Users/tran.duc.thang/Projects/pit/node_modules/.pnpm/@radix-ui+react-primitive@2.1.3_@types+react-dom@18.2.17_@types+react@18.2.43_react-dom_2161c237ea33b60c0cf3d21a889a9a3e/node_modules/@radix-ui/react-primitive/dist/index.mjs:28:13
    at file:///Users/tran.duc.thang/Projects/pit/node_modules/.pnpm/@radix-ui+react-slot@1.2.3_@types+react@18.2.43_react@18.2.0/node_modules/@radix-ui/react-slot/dist/index.mjs:33:13
    at file:///Users/tran.duc.thang/Projects/pit/node_modules/.pnpm/@radix-ui+react-slot@1.2.3_@types+react@18.2.43_react@18.2.0/node_modules/@radix-ui/react-slot/dist/index.mjs:9:13
    at file:///Users/tran.duc.thang/Projects/pit/node_modules/.pnpm/@radix-ui+react-collection@1.1.7_@types+react-dom@18.2.17_@types+react@18.2.43_react-do_a03fe685936792784d18791d9a1c5606/node_modules/@radix-ui/react-collection/dist/index.mjs:27:15
    at file:///Users/tran.duc.thang/Projects/pit/node_modules/.pnpm/@radix-ui+react-select@2.2.6_@types+react-dom@18.2.17_@types+react@18.2.43_react-dom@18.2.0_react@18.2.0__react@18.2.0/node_modules/@radix-ui/react-select/dist/index.mjs:711:13
    at div
    at file:///Users/tran.duc.thang/Projects/pit/node_modules/.pnpm/@radix-ui+react-slot@1.2.3_@types+react@18.2.43_react@18.2.0/node_modules/@radix-ui/react-slot/dist/index.mjs:33:13
    at file:///Users/tran.duc.thang/Projects/pit/node_modules/.pnpm/@radix-ui+react-slot@1.2.3_@types+react@18.2.43_react@18.2.0/node_modules/@radix-ui/react-slot/dist/index.mjs:9:13
    at file:///Users/tran.duc.thang/Projects/pit/node_modules/.pnpm/@radix-ui+react-collection@1.1.7_@types+react-dom@18.2.17_@types+react@18.2.43_react-do_a03fe685936792784d18791d9a1c5606/node_modules/@radix-ui/react-collection/dist/index.mjs:27:15
    at Provider (file:///Users/tran.duc.thang/Projects/pit/node_modules/.pnpm/@radix-ui+react-context@1.1.2_@types+react@18.2.43_react@18.2.0/node_modules/@radix-ui/react-context/dist/index.mjs:27:15)
    at file:///Users/tran.duc.thang/Projects/pit/node_modules/.pnpm/@radix-ui+react-select@2.2.6_@types+react-dom@18.2.17_@types+react@18.2.43_react-dom@18.2.0_react@18.2.0__react@18.2.0/node_modules/@radix-ui/react-select/dist/index.mjs:256:58
    at file:///Users/tran.duc.thang/Projects/pit/node_modules/.pnpm/@radix-ui+react-slot@1.2.3_@types+react@18.2.43_react@18.2.0/node_modules/@radix-ui/react-slot/dist/index.mjs:33:13
    at file:///Users/tran.duc.thang/Projects/pit/node_modules/.pnpm/@radix-ui+react-slot@1.2.3_@types+react@18.2.43_react@18.2.0/node_modules/@radix-ui/react-slot/dist/index.mjs:9:13
    at file:///Users/tran.duc.thang/Projects/pit/node_modules/.pnpm/@radix-ui+react-primitive@2.1.3_@types+react-dom@18.2.17_@types+react@18.2.43_react-dom_2161c237ea33b60c0cf3d21a889a9a3e/node_modules/@radix-ui/react-primitive/dist/index.mjs:28:13
    at file:///Users/tran.duc.thang/Projects/pit/node_modules/.pnpm/@radix-ui+react-portal@1.1.9_@types+react-dom@18.2.17_@types+react@18.2.43_react-dom@18.2.0_react@18.2.0__react@18.2.0/node_modules/@radix-ui/react-portal/dist/index.mjs:11:22
    at SelectPortal
    at /Users/tran.duc.thang/Projects/pit/src/components/ui/select.tsx:101:59
    at Provider (file:///Users/tran.duc.thang/Projects/pit/node_modules/.pnpm/@radix-ui+react-context@1.1.2_@types+react@18.2.43_react@18.2.0/node_modules/@radix-ui/react-context/dist/index.mjs:27:15)
    at Provider (file:///Users/tran.duc.thang/Projects/pit/node_modules/.pnpm/@radix-ui+react-context@1.1.2_@types+react@18.2.43_react@18.2.0/node_modules/@radix-ui/react-context/dist/index.mjs:27:15)
    at CollectionProvider (file:///Users/tran.duc.thang/Projects/pit/node_modules/.pnpm/@radix-ui+react-collection@1.1.7_@types+react-dom@18.2.17_@types+react@18.2.43_react-do_a03fe685936792784d18791d9a1c5606/node_modules/@radix-ui/react-collection/dist/index.mjs:17:13)
    at Provider (file:///Users/tran.duc.thang/Projects/pit/node_modules/.pnpm/@radix-ui+react-context@1.1.2_@types+react@18.2.43_react@18.2.0/node_modules/@radix-ui/react-context/dist/index.mjs:27:15)
    at Provider (file:///Users/tran.duc.thang/Projects/pit/node_modules/.pnpm/@radix-ui+react-context@1.1.2_@types+react@18.2.43_react@18.2.0/node_modules/@radix-ui/react-context/dist/index.mjs:27:15)
    at Popper (file:///Users/tran.duc.thang/Projects/pit/node_modules/.pnpm/@radix-ui+react-popper@1.2.8_@types+react-dom@18.2.17_@types+react@18.2.43_react-dom@18.2.0_react@18.2.0__react@18.2.0/node_modules/@radix-ui/react-popper/dist/index.mjs:30:11)
    at Select (file:///Users/tran.duc.thang/Projects/pit/node_modules/.pnpm/@radix-ui+react-select@2.2.6_@types+react-dom@18.2.17_@types+react@18.2.43_react-dom@18.2.0_react@18.2.0__react@18.2.0/node_modules/@radix-ui/react-select/dist/index.mjs:42:5)
    at div
    at RegionSelector (/Users/tran.duc.thang/Projects/pit/src/components/RegionSelector.tsx:20:27)
    at div
    at /Users/tran.duc.thang/Projects/pit/src/components/ui/card.tsx:68:6
    at div
    at /Users/tran.duc.thang/Projects/pit/src/components/ui/card.tsx:14:6
    at CalculatorInputs (/Users/tran.duc.thang/Projects/pit/src/components/CalculatorInputs.tsx:19:3)
    at div
    at SalaryCalculator (/Users/tran.duc.thang/Projects/pit/src/components/SalaryCalculator.tsx:24:63)
    at ErrorBoundary (/Users/tran.duc.thang/Projects/pit/src/components/ErrorBoundary.tsx:13:5)
    at main
    at div
    at div
    at div
    at ErrorBoundary (/Users/tran.duc.thang/Projects/pit/src/components/ErrorBoundary.tsx:13:5)
    at App
Warning: An update to SelectItemText inside a test was not wrapped in act(...).

When testing, code that causes React state updates should be wrapped into act(...):

act(() => {
  /* fire events that update state */
});
/* assert on the output */

This ensures that you're testing the behavior the user would see in the browser. Learn more at https://reactjs.org/link/wrap-tests-with-act
    at file:///Users/tran.duc.thang/Projects/pit/node_modules/.pnpm/@radix-ui+react-select@2.2.6_@types+react-dom@18.2.17_@types+react@18.2.43_react-dom@18.2.0_react@18.2.0__react@18.2.0/node_modules/@radix-ui/react-select/dist/index.mjs:901:13
    at div
    at file:///Users/tran.duc.thang/Projects/pit/node_modules/.pnpm/@radix-ui+react-primitive@2.1.3_@types+react-dom@18.2.17_@types+react@18.2.43_react-dom_2161c237ea33b60c0cf3d21a889a9a3e/node_modules/@radix-ui/react-primitive/dist/index.mjs:28:13
    at file:///Users/tran.duc.thang/Projects/pit/node_modules/.pnpm/@radix-ui+react-slot@1.2.3_@types+react@18.2.43_react@18.2.0/node_modules/@radix-ui/react-slot/dist/index.mjs:33:13
    at file:///Users/tran.duc.thang/Projects/pit/node_modules/.pnpm/@radix-ui+react-slot@1.2.3_@types+react@18.2.43_react@18.2.0/node_modules/@radix-ui/react-slot/dist/index.mjs:9:13
    at file:///Users/tran.duc.thang/Projects/pit/node_modules/.pnpm/@radix-ui+react-collection@1.1.7_@types+react-dom@18.2.17_@types+react@18.2.43_react-do_a03fe685936792784d18791d9a1c5606/node_modules/@radix-ui/react-collection/dist/index.mjs:39:15
    at Provider (file:///Users/tran.duc.thang/Projects/pit/node_modules/.pnpm/@radix-ui+react-context@1.1.2_@types+react@18.2.43_react@18.2.0/node_modules/@radix-ui/react-context/dist/index.mjs:27:15)
    at file:///Users/tran.duc.thang/Projects/pit/node_modules/.pnpm/@radix-ui+react-select@2.2.6_@types+react-dom@18.2.17_@types+react@18.2.43_react-dom@18.2.0_react@18.2.0__react@18.2.0/node_modules/@radix-ui/react-select/dist/index.mjs:800:7
    at /Users/tran.duc.thang/Projects/pit/src/components/ui/select.tsx:174:56
    at div
    at file:///Users/tran.duc.thang/Projects/pit/node_modules/.pnpm/@radix-ui+react-primitive@2.1.3_@types+react-dom@18.2.17_@types+react@18.2.43_react-dom_2161c237ea33b60c0cf3d21a889a9a3e/node_modules/@radix-ui/react-primitive/dist/index.mjs:28:13
    at file:///Users/tran.duc.thang/Projects/pit/node_modules/.pnpm/@radix-ui+react-slot@1.2.3_@types+react@18.2.43_react@18.2.0/node_modules/@radix-ui/react-slot/dist/index.mjs:33:13
    at file:///Users/tran.duc.thang/Projects/pit/node_modules/.pnpm/@radix-ui+react-slot@1.2.3_@types+react@18.2.43_react@18.2.0/node_modules/@radix-ui/react-slot/dist/index.mjs:9:13
    at file:///Users/tran.duc.thang/Projects/pit/node_modules/.pnpm/@radix-ui+react-collection@1.1.7_@types+react-dom@18.2.17_@types+react@18.2.43_react-do_a03fe685936792784d18791d9a1c5606/node_modules/@radix-ui/react-collection/dist/index.mjs:27:15
    at file:///Users/tran.duc.thang/Projects/pit/node_modules/.pnpm/@radix-ui+react-select@2.2.6_@types+react-dom@18.2.17_@types+react@18.2.43_react-dom@18.2.0_react@18.2.0__react@18.2.0/node_modules/@radix-ui/react-select/dist/index.mjs:711:13
    at div
    at file:///Users/tran.duc.thang/Projects/pit/node_modules/.pnpm/@radix-ui+react-slot@1.2.3_@types+react@18.2.43_react@18.2.0/node_modules/@radix-ui/react-slot/dist/index.mjs:33:13
    at file:///Users/tran.duc.thang/Projects/pit/node_modules/.pnpm/@radix-ui+react-slot@1.2.3_@types+react@18.2.43_react@18.2.0/node_modules/@radix-ui/react-slot/dist/index.mjs:9:13
    at file:///Users/tran.duc.thang/Projects/pit/node_modules/.pnpm/@radix-ui+react-collection@1.1.7_@types+react-dom@18.2.17_@types+react@18.2.43_react-do_a03fe685936792784d18791d9a1c5606/node_modules/@radix-ui/react-collection/dist/index.mjs:27:15
    at Provider (file:///Users/tran.duc.thang/Projects/pit/node_modules/.pnpm/@radix-ui+react-context@1.1.2_@types+react@18.2.43_react@18.2.0/node_modules/@radix-ui/react-context/dist/index.mjs:27:15)
    at file:///Users/tran.duc.thang/Projects/pit/node_modules/.pnpm/@radix-ui+react-select@2.2.6_@types+react-dom@18.2.17_@types+react@18.2.43_react-dom@18.2.0_react@18.2.0__react@18.2.0/node_modules/@radix-ui/react-select/dist/index.mjs:256:58
    at file:///Users/tran.duc.thang/Projects/pit/node_modules/.pnpm/@radix-ui+react-slot@1.2.3_@types+react@18.2.43_react@18.2.0/node_modules/@radix-ui/react-slot/dist/index.mjs:33:13
    at file:///Users/tran.duc.thang/Projects/pit/node_modules/.pnpm/@radix-ui+react-slot@1.2.3_@types+react@18.2.43_react@18.2.0/node_modules/@radix-ui/react-slot/dist/index.mjs:9:13
    at file:///Users/tran.duc.thang/Projects/pit/node_modules/.pnpm/@radix-ui+react-primitive@2.1.3_@types+react-dom@18.2.17_@types+react@18.2.43_react-dom_2161c237ea33b60c0cf3d21a889a9a3e/node_modules/@radix-ui/react-primitive/dist/index.mjs:28:13
    at file:///Users/tran.duc.thang/Projects/pit/node_modules/.pnpm/@radix-ui+react-portal@1.1.9_@types+react-dom@18.2.17_@types+react@18.2.43_react-dom@18.2.0_react@18.2.0__react@18.2.0/node_modules/@radix-ui/react-portal/dist/index.mjs:11:22
    at SelectPortal
    at /Users/tran.duc.thang/Projects/pit/src/components/ui/select.tsx:101:59
    at Provider (file:///Users/tran.duc.thang/Projects/pit/node_modules/.pnpm/@radix-ui+react-context@1.1.2_@types+react@18.2.43_react@18.2.0/node_modules/@radix-ui/react-context/dist/index.mjs:27:15)
    at Provider (file:///Users/tran.duc.thang/Projects/pit/node_modules/.pnpm/@radix-ui+react-context@1.1.2_@types+react@18.2.43_react@18.2.0/node_modules/@radix-ui/react-context/dist/index.mjs:27:15)
    at CollectionProvider (file:///Users/tran.duc.thang/Projects/pit/node_modules/.pnpm/@radix-ui+react-collection@1.1.7_@types+react-dom@18.2.17_@types+react@18.2.43_react-do_a03fe685936792784d18791d9a1c5606/node_modules/@radix-ui/react-collection/dist/index.mjs:17:13)
    at Provider (file:///Users/tran.duc.thang/Projects/pit/node_modules/.pnpm/@radix-ui+react-context@1.1.2_@types+react@18.2.43_react@18.2.0/node_modules/@radix-ui/react-context/dist/index.mjs:27:15)
    at Provider (file:///Users/tran.duc.thang/Projects/pit/node_modules/.pnpm/@radix-ui+react-context@1.1.2_@types+react@18.2.43_react@18.2.0/node_modules/@radix-ui/react-context/dist/index.mjs:27:15)
    at Popper (file:///Users/tran.duc.thang/Projects/pit/node_modules/.pnpm/@radix-ui+react-popper@1.2.8_@types+react-dom@18.2.17_@types+react@18.2.43_react-dom@18.2.0_react@18.2.0__react@18.2.0/node_modules/@radix-ui/react-popper/dist/index.mjs:30:11)
    at Select (file:///Users/tran.duc.thang/Projects/pit/node_modules/.pnpm/@radix-ui+react-select@2.2.6_@types+react-dom@18.2.17_@types+react@18.2.43_react-dom@18.2.0_react@18.2.0__react@18.2.0/node_modules/@radix-ui/react-select/dist/index.mjs:42:5)
    at div
    at RegionSelector (/Users/tran.duc.thang/Projects/pit/src/components/RegionSelector.tsx:20:27)
    at div
    at /Users/tran.duc.thang/Projects/pit/src/components/ui/card.tsx:68:6
    at div
    at /Users/tran.duc.thang/Projects/pit/src/components/ui/card.tsx:14:6
    at CalculatorInputs (/Users/tran.duc.thang/Projects/pit/src/components/CalculatorInputs.tsx:19:3)
    at div
    at SalaryCalculator (/Users/tran.duc.thang/Projects/pit/src/components/SalaryCalculator.tsx:24:63)
    at ErrorBoundary (/Users/tran.duc.thang/Projects/pit/src/components/ErrorBoundary.tsx:13:5)
    at main
    at div
    at div
    at div
    at ErrorBoundary (/Users/tran.duc.thang/Projects/pit/src/components/ErrorBoundary.tsx:13:5)
    at App
Warning: An update to SelectItemText inside a test was not wrapped in act(...).

When testing, code that causes React state updates should be wrapped into act(...):

act(() => {
  /* fire events that update state */
});
/* assert on the output */

This ensures that you're testing the behavior the user would see in the browser. Learn more at https://reactjs.org/link/wrap-tests-with-act
    at file:///Users/tran.duc.thang/Projects/pit/node_modules/.pnpm/@radix-ui+react-select@2.2.6_@types+react-dom@18.2.17_@types+react@18.2.43_react-dom@18.2.0_react@18.2.0__react@18.2.0/node_modules/@radix-ui/react-select/dist/index.mjs:901:13
    at div
    at file:///Users/tran.duc.thang/Projects/pit/node_modules/.pnpm/@radix-ui+react-primitive@2.1.3_@types+react-dom@18.2.17_@types+react@18.2.43_react-dom_2161c237ea33b60c0cf3d21a889a9a3e/node_modules/@radix-ui/react-primitive/dist/index.mjs:28:13
    at file:///Users/tran.duc.thang/Projects/pit/node_modules/.pnpm/@radix-ui+react-slot@1.2.3_@types+react@18.2.43_react@18.2.0/node_modules/@radix-ui/react-slot/dist/index.mjs:33:13
    at file:///Users/tran.duc.thang/Projects/pit/node_modules/.pnpm/@radix-ui+react-slot@1.2.3_@types+react@18.2.43_react@18.2.0/node_modules/@radix-ui/react-slot/dist/index.mjs:9:13
    at file:///Users/tran.duc.thang/Projects/pit/node_modules/.pnpm/@radix-ui+react-collection@1.1.7_@types+react-dom@18.2.17_@types+react@18.2.43_react-do_a03fe685936792784d18791d9a1c5606/node_modules/@radix-ui/react-collection/dist/index.mjs:39:15
    at Provider (file:///Users/tran.duc.thang/Projects/pit/node_modules/.pnpm/@radix-ui+react-context@1.1.2_@types+react@18.2.43_react@18.2.0/node_modules/@radix-ui/react-context/dist/index.mjs:27:15)
    at file:///Users/tran.duc.thang/Projects/pit/node_modules/.pnpm/@radix-ui+react-select@2.2.6_@types+react-dom@18.2.17_@types+react@18.2.43_react-dom@18.2.0_react@18.2.0__react@18.2.0/node_modules/@radix-ui/react-select/dist/index.mjs:800:7
    at /Users/tran.duc.thang/Projects/pit/src/components/ui/select.tsx:174:56
    at div
    at file:///Users/tran.duc.thang/Projects/pit/node_modules/.pnpm/@radix-ui+react-primitive@2.1.3_@types+react-dom@18.2.17_@types+react@18.2.43_react-dom_2161c237ea33b60c0cf3d21a889a9a3e/node_modules/@radix-ui/react-primitive/dist/index.mjs:28:13
    at file:///Users/tran.duc.thang/Projects/pit/node_modules/.pnpm/@radix-ui+react-slot@1.2.3_@types+react@18.2.43_react@18.2.0/node_modules/@radix-ui/react-slot/dist/index.mjs:33:13
    at file:///Users/tran.duc.thang/Projects/pit/node_modules/.pnpm/@radix-ui+react-slot@1.2.3_@types+react@18.2.43_react@18.2.0/node_modules/@radix-ui/react-slot/dist/index.mjs:9:13
    at file:///Users/tran.duc.thang/Projects/pit/node_modules/.pnpm/@radix-ui+react-collection@1.1.7_@types+react-dom@18.2.17_@types+react@18.2.43_react-do_a03fe685936792784d18791d9a1c5606/node_modules/@radix-ui/react-collection/dist/index.mjs:27:15
    at file:///Users/tran.duc.thang/Projects/pit/node_modules/.pnpm/@radix-ui+react-select@2.2.6_@types+react-dom@18.2.17_@types+react@18.2.43_react-dom@18.2.0_react@18.2.0__react@18.2.0/node_modules/@radix-ui/react-select/dist/index.mjs:711:13
    at div
    at file:///Users/tran.duc.thang/Projects/pit/node_modules/.pnpm/@radix-ui+react-slot@1.2.3_@types+react@18.2.43_react@18.2.0/node_modules/@radix-ui/react-slot/dist/index.mjs:33:13
    at file:///Users/tran.duc.thang/Projects/pit/node_modules/.pnpm/@radix-ui+react-slot@1.2.3_@types+react@18.2.43_react@18.2.0/node_modules/@radix-ui/react-slot/dist/index.mjs:9:13
    at file:///Users/tran.duc.thang/Projects/pit/node_modules/.pnpm/@radix-ui+react-collection@1.1.7_@types+react-dom@18.2.17_@types+react@18.2.43_react-do_a03fe685936792784d18791d9a1c5606/node_modules/@radix-ui/react-collection/dist/index.mjs:27:15
    at Provider (file:///Users/tran.duc.thang/Projects/pit/node_modules/.pnpm/@radix-ui+react-context@1.1.2_@types+react@18.2.43_react@18.2.0/node_modules/@radix-ui/react-context/dist/index.mjs:27:15)
    at file:///Users/tran.duc.thang/Projects/pit/node_modules/.pnpm/@radix-ui+react-select@2.2.6_@types+react-dom@18.2.17_@types+react@18.2.43_react-dom@18.2.0_react@18.2.0__react@18.2.0/node_modules/@radix-ui/react-select/dist/index.mjs:256:58
    at file:///Users/tran.duc.thang/Projects/pit/node_modules/.pnpm/@radix-ui+react-slot@1.2.3_@types+react@18.2.43_react@18.2.0/node_modules/@radix-ui/react-slot/dist/index.mjs:33:13
    at file:///Users/tran.duc.thang/Projects/pit/node_modules/.pnpm/@radix-ui+react-slot@1.2.3_@types+react@18.2.43_react@18.2.0/node_modules/@radix-ui/react-slot/dist/index.mjs:9:13
    at file:///Users/tran.duc.thang/Projects/pit/node_modules/.pnpm/@radix-ui+react-primitive@2.1.3_@types+react-dom@18.2.17_@types+react@18.2.43_react-dom_2161c237ea33b60c0cf3d21a889a9a3e/node_modules/@radix-ui/react-primitive/dist/index.mjs:28:13
    at file:///Users/tran.duc.thang/Projects/pit/node_modules/.pnpm/@radix-ui+react-portal@1.1.9_@types+react-dom@18.2.17_@types+react@18.2.43_react-dom@18.2.0_react@18.2.0__react@18.2.0/node_modules/@radix-ui/react-portal/dist/index.mjs:11:22
    at SelectPortal
    at /Users/tran.duc.thang/Projects/pit/src/components/ui/select.tsx:101:59
    at Provider (file:///Users/tran.duc.thang/Projects/pit/node_modules/.pnpm/@radix-ui+react-context@1.1.2_@types+react@18.2.43_react@18.2.0/node_modules/@radix-ui/react-context/dist/index.mjs:27:15)
    at Provider (file:///Users/tran.duc.thang/Projects/pit/node_modules/.pnpm/@radix-ui+react-context@1.1.2_@types+react@18.2.43_react@18.2.0/node_modules/@radix-ui/react-context/dist/index.mjs:27:15)
    at CollectionProvider (file:///Users/tran.duc.thang/Projects/pit/node_modules/.pnpm/@radix-ui+react-collection@1.1.7_@types+react-dom@18.2.17_@types+react@18.2.43_react-do_a03fe685936792784d18791d9a1c5606/node_modules/@radix-ui/react-collection/dist/index.mjs:17:13)
    at Provider (file:///Users/tran.duc.thang/Projects/pit/node_modules/.pnpm/@radix-ui+react-context@1.1.2_@types+react@18.2.43_react@18.2.0/node_modules/@radix-ui/react-context/dist/index.mjs:27:15)
    at Provider (file:///Users/tran.duc.thang/Projects/pit/node_modules/.pnpm/@radix-ui+react-context@1.1.2_@types+react@18.2.43_react@18.2.0/node_modules/@radix-ui/react-context/dist/index.mjs:27:15)
    at Popper (file:///Users/tran.duc.thang/Projects/pit/node_modules/.pnpm/@radix-ui+react-popper@1.2.8_@types+react-dom@18.2.17_@types+react@18.2.43_react-dom@18.2.0_react@18.2.0__react@18.2.0/node_modules/@radix-ui/react-popper/dist/index.mjs:30:11)
    at Select (file:///Users/tran.duc.thang/Projects/pit/node_modules/.pnpm/@radix-ui+react-select@2.2.6_@types+react-dom@18.2.17_@types+react@18.2.43_react-dom@18.2.0_react@18.2.0__react@18.2.0/node_modules/@radix-ui/react-select/dist/index.mjs:42:5)
    at div
    at RegionSelector (/Users/tran.duc.thang/Projects/pit/src/components/RegionSelector.tsx:20:27)
    at div
    at /Users/tran.duc.thang/Projects/pit/src/components/ui/card.tsx:68:6
    at div
    at /Users/tran.duc.thang/Projects/pit/src/components/ui/card.tsx:14:6
    at CalculatorInputs (/Users/tran.duc.thang/Projects/pit/src/components/CalculatorInputs.tsx:19:3)
    at div
    at SalaryCalculator (/Users/tran.duc.thang/Projects/pit/src/components/SalaryCalculator.tsx:24:63)
    at ErrorBoundary (/Users/tran.duc.thang/Projects/pit/src/components/ErrorBoundary.tsx:13:5)
    at main
    at div
    at div
    at div
    at ErrorBoundary (/Users/tran.duc.thang/Projects/pit/src/components/ErrorBoundary.tsx:13:5)
    at App
Warning: An update to Tooltip inside a test was not wrapped in act(...).

When testing, code that causes React state updates should be wrapped into act(...):

act(() => {
  /* fire events that update state */
});
/* assert on the output */

This ensures that you're testing the behavior the user would see in the browser. Learn more at https://reactjs.org/link/wrap-tests-with-act
    at Tooltip (file:///Users/tran.duc.thang/Projects/pit/node_modules/.pnpm/@radix-ui+react-tooltip@1.2.8_@types+react-dom@18.2.17_@types+react@18.2.43_react-dom@18.2.0_react@18.2.0__react@18.2.0/node_modules/@radix-ui/react-tooltip/dist/index.mjs:73:5)
    at Provider (file:///Users/tran.duc.thang/Projects/pit/node_modules/.pnpm/@radix-ui+react-context@1.1.2_@types+react@18.2.43_react@18.2.0/node_modules/@radix-ui/react-context/dist/index.mjs:27:15)
    at TooltipProvider (file:///Users/tran.duc.thang/Projects/pit/node_modules/.pnpm/@radix-ui+react-tooltip@1.2.8_@types+react-dom@18.2.17_@types+react@18.2.43_react-dom@18.2.0_react@18.2.0__react@18.2.0/node_modules/@radix-ui/react-tooltip/dist/index.mjs:29:5)
    at InfoTooltip (/Users/tran.duc.thang/Projects/pit/src/components/InfoTooltip.tsx:10:24)
    at div
    at div
    at InsuranceBaseInput (/Users/tran.duc.thang/Projects/pit/src/components/InsuranceBaseInput.tsx:13:3)
    at div
    at /Users/tran.duc.thang/Projects/pit/src/components/ui/card.tsx:68:6
    at div
    at /Users/tran.duc.thang/Projects/pit/src/components/ui/card.tsx:14:6
    at CalculatorInputs (/Users/tran.duc.thang/Projects/pit/src/components/CalculatorInputs.tsx:19:3)
    at div
    at SalaryCalculator (/Users/tran.duc.thang/Projects/pit/src/components/SalaryCalculator.tsx:24:63)
    at ErrorBoundary (/Users/tran.duc.thang/Projects/pit/src/components/ErrorBoundary.tsx:13:5)
    at main
    at div
    at div
    at div
    at ErrorBoundary (/Users/tran.duc.thang/Projects/pit/src/components/ErrorBoundary.tsx:13:5)
    at App
Warning: An update to Radio inside a test was not wrapped in act(...).

When testing, code that causes React state updates should be wrapped into act(...):

act(() => {
  /* fire events that update state */
});
/* assert on the output */

This ensures that you're testing the behavior the user would see in the browser. Learn more at https://reactjs.org/link/wrap-tests-with-act
    at file:///Users/tran.duc.thang/Projects/pit/node_modules/.pnpm/@radix-ui+react-radio-group@1.3.8_@types+react-dom@18.2.17_@types+react@18.2.43_react-d_232b8f11a4c03b4724d7150d14f44128/node_modules/@radix-ui/react-radio-group/dist/index.mjs:30:7
    at file:///Users/tran.duc.thang/Projects/pit/node_modules/.pnpm/@radix-ui+react-slot@1.2.3_@types+react@18.2.43_react@18.2.0/node_modules/@radix-ui/react-slot/dist/index.mjs:33:13
    at file:///Users/tran.duc.thang/Projects/pit/node_modules/.pnpm/@radix-ui+react-slot@1.2.3_@types+react@18.2.43_react@18.2.0/node_modules/@radix-ui/react-slot/dist/index.mjs:9:13
    at file:///Users/tran.duc.thang/Projects/pit/node_modules/.pnpm/@radix-ui+react-primitive@2.1.3_@types+react-dom@18.2.17_@types+react@18.2.43_react-dom_2161c237ea33b60c0cf3d21a889a9a3e/node_modules/@radix-ui/react-primitive/dist/index.mjs:28:13
    at file:///Users/tran.duc.thang/Projects/pit/node_modules/.pnpm/@radix-ui+react-slot@1.2.3_@types+react@18.2.43_react@18.2.0/node_modules/@radix-ui/react-slot/dist/index.mjs:33:13
    at file:///Users/tran.duc.thang/Projects/pit/node_modules/.pnpm/@radix-ui+react-slot@1.2.3_@types+react@18.2.43_react@18.2.0/node_modules/@radix-ui/react-slot/dist/index.mjs:9:13
    at file:///Users/tran.duc.thang/Projects/pit/node_modules/.pnpm/@radix-ui+react-collection@1.1.7_@types+react-dom@18.2.17_@types+react@18.2.43_react-do_a03fe685936792784d18791d9a1c5606/node_modules/@radix-ui/react-collection/dist/index.mjs:39:15
    at file:///Users/tran.duc.thang/Projects/pit/node_modules/.pnpm/@radix-ui+react-roving-focus@1.1.11_@types+react-dom@18.2.17_@types+react@18.2.43_react_0518848876eeed3dd17b5d7009596a7d/node_modules/@radix-ui/react-roving-focus/dist/index.mjs:124:7
    at file:///Users/tran.duc.thang/Projects/pit/node_modules/.pnpm/@radix-ui+react-radio-group@1.3.8_@types+react-dom@18.2.17_@types+react@18.2.43_react-d_232b8f11a4c03b4724d7150d14f44128/node_modules/@radix-ui/react-radio-group/dist/index.mjs:228:13
    at /Users/tran.duc.thang/Projects/pit/src/components/ui/radio-group.tsx:22:60
    at div
    at div
    at file:///Users/tran.duc.thang/Projects/pit/node_modules/.pnpm/@radix-ui+react-primitive@2.1.3_@types+react-dom@18.2.17_@types+react@18.2.43_react-dom_2161c237ea33b60c0cf3d21a889a9a3e/node_modules/@radix-ui/react-primitive/dist/index.mjs:28:13
    at file:///Users/tran.duc.thang/Projects/pit/node_modules/.pnpm/@radix-ui+react-slot@1.2.3_@types+react@18.2.43_react@18.2.0/node_modules/@radix-ui/react-slot/dist/index.mjs:33:13
    at file:///Users/tran.duc.thang/Projects/pit/node_modules/.pnpm/@radix-ui+react-slot@1.2.3_@types+react@18.2.43_react@18.2.0/node_modules/@radix-ui/react-slot/dist/index.mjs:9:13
    at file:///Users/tran.duc.thang/Projects/pit/node_modules/.pnpm/@radix-ui+react-primitive@2.1.3_@types+react-dom@18.2.17_@types+react@18.2.43_react-dom_2161c237ea33b60c0cf3d21a889a9a3e/node_modules/@radix-ui/react-primitive/dist/index.mjs:28:13
    at Provider (file:///Users/tran.duc.thang/Projects/pit/node_modules/.pnpm/@radix-ui+react-context@1.1.2_@types+react@18.2.43_react@18.2.0/node_modules/@radix-ui/react-context/dist/index.mjs:27:15)
    at file:///Users/tran.duc.thang/Projects/pit/node_modules/.pnpm/@radix-ui+react-roving-focus@1.1.11_@types+react-dom@18.2.17_@types+react@18.2.43_react_0518848876eeed3dd17b5d7009596a7d/node_modules/@radix-ui/react-roving-focus/dist/index.mjs:32:5
    at file:///Users/tran.duc.thang/Projects/pit/node_modules/.pnpm/@radix-ui+react-slot@1.2.3_@types+react@18.2.43_react@18.2.0/node_modules/@radix-ui/react-slot/dist/index.mjs:33:13
    at file:///Users/tran.duc.thang/Projects/pit/node_modules/.pnpm/@radix-ui+react-slot@1.2.3_@types+react@18.2.43_react@18.2.0/node_modules/@radix-ui/react-slot/dist/index.mjs:9:13
    at file:///Users/tran.duc.thang/Projects/pit/node_modules/.pnpm/@radix-ui+react-collection@1.1.7_@types+react-dom@18.2.17_@types+react@18.2.43_react-do_a03fe685936792784d18791d9a1c5606/node_modules/@radix-ui/react-collection/dist/index.mjs:27:15
    at Provider (file:///Users/tran.duc.thang/Projects/pit/node_modules/.pnpm/@radix-ui+react-context@1.1.2_@types+react@18.2.43_react@18.2.0/node_modules/@radix-ui/react-context/dist/index.mjs:27:15)
    at CollectionProvider (file:///Users/tran.duc.thang/Projects/pit/node_modules/.pnpm/@radix-ui+react-collection@1.1.7_@types+react-dom@18.2.17_@types+react@18.2.43_react-do_a03fe685936792784d18791d9a1c5606/node_modules/@radix-ui/react-collection/dist/index.mjs:17:13)
    at file:///Users/tran.duc.thang/Projects/pit/node_modules/.pnpm/@radix-ui+react-roving-focus@1.1.11_@types+react-dom@18.2.17_@types+react@18.2.43_react_0518848876eeed3dd17b5d7009596a7d/node_modules/@radix-ui/react-roving-focus/dist/index.mjs:26:68
    at Provider (file:///Users/tran.duc.thang/Projects/pit/node_modules/.pnpm/@radix-ui+react-context@1.1.2_@types+react@18.2.43_react@18.2.0/node_modules/@radix-ui/react-context/dist/index.mjs:27:15)
    at file:///Users/tran.duc.thang/Projects/pit/node_modules/.pnpm/@radix-ui+react-radio-group@1.3.8_@types+react-dom@18.2.17_@types+react@18.2.43_react-d_232b8f11a4c03b4724d7150d14f44128/node_modules/@radix-ui/react-radio-group/dist/index.mjs:169:7
    at /Users/tran.duc.thang/Projects/pit/src/components/ui/radio-group.tsx:14:56
    at div
    at InsuranceBaseInput (/Users/tran.duc.thang/Projects/pit/src/components/InsuranceBaseInput.tsx:13:3)
    at div
    at /Users/tran.duc.thang/Projects/pit/src/components/ui/card.tsx:68:6
    at div
    at /Users/tran.duc.thang/Projects/pit/src/components/ui/card.tsx:14:6
    at CalculatorInputs (/Users/tran.duc.thang/Projects/pit/src/components/CalculatorInputs.tsx:19:3)
    at div
    at SalaryCalculator (/Users/tran.duc.thang/Projects/pit/src/components/SalaryCalculator.tsx:24:63)
    at ErrorBoundary (/Users/tran.duc.thang/Projects/pit/src/components/ErrorBoundary.tsx:13:5)
    at main
    at div
    at div
    at div
    at ErrorBoundary (/Users/tran.duc.thang/Projects/pit/src/components/ErrorBoundary.tsx:13:5)
    at App
Warning: An update to Radio inside a test was not wrapped in act(...).

When testing, code that causes React state updates should be wrapped into act(...):

act(() => {
  /* fire events that update state */
});
/* assert on the output */

This ensures that you're testing the behavior the user would see in the browser. Learn more at https://reactjs.org/link/wrap-tests-with-act
    at file:///Users/tran.duc.thang/Projects/pit/node_modules/.pnpm/@radix-ui+react-radio-group@1.3.8_@types+react-dom@18.2.17_@types+react@18.2.43_react-d_232b8f11a4c03b4724d7150d14f44128/node_modules/@radix-ui/react-radio-group/dist/index.mjs:30:7
    at file:///Users/tran.duc.thang/Projects/pit/node_modules/.pnpm/@radix-ui+react-slot@1.2.3_@types+react@18.2.43_react@18.2.0/node_modules/@radix-ui/react-slot/dist/index.mjs:33:13
    at file:///Users/tran.duc.thang/Projects/pit/node_modules/.pnpm/@radix-ui+react-slot@1.2.3_@types+react@18.2.43_react@18.2.0/node_modules/@radix-ui/react-slot/dist/index.mjs:9:13
    at file:///Users/tran.duc.thang/Projects/pit/node_modules/.pnpm/@radix-ui+react-primitive@2.1.3_@types+react-dom@18.2.17_@types+react@18.2.43_react-dom_2161c237ea33b60c0cf3d21a889a9a3e/node_modules/@radix-ui/react-primitive/dist/index.mjs:28:13
    at file:///Users/tran.duc.thang/Projects/pit/node_modules/.pnpm/@radix-ui+react-slot@1.2.3_@types+react@18.2.43_react@18.2.0/node_modules/@radix-ui/react-slot/dist/index.mjs:33:13
    at file:///Users/tran.duc.thang/Projects/pit/node_modules/.pnpm/@radix-ui+react-slot@1.2.3_@types+react@18.2.43_react@18.2.0/node_modules/@radix-ui/react-slot/dist/index.mjs:9:13
    at file:///Users/tran.duc.thang/Projects/pit/node_modules/.pnpm/@radix-ui+react-collection@1.1.7_@types+react-dom@18.2.17_@types+react@18.2.43_react-do_a03fe685936792784d18791d9a1c5606/node_modules/@radix-ui/react-collection/dist/index.mjs:39:15
    at file:///Users/tran.duc.thang/Projects/pit/node_modules/.pnpm/@radix-ui+react-roving-focus@1.1.11_@types+react-dom@18.2.17_@types+react@18.2.43_react_0518848876eeed3dd17b5d7009596a7d/node_modules/@radix-ui/react-roving-focus/dist/index.mjs:124:7
    at file:///Users/tran.duc.thang/Projects/pit/node_modules/.pnpm/@radix-ui+react-radio-group@1.3.8_@types+react-dom@18.2.17_@types+react@18.2.43_react-d_232b8f11a4c03b4724d7150d14f44128/node_modules/@radix-ui/react-radio-group/dist/index.mjs:228:13
    at /Users/tran.duc.thang/Projects/pit/src/components/ui/radio-group.tsx:22:60
    at div
    at div
    at div
    at file:///Users/tran.duc.thang/Projects/pit/node_modules/.pnpm/@radix-ui+react-primitive@2.1.3_@types+react-dom@18.2.17_@types+react@18.2.43_react-dom_2161c237ea33b60c0cf3d21a889a9a3e/node_modules/@radix-ui/react-primitive/dist/index.mjs:28:13
    at file:///Users/tran.duc.thang/Projects/pit/node_modules/.pnpm/@radix-ui+react-slot@1.2.3_@types+react@18.2.43_react@18.2.0/node_modules/@radix-ui/react-slot/dist/index.mjs:33:13
    at file:///Users/tran.duc.thang/Projects/pit/node_modules/.pnpm/@radix-ui+react-slot@1.2.3_@types+react@18.2.43_react@18.2.0/node_modules/@radix-ui/react-slot/dist/index.mjs:9:13
    at file:///Users/tran.duc.thang/Projects/pit/node_modules/.pnpm/@radix-ui+react-primitive@2.1.3_@types+react-dom@18.2.17_@types+react@18.2.43_react-dom_2161c237ea33b60c0cf3d21a889a9a3e/node_modules/@radix-ui/react-primitive/dist/index.mjs:28:13
    at Provider (file:///Users/tran.duc.thang/Projects/pit/node_modules/.pnpm/@radix-ui+react-context@1.1.2_@types+react@18.2.43_react@18.2.0/node_modules/@radix-ui/react-context/dist/index.mjs:27:15)
    at file:///Users/tran.duc.thang/Projects/pit/node_modules/.pnpm/@radix-ui+react-roving-focus@1.1.11_@types+react-dom@18.2.17_@types+react@18.2.43_react_0518848876eeed3dd17b5d7009596a7d/node_modules/@radix-ui/react-roving-focus/dist/index.mjs:32:5
    at file:///Users/tran.duc.thang/Projects/pit/node_modules/.pnpm/@radix-ui+react-slot@1.2.3_@types+react@18.2.43_react@18.2.0/node_modules/@radix-ui/react-slot/dist/index.mjs:33:13
    at file:///Users/tran.duc.thang/Projects/pit/node_modules/.pnpm/@radix-ui+react-slot@1.2.3_@types+react@18.2.43_react@18.2.0/node_modules/@radix-ui/react-slot/dist/index.mjs:9:13
    at file:///Users/tran.duc.thang/Projects/pit/node_modules/.pnpm/@radix-ui+react-collection@1.1.7_@types+react-dom@18.2.17_@types+react@18.2.43_react-do_a03fe685936792784d18791d9a1c5606/node_modules/@radix-ui/react-collection/dist/index.mjs:27:15
    at Provider (file:///Users/tran.duc.thang/Projects/pit/node_modules/.pnpm/@radix-ui+react-context@1.1.2_@types+react@18.2.43_react@18.2.0/node_modules/@radix-ui/react-context/dist/index.mjs:27:15)
    at CollectionProvider (file:///Users/tran.duc.thang/Projects/pit/node_modules/.pnpm/@radix-ui+react-collection@1.1.7_@types+react-dom@18.2.17_@types+react@18.2.43_react-do_a03fe685936792784d18791d9a1c5606/node_modules/@radix-ui/react-collection/dist/index.mjs:17:13)
    at file:///Users/tran.duc.thang/Projects/pit/node_modules/.pnpm/@radix-ui+react-roving-focus@1.1.11_@types+react-dom@18.2.17_@types+react@18.2.43_react_0518848876eeed3dd17b5d7009596a7d/node_modules/@radix-ui/react-roving-focus/dist/index.mjs:26:68
    at Provider (file:///Users/tran.duc.thang/Projects/pit/node_modules/.pnpm/@radix-ui+react-context@1.1.2_@types+react@18.2.43_react@18.2.0/node_modules/@radix-ui/react-context/dist/index.mjs:27:15)
    at file:///Users/tran.duc.thang/Projects/pit/node_modules/.pnpm/@radix-ui+react-radio-group@1.3.8_@types+react-dom@18.2.17_@types+react@18.2.43_react-d_232b8f11a4c03b4724d7150d14f44128/node_modules/@radix-ui/react-radio-group/dist/index.mjs:169:7
    at /Users/tran.duc.thang/Projects/pit/src/components/ui/radio-group.tsx:14:56
    at div
    at InsuranceBaseInput (/Users/tran.duc.thang/Projects/pit/src/components/InsuranceBaseInput.tsx:13:3)
    at div
    at /Users/tran.duc.thang/Projects/pit/src/components/ui/card.tsx:68:6
    at div
    at /Users/tran.duc.thang/Projects/pit/src/components/ui/card.tsx:14:6
    at CalculatorInputs (/Users/tran.duc.thang/Projects/pit/src/components/CalculatorInputs.tsx:19:3)
    at div
    at SalaryCalculator (/Users/tran.duc.thang/Projects/pit/src/components/SalaryCalculator.tsx:24:63)
    at ErrorBoundary (/Users/tran.duc.thang/Projects/pit/src/components/ErrorBoundary.tsx:13:5)
    at main
    at div
    at div
    at div
    at ErrorBoundary (/Users/tran.duc.thang/Projects/pit/src/components/ErrorBoundary.tsx:13:5)
    at App
Warning: An update to Switch inside a test was not wrapped in act(...).

When testing, code that causes React state updates should be wrapped into act(...):

act(() => {
  /* fire events that update state */
});
/* assert on the output */

This ensures that you're testing the behavior the user would see in the browser. Learn more at https://reactjs.org/link/wrap-tests-with-act
    at file:///Users/tran.duc.thang/Projects/pit/node_modules/.pnpm/@radix-ui+react-switch@1.2.6_@types+react-dom@18.2.17_@types+react@18.2.43_react-dom@18.2.0_react@18.2.0__react@18.2.0/node_modules/@radix-ui/react-switch/dist/index.mjs:19:7
    at /Users/tran.duc.thang/Projects/pit/src/components/ui/switch.tsx:10:52
    at div
    at div
    at UnionDuesCheckbox (/Users/tran.duc.thang/Projects/pit/src/components/UnionDuesCheckbox.tsx:11:3)
    at div
    at /Users/tran.duc.thang/Projects/pit/src/components/ui/card.tsx:68:6
    at div
    at /Users/tran.duc.thang/Projects/pit/src/components/ui/card.tsx:14:6
    at CalculatorInputs (/Users/tran.duc.thang/Projects/pit/src/components/CalculatorInputs.tsx:19:3)
    at div
    at SalaryCalculator (/Users/tran.duc.thang/Projects/pit/src/components/SalaryCalculator.tsx:24:63)
    at ErrorBoundary (/Users/tran.duc.thang/Projects/pit/src/components/ErrorBoundary.tsx:13:5)
    at main
    at div
    at div
    at div
    at ErrorBoundary (/Users/tran.duc.thang/Projects/pit/src/components/ErrorBoundary.tsx:13:5)
    at App
Warning: An update to Tooltip inside a test was not wrapped in act(...).

When testing, code that causes React state updates should be wrapped into act(...):

act(() => {
  /* fire events that update state */
});
/* assert on the output */

This ensures that you're testing the behavior the user would see in the browser. Learn more at https://reactjs.org/link/wrap-tests-with-act
    at Tooltip (file:///Users/tran.duc.thang/Projects/pit/node_modules/.pnpm/@radix-ui+react-tooltip@1.2.8_@types+react-dom@18.2.17_@types+react@18.2.43_react-dom@18.2.0_react@18.2.0__react@18.2.0/node_modules/@radix-ui/react-tooltip/dist/index.mjs:73:5)
    at Provider (file:///Users/tran.duc.thang/Projects/pit/node_modules/.pnpm/@radix-ui+react-context@1.1.2_@types+react@18.2.43_react@18.2.0/node_modules/@radix-ui/react-context/dist/index.mjs:27:15)
    at TooltipProvider (file:///Users/tran.duc.thang/Projects/pit/node_modules/.pnpm/@radix-ui+react-tooltip@1.2.8_@types+react-dom@18.2.17_@types+react@18.2.43_react-dom@18.2.0_react@18.2.0__react@18.2.0/node_modules/@radix-ui/react-tooltip/dist/index.mjs:29:5)
    at InfoTooltip (/Users/tran.duc.thang/Projects/pit/src/components/InfoTooltip.tsx:10:24)
    at div
    at div
    at UnionDuesCheckbox (/Users/tran.duc.thang/Projects/pit/src/components/UnionDuesCheckbox.tsx:11:3)
    at div
    at /Users/tran.duc.thang/Projects/pit/src/components/ui/card.tsx:68:6
    at div
    at /Users/tran.duc.thang/Projects/pit/src/components/ui/card.tsx:14:6
    at CalculatorInputs (/Users/tran.duc.thang/Projects/pit/src/components/CalculatorInputs.tsx:19:3)
    at div
    at SalaryCalculator (/Users/tran.duc.thang/Projects/pit/src/components/SalaryCalculator.tsx:24:63)
    at ErrorBoundary (/Users/tran.duc.thang/Projects/pit/src/components/ErrorBoundary.tsx:13:5)
    at main
    at div
    at div
    at div
    at ErrorBoundary (/Users/tran.duc.thang/Projects/pit/src/components/ErrorBoundary.tsx:13:5)
    at App
Warning: An update to Switch inside a test was not wrapped in act(...).

When testing, code that causes React state updates should be wrapped into act(...):

act(() => {
  /* fire events that update state */
});
/* assert on the output */

This ensures that you're testing the behavior the user would see in the browser. Learn more at https://reactjs.org/link/wrap-tests-with-act
    at file:///Users/tran.duc.thang/Projects/pit/node_modules/.pnpm/@radix-ui+react-switch@1.2.6_@types+react-dom@18.2.17_@types+react@18.2.43_react-dom@18.2.0_react@18.2.0__react@18.2.0/node_modules/@radix-ui/react-switch/dist/index.mjs:19:7
    at /Users/tran.duc.thang/Projects/pit/src/components/ui/switch.tsx:10:52
    at div
    at div
    at LunchAllowanceInput (/Users/tran.duc.thang/Projects/pit/src/components/LunchAllowanceInput.tsx:13:134)
    at div
    at /Users/tran.duc.thang/Projects/pit/src/components/ui/card.tsx:68:6
    at div
    at /Users/tran.duc.thang/Projects/pit/src/components/ui/card.tsx:14:6
    at CalculatorInputs (/Users/tran.duc.thang/Projects/pit/src/components/CalculatorInputs.tsx:19:3)
    at div
    at SalaryCalculator (/Users/tran.duc.thang/Projects/pit/src/components/SalaryCalculator.tsx:24:63)
    at ErrorBoundary (/Users/tran.duc.thang/Projects/pit/src/components/ErrorBoundary.tsx:13:5)
    at main
    at div
    at div
    at div
    at ErrorBoundary (/Users/tran.duc.thang/Projects/pit/src/components/ErrorBoundary.tsx:13:5)
    at App
Warning: An update to Tooltip inside a test was not wrapped in act(...).

When testing, code that causes React state updates should be wrapped into act(...):

act(() => {
  /* fire events that update state */
});
/* assert on the output */

This ensures that you're testing the behavior the user would see in the browser. Learn more at https://reactjs.org/link/wrap-tests-with-act
    at Tooltip (file:///Users/tran.duc.thang/Projects/pit/node_modules/.pnpm/@radix-ui+react-tooltip@1.2.8_@types+react-dom@18.2.17_@types+react@18.2.43_react-dom@18.2.0_react@18.2.0__react@18.2.0/node_modules/@radix-ui/react-tooltip/dist/index.mjs:73:5)
    at Provider (file:///Users/tran.duc.thang/Projects/pit/node_modules/.pnpm/@radix-ui+react-context@1.1.2_@types+react@18.2.43_react@18.2.0/node_modules/@radix-ui/react-context/dist/index.mjs:27:15)
    at TooltipProvider (file:///Users/tran.duc.thang/Projects/pit/node_modules/.pnpm/@radix-ui+react-tooltip@1.2.8_@types+react-dom@18.2.17_@types+react@18.2.43_react-dom@18.2.0_react@18.2.0__react@18.2.0/node_modules/@radix-ui/react-tooltip/dist/index.mjs:29:5)
    at InfoTooltip (/Users/tran.duc.thang/Projects/pit/src/components/InfoTooltip.tsx:10:24)
    at div
    at td
    at /Users/tran.duc.thang/Projects/pit/src/components/ui/table.tsx:98:55
    at tr
    at /Users/tran.duc.thang/Projects/pit/src/components/ui/table.tsx:57:6
    at tbody
    at /Users/tran.duc.thang/Projects/pit/src/components/ui/table.tsx:33:55
    at table
    at div
    at /Users/tran.duc.thang/Projects/pit/src/components/ui/table.tsx:16:6
    at div
    at InsuranceBreakdown (/Users/tran.duc.thang/Projects/pit/src/components/InsuranceBreakdown.tsx:25:3)
    at div
    at div
    at /Users/tran.duc.thang/Projects/pit/src/components/ui/card.tsx:68:6
    at div
    at /Users/tran.duc.thang/Projects/pit/src/components/ui/card.tsx:14:6
    at ResultDisplay (/Users/tran.duc.thang/Projects/pit/src/components/ResultDisplay.tsx:29:3)
    at div
    at SalaryCalculator (/Users/tran.duc.thang/Projects/pit/src/components/SalaryCalculator.tsx:24:63)
    at ErrorBoundary (/Users/tran.duc.thang/Projects/pit/src/components/ErrorBoundary.tsx:13:5)
    at main
    at div
    at div
    at div
    at ErrorBoundary (/Users/tran.duc.thang/Projects/pit/src/components/ErrorBoundary.tsx:13:5)
    at App
Warning: An update to Tooltip inside a test was not wrapped in act(...).

When testing, code that causes React state updates should be wrapped into act(...):

act(() => {
  /* fire events that update state */
});
/* assert on the output */

This ensures that you're testing the behavior the user would see in the browser. Learn more at https://reactjs.org/link/wrap-tests-with-act
    at Tooltip (file:///Users/tran.duc.thang/Projects/pit/node_modules/.pnpm/@radix-ui+react-tooltip@1.2.8_@types+react-dom@18.2.17_@types+react@18.2.43_react-dom@18.2.0_react@18.2.0__react@18.2.0/node_modules/@radix-ui/react-tooltip/dist/index.mjs:73:5)
    at Provider (file:///Users/tran.duc.thang/Projects/pit/node_modules/.pnpm/@radix-ui+react-context@1.1.2_@types+react@18.2.43_react@18.2.0/node_modules/@radix-ui/react-context/dist/index.mjs:27:15)
    at TooltipProvider (file:///Users/tran.duc.thang/Projects/pit/node_modules/.pnpm/@radix-ui+react-tooltip@1.2.8_@types+react-dom@18.2.17_@types+react@18.2.43_react-dom@18.2.0_react@18.2.0__react@18.2.0/node_modules/@radix-ui/react-tooltip/dist/index.mjs:29:5)
    at InfoTooltip (/Users/tran.duc.thang/Projects/pit/src/components/InfoTooltip.tsx:10:24)
    at div
    at td
    at /Users/tran.duc.thang/Projects/pit/src/components/ui/table.tsx:98:55
    at tr
    at /Users/tran.duc.thang/Projects/pit/src/components/ui/table.tsx:57:6
    at tbody
    at /Users/tran.duc.thang/Projects/pit/src/components/ui/table.tsx:33:55
    at table
    at div
    at /Users/tran.duc.thang/Projects/pit/src/components/ui/table.tsx:16:6
    at div
    at InsuranceBreakdown (/Users/tran.duc.thang/Projects/pit/src/components/InsuranceBreakdown.tsx:25:3)
    at div
    at div
    at /Users/tran.duc.thang/Projects/pit/src/components/ui/card.tsx:68:6
    at div
    at /Users/tran.duc.thang/Projects/pit/src/components/ui/card.tsx:14:6
    at ResultDisplay (/Users/tran.duc.thang/Projects/pit/src/components/ResultDisplay.tsx:29:3)
    at div
    at SalaryCalculator (/Users/tran.duc.thang/Projects/pit/src/components/SalaryCalculator.tsx:24:63)
    at ErrorBoundary (/Users/tran.duc.thang/Projects/pit/src/components/ErrorBoundary.tsx:13:5)
    at main
    at div
    at div
    at div
    at ErrorBoundary (/Users/tran.duc.thang/Projects/pit/src/components/ErrorBoundary.tsx:13:5)
    at App
Warning: An update to Tooltip inside a test was not wrapped in act(...).

When testing, code that causes React state updates should be wrapped into act(...):

act(() => {
  /* fire events that update state */
});
/* assert on the output */

This ensures that you're testing the behavior the user would see in the browser. Learn more at https://reactjs.org/link/wrap-tests-with-act
    at Tooltip (file:///Users/tran.duc.thang/Projects/pit/node_modules/.pnpm/@radix-ui+react-tooltip@1.2.8_@types+react-dom@18.2.17_@types+react@18.2.43_react-dom@18.2.0_react@18.2.0__react@18.2.0/node_modules/@radix-ui/react-tooltip/dist/index.mjs:73:5)
    at Provider (file:///Users/tran.duc.thang/Projects/pit/node_modules/.pnpm/@radix-ui+react-context@1.1.2_@types+react@18.2.43_react@18.2.0/node_modules/@radix-ui/react-context/dist/index.mjs:27:15)
    at TooltipProvider (file:///Users/tran.duc.thang/Projects/pit/node_modules/.pnpm/@radix-ui+react-tooltip@1.2.8_@types+react-dom@18.2.17_@types+react@18.2.43_react-dom@18.2.0_react@18.2.0__react@18.2.0/node_modules/@radix-ui/react-tooltip/dist/index.mjs:29:5)
    at InfoTooltip (/Users/tran.duc.thang/Projects/pit/src/components/InfoTooltip.tsx:10:24)
    at div
    at td
    at /Users/tran.duc.thang/Projects/pit/src/components/ui/table.tsx:98:55
    at tr
    at /Users/tran.duc.thang/Projects/pit/src/components/ui/table.tsx:57:6
    at tbody
    at /Users/tran.duc.thang/Projects/pit/src/components/ui/table.tsx:33:55
    at table
    at div
    at /Users/tran.duc.thang/Projects/pit/src/components/ui/table.tsx:16:6
    at div
    at InsuranceBreakdown (/Users/tran.duc.thang/Projects/pit/src/components/InsuranceBreakdown.tsx:25:3)
    at div
    at div
    at /Users/tran.duc.thang/Projects/pit/src/components/ui/card.tsx:68:6
    at div
    at /Users/tran.duc.thang/Projects/pit/src/components/ui/card.tsx:14:6
    at ResultDisplay (/Users/tran.duc.thang/Projects/pit/src/components/ResultDisplay.tsx:29:3)
    at div
    at SalaryCalculator (/Users/tran.duc.thang/Projects/pit/src/components/SalaryCalculator.tsx:24:63)
    at ErrorBoundary (/Users/tran.duc.thang/Projects/pit/src/components/ErrorBoundary.tsx:13:5)
    at main
    at div
    at div
    at div
    at ErrorBoundary (/Users/tran.duc.thang/Projects/pit/src/components/ErrorBoundary.tsx:13:5)
    at App
Warning: An update to GrossSalaryInput inside a test was not wrapped in act(...).

When testing, code that causes React state updates should be wrapped into act(...):

act(() => {
  /* fire events that update state */
});
/* assert on the output */

This ensures that you're testing the behavior the user would see in the browser. Learn more at https://reactjs.org/link/wrap-tests-with-act
    at GrossSalaryInput (/Users/tran.duc.thang/Projects/pit/src/components/GrossSalaryInput.tsx:19:3)
    at div
    at /Users/tran.duc.thang/Projects/pit/src/components/ui/card.tsx:68:6
    at div
    at /Users/tran.duc.thang/Projects/pit/src/components/ui/card.tsx:14:6
    at CalculatorInputs (/Users/tran.duc.thang/Projects/pit/src/components/CalculatorInputs.tsx:19:3)
    at div
    at SalaryCalculator (/Users/tran.duc.thang/Projects/pit/src/components/SalaryCalculator.tsx:24:63)
    at ErrorBoundary (/Users/tran.duc.thang/Projects/pit/src/components/ErrorBoundary.tsx:13:5)
    at main
    at div
    at div
    at div
    at ErrorBoundary (/Users/tran.duc.thang/Projects/pit/src/components/ErrorBoundary.tsx:13:5)
    at App
Warning: An update to SalaryCalculator inside a test was not wrapped in act(...).

When testing, code that causes React state updates should be wrapped into act(...):

act(() => {
  /* fire events that update state */
});
/* assert on the output */

This ensures that you're testing the behavior the user would see in the browser. Learn more at https://reactjs.org/link/wrap-tests-with-act
    at SalaryCalculator (/Users/tran.duc.thang/Projects/pit/src/components/SalaryCalculator.tsx:24:63)
    at ErrorBoundary (/Users/tran.duc.thang/Projects/pit/src/components/ErrorBoundary.tsx:13:5)
    at main
    at div
    at div
    at div
    at ErrorBoundary (/Users/tran.duc.thang/Projects/pit/src/components/ErrorBoundary.tsx:13:5)
    at App
Warning: An update to SalaryCalculator inside a test was not wrapped in act(...).

When testing, code that causes React state updates should be wrapped into act(...):

act(() => {
  /* fire events that update state */
});
/* assert on the output */

This ensures that you're testing the behavior the user would see in the browser. Learn more at https://reactjs.org/link/wrap-tests-with-act
    at SalaryCalculator (/Users/tran.duc.thang/Projects/pit/src/components/SalaryCalculator.tsx:24:63)
    at ErrorBoundary (/Users/tran.duc.thang/Projects/pit/src/components/ErrorBoundary.tsx:13:5)
    at main
    at div
    at div
    at div
    at ErrorBoundary (/Users/tran.duc.thang/Projects/pit/src/components/ErrorBoundary.tsx:13:5)
    at App
Warning: An update to SalaryCalculator inside a test was not wrapped in act(...).

When testing, code that causes React state updates should be wrapped into act(...):

act(() => {
  /* fire events that update state */
});
/* assert on the output */

This ensures that you're testing the behavior the user would see in the browser. Learn more at https://reactjs.org/link/wrap-tests-with-act
    at SalaryCalculator (/Users/tran.duc.thang/Projects/pit/src/components/SalaryCalculator.tsx:24:63)
    at ErrorBoundary (/Users/tran.duc.thang/Projects/pit/src/components/ErrorBoundary.tsx:13:5)
    at main
    at div
    at div
    at div
    at ErrorBoundary (/Users/tran.duc.thang/Projects/pit/src/components/ErrorBoundary.tsx:13:5)
    at App

[90mstdout[2m | tests/integration/analytics.integration.test.tsx[2m > [22m[2mAnalytics Integration[2m > [22m[2mshould include calculation timing when tracking calculations
[22m[39m[Analytics] Event tracked: calculate_salary

[90mstderr[2m | tests/integration/analytics.integration.test.tsx[2m > [22m[2mAnalytics Integration[2m > [22m[2mshould include calculation timing when tracking calculations
[22m[39mWarning: An update to Tooltip inside a test was not wrapped in act(...).

When testing, code that causes React state updates should be wrapped into act(...):

act(() => {
  /* fire events that update state */
});
/* assert on the output */

This ensures that you're testing the behavior the user would see in the browser. Learn more at https://reactjs.org/link/wrap-tests-with-act
    at Tooltip (file:///Users/tran.duc.thang/Projects/pit/node_modules/.pnpm/@radix-ui+react-tooltip@1.2.8_@types+react-dom@18.2.17_@types+react@18.2.43_react-dom@18.2.0_react@18.2.0__react@18.2.0/node_modules/@radix-ui/react-tooltip/dist/index.mjs:73:5)
    at Provider (file:///Users/tran.duc.thang/Projects/pit/node_modules/.pnpm/@radix-ui+react-context@1.1.2_@types+react@18.2.43_react@18.2.0/node_modules/@radix-ui/react-context/dist/index.mjs:27:15)
    at TooltipProvider (file:///Users/tran.duc.thang/Projects/pit/node_modules/.pnpm/@radix-ui+react-tooltip@1.2.8_@types+react-dom@18.2.17_@types+react@18.2.43_react-dom@18.2.0_react@18.2.0__react@18.2.0/node_modules/@radix-ui/react-tooltip/dist/index.mjs:29:5)
    at div
    at div
    at DependentsInput (/Users/tran.duc.thang/Projects/pit/src/components/DependentsInput.tsx:14:28)
    at div
    at /Users/tran.duc.thang/Projects/pit/src/components/ui/card.tsx:68:6
    at div
    at /Users/tran.duc.thang/Projects/pit/src/components/ui/card.tsx:14:6
    at CalculatorInputs (/Users/tran.duc.thang/Projects/pit/src/components/CalculatorInputs.tsx:19:3)
    at div
    at SalaryCalculator (/Users/tran.duc.thang/Projects/pit/src/components/SalaryCalculator.tsx:24:63)
    at ErrorBoundary (/Users/tran.duc.thang/Projects/pit/src/components/ErrorBoundary.tsx:13:5)
    at main
    at div
    at div
    at div
    at ErrorBoundary (/Users/tran.duc.thang/Projects/pit/src/components/ErrorBoundary.tsx:13:5)
    at App
Warning: An update to Select inside a test was not wrapped in act(...).

When testing, code that causes React state updates should be wrapped into act(...):

act(() => {
  /* fire events that update state */
});
/* assert on the output */

This ensures that you're testing the behavior the user would see in the browser. Learn more at https://reactjs.org/link/wrap-tests-with-act
    at Select (file:///Users/tran.duc.thang/Projects/pit/node_modules/.pnpm/@radix-ui+react-select@2.2.6_@types+react-dom@18.2.17_@types+react@18.2.43_react-dom@18.2.0_react@18.2.0__react@18.2.0/node_modules/@radix-ui/react-select/dist/index.mjs:42:5)
    at div
    at RegionSelector (/Users/tran.duc.thang/Projects/pit/src/components/RegionSelector.tsx:20:27)
    at div
    at /Users/tran.duc.thang/Projects/pit/src/components/ui/card.tsx:68:6
    at div
    at /Users/tran.duc.thang/Projects/pit/src/components/ui/card.tsx:14:6
    at CalculatorInputs (/Users/tran.duc.thang/Projects/pit/src/components/CalculatorInputs.tsx:19:3)
    at div
    at SalaryCalculator (/Users/tran.duc.thang/Projects/pit/src/components/SalaryCalculator.tsx:24:63)
    at ErrorBoundary (/Users/tran.duc.thang/Projects/pit/src/components/ErrorBoundary.tsx:13:5)
    at main
    at div
    at div
    at div
    at ErrorBoundary (/Users/tran.duc.thang/Projects/pit/src/components/ErrorBoundary.tsx:13:5)
    at App
Warning: An update to SelectItemText inside a test was not wrapped in act(...).

When testing, code that causes React state updates should be wrapped into act(...):

act(() => {
  /* fire events that update state */
});
/* assert on the output */

This ensures that you're testing the behavior the user would see in the browser. Learn more at https://reactjs.org/link/wrap-tests-with-act
    at file:///Users/tran.duc.thang/Projects/pit/node_modules/.pnpm/@radix-ui+react-select@2.2.6_@types+react-dom@18.2.17_@types+react@18.2.43_react-dom@18.2.0_react@18.2.0__react@18.2.0/node_modules/@radix-ui/react-select/dist/index.mjs:901:13
    at div
    at file:///Users/tran.duc.thang/Projects/pit/node_modules/.pnpm/@radix-ui+react-primitive@2.1.3_@types+react-dom@18.2.17_@types+react@18.2.43_react-dom_2161c237ea33b60c0cf3d21a889a9a3e/node_modules/@radix-ui/react-primitive/dist/index.mjs:28:13
    at file:///Users/tran.duc.thang/Projects/pit/node_modules/.pnpm/@radix-ui+react-slot@1.2.3_@types+react@18.2.43_react@18.2.0/node_modules/@radix-ui/react-slot/dist/index.mjs:33:13
    at file:///Users/tran.duc.thang/Projects/pit/node_modules/.pnpm/@radix-ui+react-slot@1.2.3_@types+react@18.2.43_react@18.2.0/node_modules/@radix-ui/react-slot/dist/index.mjs:9:13
    at file:///Users/tran.duc.thang/Projects/pit/node_modules/.pnpm/@radix-ui+react-collection@1.1.7_@types+react-dom@18.2.17_@types+react@18.2.43_react-do_a03fe685936792784d18791d9a1c5606/node_modules/@radix-ui/react-collection/dist/index.mjs:39:15
    at Provider (file:///Users/tran.duc.thang/Projects/pit/node_modules/.pnpm/@radix-ui+react-context@1.1.2_@types+react@18.2.43_react@18.2.0/node_modules/@radix-ui/react-context/dist/index.mjs:27:15)
    at file:///Users/tran.duc.thang/Projects/pit/node_modules/.pnpm/@radix-ui+react-select@2.2.6_@types+react-dom@18.2.17_@types+react@18.2.43_react-dom@18.2.0_react@18.2.0__react@18.2.0/node_modules/@radix-ui/react-select/dist/index.mjs:800:7
    at /Users/tran.duc.thang/Projects/pit/src/components/ui/select.tsx:174:56
    at div
    at file:///Users/tran.duc.thang/Projects/pit/node_modules/.pnpm/@radix-ui+react-primitive@2.1.3_@types+react-dom@18.2.17_@types+react@18.2.43_react-dom_2161c237ea33b60c0cf3d21a889a9a3e/node_modules/@radix-ui/react-primitive/dist/index.mjs:28:13
    at file:///Users/tran.duc.thang/Projects/pit/node_modules/.pnpm/@radix-ui+react-slot@1.2.3_@types+react@18.2.43_react@18.2.0/node_modules/@radix-ui/react-slot/dist/index.mjs:33:13
    at file:///Users/tran.duc.thang/Projects/pit/node_modules/.pnpm/@radix-ui+react-slot@1.2.3_@types+react@18.2.43_react@18.2.0/node_modules/@radix-ui/react-slot/dist/index.mjs:9:13
    at file:///Users/tran.duc.thang/Projects/pit/node_modules/.pnpm/@radix-ui+react-collection@1.1.7_@types+react-dom@18.2.17_@types+react@18.2.43_react-do_a03fe685936792784d18791d9a1c5606/node_modules/@radix-ui/react-collection/dist/index.mjs:27:15
    at file:///Users/tran.duc.thang/Projects/pit/node_modules/.pnpm/@radix-ui+react-select@2.2.6_@types+react-dom@18.2.17_@types+react@18.2.43_react-dom@18.2.0_react@18.2.0__react@18.2.0/node_modules/@radix-ui/react-select/dist/index.mjs:711:13
    at div
    at file:///Users/tran.duc.thang/Projects/pit/node_modules/.pnpm/@radix-ui+react-slot@1.2.3_@types+react@18.2.43_react@18.2.0/node_modules/@radix-ui/react-slot/dist/index.mjs:33:13
    at file:///Users/tran.duc.thang/Projects/pit/node_modules/.pnpm/@radix-ui+react-slot@1.2.3_@types+react@18.2.43_react@18.2.0/node_modules/@radix-ui/react-slot/dist/index.mjs:9:13
    at file:///Users/tran.duc.thang/Projects/pit/node_modules/.pnpm/@radix-ui+react-collection@1.1.7_@types+react-dom@18.2.17_@types+react@18.2.43_react-do_a03fe685936792784d18791d9a1c5606/node_modules/@radix-ui/react-collection/dist/index.mjs:27:15
    at Provider (file:///Users/tran.duc.thang/Projects/pit/node_modules/.pnpm/@radix-ui+react-context@1.1.2_@types+react@18.2.43_react@18.2.0/node_modules/@radix-ui/react-context/dist/index.mjs:27:15)
    at file:///Users/tran.duc.thang/Projects/pit/node_modules/.pnpm/@radix-ui+react-select@2.2.6_@types+react-dom@18.2.17_@types+react@18.2.43_react-dom@18.2.0_react@18.2.0__react@18.2.0/node_modules/@radix-ui/react-select/dist/index.mjs:256:58
    at file:///Users/tran.duc.thang/Projects/pit/node_modules/.pnpm/@radix-ui+react-slot@1.2.3_@types+react@18.2.43_react@18.2.0/node_modules/@radix-ui/react-slot/dist/index.mjs:33:13
    at file:///Users/tran.duc.thang/Projects/pit/node_modules/.pnpm/@radix-ui+react-slot@1.2.3_@types+react@18.2.43_react@18.2.0/node_modules/@radix-ui/react-slot/dist/index.mjs:9:13
    at file:///Users/tran.duc.thang/Projects/pit/node_modules/.pnpm/@radix-ui+react-primitive@2.1.3_@types+react-dom@18.2.17_@types+react@18.2.43_react-dom_2161c237ea33b60c0cf3d21a889a9a3e/node_modules/@radix-ui/react-primitive/dist/index.mjs:28:13
    at file:///Users/tran.duc.thang/Projects/pit/node_modules/.pnpm/@radix-ui+react-portal@1.1.9_@types+react-dom@18.2.17_@types+react@18.2.43_react-dom@18.2.0_react@18.2.0__react@18.2.0/node_modules/@radix-ui/react-portal/dist/index.mjs:11:22
    at SelectPortal
    at /Users/tran.duc.thang/Projects/pit/src/components/ui/select.tsx:101:59
    at Provider (file:///Users/tran.duc.thang/Projects/pit/node_modules/.pnpm/@radix-ui+react-context@1.1.2_@types+react@18.2.43_react@18.2.0/node_modules/@radix-ui/react-context/dist/index.mjs:27:15)
    at Provider (file:///Users/tran.duc.thang/Projects/pit/node_modules/.pnpm/@radix-ui+react-context@1.1.2_@types+react@18.2.43_react@18.2.0/node_modules/@radix-ui/react-context/dist/index.mjs:27:15)
    at CollectionProvider (file:///Users/tran.duc.thang/Projects/pit/node_modules/.pnpm/@radix-ui+react-collection@1.1.7_@types+react-dom@18.2.17_@types+react@18.2.43_react-do_a03fe685936792784d18791d9a1c5606/node_modules/@radix-ui/react-collection/dist/index.mjs:17:13)
    at Provider (file:///Users/tran.duc.thang/Projects/pit/node_modules/.pnpm/@radix-ui+react-context@1.1.2_@types+react@18.2.43_react@18.2.0/node_modules/@radix-ui/react-context/dist/index.mjs:27:15)
    at Provider (file:///Users/tran.duc.thang/Projects/pit/node_modules/.pnpm/@radix-ui+react-context@1.1.2_@types+react@18.2.43_react@18.2.0/node_modules/@radix-ui/react-context/dist/index.mjs:27:15)
    at Popper (file:///Users/tran.duc.thang/Projects/pit/node_modules/.pnpm/@radix-ui+react-popper@1.2.8_@types+react-dom@18.2.17_@types+react@18.2.43_react-dom@18.2.0_react@18.2.0__react@18.2.0/node_modules/@radix-ui/react-popper/dist/index.mjs:30:11)
    at Select (file:///Users/tran.duc.thang/Projects/pit/node_modules/.pnpm/@radix-ui+react-select@2.2.6_@types+react-dom@18.2.17_@types+react@18.2.43_react-dom@18.2.0_react@18.2.0__react@18.2.0/node_modules/@radix-ui/react-select/dist/index.mjs:42:5)
    at div
    at RegionSelector (/Users/tran.duc.thang/Projects/pit/src/components/RegionSelector.tsx:20:27)
    at div
    at /Users/tran.duc.thang/Projects/pit/src/components/ui/card.tsx:68:6
    at div
    at /Users/tran.duc.thang/Projects/pit/src/components/ui/card.tsx:14:6
    at CalculatorInputs (/Users/tran.duc.thang/Projects/pit/src/components/CalculatorInputs.tsx:19:3)
    at div
    at SalaryCalculator (/Users/tran.duc.thang/Projects/pit/src/components/SalaryCalculator.tsx:24:63)
    at ErrorBoundary (/Users/tran.duc.thang/Projects/pit/src/components/ErrorBoundary.tsx:13:5)
    at main
    at div
    at div
    at div
    at ErrorBoundary (/Users/tran.duc.thang/Projects/pit/src/components/ErrorBoundary.tsx:13:5)
    at App
Warning: An update to SelectItem inside a test was not wrapped in act(...).

When testing, code that causes React state updates should be wrapped into act(...):

act(() => {
  /* fire events that update state */
});
/* assert on the output */

This ensures that you're testing the behavior the user would see in the browser. Learn more at https://reactjs.org/link/wrap-tests-with-act
    at file:///Users/tran.duc.thang/Projects/pit/node_modules/.pnpm/@radix-ui+react-select@2.2.6_@types+react-dom@18.2.17_@types+react@18.2.43_react-dom@18.2.0_react@18.2.0__react@18.2.0/node_modules/@radix-ui/react-select/dist/index.mjs:800:7
    at /Users/tran.duc.thang/Projects/pit/src/components/ui/select.tsx:174:56
    at div
    at file:///Users/tran.duc.thang/Projects/pit/node_modules/.pnpm/@radix-ui+react-primitive@2.1.3_@types+react-dom@18.2.17_@types+react@18.2.43_react-dom_2161c237ea33b60c0cf3d21a889a9a3e/node_modules/@radix-ui/react-primitive/dist/index.mjs:28:13
    at file:///Users/tran.duc.thang/Projects/pit/node_modules/.pnpm/@radix-ui+react-slot@1.2.3_@types+react@18.2.43_react@18.2.0/node_modules/@radix-ui/react-slot/dist/index.mjs:33:13
    at file:///Users/tran.duc.thang/Projects/pit/node_modules/.pnpm/@radix-ui+react-slot@1.2.3_@types+react@18.2.43_react@18.2.0/node_modules/@radix-ui/react-slot/dist/index.mjs:9:13
    at file:///Users/tran.duc.thang/Projects/pit/node_modules/.pnpm/@radix-ui+react-collection@1.1.7_@types+react-dom@18.2.17_@types+react@18.2.43_react-do_a03fe685936792784d18791d9a1c5606/node_modules/@radix-ui/react-collection/dist/index.mjs:27:15
    at file:///Users/tran.duc.thang/Projects/pit/node_modules/.pnpm/@radix-ui+react-select@2.2.6_@types+react-dom@18.2.17_@types+react@18.2.43_react-dom@18.2.0_react@18.2.0__react@18.2.0/node_modules/@radix-ui/react-select/dist/index.mjs:711:13
    at div
    at file:///Users/tran.duc.thang/Projects/pit/node_modules/.pnpm/@radix-ui+react-slot@1.2.3_@types+react@18.2.43_react@18.2.0/node_modules/@radix-ui/react-slot/dist/index.mjs:33:13
    at file:///Users/tran.duc.thang/Projects/pit/node_modules/.pnpm/@radix-ui+react-slot@1.2.3_@types+react@18.2.43_react@18.2.0/node_modules/@radix-ui/react-slot/dist/index.mjs:9:13
    at file:///Users/tran.duc.thang/Projects/pit/node_modules/.pnpm/@radix-ui+react-collection@1.1.7_@types+react-dom@18.2.17_@types+react@18.2.43_react-do_a03fe685936792784d18791d9a1c5606/node_modules/@radix-ui/react-collection/dist/index.mjs:27:15
    at Provider (file:///Users/tran.duc.thang/Projects/pit/node_modules/.pnpm/@radix-ui+react-context@1.1.2_@types+react@18.2.43_react@18.2.0/node_modules/@radix-ui/react-context/dist/index.mjs:27:15)
    at file:///Users/tran.duc.thang/Projects/pit/node_modules/.pnpm/@radix-ui+react-select@2.2.6_@types+react-dom@18.2.17_@types+react@18.2.43_react-dom@18.2.0_react@18.2.0__react@18.2.0/node_modules/@radix-ui/react-select/dist/index.mjs:256:58
    at file:///Users/tran.duc.thang/Projects/pit/node_modules/.pnpm/@radix-ui+react-slot@1.2.3_@types+react@18.2.43_react@18.2.0/node_modules/@radix-ui/react-slot/dist/index.mjs:33:13
    at file:///Users/tran.duc.thang/Projects/pit/node_modules/.pnpm/@radix-ui+react-slot@1.2.3_@types+react@18.2.43_react@18.2.0/node_modules/@radix-ui/react-slot/dist/index.mjs:9:13
    at file:///Users/tran.duc.thang/Projects/pit/node_modules/.pnpm/@radix-ui+react-primitive@2.1.3_@types+react-dom@18.2.17_@types+react@18.2.43_react-dom_2161c237ea33b60c0cf3d21a889a9a3e/node_modules/@radix-ui/react-primitive/dist/index.mjs:28:13
    at file:///Users/tran.duc.thang/Projects/pit/node_modules/.pnpm/@radix-ui+react-portal@1.1.9_@types+react-dom@18.2.17_@types+react@18.2.43_react-dom@18.2.0_react@18.2.0__react@18.2.0/node_modules/@radix-ui/react-portal/dist/index.mjs:11:22
    at SelectPortal
    at /Users/tran.duc.thang/Projects/pit/src/components/ui/select.tsx:101:59
    at Provider (file:///Users/tran.duc.thang/Projects/pit/node_modules/.pnpm/@radix-ui+react-context@1.1.2_@types+react@18.2.43_react@18.2.0/node_modules/@radix-ui/react-context/dist/index.mjs:27:15)
    at Provider (file:///Users/tran.duc.thang/Projects/pit/node_modules/.pnpm/@radix-ui+react-context@1.1.2_@types+react@18.2.43_react@18.2.0/node_modules/@radix-ui/react-context/dist/index.mjs:27:15)
    at CollectionProvider (file:///Users/tran.duc.thang/Projects/pit/node_modules/.pnpm/@radix-ui+react-collection@1.1.7_@types+react-dom@18.2.17_@types+react@18.2.43_react-do_a03fe685936792784d18791d9a1c5606/node_modules/@radix-ui/react-collection/dist/index.mjs:17:13)
    at Provider (file:///Users/tran.duc.thang/Projects/pit/node_modules/.pnpm/@radix-ui+react-context@1.1.2_@types+react@18.2.43_react@18.2.0/node_modules/@radix-ui/react-context/dist/index.mjs:27:15)
    at Provider (file:///Users/tran.duc.thang/Projects/pit/node_modules/.pnpm/@radix-ui+react-context@1.1.2_@types+react@18.2.43_react@18.2.0/node_modules/@radix-ui/react-context/dist/index.mjs:27:15)
    at Popper (file:///Users/tran.duc.thang/Projects/pit/node_modules/.pnpm/@radix-ui+react-popper@1.2.8_@types+react-dom@18.2.17_@types+react@18.2.43_react-dom@18.2.0_react@18.2.0__react@18.2.0/node_modules/@radix-ui/react-popper/dist/index.mjs:30:11)
    at Select (file:///Users/tran.duc.thang/Projects/pit/node_modules/.pnpm/@radix-ui+react-select@2.2.6_@types+react-dom@18.2.17_@types+react@18.2.43_react-dom@18.2.0_react@18.2.0__react@18.2.0/node_modules/@radix-ui/react-select/dist/index.mjs:42:5)
    at div
    at RegionSelector (/Users/tran.duc.thang/Projects/pit/src/components/RegionSelector.tsx:20:27)
    at div
    at /Users/tran.duc.thang/Projects/pit/src/components/ui/card.tsx:68:6
    at div
    at /Users/tran.duc.thang/Projects/pit/src/components/ui/card.tsx:14:6
    at CalculatorInputs (/Users/tran.duc.thang/Projects/pit/src/components/CalculatorInputs.tsx:19:3)
    at div
    at SalaryCalculator (/Users/tran.duc.thang/Projects/pit/src/components/SalaryCalculator.tsx:24:63)
    at ErrorBoundary (/Users/tran.duc.thang/Projects/pit/src/components/ErrorBoundary.tsx:13:5)
    at main
    at div
    at div
    at div
    at ErrorBoundary (/Users/tran.duc.thang/Projects/pit/src/components/ErrorBoundary.tsx:13:5)
    at App
Warning: An update to SelectItemText inside a test was not wrapped in act(...).

When testing, code that causes React state updates should be wrapped into act(...):

act(() => {
  /* fire events that update state */
});
/* assert on the output */

This ensures that you're testing the behavior the user would see in the browser. Learn more at https://reactjs.org/link/wrap-tests-with-act
    at file:///Users/tran.duc.thang/Projects/pit/node_modules/.pnpm/@radix-ui+react-select@2.2.6_@types+react-dom@18.2.17_@types+react@18.2.43_react-dom@18.2.0_react@18.2.0__react@18.2.0/node_modules/@radix-ui/react-select/dist/index.mjs:901:13
    at div
    at file:///Users/tran.duc.thang/Projects/pit/node_modules/.pnpm/@radix-ui+react-primitive@2.1.3_@types+react-dom@18.2.17_@types+react@18.2.43_react-dom_2161c237ea33b60c0cf3d21a889a9a3e/node_modules/@radix-ui/react-primitive/dist/index.mjs:28:13
    at file:///Users/tran.duc.thang/Projects/pit/node_modules/.pnpm/@radix-ui+react-slot@1.2.3_@types+react@18.2.43_react@18.2.0/node_modules/@radix-ui/react-slot/dist/index.mjs:33:13
    at file:///Users/tran.duc.thang/Projects/pit/node_modules/.pnpm/@radix-ui+react-slot@1.2.3_@types+react@18.2.43_react@18.2.0/node_modules/@radix-ui/react-slot/dist/index.mjs:9:13
    at file:///Users/tran.duc.thang/Projects/pit/node_modules/.pnpm/@radix-ui+react-collection@1.1.7_@types+react-dom@18.2.17_@types+react@18.2.43_react-do_a03fe685936792784d18791d9a1c5606/node_modules/@radix-ui/react-collection/dist/index.mjs:39:15
    at Provider (file:///Users/tran.duc.thang/Projects/pit/node_modules/.pnpm/@radix-ui+react-context@1.1.2_@types+react@18.2.43_react@18.2.0/node_modules/@radix-ui/react-context/dist/index.mjs:27:15)
    at file:///Users/tran.duc.thang/Projects/pit/node_modules/.pnpm/@radix-ui+react-select@2.2.6_@types+react-dom@18.2.17_@types+react@18.2.43_react-dom@18.2.0_react@18.2.0__react@18.2.0/node_modules/@radix-ui/react-select/dist/index.mjs:800:7
    at /Users/tran.duc.thang/Projects/pit/src/components/ui/select.tsx:174:56
    at div
    at file:///Users/tran.duc.thang/Projects/pit/node_modules/.pnpm/@radix-ui+react-primitive@2.1.3_@types+react-dom@18.2.17_@types+react@18.2.43_react-dom_2161c237ea33b60c0cf3d21a889a9a3e/node_modules/@radix-ui/react-primitive/dist/index.mjs:28:13
    at file:///Users/tran.duc.thang/Projects/pit/node_modules/.pnpm/@radix-ui+react-slot@1.2.3_@types+react@18.2.43_react@18.2.0/node_modules/@radix-ui/react-slot/dist/index.mjs:33:13
    at file:///Users/tran.duc.thang/Projects/pit/node_modules/.pnpm/@radix-ui+react-slot@1.2.3_@types+react@18.2.43_react@18.2.0/node_modules/@radix-ui/react-slot/dist/index.mjs:9:13
    at file:///Users/tran.duc.thang/Projects/pit/node_modules/.pnpm/@radix-ui+react-collection@1.1.7_@types+react-dom@18.2.17_@types+react@18.2.43_react-do_a03fe685936792784d18791d9a1c5606/node_modules/@radix-ui/react-collection/dist/index.mjs:27:15
    at file:///Users/tran.duc.thang/Projects/pit/node_modules/.pnpm/@radix-ui+react-select@2.2.6_@types+react-dom@18.2.17_@types+react@18.2.43_react-dom@18.2.0_react@18.2.0__react@18.2.0/node_modules/@radix-ui/react-select/dist/index.mjs:711:13
    at div
    at file:///Users/tran.duc.thang/Projects/pit/node_modules/.pnpm/@radix-ui+react-slot@1.2.3_@types+react@18.2.43_react@18.2.0/node_modules/@radix-ui/react-slot/dist/index.mjs:33:13
    at file:///Users/tran.duc.thang/Projects/pit/node_modules/.pnpm/@radix-ui+react-slot@1.2.3_@types+react@18.2.43_react@18.2.0/node_modules/@radix-ui/react-slot/dist/index.mjs:9:13
    at file:///Users/tran.duc.thang/Projects/pit/node_modules/.pnpm/@radix-ui+react-collection@1.1.7_@types+react-dom@18.2.17_@types+react@18.2.43_react-do_a03fe685936792784d18791d9a1c5606/node_modules/@radix-ui/react-collection/dist/index.mjs:27:15
    at Provider (file:///Users/tran.duc.thang/Projects/pit/node_modules/.pnpm/@radix-ui+react-context@1.1.2_@types+react@18.2.43_react@18.2.0/node_modules/@radix-ui/react-context/dist/index.mjs:27:15)
    at file:///Users/tran.duc.thang/Projects/pit/node_modules/.pnpm/@radix-ui+react-select@2.2.6_@types+react-dom@18.2.17_@types+react@18.2.43_react-dom@18.2.0_react@18.2.0__react@18.2.0/node_modules/@radix-ui/react-select/dist/index.mjs:256:58
    at file:///Users/tran.duc.thang/Projects/pit/node_modules/.pnpm/@radix-ui+react-slot@1.2.3_@types+react@18.2.43_react@18.2.0/node_modules/@radix-ui/react-slot/dist/index.mjs:33:13
    at file:///Users/tran.duc.thang/Projects/pit/node_modules/.pnpm/@radix-ui+react-slot@1.2.3_@types+react@18.2.43_react@18.2.0/node_modules/@radix-ui/react-slot/dist/index.mjs:9:13
    at file:///Users/tran.duc.thang/Projects/pit/node_modules/.pnpm/@radix-ui+react-primitive@2.1.3_@types+react-dom@18.2.17_@types+react@18.2.43_react-dom_2161c237ea33b60c0cf3d21a889a9a3e/node_modules/@radix-ui/react-primitive/dist/index.mjs:28:13
    at file:///Users/tran.duc.thang/Projects/pit/node_modules/.pnpm/@radix-ui+react-portal@1.1.9_@types+react-dom@18.2.17_@types+react@18.2.43_react-dom@18.2.0_react@18.2.0__react@18.2.0/node_modules/@radix-ui/react-portal/dist/index.mjs:11:22
    at SelectPortal
    at /Users/tran.duc.thang/Projects/pit/src/components/ui/select.tsx:101:59
    at Provider (file:///Users/tran.duc.thang/Projects/pit/node_modules/.pnpm/@radix-ui+react-context@1.1.2_@types+react@18.2.43_react@18.2.0/node_modules/@radix-ui/react-context/dist/index.mjs:27:15)
    at Provider (file:///Users/tran.duc.thang/Projects/pit/node_modules/.pnpm/@radix-ui+react-context@1.1.2_@types+react@18.2.43_react@18.2.0/node_modules/@radix-ui/react-context/dist/index.mjs:27:15)
    at CollectionProvider (file:///Users/tran.duc.thang/Projects/pit/node_modules/.pnpm/@radix-ui+react-collection@1.1.7_@types+react-dom@18.2.17_@types+react@18.2.43_react-do_a03fe685936792784d18791d9a1c5606/node_modules/@radix-ui/react-collection/dist/index.mjs:17:13)
    at Provider (file:///Users/tran.duc.thang/Projects/pit/node_modules/.pnpm/@radix-ui+react-context@1.1.2_@types+react@18.2.43_react@18.2.0/node_modules/@radix-ui/react-context/dist/index.mjs:27:15)
    at Provider (file:///Users/tran.duc.thang/Projects/pit/node_modules/.pnpm/@radix-ui+react-context@1.1.2_@types+react@18.2.43_react@18.2.0/node_modules/@radix-ui/react-context/dist/index.mjs:27:15)
    at Popper (file:///Users/tran.duc.thang/Projects/pit/node_modules/.pnpm/@radix-ui+react-popper@1.2.8_@types+react-dom@18.2.17_@types+react@18.2.43_react-dom@18.2.0_react@18.2.0__react@18.2.0/node_modules/@radix-ui/react-popper/dist/index.mjs:30:11)
    at Select (file:///Users/tran.duc.thang/Projects/pit/node_modules/.pnpm/@radix-ui+react-select@2.2.6_@types+react-dom@18.2.17_@types+react@18.2.43_react-dom@18.2.0_react@18.2.0__react@18.2.0/node_modules/@radix-ui/react-select/dist/index.mjs:42:5)
    at div
    at RegionSelector (/Users/tran.duc.thang/Projects/pit/src/components/RegionSelector.tsx:20:27)
    at div
    at /Users/tran.duc.thang/Projects/pit/src/components/ui/card.tsx:68:6
    at div
    at /Users/tran.duc.thang/Projects/pit/src/components/ui/card.tsx:14:6
    at CalculatorInputs (/Users/tran.duc.thang/Projects/pit/src/components/CalculatorInputs.tsx:19:3)
    at div
    at SalaryCalculator (/Users/tran.duc.thang/Projects/pit/src/components/SalaryCalculator.tsx:24:63)
    at ErrorBoundary (/Users/tran.duc.thang/Projects/pit/src/components/ErrorBoundary.tsx:13:5)
    at main
    at div
    at div
    at div
    at ErrorBoundary (/Users/tran.duc.thang/Projects/pit/src/components/ErrorBoundary.tsx:13:5)
    at App
Warning: An update to SelectItem inside a test was not wrapped in act(...).

When testing, code that causes React state updates should be wrapped into act(...):

act(() => {
  /* fire events that update state */
});
/* assert on the output */

This ensures that you're testing the behavior the user would see in the browser. Learn more at https://reactjs.org/link/wrap-tests-with-act
    at file:///Users/tran.duc.thang/Projects/pit/node_modules/.pnpm/@radix-ui+react-select@2.2.6_@types+react-dom@18.2.17_@types+react@18.2.43_react-dom@18.2.0_react@18.2.0__react@18.2.0/node_modules/@radix-ui/react-select/dist/index.mjs:800:7
    at /Users/tran.duc.thang/Projects/pit/src/components/ui/select.tsx:174:56
    at div
    at file:///Users/tran.duc.thang/Projects/pit/node_modules/.pnpm/@radix-ui+react-primitive@2.1.3_@types+react-dom@18.2.17_@types+react@18.2.43_react-dom_2161c237ea33b60c0cf3d21a889a9a3e/node_modules/@radix-ui/react-primitive/dist/index.mjs:28:13
    at file:///Users/tran.duc.thang/Projects/pit/node_modules/.pnpm/@radix-ui+react-slot@1.2.3_@types+react@18.2.43_react@18.2.0/node_modules/@radix-ui/react-slot/dist/index.mjs:33:13
    at file:///Users/tran.duc.thang/Projects/pit/node_modules/.pnpm/@radix-ui+react-slot@1.2.3_@types+react@18.2.43_react@18.2.0/node_modules/@radix-ui/react-slot/dist/index.mjs:9:13
    at file:///Users/tran.duc.thang/Projects/pit/node_modules/.pnpm/@radix-ui+react-collection@1.1.7_@types+react-dom@18.2.17_@types+react@18.2.43_react-do_a03fe685936792784d18791d9a1c5606/node_modules/@radix-ui/react-collection/dist/index.mjs:27:15
    at file:///Users/tran.duc.thang/Projects/pit/node_modules/.pnpm/@radix-ui+react-select@2.2.6_@types+react-dom@18.2.17_@types+react@18.2.43_react-dom@18.2.0_react@18.2.0__react@18.2.0/node_modules/@radix-ui/react-select/dist/index.mjs:711:13
    at div
    at file:///Users/tran.duc.thang/Projects/pit/node_modules/.pnpm/@radix-ui+react-slot@1.2.3_@types+react@18.2.43_react@18.2.0/node_modules/@radix-ui/react-slot/dist/index.mjs:33:13
    at file:///Users/tran.duc.thang/Projects/pit/node_modules/.pnpm/@radix-ui+react-slot@1.2.3_@types+react@18.2.43_react@18.2.0/node_modules/@radix-ui/react-slot/dist/index.mjs:9:13
    at file:///Users/tran.duc.thang/Projects/pit/node_modules/.pnpm/@radix-ui+react-collection@1.1.7_@types+react-dom@18.2.17_@types+react@18.2.43_react-do_a03fe685936792784d18791d9a1c5606/node_modules/@radix-ui/react-collection/dist/index.mjs:27:15
    at Provider (file:///Users/tran.duc.thang/Projects/pit/node_modules/.pnpm/@radix-ui+react-context@1.1.2_@types+react@18.2.43_react@18.2.0/node_modules/@radix-ui/react-context/dist/index.mjs:27:15)
    at file:///Users/tran.duc.thang/Projects/pit/node_modules/.pnpm/@radix-ui+react-select@2.2.6_@types+react-dom@18.2.17_@types+react@18.2.43_react-dom@18.2.0_react@18.2.0__react@18.2.0/node_modules/@radix-ui/react-select/dist/index.mjs:256:58
    at file:///Users/tran.duc.thang/Projects/pit/node_modules/.pnpm/@radix-ui+react-slot@1.2.3_@types+react@18.2.43_react@18.2.0/node_modules/@radix-ui/react-slot/dist/index.mjs:33:13
    at file:///Users/tran.duc.thang/Projects/pit/node_modules/.pnpm/@radix-ui+react-slot@1.2.3_@types+react@18.2.43_react@18.2.0/node_modules/@radix-ui/react-slot/dist/index.mjs:9:13
    at file:///Users/tran.duc.thang/Projects/pit/node_modules/.pnpm/@radix-ui+react-primitive@2.1.3_@types+react-dom@18.2.17_@types+react@18.2.43_react-dom_2161c237ea33b60c0cf3d21a889a9a3e/node_modules/@radix-ui/react-primitive/dist/index.mjs:28:13
    at file:///Users/tran.duc.thang/Projects/pit/node_modules/.pnpm/@radix-ui+react-portal@1.1.9_@types+react-dom@18.2.17_@types+react@18.2.43_react-dom@18.2.0_react@18.2.0__react@18.2.0/node_modules/@radix-ui/react-portal/dist/index.mjs:11:22
    at SelectPortal
    at /Users/tran.duc.thang/Projects/pit/src/components/ui/select.tsx:101:59
    at Provider (file:///Users/tran.duc.thang/Projects/pit/node_modules/.pnpm/@radix-ui+react-context@1.1.2_@types+react@18.2.43_react@18.2.0/node_modules/@radix-ui/react-context/dist/index.mjs:27:15)
    at Provider (file:///Users/tran.duc.thang/Projects/pit/node_modules/.pnpm/@radix-ui+react-context@1.1.2_@types+react@18.2.43_react@18.2.0/node_modules/@radix-ui/react-context/dist/index.mjs:27:15)
    at CollectionProvider (file:///Users/tran.duc.thang/Projects/pit/node_modules/.pnpm/@radix-ui+react-collection@1.1.7_@types+react-dom@18.2.17_@types+react@18.2.43_react-do_a03fe685936792784d18791d9a1c5606/node_modules/@radix-ui/react-collection/dist/index.mjs:17:13)
    at Provider (file:///Users/tran.duc.thang/Projects/pit/node_modules/.pnpm/@radix-ui+react-context@1.1.2_@types+react@18.2.43_react@18.2.0/node_modules/@radix-ui/react-context/dist/index.mjs:27:15)
    at Provider (file:///Users/tran.duc.thang/Projects/pit/node_modules/.pnpm/@radix-ui+react-context@1.1.2_@types+react@18.2.43_react@18.2.0/node_modules/@radix-ui/react-context/dist/index.mjs:27:15)
    at Popper (file:///Users/tran.duc.thang/Projects/pit/node_modules/.pnpm/@radix-ui+react-popper@1.2.8_@types+react-dom@18.2.17_@types+react@18.2.43_react-dom@18.2.0_react@18.2.0__react@18.2.0/node_modules/@radix-ui/react-popper/dist/index.mjs:30:11)
    at Select (file:///Users/tran.duc.thang/Projects/pit/node_modules/.pnpm/@radix-ui+react-select@2.2.6_@types+react-dom@18.2.17_@types+react@18.2.43_react-dom@18.2.0_react@18.2.0__react@18.2.0/node_modules/@radix-ui/react-select/dist/index.mjs:42:5)
    at div
    at RegionSelector (/Users/tran.duc.thang/Projects/pit/src/components/RegionSelector.tsx:20:27)
    at div
    at /Users/tran.duc.thang/Projects/pit/src/components/ui/card.tsx:68:6
    at div
    at /Users/tran.duc.thang/Projects/pit/src/components/ui/card.tsx:14:6
    at CalculatorInputs (/Users/tran.duc.thang/Projects/pit/src/components/CalculatorInputs.tsx:19:3)
    at div
    at SalaryCalculator (/Users/tran.duc.thang/Projects/pit/src/components/SalaryCalculator.tsx:24:63)
    at ErrorBoundary (/Users/tran.duc.thang/Projects/pit/src/components/ErrorBoundary.tsx:13:5)
    at main
    at div
    at div
    at div
    at ErrorBoundary (/Users/tran.duc.thang/Projects/pit/src/components/ErrorBoundary.tsx:13:5)
    at App
Warning: An update to SelectItemText inside a test was not wrapped in act(...).

When testing, code that causes React state updates should be wrapped into act(...):

act(() => {
  /* fire events that update state */
});
/* assert on the output */

This ensures that you're testing the behavior the user would see in the browser. Learn more at https://reactjs.org/link/wrap-tests-with-act
    at file:///Users/tran.duc.thang/Projects/pit/node_modules/.pnpm/@radix-ui+react-select@2.2.6_@types+react-dom@18.2.17_@types+react@18.2.43_react-dom@18.2.0_react@18.2.0__react@18.2.0/node_modules/@radix-ui/react-select/dist/index.mjs:901:13
    at div
    at file:///Users/tran.duc.thang/Projects/pit/node_modules/.pnpm/@radix-ui+react-primitive@2.1.3_@types+react-dom@18.2.17_@types+react@18.2.43_react-dom_2161c237ea33b60c0cf3d21a889a9a3e/node_modules/@radix-ui/react-primitive/dist/index.mjs:28:13
    at file:///Users/tran.duc.thang/Projects/pit/node_modules/.pnpm/@radix-ui+react-slot@1.2.3_@types+react@18.2.43_react@18.2.0/node_modules/@radix-ui/react-slot/dist/index.mjs:33:13
    at file:///Users/tran.duc.thang/Projects/pit/node_modules/.pnpm/@radix-ui+react-slot@1.2.3_@types+react@18.2.43_react@18.2.0/node_modules/@radix-ui/react-slot/dist/index.mjs:9:13
    at file:///Users/tran.duc.thang/Projects/pit/node_modules/.pnpm/@radix-ui+react-collection@1.1.7_@types+react-dom@18.2.17_@types+react@18.2.43_react-do_a03fe685936792784d18791d9a1c5606/node_modules/@radix-ui/react-collection/dist/index.mjs:39:15
    at Provider (file:///Users/tran.duc.thang/Projects/pit/node_modules/.pnpm/@radix-ui+react-context@1.1.2_@types+react@18.2.43_react@18.2.0/node_modules/@radix-ui/react-context/dist/index.mjs:27:15)
    at file:///Users/tran.duc.thang/Projects/pit/node_modules/.pnpm/@radix-ui+react-select@2.2.6_@types+react-dom@18.2.17_@types+react@18.2.43_react-dom@18.2.0_react@18.2.0__react@18.2.0/node_modules/@radix-ui/react-select/dist/index.mjs:800:7
    at /Users/tran.duc.thang/Projects/pit/src/components/ui/select.tsx:174:56
    at div
    at file:///Users/tran.duc.thang/Projects/pit/node_modules/.pnpm/@radix-ui+react-primitive@2.1.3_@types+react-dom@18.2.17_@types+react@18.2.43_react-dom_2161c237ea33b60c0cf3d21a889a9a3e/node_modules/@radix-ui/react-primitive/dist/index.mjs:28:13
    at file:///Users/tran.duc.thang/Projects/pit/node_modules/.pnpm/@radix-ui+react-slot@1.2.3_@types+react@18.2.43_react@18.2.0/node_modules/@radix-ui/react-slot/dist/index.mjs:33:13
    at file:///Users/tran.duc.thang/Projects/pit/node_modules/.pnpm/@radix-ui+react-slot@1.2.3_@types+react@18.2.43_react@18.2.0/node_modules/@radix-ui/react-slot/dist/index.mjs:9:13
    at file:///Users/tran.duc.thang/Projects/pit/node_modules/.pnpm/@radix-ui+react-collection@1.1.7_@types+react-dom@18.2.17_@types+react@18.2.43_react-do_a03fe685936792784d18791d9a1c5606/node_modules/@radix-ui/react-collection/dist/index.mjs:27:15
    at file:///Users/tran.duc.thang/Projects/pit/node_modules/.pnpm/@radix-ui+react-select@2.2.6_@types+react-dom@18.2.17_@types+react@18.2.43_react-dom@18.2.0_react@18.2.0__react@18.2.0/node_modules/@radix-ui/react-select/dist/index.mjs:711:13
    at div
    at file:///Users/tran.duc.thang/Projects/pit/node_modules/.pnpm/@radix-ui+react-slot@1.2.3_@types+react@18.2.43_react@18.2.0/node_modules/@radix-ui/react-slot/dist/index.mjs:33:13
    at file:///Users/tran.duc.thang/Projects/pit/node_modules/.pnpm/@radix-ui+react-slot@1.2.3_@types+react@18.2.43_react@18.2.0/node_modules/@radix-ui/react-slot/dist/index.mjs:9:13
    at file:///Users/tran.duc.thang/Projects/pit/node_modules/.pnpm/@radix-ui+react-collection@1.1.7_@types+react-dom@18.2.17_@types+react@18.2.43_react-do_a03fe685936792784d18791d9a1c5606/node_modules/@radix-ui/react-collection/dist/index.mjs:27:15
    at Provider (file:///Users/tran.duc.thang/Projects/pit/node_modules/.pnpm/@radix-ui+react-context@1.1.2_@types+react@18.2.43_react@18.2.0/node_modules/@radix-ui/react-context/dist/index.mjs:27:15)
    at file:///Users/tran.duc.thang/Projects/pit/node_modules/.pnpm/@radix-ui+react-select@2.2.6_@types+react-dom@18.2.17_@types+react@18.2.43_react-dom@18.2.0_react@18.2.0__react@18.2.0/node_modules/@radix-ui/react-select/dist/index.mjs:256:58
    at file:///Users/tran.duc.thang/Projects/pit/node_modules/.pnpm/@radix-ui+react-slot@1.2.3_@types+react@18.2.43_react@18.2.0/node_modules/@radix-ui/react-slot/dist/index.mjs:33:13
    at file:///Users/tran.duc.thang/Projects/pit/node_modules/.pnpm/@radix-ui+react-slot@1.2.3_@types+react@18.2.43_react@18.2.0/node_modules/@radix-ui/react-slot/dist/index.mjs:9:13
    at file:///Users/tran.duc.thang/Projects/pit/node_modules/.pnpm/@radix-ui+react-primitive@2.1.3_@types+react-dom@18.2.17_@types+react@18.2.43_react-dom_2161c237ea33b60c0cf3d21a889a9a3e/node_modules/@radix-ui/react-primitive/dist/index.mjs:28:13
    at file:///Users/tran.duc.thang/Projects/pit/node_modules/.pnpm/@radix-ui+react-portal@1.1.9_@types+react-dom@18.2.17_@types+react@18.2.43_react-dom@18.2.0_react@18.2.0__react@18.2.0/node_modules/@radix-ui/react-portal/dist/index.mjs:11:22
    at SelectPortal
    at /Users/tran.duc.thang/Projects/pit/src/components/ui/select.tsx:101:59
    at Provider (file:///Users/tran.duc.thang/Projects/pit/node_modules/.pnpm/@radix-ui+react-context@1.1.2_@types+react@18.2.43_react@18.2.0/node_modules/@radix-ui/react-context/dist/index.mjs:27:15)
    at Provider (file:///Users/tran.duc.thang/Projects/pit/node_modules/.pnpm/@radix-ui+react-context@1.1.2_@types+react@18.2.43_react@18.2.0/node_modules/@radix-ui/react-context/dist/index.mjs:27:15)
    at CollectionProvider (file:///Users/tran.duc.thang/Projects/pit/node_modules/.pnpm/@radix-ui+react-collection@1.1.7_@types+react-dom@18.2.17_@types+react@18.2.43_react-do_a03fe685936792784d18791d9a1c5606/node_modules/@radix-ui/react-collection/dist/index.mjs:17:13)
    at Provider (file:///Users/tran.duc.thang/Projects/pit/node_modules/.pnpm/@radix-ui+react-context@1.1.2_@types+react@18.2.43_react@18.2.0/node_modules/@radix-ui/react-context/dist/index.mjs:27:15)
    at Provider (file:///Users/tran.duc.thang/Projects/pit/node_modules/.pnpm/@radix-ui+react-context@1.1.2_@types+react@18.2.43_react@18.2.0/node_modules/@radix-ui/react-context/dist/index.mjs:27:15)
    at Popper (file:///Users/tran.duc.thang/Projects/pit/node_modules/.pnpm/@radix-ui+react-popper@1.2.8_@types+react-dom@18.2.17_@types+react@18.2.43_react-dom@18.2.0_react@18.2.0__react@18.2.0/node_modules/@radix-ui/react-popper/dist/index.mjs:30:11)
    at Select (file:///Users/tran.duc.thang/Projects/pit/node_modules/.pnpm/@radix-ui+react-select@2.2.6_@types+react-dom@18.2.17_@types+react@18.2.43_react-dom@18.2.0_react@18.2.0__react@18.2.0/node_modules/@radix-ui/react-select/dist/index.mjs:42:5)
    at div
    at RegionSelector (/Users/tran.duc.thang/Projects/pit/src/components/RegionSelector.tsx:20:27)
    at div
    at /Users/tran.duc.thang/Projects/pit/src/components/ui/card.tsx:68:6
    at div
    at /Users/tran.duc.thang/Projects/pit/src/components/ui/card.tsx:14:6
    at CalculatorInputs (/Users/tran.duc.thang/Projects/pit/src/components/CalculatorInputs.tsx:19:3)
    at div
    at SalaryCalculator (/Users/tran.duc.thang/Projects/pit/src/components/SalaryCalculator.tsx:24:63)
    at ErrorBoundary (/Users/tran.duc.thang/Projects/pit/src/components/ErrorBoundary.tsx:13:5)
    at main
    at div
    at div
    at div
    at ErrorBoundary (/Users/tran.duc.thang/Projects/pit/src/components/ErrorBoundary.tsx:13:5)
    at App
Warning: An update to SelectItem inside a test was not wrapped in act(...).

When testing, code that causes React state updates should be wrapped into act(...):

act(() => {
  /* fire events that update state */
});
/* assert on the output */

This ensures that you're testing the behavior the user would see in the browser. Learn more at https://reactjs.org/link/wrap-tests-with-act
    at file:///Users/tran.duc.thang/Projects/pit/node_modules/.pnpm/@radix-ui+react-select@2.2.6_@types+react-dom@18.2.17_@types+react@18.2.43_react-dom@18.2.0_react@18.2.0__react@18.2.0/node_modules/@radix-ui/react-select/dist/index.mjs:800:7
    at /Users/tran.duc.thang/Projects/pit/src/components/ui/select.tsx:174:56
    at div
    at file:///Users/tran.duc.thang/Projects/pit/node_modules/.pnpm/@radix-ui+react-primitive@2.1.3_@types+react-dom@18.2.17_@types+react@18.2.43_react-dom_2161c237ea33b60c0cf3d21a889a9a3e/node_modules/@radix-ui/react-primitive/dist/index.mjs:28:13
    at file:///Users/tran.duc.thang/Projects/pit/node_modules/.pnpm/@radix-ui+react-slot@1.2.3_@types+react@18.2.43_react@18.2.0/node_modules/@radix-ui/react-slot/dist/index.mjs:33:13
    at file:///Users/tran.duc.thang/Projects/pit/node_modules/.pnpm/@radix-ui+react-slot@1.2.3_@types+react@18.2.43_react@18.2.0/node_modules/@radix-ui/react-slot/dist/index.mjs:9:13
    at file:///Users/tran.duc.thang/Projects/pit/node_modules/.pnpm/@radix-ui+react-collection@1.1.7_@types+react-dom@18.2.17_@types+react@18.2.43_react-do_a03fe685936792784d18791d9a1c5606/node_modules/@radix-ui/react-collection/dist/index.mjs:27:15
    at file:///Users/tran.duc.thang/Projects/pit/node_modules/.pnpm/@radix-ui+react-select@2.2.6_@types+react-dom@18.2.17_@types+react@18.2.43_react-dom@18.2.0_react@18.2.0__react@18.2.0/node_modules/@radix-ui/react-select/dist/index.mjs:711:13
    at div
    at file:///Users/tran.duc.thang/Projects/pit/node_modules/.pnpm/@radix-ui+react-slot@1.2.3_@types+react@18.2.43_react@18.2.0/node_modules/@radix-ui/react-slot/dist/index.mjs:33:13
    at file:///Users/tran.duc.thang/Projects/pit/node_modules/.pnpm/@radix-ui+react-slot@1.2.3_@types+react@18.2.43_react@18.2.0/node_modules/@radix-ui/react-slot/dist/index.mjs:9:13
    at file:///Users/tran.duc.thang/Projects/pit/node_modules/.pnpm/@radix-ui+react-collection@1.1.7_@types+react-dom@18.2.17_@types+react@18.2.43_react-do_a03fe685936792784d18791d9a1c5606/node_modules/@radix-ui/react-collection/dist/index.mjs:27:15
    at Provider (file:///Users/tran.duc.thang/Projects/pit/node_modules/.pnpm/@radix-ui+react-context@1.1.2_@types+react@18.2.43_react@18.2.0/node_modules/@radix-ui/react-context/dist/index.mjs:27:15)
    at file:///Users/tran.duc.thang/Projects/pit/node_modules/.pnpm/@radix-ui+react-select@2.2.6_@types+react-dom@18.2.17_@types+react@18.2.43_react-dom@18.2.0_react@18.2.0__react@18.2.0/node_modules/@radix-ui/react-select/dist/index.mjs:256:58
    at file:///Users/tran.duc.thang/Projects/pit/node_modules/.pnpm/@radix-ui+react-slot@1.2.3_@types+react@18.2.43_react@18.2.0/node_modules/@radix-ui/react-slot/dist/index.mjs:33:13
    at file:///Users/tran.duc.thang/Projects/pit/node_modules/.pnpm/@radix-ui+react-slot@1.2.3_@types+react@18.2.43_react@18.2.0/node_modules/@radix-ui/react-slot/dist/index.mjs:9:13
    at file:///Users/tran.duc.thang/Projects/pit/node_modules/.pnpm/@radix-ui+react-primitive@2.1.3_@types+react-dom@18.2.17_@types+react@18.2.43_react-dom_2161c237ea33b60c0cf3d21a889a9a3e/node_modules/@radix-ui/react-primitive/dist/index.mjs:28:13
    at file:///Users/tran.duc.thang/Projects/pit/node_modules/.pnpm/@radix-ui+react-portal@1.1.9_@types+react-dom@18.2.17_@types+react@18.2.43_react-dom@18.2.0_react@18.2.0__react@18.2.0/node_modules/@radix-ui/react-portal/dist/index.mjs:11:22
    at SelectPortal
    at /Users/tran.duc.thang/Projects/pit/src/components/ui/select.tsx:101:59
    at Provider (file:///Users/tran.duc.thang/Projects/pit/node_modules/.pnpm/@radix-ui+react-context@1.1.2_@types+react@18.2.43_react@18.2.0/node_modules/@radix-ui/react-context/dist/index.mjs:27:15)
    at Provider (file:///Users/tran.duc.thang/Projects/pit/node_modules/.pnpm/@radix-ui+react-context@1.1.2_@types+react@18.2.43_react@18.2.0/node_modules/@radix-ui/react-context/dist/index.mjs:27:15)
    at CollectionProvider (file:///Users/tran.duc.thang/Projects/pit/node_modules/.pnpm/@radix-ui+react-collection@1.1.7_@types+react-dom@18.2.17_@types+react@18.2.43_react-do_a03fe685936792784d18791d9a1c5606/node_modules/@radix-ui/react-collection/dist/index.mjs:17:13)
    at Provider (file:///Users/tran.duc.thang/Projects/pit/node_modules/.pnpm/@radix-ui+react-context@1.1.2_@types+react@18.2.43_react@18.2.0/node_modules/@radix-ui/react-context/dist/index.mjs:27:15)
    at Provider (file:///Users/tran.duc.thang/Projects/pit/node_modules/.pnpm/@radix-ui+react-context@1.1.2_@types+react@18.2.43_react@18.2.0/node_modules/@radix-ui/react-context/dist/index.mjs:27:15)
    at Popper (file:///Users/tran.duc.thang/Projects/pit/node_modules/.pnpm/@radix-ui+react-popper@1.2.8_@types+react-dom@18.2.17_@types+react@18.2.43_react-dom@18.2.0_react@18.2.0__react@18.2.0/node_modules/@radix-ui/react-popper/dist/index.mjs:30:11)
    at Select (file:///Users/tran.duc.thang/Projects/pit/node_modules/.pnpm/@radix-ui+react-select@2.2.6_@types+react-dom@18.2.17_@types+react@18.2.43_react-dom@18.2.0_react@18.2.0__react@18.2.0/node_modules/@radix-ui/react-select/dist/index.mjs:42:5)
    at div
    at RegionSelector (/Users/tran.duc.thang/Projects/pit/src/components/RegionSelector.tsx:20:27)
    at div
    at /Users/tran.duc.thang/Projects/pit/src/components/ui/card.tsx:68:6
    at div
    at /Users/tran.duc.thang/Projects/pit/src/components/ui/card.tsx:14:6
    at CalculatorInputs (/Users/tran.duc.thang/Projects/pit/src/components/CalculatorInputs.tsx:19:3)
    at div
    at SalaryCalculator (/Users/tran.duc.thang/Projects/pit/src/components/SalaryCalculator.tsx:24:63)
    at ErrorBoundary (/Users/tran.duc.thang/Projects/pit/src/components/ErrorBoundary.tsx:13:5)
    at main
    at div
    at div
    at div
    at ErrorBoundary (/Users/tran.duc.thang/Projects/pit/src/components/ErrorBoundary.tsx:13:5)
    at App
Warning: An update to SelectItemText inside a test was not wrapped in act(...).

When testing, code that causes React state updates should be wrapped into act(...):

act(() => {
  /* fire events that update state */
});
/* assert on the output */

This ensures that you're testing the behavior the user would see in the browser. Learn more at https://reactjs.org/link/wrap-tests-with-act
    at file:///Users/tran.duc.thang/Projects/pit/node_modules/.pnpm/@radix-ui+react-select@2.2.6_@types+react-dom@18.2.17_@types+react@18.2.43_react-dom@18.2.0_react@18.2.0__react@18.2.0/node_modules/@radix-ui/react-select/dist/index.mjs:901:13
    at div
    at file:///Users/tran.duc.thang/Projects/pit/node_modules/.pnpm/@radix-ui+react-primitive@2.1.3_@types+react-dom@18.2.17_@types+react@18.2.43_react-dom_2161c237ea33b60c0cf3d21a889a9a3e/node_modules/@radix-ui/react-primitive/dist/index.mjs:28:13
    at file:///Users/tran.duc.thang/Projects/pit/node_modules/.pnpm/@radix-ui+react-slot@1.2.3_@types+react@18.2.43_react@18.2.0/node_modules/@radix-ui/react-slot/dist/index.mjs:33:13
    at file:///Users/tran.duc.thang/Projects/pit/node_modules/.pnpm/@radix-ui+react-slot@1.2.3_@types+react@18.2.43_react@18.2.0/node_modules/@radix-ui/react-slot/dist/index.mjs:9:13
    at file:///Users/tran.duc.thang/Projects/pit/node_modules/.pnpm/@radix-ui+react-collection@1.1.7_@types+react-dom@18.2.17_@types+react@18.2.43_react-do_a03fe685936792784d18791d9a1c5606/node_modules/@radix-ui/react-collection/dist/index.mjs:39:15
    at Provider (file:///Users/tran.duc.thang/Projects/pit/node_modules/.pnpm/@radix-ui+react-context@1.1.2_@types+react@18.2.43_react@18.2.0/node_modules/@radix-ui/react-context/dist/index.mjs:27:15)
    at file:///Users/tran.duc.thang/Projects/pit/node_modules/.pnpm/@radix-ui+react-select@2.2.6_@types+react-dom@18.2.17_@types+react@18.2.43_react-dom@18.2.0_react@18.2.0__react@18.2.0/node_modules/@radix-ui/react-select/dist/index.mjs:800:7
    at /Users/tran.duc.thang/Projects/pit/src/components/ui/select.tsx:174:56
    at div
    at file:///Users/tran.duc.thang/Projects/pit/node_modules/.pnpm/@radix-ui+react-primitive@2.1.3_@types+react-dom@18.2.17_@types+react@18.2.43_react-dom_2161c237ea33b60c0cf3d21a889a9a3e/node_modules/@radix-ui/react-primitive/dist/index.mjs:28:13
    at file:///Users/tran.duc.thang/Projects/pit/node_modules/.pnpm/@radix-ui+react-slot@1.2.3_@types+react@18.2.43_react@18.2.0/node_modules/@radix-ui/react-slot/dist/index.mjs:33:13
    at file:///Users/tran.duc.thang/Projects/pit/node_modules/.pnpm/@radix-ui+react-slot@1.2.3_@types+react@18.2.43_react@18.2.0/node_modules/@radix-ui/react-slot/dist/index.mjs:9:13
    at file:///Users/tran.duc.thang/Projects/pit/node_modules/.pnpm/@radix-ui+react-collection@1.1.7_@types+react-dom@18.2.17_@types+react@18.2.43_react-do_a03fe685936792784d18791d9a1c5606/node_modules/@radix-ui/react-collection/dist/index.mjs:27:15
    at file:///Users/tran.duc.thang/Projects/pit/node_modules/.pnpm/@radix-ui+react-select@2.2.6_@types+react-dom@18.2.17_@types+react@18.2.43_react-dom@18.2.0_react@18.2.0__react@18.2.0/node_modules/@radix-ui/react-select/dist/index.mjs:711:13
    at div
    at file:///Users/tran.duc.thang/Projects/pit/node_modules/.pnpm/@radix-ui+react-slot@1.2.3_@types+react@18.2.43_react@18.2.0/node_modules/@radix-ui/react-slot/dist/index.mjs:33:13
    at file:///Users/tran.duc.thang/Projects/pit/node_modules/.pnpm/@radix-ui+react-slot@1.2.3_@types+react@18.2.43_react@18.2.0/node_modules/@radix-ui/react-slot/dist/index.mjs:9:13
    at file:///Users/tran.duc.thang/Projects/pit/node_modules/.pnpm/@radix-ui+react-collection@1.1.7_@types+react-dom@18.2.17_@types+react@18.2.43_react-do_a03fe685936792784d18791d9a1c5606/node_modules/@radix-ui/react-collection/dist/index.mjs:27:15
    at Provider (file:///Users/tran.duc.thang/Projects/pit/node_modules/.pnpm/@radix-ui+react-context@1.1.2_@types+react@18.2.43_react@18.2.0/node_modules/@radix-ui/react-context/dist/index.mjs:27:15)
    at file:///Users/tran.duc.thang/Projects/pit/node_modules/.pnpm/@radix-ui+react-select@2.2.6_@types+react-dom@18.2.17_@types+react@18.2.43_react-dom@18.2.0_react@18.2.0__react@18.2.0/node_modules/@radix-ui/react-select/dist/index.mjs:256:58
    at file:///Users/tran.duc.thang/Projects/pit/node_modules/.pnpm/@radix-ui+react-slot@1.2.3_@types+react@18.2.43_react@18.2.0/node_modules/@radix-ui/react-slot/dist/index.mjs:33:13
    at file:///Users/tran.duc.thang/Projects/pit/node_modules/.pnpm/@radix-ui+react-slot@1.2.3_@types+react@18.2.43_react@18.2.0/node_modules/@radix-ui/react-slot/dist/index.mjs:9:13
    at file:///Users/tran.duc.thang/Projects/pit/node_modules/.pnpm/@radix-ui+react-primitive@2.1.3_@types+react-dom@18.2.17_@types+react@18.2.43_react-dom_2161c237ea33b60c0cf3d21a889a9a3e/node_modules/@radix-ui/react-primitive/dist/index.mjs:28:13
    at file:///Users/tran.duc.thang/Projects/pit/node_modules/.pnpm/@radix-ui+react-portal@1.1.9_@types+react-dom@18.2.17_@types+react@18.2.43_react-dom@18.2.0_react@18.2.0__react@18.2.0/node_modules/@radix-ui/react-portal/dist/index.mjs:11:22
    at SelectPortal
    at /Users/tran.duc.thang/Projects/pit/src/components/ui/select.tsx:101:59
    at Provider (file:///Users/tran.duc.thang/Projects/pit/node_modules/.pnpm/@radix-ui+react-context@1.1.2_@types+react@18.2.43_react@18.2.0/node_modules/@radix-ui/react-context/dist/index.mjs:27:15)
    at Provider (file:///Users/tran.duc.thang/Projects/pit/node_modules/.pnpm/@radix-ui+react-context@1.1.2_@types+react@18.2.43_react@18.2.0/node_modules/@radix-ui/react-context/dist/index.mjs:27:15)
    at CollectionProvider (file:///Users/tran.duc.thang/Projects/pit/node_modules/.pnpm/@radix-ui+react-collection@1.1.7_@types+react-dom@18.2.17_@types+react@18.2.43_react-do_a03fe685936792784d18791d9a1c5606/node_modules/@radix-ui/react-collection/dist/index.mjs:17:13)
    at Provider (file:///Users/tran.duc.thang/Projects/pit/node_modules/.pnpm/@radix-ui+react-context@1.1.2_@types+react@18.2.43_react@18.2.0/node_modules/@radix-ui/react-context/dist/index.mjs:27:15)
    at Provider (file:///Users/tran.duc.thang/Projects/pit/node_modules/.pnpm/@radix-ui+react-context@1.1.2_@types+react@18.2.43_react@18.2.0/node_modules/@radix-ui/react-context/dist/index.mjs:27:15)
    at Popper (file:///Users/tran.duc.thang/Projects/pit/node_modules/.pnpm/@radix-ui+react-popper@1.2.8_@types+react-dom@18.2.17_@types+react@18.2.43_react-dom@18.2.0_react@18.2.0__react@18.2.0/node_modules/@radix-ui/react-popper/dist/index.mjs:30:11)
    at Select (file:///Users/tran.duc.thang/Projects/pit/node_modules/.pnpm/@radix-ui+react-select@2.2.6_@types+react-dom@18.2.17_@types+react@18.2.43_react-dom@18.2.0_react@18.2.0__react@18.2.0/node_modules/@radix-ui/react-select/dist/index.mjs:42:5)
    at div
    at RegionSelector (/Users/tran.duc.thang/Projects/pit/src/components/RegionSelector.tsx:20:27)
    at div
    at /Users/tran.duc.thang/Projects/pit/src/components/ui/card.tsx:68:6
    at div
    at /Users/tran.duc.thang/Projects/pit/src/components/ui/card.tsx:14:6
    at CalculatorInputs (/Users/tran.duc.thang/Projects/pit/src/components/CalculatorInputs.tsx:19:3)
    at div
    at SalaryCalculator (/Users/tran.duc.thang/Projects/pit/src/components/SalaryCalculator.tsx:24:63)
    at ErrorBoundary (/Users/tran.duc.thang/Projects/pit/src/components/ErrorBoundary.tsx:13:5)
    at main
    at div
    at div
    at div
    at ErrorBoundary (/Users/tran.duc.thang/Projects/pit/src/components/ErrorBoundary.tsx:13:5)
    at App
Warning: An update to SelectItem inside a test was not wrapped in act(...).

When testing, code that causes React state updates should be wrapped into act(...):

act(() => {
  /* fire events that update state */
});
/* assert on the output */

This ensures that you're testing the behavior the user would see in the browser. Learn more at https://reactjs.org/link/wrap-tests-with-act
    at file:///Users/tran.duc.thang/Projects/pit/node_modules/.pnpm/@radix-ui+react-select@2.2.6_@types+react-dom@18.2.17_@types+react@18.2.43_react-dom@18.2.0_react@18.2.0__react@18.2.0/node_modules/@radix-ui/react-select/dist/index.mjs:800:7
    at /Users/tran.duc.thang/Projects/pit/src/components/ui/select.tsx:174:56
    at div
    at file:///Users/tran.duc.thang/Projects/pit/node_modules/.pnpm/@radix-ui+react-primitive@2.1.3_@types+react-dom@18.2.17_@types+react@18.2.43_react-dom_2161c237ea33b60c0cf3d21a889a9a3e/node_modules/@radix-ui/react-primitive/dist/index.mjs:28:13
    at file:///Users/tran.duc.thang/Projects/pit/node_modules/.pnpm/@radix-ui+react-slot@1.2.3_@types+react@18.2.43_react@18.2.0/node_modules/@radix-ui/react-slot/dist/index.mjs:33:13
    at file:///Users/tran.duc.thang/Projects/pit/node_modules/.pnpm/@radix-ui+react-slot@1.2.3_@types+react@18.2.43_react@18.2.0/node_modules/@radix-ui/react-slot/dist/index.mjs:9:13
    at file:///Users/tran.duc.thang/Projects/pit/node_modules/.pnpm/@radix-ui+react-collection@1.1.7_@types+react-dom@18.2.17_@types+react@18.2.43_react-do_a03fe685936792784d18791d9a1c5606/node_modules/@radix-ui/react-collection/dist/index.mjs:27:15
    at file:///Users/tran.duc.thang/Projects/pit/node_modules/.pnpm/@radix-ui+react-select@2.2.6_@types+react-dom@18.2.17_@types+react@18.2.43_react-dom@18.2.0_react@18.2.0__react@18.2.0/node_modules/@radix-ui/react-select/dist/index.mjs:711:13
    at div
    at file:///Users/tran.duc.thang/Projects/pit/node_modules/.pnpm/@radix-ui+react-slot@1.2.3_@types+react@18.2.43_react@18.2.0/node_modules/@radix-ui/react-slot/dist/index.mjs:33:13
    at file:///Users/tran.duc.thang/Projects/pit/node_modules/.pnpm/@radix-ui+react-slot@1.2.3_@types+react@18.2.43_react@18.2.0/node_modules/@radix-ui/react-slot/dist/index.mjs:9:13
    at file:///Users/tran.duc.thang/Projects/pit/node_modules/.pnpm/@radix-ui+react-collection@1.1.7_@types+react-dom@18.2.17_@types+react@18.2.43_react-do_a03fe685936792784d18791d9a1c5606/node_modules/@radix-ui/react-collection/dist/index.mjs:27:15
    at Provider (file:///Users/tran.duc.thang/Projects/pit/node_modules/.pnpm/@radix-ui+react-context@1.1.2_@types+react@18.2.43_react@18.2.0/node_modules/@radix-ui/react-context/dist/index.mjs:27:15)
    at file:///Users/tran.duc.thang/Projects/pit/node_modules/.pnpm/@radix-ui+react-select@2.2.6_@types+react-dom@18.2.17_@types+react@18.2.43_react-dom@18.2.0_react@18.2.0__react@18.2.0/node_modules/@radix-ui/react-select/dist/index.mjs:256:58
    at file:///Users/tran.duc.thang/Projects/pit/node_modules/.pnpm/@radix-ui+react-slot@1.2.3_@types+react@18.2.43_react@18.2.0/node_modules/@radix-ui/react-slot/dist/index.mjs:33:13
    at file:///Users/tran.duc.thang/Projects/pit/node_modules/.pnpm/@radix-ui+react-slot@1.2.3_@types+react@18.2.43_react@18.2.0/node_modules/@radix-ui/react-slot/dist/index.mjs:9:13
    at file:///Users/tran.duc.thang/Projects/pit/node_modules/.pnpm/@radix-ui+react-primitive@2.1.3_@types+react-dom@18.2.17_@types+react@18.2.43_react-dom_2161c237ea33b60c0cf3d21a889a9a3e/node_modules/@radix-ui/react-primitive/dist/index.mjs:28:13
    at file:///Users/tran.duc.thang/Projects/pit/node_modules/.pnpm/@radix-ui+react-portal@1.1.9_@types+react-dom@18.2.17_@types+react@18.2.43_react-dom@18.2.0_react@18.2.0__react@18.2.0/node_modules/@radix-ui/react-portal/dist/index.mjs:11:22
    at SelectPortal
    at /Users/tran.duc.thang/Projects/pit/src/components/ui/select.tsx:101:59
    at Provider (file:///Users/tran.duc.thang/Projects/pit/node_modules/.pnpm/@radix-ui+react-context@1.1.2_@types+react@18.2.43_react@18.2.0/node_modules/@radix-ui/react-context/dist/index.mjs:27:15)
    at Provider (file:///Users/tran.duc.thang/Projects/pit/node_modules/.pnpm/@radix-ui+react-context@1.1.2_@types+react@18.2.43_react@18.2.0/node_modules/@radix-ui/react-context/dist/index.mjs:27:15)
    at CollectionProvider (file:///Users/tran.duc.thang/Projects/pit/node_modules/.pnpm/@radix-ui+react-collection@1.1.7_@types+react-dom@18.2.17_@types+react@18.2.43_react-do_a03fe685936792784d18791d9a1c5606/node_modules/@radix-ui/react-collection/dist/index.mjs:17:13)
    at Provider (file:///Users/tran.duc.thang/Projects/pit/node_modules/.pnpm/@radix-ui+react-context@1.1.2_@types+react@18.2.43_react@18.2.0/node_modules/@radix-ui/react-context/dist/index.mjs:27:15)
    at Provider (file:///Users/tran.duc.thang/Projects/pit/node_modules/.pnpm/@radix-ui+react-context@1.1.2_@types+react@18.2.43_react@18.2.0/node_modules/@radix-ui/react-context/dist/index.mjs:27:15)
    at Popper (file:///Users/tran.duc.thang/Projects/pit/node_modules/.pnpm/@radix-ui+react-popper@1.2.8_@types+react-dom@18.2.17_@types+react@18.2.43_react-dom@18.2.0_react@18.2.0__react@18.2.0/node_modules/@radix-ui/react-popper/dist/index.mjs:30:11)
    at Select (file:///Users/tran.duc.thang/Projects/pit/node_modules/.pnpm/@radix-ui+react-select@2.2.6_@types+react-dom@18.2.17_@types+react@18.2.43_react-dom@18.2.0_react@18.2.0__react@18.2.0/node_modules/@radix-ui/react-select/dist/index.mjs:42:5)
    at div
    at RegionSelector (/Users/tran.duc.thang/Projects/pit/src/components/RegionSelector.tsx:20:27)
    at div
    at /Users/tran.duc.thang/Projects/pit/src/components/ui/card.tsx:68:6
    at div
    at /Users/tran.duc.thang/Projects/pit/src/components/ui/card.tsx:14:6
    at CalculatorInputs (/Users/tran.duc.thang/Projects/pit/src/components/CalculatorInputs.tsx:19:3)
    at div
    at SalaryCalculator (/Users/tran.duc.thang/Projects/pit/src/components/SalaryCalculator.tsx:24:63)
    at ErrorBoundary (/Users/tran.duc.thang/Projects/pit/src/components/ErrorBoundary.tsx:13:5)
    at main
    at div
    at div
    at div
    at ErrorBoundary (/Users/tran.duc.thang/Projects/pit/src/components/ErrorBoundary.tsx:13:5)
    at App
Warning: An update to Tooltip inside a test was not wrapped in act(...).

When testing, code that causes React state updates should be wrapped into act(...):

act(() => {
  /* fire events that update state */
});
/* assert on the output */

This ensures that you're testing the behavior the user would see in the browser. Learn more at https://reactjs.org/link/wrap-tests-with-act
    at Tooltip (file:///Users/tran.duc.thang/Projects/pit/node_modules/.pnpm/@radix-ui+react-tooltip@1.2.8_@types+react-dom@18.2.17_@types+react@18.2.43_react-dom@18.2.0_react@18.2.0__react@18.2.0/node_modules/@radix-ui/react-tooltip/dist/index.mjs:73:5)
    at Provider (file:///Users/tran.duc.thang/Projects/pit/node_modules/.pnpm/@radix-ui+react-context@1.1.2_@types+react@18.2.43_react@18.2.0/node_modules/@radix-ui/react-context/dist/index.mjs:27:15)
    at TooltipProvider (file:///Users/tran.duc.thang/Projects/pit/node_modules/.pnpm/@radix-ui+react-tooltip@1.2.8_@types+react-dom@18.2.17_@types+react@18.2.43_react-dom@18.2.0_react@18.2.0__react@18.2.0/node_modules/@radix-ui/react-tooltip/dist/index.mjs:29:5)
    at InfoTooltip (/Users/tran.duc.thang/Projects/pit/src/components/InfoTooltip.tsx:10:24)
    at div
    at div
    at InsuranceBaseInput (/Users/tran.duc.thang/Projects/pit/src/components/InsuranceBaseInput.tsx:13:3)
    at div
    at /Users/tran.duc.thang/Projects/pit/src/components/ui/card.tsx:68:6
    at div
    at /Users/tran.duc.thang/Projects/pit/src/components/ui/card.tsx:14:6
    at CalculatorInputs (/Users/tran.duc.thang/Projects/pit/src/components/CalculatorInputs.tsx:19:3)
    at div
    at SalaryCalculator (/Users/tran.duc.thang/Projects/pit/src/components/SalaryCalculator.tsx:24:63)
    at ErrorBoundary (/Users/tran.duc.thang/Projects/pit/src/components/ErrorBoundary.tsx:13:5)
    at main
    at div
    at div
    at div
    at ErrorBoundary (/Users/tran.duc.thang/Projects/pit/src/components/ErrorBoundary.tsx:13:5)
    at App
Warning: An update to Radio inside a test was not wrapped in act(...).

When testing, code that causes React state updates should be wrapped into act(...):

act(() => {
  /* fire events that update state */
});
/* assert on the output */

This ensures that you're testing the behavior the user would see in the browser. Learn more at https://reactjs.org/link/wrap-tests-with-act
    at file:///Users/tran.duc.thang/Projects/pit/node_modules/.pnpm/@radix-ui+react-radio-group@1.3.8_@types+react-dom@18.2.17_@types+react@18.2.43_react-d_232b8f11a4c03b4724d7150d14f44128/node_modules/@radix-ui/react-radio-group/dist/index.mjs:30:7
    at file:///Users/tran.duc.thang/Projects/pit/node_modules/.pnpm/@radix-ui+react-slot@1.2.3_@types+react@18.2.43_react@18.2.0/node_modules/@radix-ui/react-slot/dist/index.mjs:33:13
    at file:///Users/tran.duc.thang/Projects/pit/node_modules/.pnpm/@radix-ui+react-slot@1.2.3_@types+react@18.2.43_react@18.2.0/node_modules/@radix-ui/react-slot/dist/index.mjs:9:13
    at file:///Users/tran.duc.thang/Projects/pit/node_modules/.pnpm/@radix-ui+react-primitive@2.1.3_@types+react-dom@18.2.17_@types+react@18.2.43_react-dom_2161c237ea33b60c0cf3d21a889a9a3e/node_modules/@radix-ui/react-primitive/dist/index.mjs:28:13
    at file:///Users/tran.duc.thang/Projects/pit/node_modules/.pnpm/@radix-ui+react-slot@1.2.3_@types+react@18.2.43_react@18.2.0/node_modules/@radix-ui/react-slot/dist/index.mjs:33:13
    at file:///Users/tran.duc.thang/Projects/pit/node_modules/.pnpm/@radix-ui+react-slot@1.2.3_@types+react@18.2.43_react@18.2.0/node_modules/@radix-ui/react-slot/dist/index.mjs:9:13
    at file:///Users/tran.duc.thang/Projects/pit/node_modules/.pnpm/@radix-ui+react-collection@1.1.7_@types+react-dom@18.2.17_@types+react@18.2.43_react-do_a03fe685936792784d18791d9a1c5606/node_modules/@radix-ui/react-collection/dist/index.mjs:39:15
    at file:///Users/tran.duc.thang/Projects/pit/node_modules/.pnpm/@radix-ui+react-roving-focus@1.1.11_@types+react-dom@18.2.17_@types+react@18.2.43_react_0518848876eeed3dd17b5d7009596a7d/node_modules/@radix-ui/react-roving-focus/dist/index.mjs:124:7
    at file:///Users/tran.duc.thang/Projects/pit/node_modules/.pnpm/@radix-ui+react-radio-group@1.3.8_@types+react-dom@18.2.17_@types+react@18.2.43_react-d_232b8f11a4c03b4724d7150d14f44128/node_modules/@radix-ui/react-radio-group/dist/index.mjs:228:13
    at /Users/tran.duc.thang/Projects/pit/src/components/ui/radio-group.tsx:22:60
    at div
    at div
    at file:///Users/tran.duc.thang/Projects/pit/node_modules/.pnpm/@radix-ui+react-primitive@2.1.3_@types+react-dom@18.2.17_@types+react@18.2.43_react-dom_2161c237ea33b60c0cf3d21a889a9a3e/node_modules/@radix-ui/react-primitive/dist/index.mjs:28:13
    at file:///Users/tran.duc.thang/Projects/pit/node_modules/.pnpm/@radix-ui+react-slot@1.2.3_@types+react@18.2.43_react@18.2.0/node_modules/@radix-ui/react-slot/dist/index.mjs:33:13
    at file:///Users/tran.duc.thang/Projects/pit/node_modules/.pnpm/@radix-ui+react-slot@1.2.3_@types+react@18.2.43_react@18.2.0/node_modules/@radix-ui/react-slot/dist/index.mjs:9:13
    at file:///Users/tran.duc.thang/Projects/pit/node_modules/.pnpm/@radix-ui+react-primitive@2.1.3_@types+react-dom@18.2.17_@types+react@18.2.43_react-dom_2161c237ea33b60c0cf3d21a889a9a3e/node_modules/@radix-ui/react-primitive/dist/index.mjs:28:13
    at Provider (file:///Users/tran.duc.thang/Projects/pit/node_modules/.pnpm/@radix-ui+react-context@1.1.2_@types+react@18.2.43_react@18.2.0/node_modules/@radix-ui/react-context/dist/index.mjs:27:15)
    at file:///Users/tran.duc.thang/Projects/pit/node_modules/.pnpm/@radix-ui+react-roving-focus@1.1.11_@types+react-dom@18.2.17_@types+react@18.2.43_react_0518848876eeed3dd17b5d7009596a7d/node_modules/@radix-ui/react-roving-focus/dist/index.mjs:32:5
    at file:///Users/tran.duc.thang/Projects/pit/node_modules/.pnpm/@radix-ui+react-slot@1.2.3_@types+react@18.2.43_react@18.2.0/node_modules/@radix-ui/react-slot/dist/index.mjs:33:13
    at file:///Users/tran.duc.thang/Projects/pit/node_modules/.pnpm/@radix-ui+react-slot@1.2.3_@types+react@18.2.43_react@18.2.0/node_modules/@radix-ui/react-slot/dist/index.mjs:9:13
    at file:///Users/tran.duc.thang/Projects/pit/node_modules/.pnpm/@radix-ui+react-collection@1.1.7_@types+react-dom@18.2.17_@types+react@18.2.43_react-do_a03fe685936792784d18791d9a1c5606/node_modules/@radix-ui/react-collection/dist/index.mjs:27:15
    at Provider (file:///Users/tran.duc.thang/Projects/pit/node_modules/.pnpm/@radix-ui+react-context@1.1.2_@types+react@18.2.43_react@18.2.0/node_modules/@radix-ui/react-context/dist/index.mjs:27:15)
    at CollectionProvider (file:///Users/tran.duc.thang/Projects/pit/node_modules/.pnpm/@radix-ui+react-collection@1.1.7_@types+react-dom@18.2.17_@types+react@18.2.43_react-do_a03fe685936792784d18791d9a1c5606/node_modules/@radix-ui/react-collection/dist/index.mjs:17:13)
    at file:///Users/tran.duc.thang/Projects/pit/node_modules/.pnpm/@radix-ui+react-roving-focus@1.1.11_@types+react-dom@18.2.17_@types+react@18.2.43_react_0518848876eeed3dd17b5d7009596a7d/node_modules/@radix-ui/react-roving-focus/dist/index.mjs:26:68
    at Provider (file:///Users/tran.duc.thang/Projects/pit/node_modules/.pnpm/@radix-ui+react-context@1.1.2_@types+react@18.2.43_react@18.2.0/node_modules/@radix-ui/react-context/dist/index.mjs:27:15)
    at file:///Users/tran.duc.thang/Projects/pit/node_modules/.pnpm/@radix-ui+react-radio-group@1.3.8_@types+react-dom@18.2.17_@types+react@18.2.43_react-d_232b8f11a4c03b4724d7150d14f44128/node_modules/@radix-ui/react-radio-group/dist/index.mjs:169:7
    at /Users/tran.duc.thang/Projects/pit/src/components/ui/radio-group.tsx:14:56
    at div
    at InsuranceBaseInput (/Users/tran.duc.thang/Projects/pit/src/components/InsuranceBaseInput.tsx:13:3)
    at div
    at /Users/tran.duc.thang/Projects/pit/src/components/ui/card.tsx:68:6
    at div
    at /Users/tran.duc.thang/Projects/pit/src/components/ui/card.tsx:14:6
    at CalculatorInputs (/Users/tran.duc.thang/Projects/pit/src/components/CalculatorInputs.tsx:19:3)
    at div
    at SalaryCalculator (/Users/tran.duc.thang/Projects/pit/src/components/SalaryCalculator.tsx:24:63)
    at ErrorBoundary (/Users/tran.duc.thang/Projects/pit/src/components/ErrorBoundary.tsx:13:5)
    at main
    at div
    at div
    at div
    at ErrorBoundary (/Users/tran.duc.thang/Projects/pit/src/components/ErrorBoundary.tsx:13:5)
    at App
Warning: An update to Radio inside a test was not wrapped in act(...).

When testing, code that causes React state updates should be wrapped into act(...):

act(() => {
  /* fire events that update state */
});
/* assert on the output */

This ensures that you're testing the behavior the user would see in the browser. Learn more at https://reactjs.org/link/wrap-tests-with-act
    at file:///Users/tran.duc.thang/Projects/pit/node_modules/.pnpm/@radix-ui+react-radio-group@1.3.8_@types+react-dom@18.2.17_@types+react@18.2.43_react-d_232b8f11a4c03b4724d7150d14f44128/node_modules/@radix-ui/react-radio-group/dist/index.mjs:30:7
    at file:///Users/tran.duc.thang/Projects/pit/node_modules/.pnpm/@radix-ui+react-slot@1.2.3_@types+react@18.2.43_react@18.2.0/node_modules/@radix-ui/react-slot/dist/index.mjs:33:13
    at file:///Users/tran.duc.thang/Projects/pit/node_modules/.pnpm/@radix-ui+react-slot@1.2.3_@types+react@18.2.43_react@18.2.0/node_modules/@radix-ui/react-slot/dist/index.mjs:9:13
    at file:///Users/tran.duc.thang/Projects/pit/node_modules/.pnpm/@radix-ui+react-primitive@2.1.3_@types+react-dom@18.2.17_@types+react@18.2.43_react-dom_2161c237ea33b60c0cf3d21a889a9a3e/node_modules/@radix-ui/react-primitive/dist/index.mjs:28:13
    at file:///Users/tran.duc.thang/Projects/pit/node_modules/.pnpm/@radix-ui+react-slot@1.2.3_@types+react@18.2.43_react@18.2.0/node_modules/@radix-ui/react-slot/dist/index.mjs:33:13
    at file:///Users/tran.duc.thang/Projects/pit/node_modules/.pnpm/@radix-ui+react-slot@1.2.3_@types+react@18.2.43_react@18.2.0/node_modules/@radix-ui/react-slot/dist/index.mjs:9:13
    at file:///Users/tran.duc.thang/Projects/pit/node_modules/.pnpm/@radix-ui+react-collection@1.1.7_@types+react-dom@18.2.17_@types+react@18.2.43_react-do_a03fe685936792784d18791d9a1c5606/node_modules/@radix-ui/react-collection/dist/index.mjs:39:15
    at file:///Users/tran.duc.thang/Projects/pit/node_modules/.pnpm/@radix-ui+react-roving-focus@1.1.11_@types+react-dom@18.2.17_@types+react@18.2.43_react_0518848876eeed3dd17b5d7009596a7d/node_modules/@radix-ui/react-roving-focus/dist/index.mjs:124:7
    at file:///Users/tran.duc.thang/Projects/pit/node_modules/.pnpm/@radix-ui+react-radio-group@1.3.8_@types+react-dom@18.2.17_@types+react@18.2.43_react-d_232b8f11a4c03b4724d7150d14f44128/node_modules/@radix-ui/react-radio-group/dist/index.mjs:228:13
    at /Users/tran.duc.thang/Projects/pit/src/components/ui/radio-group.tsx:22:60
    at div
    at div
    at div
    at file:///Users/tran.duc.thang/Projects/pit/node_modules/.pnpm/@radix-ui+react-primitive@2.1.3_@types+react-dom@18.2.17_@types+react@18.2.43_react-dom_2161c237ea33b60c0cf3d21a889a9a3e/node_modules/@radix-ui/react-primitive/dist/index.mjs:28:13
    at file:///Users/tran.duc.thang/Projects/pit/node_modules/.pnpm/@radix-ui+react-slot@1.2.3_@types+react@18.2.43_react@18.2.0/node_modules/@radix-ui/react-slot/dist/index.mjs:33:13
    at file:///Users/tran.duc.thang/Projects/pit/node_modules/.pnpm/@radix-ui+react-slot@1.2.3_@types+react@18.2.43_react@18.2.0/node_modules/@radix-ui/react-slot/dist/index.mjs:9:13
    at file:///Users/tran.duc.thang/Projects/pit/node_modules/.pnpm/@radix-ui+react-primitive@2.1.3_@types+react-dom@18.2.17_@types+react@18.2.43_react-dom_2161c237ea33b60c0cf3d21a889a9a3e/node_modules/@radix-ui/react-primitive/dist/index.mjs:28:13
    at Provider (file:///Users/tran.duc.thang/Projects/pit/node_modules/.pnpm/@radix-ui+react-context@1.1.2_@types+react@18.2.43_react@18.2.0/node_modules/@radix-ui/react-context/dist/index.mjs:27:15)
    at file:///Users/tran.duc.thang/Projects/pit/node_modules/.pnpm/@radix-ui+react-roving-focus@1.1.11_@types+react-dom@18.2.17_@types+react@18.2.43_react_0518848876eeed3dd17b5d7009596a7d/node_modules/@radix-ui/react-roving-focus/dist/index.mjs:32:5
    at file:///Users/tran.duc.thang/Projects/pit/node_modules/.pnpm/@radix-ui+react-slot@1.2.3_@types+react@18.2.43_react@18.2.0/node_modules/@radix-ui/react-slot/dist/index.mjs:33:13
    at file:///Users/tran.duc.thang/Projects/pit/node_modules/.pnpm/@radix-ui+react-slot@1.2.3_@types+react@18.2.43_react@18.2.0/node_modules/@radix-ui/react-slot/dist/index.mjs:9:13
    at file:///Users/tran.duc.thang/Projects/pit/node_modules/.pnpm/@radix-ui+react-collection@1.1.7_@types+react-dom@18.2.17_@types+react@18.2.43_react-do_a03fe685936792784d18791d9a1c5606/node_modules/@radix-ui/react-collection/dist/index.mjs:27:15
    at Provider (file:///Users/tran.duc.thang/Projects/pit/node_modules/.pnpm/@radix-ui+react-context@1.1.2_@types+react@18.2.43_react@18.2.0/node_modules/@radix-ui/react-context/dist/index.mjs:27:15)
    at CollectionProvider (file:///Users/tran.duc.thang/Projects/pit/node_modules/.pnpm/@radix-ui+react-collection@1.1.7_@types+react-dom@18.2.17_@types+react@18.2.43_react-do_a03fe685936792784d18791d9a1c5606/node_modules/@radix-ui/react-collection/dist/index.mjs:17:13)
    at file:///Users/tran.duc.thang/Projects/pit/node_modules/.pnpm/@radix-ui+react-roving-focus@1.1.11_@types+react-dom@18.2.17_@types+react@18.2.43_react_0518848876eeed3dd17b5d7009596a7d/node_modules/@radix-ui/react-roving-focus/dist/index.mjs:26:68
    at Provider (file:///Users/tran.duc.thang/Projects/pit/node_modules/.pnpm/@radix-ui+react-context@1.1.2_@types+react@18.2.43_react@18.2.0/node_modules/@radix-ui/react-context/dist/index.mjs:27:15)
    at file:///Users/tran.duc.thang/Projects/pit/node_modules/.pnpm/@radix-ui+react-radio-group@1.3.8_@types+react-dom@18.2.17_@types+react@18.2.43_react-d_232b8f11a4c03b4724d7150d14f44128/node_modules/@radix-ui/react-radio-group/dist/index.mjs:169:7
    at /Users/tran.duc.thang/Projects/pit/src/components/ui/radio-group.tsx:14:56
    at div
    at InsuranceBaseInput (/Users/tran.duc.thang/Projects/pit/src/components/InsuranceBaseInput.tsx:13:3)
    at div
    at /Users/tran.duc.thang/Projects/pit/src/components/ui/card.tsx:68:6
    at div
    at /Users/tran.duc.thang/Projects/pit/src/components/ui/card.tsx:14:6
    at CalculatorInputs (/Users/tran.duc.thang/Projects/pit/src/components/CalculatorInputs.tsx:19:3)
    at div
    at SalaryCalculator (/Users/tran.duc.thang/Projects/pit/src/components/SalaryCalculator.tsx:24:63)
    at ErrorBoundary (/Users/tran.duc.thang/Projects/pit/src/components/ErrorBoundary.tsx:13:5)
    at main
    at div
    at div
    at div
    at ErrorBoundary (/Users/tran.duc.thang/Projects/pit/src/components/ErrorBoundary.tsx:13:5)
    at App
Warning: An update to Switch inside a test was not wrapped in act(...).

When testing, code that causes React state updates should be wrapped into act(...):

act(() => {
  /* fire events that update state */
});
/* assert on the output */

This ensures that you're testing the behavior the user would see in the browser. Learn more at https://reactjs.org/link/wrap-tests-with-act
    at file:///Users/tran.duc.thang/Projects/pit/node_modules/.pnpm/@radix-ui+react-switch@1.2.6_@types+react-dom@18.2.17_@types+react@18.2.43_react-dom@18.2.0_react@18.2.0__react@18.2.0/node_modules/@radix-ui/react-switch/dist/index.mjs:19:7
    at /Users/tran.duc.thang/Projects/pit/src/components/ui/switch.tsx:10:52
    at div
    at div
    at UnionDuesCheckbox (/Users/tran.duc.thang/Projects/pit/src/components/UnionDuesCheckbox.tsx:11:3)
    at div
    at /Users/tran.duc.thang/Projects/pit/src/components/ui/card.tsx:68:6
    at div
    at /Users/tran.duc.thang/Projects/pit/src/components/ui/card.tsx:14:6
    at CalculatorInputs (/Users/tran.duc.thang/Projects/pit/src/components/CalculatorInputs.tsx:19:3)
    at div
    at SalaryCalculator (/Users/tran.duc.thang/Projects/pit/src/components/SalaryCalculator.tsx:24:63)
    at ErrorBoundary (/Users/tran.duc.thang/Projects/pit/src/components/ErrorBoundary.tsx:13:5)
    at main
    at div
    at div
    at div
    at ErrorBoundary (/Users/tran.duc.thang/Projects/pit/src/components/ErrorBoundary.tsx:13:5)
    at App
Warning: An update to Tooltip inside a test was not wrapped in act(...).

When testing, code that causes React state updates should be wrapped into act(...):

act(() => {
  /* fire events that update state */
});
/* assert on the output */

This ensures that you're testing the behavior the user would see in the browser. Learn more at https://reactjs.org/link/wrap-tests-with-act
    at Tooltip (file:///Users/tran.duc.thang/Projects/pit/node_modules/.pnpm/@radix-ui+react-tooltip@1.2.8_@types+react-dom@18.2.17_@types+react@18.2.43_react-dom@18.2.0_react@18.2.0__react@18.2.0/node_modules/@radix-ui/react-tooltip/dist/index.mjs:73:5)
    at Provider (file:///Users/tran.duc.thang/Projects/pit/node_modules/.pnpm/@radix-ui+react-context@1.1.2_@types+react@18.2.43_react@18.2.0/node_modules/@radix-ui/react-context/dist/index.mjs:27:15)
    at TooltipProvider (file:///Users/tran.duc.thang/Projects/pit/node_modules/.pnpm/@radix-ui+react-tooltip@1.2.8_@types+react-dom@18.2.17_@types+react@18.2.43_react-dom@18.2.0_react@18.2.0__react@18.2.0/node_modules/@radix-ui/react-tooltip/dist/index.mjs:29:5)
    at InfoTooltip (/Users/tran.duc.thang/Projects/pit/src/components/InfoTooltip.tsx:10:24)
    at div
    at div
    at UnionDuesCheckbox (/Users/tran.duc.thang/Projects/pit/src/components/UnionDuesCheckbox.tsx:11:3)
    at div
    at /Users/tran.duc.thang/Projects/pit/src/components/ui/card.tsx:68:6
    at div
    at /Users/tran.duc.thang/Projects/pit/src/components/ui/card.tsx:14:6
    at CalculatorInputs (/Users/tran.duc.thang/Projects/pit/src/components/CalculatorInputs.tsx:19:3)
    at div
    at SalaryCalculator (/Users/tran.duc.thang/Projects/pit/src/components/SalaryCalculator.tsx:24:63)
    at ErrorBoundary (/Users/tran.duc.thang/Projects/pit/src/components/ErrorBoundary.tsx:13:5)
    at main
    at div
    at div
    at div
    at ErrorBoundary (/Users/tran.duc.thang/Projects/pit/src/components/ErrorBoundary.tsx:13:5)
    at App
Warning: An update to Switch inside a test was not wrapped in act(...).

When testing, code that causes React state updates should be wrapped into act(...):

act(() => {
  /* fire events that update state */
});
/* assert on the output */

This ensures that you're testing the behavior the user would see in the browser. Learn more at https://reactjs.org/link/wrap-tests-with-act
    at file:///Users/tran.duc.thang/Projects/pit/node_modules/.pnpm/@radix-ui+react-switch@1.2.6_@types+react-dom@18.2.17_@types+react@18.2.43_react-dom@18.2.0_react@18.2.0__react@18.2.0/node_modules/@radix-ui/react-switch/dist/index.mjs:19:7
    at /Users/tran.duc.thang/Projects/pit/src/components/ui/switch.tsx:10:52
    at div
    at div
    at LunchAllowanceInput (/Users/tran.duc.thang/Projects/pit/src/components/LunchAllowanceInput.tsx:13:134)
    at div
    at /Users/tran.duc.thang/Projects/pit/src/components/ui/card.tsx:68:6
    at div
    at /Users/tran.duc.thang/Projects/pit/src/components/ui/card.tsx:14:6
    at CalculatorInputs (/Users/tran.duc.thang/Projects/pit/src/components/CalculatorInputs.tsx:19:3)
    at div
    at SalaryCalculator (/Users/tran.duc.thang/Projects/pit/src/components/SalaryCalculator.tsx:24:63)
    at ErrorBoundary (/Users/tran.duc.thang/Projects/pit/src/components/ErrorBoundary.tsx:13:5)
    at main
    at div
    at div
    at div
    at ErrorBoundary (/Users/tran.duc.thang/Projects/pit/src/components/ErrorBoundary.tsx:13:5)
    at App
Warning: An update to Tooltip inside a test was not wrapped in act(...).

When testing, code that causes React state updates should be wrapped into act(...):

act(() => {
  /* fire events that update state */
});
/* assert on the output */

This ensures that you're testing the behavior the user would see in the browser. Learn more at https://reactjs.org/link/wrap-tests-with-act
    at Tooltip (file:///Users/tran.duc.thang/Projects/pit/node_modules/.pnpm/@radix-ui+react-tooltip@1.2.8_@types+react-dom@18.2.17_@types+react@18.2.43_react-dom@18.2.0_react@18.2.0__react@18.2.0/node_modules/@radix-ui/react-tooltip/dist/index.mjs:73:5)
    at Provider (file:///Users/tran.duc.thang/Projects/pit/node_modules/.pnpm/@radix-ui+react-context@1.1.2_@types+react@18.2.43_react@18.2.0/node_modules/@radix-ui/react-context/dist/index.mjs:27:15)
    at TooltipProvider (file:///Users/tran.duc.thang/Projects/pit/node_modules/.pnpm/@radix-ui+react-tooltip@1.2.8_@types+react-dom@18.2.17_@types+react@18.2.43_react-dom@18.2.0_react@18.2.0__react@18.2.0/node_modules/@radix-ui/react-tooltip/dist/index.mjs:29:5)
    at InfoTooltip (/Users/tran.duc.thang/Projects/pit/src/components/InfoTooltip.tsx:10:24)
    at div
    at td
    at /Users/tran.duc.thang/Projects/pit/src/components/ui/table.tsx:98:55
    at tr
    at /Users/tran.duc.thang/Projects/pit/src/components/ui/table.tsx:57:6
    at tbody
    at /Users/tran.duc.thang/Projects/pit/src/components/ui/table.tsx:33:55
    at table
    at div
    at /Users/tran.duc.thang/Projects/pit/src/components/ui/table.tsx:16:6
    at div
    at InsuranceBreakdown (/Users/tran.duc.thang/Projects/pit/src/components/InsuranceBreakdown.tsx:25:3)
    at div
    at div
    at /Users/tran.duc.thang/Projects/pit/src/components/ui/card.tsx:68:6
    at div
    at /Users/tran.duc.thang/Projects/pit/src/components/ui/card.tsx:14:6
    at ResultDisplay (/Users/tran.duc.thang/Projects/pit/src/components/ResultDisplay.tsx:29:3)
    at div
    at SalaryCalculator (/Users/tran.duc.thang/Projects/pit/src/components/SalaryCalculator.tsx:24:63)
    at ErrorBoundary (/Users/tran.duc.thang/Projects/pit/src/components/ErrorBoundary.tsx:13:5)
    at main
    at div
    at div
    at div
    at ErrorBoundary (/Users/tran.duc.thang/Projects/pit/src/components/ErrorBoundary.tsx:13:5)
    at App
Warning: An update to Tooltip inside a test was not wrapped in act(...).

When testing, code that causes React state updates should be wrapped into act(...):

act(() => {
  /* fire events that update state */
});
/* assert on the output */

This ensures that you're testing the behavior the user would see in the browser. Learn more at https://reactjs.org/link/wrap-tests-with-act
    at Tooltip (file:///Users/tran.duc.thang/Projects/pit/node_modules/.pnpm/@radix-ui+react-tooltip@1.2.8_@types+react-dom@18.2.17_@types+react@18.2.43_react-dom@18.2.0_react@18.2.0__react@18.2.0/node_modules/@radix-ui/react-tooltip/dist/index.mjs:73:5)
    at Provider (file:///Users/tran.duc.thang/Projects/pit/node_modules/.pnpm/@radix-ui+react-context@1.1.2_@types+react@18.2.43_react@18.2.0/node_modules/@radix-ui/react-context/dist/index.mjs:27:15)
    at TooltipProvider (file:///Users/tran.duc.thang/Projects/pit/node_modules/.pnpm/@radix-ui+react-tooltip@1.2.8_@types+react-dom@18.2.17_@types+react@18.2.43_react-dom@18.2.0_react@18.2.0__react@18.2.0/node_modules/@radix-ui/react-tooltip/dist/index.mjs:29:5)
    at InfoTooltip (/Users/tran.duc.thang/Projects/pit/src/components/InfoTooltip.tsx:10:24)
    at div
    at td
    at /Users/tran.duc.thang/Projects/pit/src/components/ui/table.tsx:98:55
    at tr
    at /Users/tran.duc.thang/Projects/pit/src/components/ui/table.tsx:57:6
    at tbody
    at /Users/tran.duc.thang/Projects/pit/src/components/ui/table.tsx:33:55
    at table
    at div
    at /Users/tran.duc.thang/Projects/pit/src/components/ui/table.tsx:16:6
    at div
    at InsuranceBreakdown (/Users/tran.duc.thang/Projects/pit/src/components/InsuranceBreakdown.tsx:25:3)
    at div
    at div
    at /Users/tran.duc.thang/Projects/pit/src/components/ui/card.tsx:68:6
    at div
    at /Users/tran.duc.thang/Projects/pit/src/components/ui/card.tsx:14:6
    at ResultDisplay (/Users/tran.duc.thang/Projects/pit/src/components/ResultDisplay.tsx:29:3)
    at div
    at SalaryCalculator (/Users/tran.duc.thang/Projects/pit/src/components/SalaryCalculator.tsx:24:63)
    at ErrorBoundary (/Users/tran.duc.thang/Projects/pit/src/components/ErrorBoundary.tsx:13:5)
    at main
    at div
    at div
    at div
    at ErrorBoundary (/Users/tran.duc.thang/Projects/pit/src/components/ErrorBoundary.tsx:13:5)
    at App
Warning: An update to Tooltip inside a test was not wrapped in act(...).

When testing, code that causes React state updates should be wrapped into act(...):

act(() => {
  /* fire events that update state */
});
/* assert on the output */

This ensures that you're testing the behavior the user would see in the browser. Learn more at https://reactjs.org/link/wrap-tests-with-act
    at Tooltip (file:///Users/tran.duc.thang/Projects/pit/node_modules/.pnpm/@radix-ui+react-tooltip@1.2.8_@types+react-dom@18.2.17_@types+react@18.2.43_react-dom@18.2.0_react@18.2.0__react@18.2.0/node_modules/@radix-ui/react-tooltip/dist/index.mjs:73:5)
    at Provider (file:///Users/tran.duc.thang/Projects/pit/node_modules/.pnpm/@radix-ui+react-context@1.1.2_@types+react@18.2.43_react@18.2.0/node_modules/@radix-ui/react-context/dist/index.mjs:27:15)
    at TooltipProvider (file:///Users/tran.duc.thang/Projects/pit/node_modules/.pnpm/@radix-ui+react-tooltip@1.2.8_@types+react-dom@18.2.17_@types+react@18.2.43_react-dom@18.2.0_react@18.2.0__react@18.2.0/node_modules/@radix-ui/react-tooltip/dist/index.mjs:29:5)
    at InfoTooltip (/Users/tran.duc.thang/Projects/pit/src/components/InfoTooltip.tsx:10:24)
    at div
    at td
    at /Users/tran.duc.thang/Projects/pit/src/components/ui/table.tsx:98:55
    at tr
    at /Users/tran.duc.thang/Projects/pit/src/components/ui/table.tsx:57:6
    at tbody
    at /Users/tran.duc.thang/Projects/pit/src/components/ui/table.tsx:33:55
    at table
    at div
    at /Users/tran.duc.thang/Projects/pit/src/components/ui/table.tsx:16:6
    at div
    at InsuranceBreakdown (/Users/tran.duc.thang/Projects/pit/src/components/InsuranceBreakdown.tsx:25:3)
    at div
    at div
    at /Users/tran.duc.thang/Projects/pit/src/components/ui/card.tsx:68:6
    at div
    at /Users/tran.duc.thang/Projects/pit/src/components/ui/card.tsx:14:6
    at ResultDisplay (/Users/tran.duc.thang/Projects/pit/src/components/ResultDisplay.tsx:29:3)
    at div
    at SalaryCalculator (/Users/tran.duc.thang/Projects/pit/src/components/SalaryCalculator.tsx:24:63)
    at ErrorBoundary (/Users/tran.duc.thang/Projects/pit/src/components/ErrorBoundary.tsx:13:5)
    at main
    at div
    at div
    at div
    at ErrorBoundary (/Users/tran.duc.thang/Projects/pit/src/components/ErrorBoundary.tsx:13:5)
    at App
Warning: An update to Tooltip inside a test was not wrapped in act(...).

When testing, code that causes React state updates should be wrapped into act(...):

act(() => {
  /* fire events that update state */
});
/* assert on the output */

This ensures that you're testing the behavior the user would see in the browser. Learn more at https://reactjs.org/link/wrap-tests-with-act
    at Tooltip (file:///Users/tran.duc.thang/Projects/pit/node_modules/.pnpm/@radix-ui+react-tooltip@1.2.8_@types+react-dom@18.2.17_@types+react@18.2.43_react-dom@18.2.0_react@18.2.0__react@18.2.0/node_modules/@radix-ui/react-tooltip/dist/index.mjs:73:5)
    at Provider (file:///Users/tran.duc.thang/Projects/pit/node_modules/.pnpm/@radix-ui+react-context@1.1.2_@types+react@18.2.43_react@18.2.0/node_modules/@radix-ui/react-context/dist/index.mjs:27:15)
    at TooltipProvider (file:///Users/tran.duc.thang/Projects/pit/node_modules/.pnpm/@radix-ui+react-tooltip@1.2.8_@types+react-dom@18.2.17_@types+react@18.2.43_react-dom@18.2.0_react@18.2.0__react@18.2.0/node_modules/@radix-ui/react-tooltip/dist/index.mjs:29:5)
    at div
    at div
    at DependentsInput (/Users/tran.duc.thang/Projects/pit/src/components/DependentsInput.tsx:14:28)
    at div
    at /Users/tran.duc.thang/Projects/pit/src/components/ui/card.tsx:68:6
    at div
    at /Users/tran.duc.thang/Projects/pit/src/components/ui/card.tsx:14:6
    at CalculatorInputs (/Users/tran.duc.thang/Projects/pit/src/components/CalculatorInputs.tsx:19:3)
    at div
    at SalaryCalculator (/Users/tran.duc.thang/Projects/pit/src/components/SalaryCalculator.tsx:24:63)
    at ErrorBoundary (/Users/tran.duc.thang/Projects/pit/src/components/ErrorBoundary.tsx:13:5)
    at main
    at div
    at div
    at div
    at ErrorBoundary (/Users/tran.duc.thang/Projects/pit/src/components/ErrorBoundary.tsx:13:5)
    at App
Warning: An update to Select inside a test was not wrapped in act(...).

When testing, code that causes React state updates should be wrapped into act(...):

act(() => {
  /* fire events that update state */
});
/* assert on the output */

This ensures that you're testing the behavior the user would see in the browser. Learn more at https://reactjs.org/link/wrap-tests-with-act
    at Select (file:///Users/tran.duc.thang/Projects/pit/node_modules/.pnpm/@radix-ui+react-select@2.2.6_@types+react-dom@18.2.17_@types+react@18.2.43_react-dom@18.2.0_react@18.2.0__react@18.2.0/node_modules/@radix-ui/react-select/dist/index.mjs:42:5)
    at div
    at RegionSelector (/Users/tran.duc.thang/Projects/pit/src/components/RegionSelector.tsx:20:27)
    at div
    at /Users/tran.duc.thang/Projects/pit/src/components/ui/card.tsx:68:6
    at div
    at /Users/tran.duc.thang/Projects/pit/src/components/ui/card.tsx:14:6
    at CalculatorInputs (/Users/tran.duc.thang/Projects/pit/src/components/CalculatorInputs.tsx:19:3)
    at div
    at SalaryCalculator (/Users/tran.duc.thang/Projects/pit/src/components/SalaryCalculator.tsx:24:63)
    at ErrorBoundary (/Users/tran.duc.thang/Projects/pit/src/components/ErrorBoundary.tsx:13:5)
    at main
    at div
    at div
    at div
    at ErrorBoundary (/Users/tran.duc.thang/Projects/pit/src/components/ErrorBoundary.tsx:13:5)
    at App
Warning: An update to SelectItemText inside a test was not wrapped in act(...).

When testing, code that causes React state updates should be wrapped into act(...):

act(() => {
  /* fire events that update state */
});
/* assert on the output */

This ensures that you're testing the behavior the user would see in the browser. Learn more at https://reactjs.org/link/wrap-tests-with-act
    at file:///Users/tran.duc.thang/Projects/pit/node_modules/.pnpm/@radix-ui+react-select@2.2.6_@types+react-dom@18.2.17_@types+react@18.2.43_react-dom@18.2.0_react@18.2.0__react@18.2.0/node_modules/@radix-ui/react-select/dist/index.mjs:901:13
    at div
    at file:///Users/tran.duc.thang/Projects/pit/node_modules/.pnpm/@radix-ui+react-primitive@2.1.3_@types+react-dom@18.2.17_@types+react@18.2.43_react-dom_2161c237ea33b60c0cf3d21a889a9a3e/node_modules/@radix-ui/react-primitive/dist/index.mjs:28:13
    at file:///Users/tran.duc.thang/Projects/pit/node_modules/.pnpm/@radix-ui+react-slot@1.2.3_@types+react@18.2.43_react@18.2.0/node_modules/@radix-ui/react-slot/dist/index.mjs:33:13
    at file:///Users/tran.duc.thang/Projects/pit/node_modules/.pnpm/@radix-ui+react-slot@1.2.3_@types+react@18.2.43_react@18.2.0/node_modules/@radix-ui/react-slot/dist/index.mjs:9:13
    at file:///Users/tran.duc.thang/Projects/pit/node_modules/.pnpm/@radix-ui+react-collection@1.1.7_@types+react-dom@18.2.17_@types+react@18.2.43_react-do_a03fe685936792784d18791d9a1c5606/node_modules/@radix-ui/react-collection/dist/index.mjs:39:15
    at Provider (file:///Users/tran.duc.thang/Projects/pit/node_modules/.pnpm/@radix-ui+react-context@1.1.2_@types+react@18.2.43_react@18.2.0/node_modules/@radix-ui/react-context/dist/index.mjs:27:15)
    at file:///Users/tran.duc.thang/Projects/pit/node_modules/.pnpm/@radix-ui+react-select@2.2.6_@types+react-dom@18.2.17_@types+react@18.2.43_react-dom@18.2.0_react@18.2.0__react@18.2.0/node_modules/@radix-ui/react-select/dist/index.mjs:800:7
    at /Users/tran.duc.thang/Projects/pit/src/components/ui/select.tsx:174:56
    at div
    at file:///Users/tran.duc.thang/Projects/pit/node_modules/.pnpm/@radix-ui+react-primitive@2.1.3_@types+react-dom@18.2.17_@types+react@18.2.43_react-dom_2161c237ea33b60c0cf3d21a889a9a3e/node_modules/@radix-ui/react-primitive/dist/index.mjs:28:13
    at file:///Users/tran.duc.thang/Projects/pit/node_modules/.pnpm/@radix-ui+react-slot@1.2.3_@types+react@18.2.43_react@18.2.0/node_modules/@radix-ui/react-slot/dist/index.mjs:33:13
    at file:///Users/tran.duc.thang/Projects/pit/node_modules/.pnpm/@radix-ui+react-slot@1.2.3_@types+react@18.2.43_react@18.2.0/node_modules/@radix-ui/react-slot/dist/index.mjs:9:13
    at file:///Users/tran.duc.thang/Projects/pit/node_modules/.pnpm/@radix-ui+react-collection@1.1.7_@types+react-dom@18.2.17_@types+react@18.2.43_react-do_a03fe685936792784d18791d9a1c5606/node_modules/@radix-ui/react-collection/dist/index.mjs:27:15
    at file:///Users/tran.duc.thang/Projects/pit/node_modules/.pnpm/@radix-ui+react-select@2.2.6_@types+react-dom@18.2.17_@types+react@18.2.43_react-dom@18.2.0_react@18.2.0__react@18.2.0/node_modules/@radix-ui/react-select/dist/index.mjs:711:13
    at div
    at file:///Users/tran.duc.thang/Projects/pit/node_modules/.pnpm/@radix-ui+react-slot@1.2.3_@types+react@18.2.43_react@18.2.0/node_modules/@radix-ui/react-slot/dist/index.mjs:33:13
    at file:///Users/tran.duc.thang/Projects/pit/node_modules/.pnpm/@radix-ui+react-slot@1.2.3_@types+react@18.2.43_react@18.2.0/node_modules/@radix-ui/react-slot/dist/index.mjs:9:13
    at file:///Users/tran.duc.thang/Projects/pit/node_modules/.pnpm/@radix-ui+react-collection@1.1.7_@types+react-dom@18.2.17_@types+react@18.2.43_react-do_a03fe685936792784d18791d9a1c5606/node_modules/@radix-ui/react-collection/dist/index.mjs:27:15
    at Provider (file:///Users/tran.duc.thang/Projects/pit/node_modules/.pnpm/@radix-ui+react-context@1.1.2_@types+react@18.2.43_react@18.2.0/node_modules/@radix-ui/react-context/dist/index.mjs:27:15)
    at file:///Users/tran.duc.thang/Projects/pit/node_modules/.pnpm/@radix-ui+react-select@2.2.6_@types+react-dom@18.2.17_@types+react@18.2.43_react-dom@18.2.0_react@18.2.0__react@18.2.0/node_modules/@radix-ui/react-select/dist/index.mjs:256:58
    at file:///Users/tran.duc.thang/Projects/pit/node_modules/.pnpm/@radix-ui+react-slot@1.2.3_@types+react@18.2.43_react@18.2.0/node_modules/@radix-ui/react-slot/dist/index.mjs:33:13
    at file:///Users/tran.duc.thang/Projects/pit/node_modules/.pnpm/@radix-ui+react-slot@1.2.3_@types+react@18.2.43_react@18.2.0/node_modules/@radix-ui/react-slot/dist/index.mjs:9:13
    at file:///Users/tran.duc.thang/Projects/pit/node_modules/.pnpm/@radix-ui+react-primitive@2.1.3_@types+react-dom@18.2.17_@types+react@18.2.43_react-dom_2161c237ea33b60c0cf3d21a889a9a3e/node_modules/@radix-ui/react-primitive/dist/index.mjs:28:13
    at file:///Users/tran.duc.thang/Projects/pit/node_modules/.pnpm/@radix-ui+react-portal@1.1.9_@types+react-dom@18.2.17_@types+react@18.2.43_react-dom@18.2.0_react@18.2.0__react@18.2.0/node_modules/@radix-ui/react-portal/dist/index.mjs:11:22
    at SelectPortal
    at /Users/tran.duc.thang/Projects/pit/src/components/ui/select.tsx:101:59
    at Provider (file:///Users/tran.duc.thang/Projects/pit/node_modules/.pnpm/@radix-ui+react-context@1.1.2_@types+react@18.2.43_react@18.2.0/node_modules/@radix-ui/react-context/dist/index.mjs:27:15)
    at Provider (file:///Users/tran.duc.thang/Projects/pit/node_modules/.pnpm/@radix-ui+react-context@1.1.2_@types+react@18.2.43_react@18.2.0/node_modules/@radix-ui/react-context/dist/index.mjs:27:15)
    at CollectionProvider (file:///Users/tran.duc.thang/Projects/pit/node_modules/.pnpm/@radix-ui+react-collection@1.1.7_@types+react-dom@18.2.17_@types+react@18.2.43_react-do_a03fe685936792784d18791d9a1c5606/node_modules/@radix-ui/react-collection/dist/index.mjs:17:13)
    at Provider (file:///Users/tran.duc.thang/Projects/pit/node_modules/.pnpm/@radix-ui+react-context@1.1.2_@types+react@18.2.43_react@18.2.0/node_modules/@radix-ui/react-context/dist/index.mjs:27:15)
    at Provider (file:///Users/tran.duc.thang/Projects/pit/node_modules/.pnpm/@radix-ui+react-context@1.1.2_@types+react@18.2.43_react@18.2.0/node_modules/@radix-ui/react-context/dist/index.mjs:27:15)
    at Popper (file:///Users/tran.duc.thang/Projects/pit/node_modules/.pnpm/@radix-ui+react-popper@1.2.8_@types+react-dom@18.2.17_@types+react@18.2.43_react-dom@18.2.0_react@18.2.0__react@18.2.0/node_modules/@radix-ui/react-popper/dist/index.mjs:30:11)
    at Select (file:///Users/tran.duc.thang/Projects/pit/node_modules/.pnpm/@radix-ui+react-select@2.2.6_@types+react-dom@18.2.17_@types+react@18.2.43_react-dom@18.2.0_react@18.2.0__react@18.2.0/node_modules/@radix-ui/react-select/dist/index.mjs:42:5)
    at div
    at RegionSelector (/Users/tran.duc.thang/Projects/pit/src/components/RegionSelector.tsx:20:27)
    at div
    at /Users/tran.duc.thang/Projects/pit/src/components/ui/card.tsx:68:6
    at div
    at /Users/tran.duc.thang/Projects/pit/src/components/ui/card.tsx:14:6
    at CalculatorInputs (/Users/tran.duc.thang/Projects/pit/src/components/CalculatorInputs.tsx:19:3)
    at div
    at SalaryCalculator (/Users/tran.duc.thang/Projects/pit/src/components/SalaryCalculator.tsx:24:63)
    at ErrorBoundary (/Users/tran.duc.thang/Projects/pit/src/components/ErrorBoundary.tsx:13:5)
    at main
    at div
    at div
    at div
    at ErrorBoundary (/Users/tran.duc.thang/Projects/pit/src/components/ErrorBoundary.tsx:13:5)
    at App
Warning: An update to SelectItem inside a test was not wrapped in act(...).

When testing, code that causes React state updates should be wrapped into act(...):

act(() => {
  /* fire events that update state */
});
/* assert on the output */

This ensures that you're testing the behavior the user would see in the browser. Learn more at https://reactjs.org/link/wrap-tests-with-act
    at file:///Users/tran.duc.thang/Projects/pit/node_modules/.pnpm/@radix-ui+react-select@2.2.6_@types+react-dom@18.2.17_@types+react@18.2.43_react-dom@18.2.0_react@18.2.0__react@18.2.0/node_modules/@radix-ui/react-select/dist/index.mjs:800:7
    at /Users/tran.duc.thang/Projects/pit/src/components/ui/select.tsx:174:56
    at div
    at file:///Users/tran.duc.thang/Projects/pit/node_modules/.pnpm/@radix-ui+react-primitive@2.1.3_@types+react-dom@18.2.17_@types+react@18.2.43_react-dom_2161c237ea33b60c0cf3d21a889a9a3e/node_modules/@radix-ui/react-primitive/dist/index.mjs:28:13
    at file:///Users/tran.duc.thang/Projects/pit/node_modules/.pnpm/@radix-ui+react-slot@1.2.3_@types+react@18.2.43_react@18.2.0/node_modules/@radix-ui/react-slot/dist/index.mjs:33:13
    at file:///Users/tran.duc.thang/Projects/pit/node_modules/.pnpm/@radix-ui+react-slot@1.2.3_@types+react@18.2.43_react@18.2.0/node_modules/@radix-ui/react-slot/dist/index.mjs:9:13
    at file:///Users/tran.duc.thang/Projects/pit/node_modules/.pnpm/@radix-ui+react-collection@1.1.7_@types+react-dom@18.2.17_@types+react@18.2.43_react-do_a03fe685936792784d18791d9a1c5606/node_modules/@radix-ui/react-collection/dist/index.mjs:27:15
    at file:///Users/tran.duc.thang/Projects/pit/node_modules/.pnpm/@radix-ui+react-select@2.2.6_@types+react-dom@18.2.17_@types+react@18.2.43_react-dom@18.2.0_react@18.2.0__react@18.2.0/node_modules/@radix-ui/react-select/dist/index.mjs:711:13
    at div
    at file:///Users/tran.duc.thang/Projects/pit/node_modules/.pnpm/@radix-ui+react-slot@1.2.3_@types+react@18.2.43_react@18.2.0/node_modules/@radix-ui/react-slot/dist/index.mjs:33:13
    at file:///Users/tran.duc.thang/Projects/pit/node_modules/.pnpm/@radix-ui+react-slot@1.2.3_@types+react@18.2.43_react@18.2.0/node_modules/@radix-ui/react-slot/dist/index.mjs:9:13
    at file:///Users/tran.duc.thang/Projects/pit/node_modules/.pnpm/@radix-ui+react-collection@1.1.7_@types+react-dom@18.2.17_@types+react@18.2.43_react-do_a03fe685936792784d18791d9a1c5606/node_modules/@radix-ui/react-collection/dist/index.mjs:27:15
    at Provider (file:///Users/tran.duc.thang/Projects/pit/node_modules/.pnpm/@radix-ui+react-context@1.1.2_@types+react@18.2.43_react@18.2.0/node_modules/@radix-ui/react-context/dist/index.mjs:27:15)
    at file:///Users/tran.duc.thang/Projects/pit/node_modules/.pnpm/@radix-ui+react-select@2.2.6_@types+react-dom@18.2.17_@types+react@18.2.43_react-dom@18.2.0_react@18.2.0__react@18.2.0/node_modules/@radix-ui/react-select/dist/index.mjs:256:58
    at file:///Users/tran.duc.thang/Projects/pit/node_modules/.pnpm/@radix-ui+react-slot@1.2.3_@types+react@18.2.43_react@18.2.0/node_modules/@radix-ui/react-slot/dist/index.mjs:33:13
    at file:///Users/tran.duc.thang/Projects/pit/node_modules/.pnpm/@radix-ui+react-slot@1.2.3_@types+react@18.2.43_react@18.2.0/node_modules/@radix-ui/react-slot/dist/index.mjs:9:13
    at file:///Users/tran.duc.thang/Projects/pit/node_modules/.pnpm/@radix-ui+react-primitive@2.1.3_@types+react-dom@18.2.17_@types+react@18.2.43_react-dom_2161c237ea33b60c0cf3d21a889a9a3e/node_modules/@radix-ui/react-primitive/dist/index.mjs:28:13
    at file:///Users/tran.duc.thang/Projects/pit/node_modules/.pnpm/@radix-ui+react-portal@1.1.9_@types+react-dom@18.2.17_@types+react@18.2.43_react-dom@18.2.0_react@18.2.0__react@18.2.0/node_modules/@radix-ui/react-portal/dist/index.mjs:11:22
    at SelectPortal
    at /Users/tran.duc.thang/Projects/pit/src/components/ui/select.tsx:101:59
    at Provider (file:///Users/tran.duc.thang/Projects/pit/node_modules/.pnpm/@radix-ui+react-context@1.1.2_@types+react@18.2.43_react@18.2.0/node_modules/@radix-ui/react-context/dist/index.mjs:27:15)
    at Provider (file:///Users/tran.duc.thang/Projects/pit/node_modules/.pnpm/@radix-ui+react-context@1.1.2_@types+react@18.2.43_react@18.2.0/node_modules/@radix-ui/react-context/dist/index.mjs:27:15)
    at CollectionProvider (file:///Users/tran.duc.thang/Projects/pit/node_modules/.pnpm/@radix-ui+react-collection@1.1.7_@types+react-dom@18.2.17_@types+react@18.2.43_react-do_a03fe685936792784d18791d9a1c5606/node_modules/@radix-ui/react-collection/dist/index.mjs:17:13)
    at Provider (file:///Users/tran.duc.thang/Projects/pit/node_modules/.pnpm/@radix-ui+react-context@1.1.2_@types+react@18.2.43_react@18.2.0/node_modules/@radix-ui/react-context/dist/index.mjs:27:15)
    at Provider (file:///Users/tran.duc.thang/Projects/pit/node_modules/.pnpm/@radix-ui+react-context@1.1.2_@types+react@18.2.43_react@18.2.0/node_modules/@radix-ui/react-context/dist/index.mjs:27:15)
    at Popper (file:///Users/tran.duc.thang/Projects/pit/node_modules/.pnpm/@radix-ui+react-popper@1.2.8_@types+react-dom@18.2.17_@types+react@18.2.43_react-dom@18.2.0_react@18.2.0__react@18.2.0/node_modules/@radix-ui/react-popper/dist/index.mjs:30:11)
    at Select (file:///Users/tran.duc.thang/Projects/pit/node_modules/.pnpm/@radix-ui+react-select@2.2.6_@types+react-dom@18.2.17_@types+react@18.2.43_react-dom@18.2.0_react@18.2.0__react@18.2.0/node_modules/@radix-ui/react-select/dist/index.mjs:42:5)
    at div
    at RegionSelector (/Users/tran.duc.thang/Projects/pit/src/components/RegionSelector.tsx:20:27)
    at div
    at /Users/tran.duc.thang/Projects/pit/src/components/ui/card.tsx:68:6
    at div
    at /Users/tran.duc.thang/Projects/pit/src/components/ui/card.tsx:14:6
    at CalculatorInputs (/Users/tran.duc.thang/Projects/pit/src/components/CalculatorInputs.tsx:19:3)
    at div
    at SalaryCalculator (/Users/tran.duc.thang/Projects/pit/src/components/SalaryCalculator.tsx:24:63)
    at ErrorBoundary (/Users/tran.duc.thang/Projects/pit/src/components/ErrorBoundary.tsx:13:5)
    at main
    at div
    at div
    at div
    at ErrorBoundary (/Users/tran.duc.thang/Projects/pit/src/components/ErrorBoundary.tsx:13:5)
    at App
Warning: An update to SelectItemText inside a test was not wrapped in act(...).

When testing, code that causes React state updates should be wrapped into act(...):

act(() => {
  /* fire events that update state */
});
/* assert on the output */

This ensures that you're testing the behavior the user would see in the browser. Learn more at https://reactjs.org/link/wrap-tests-with-act
    at file:///Users/tran.duc.thang/Projects/pit/node_modules/.pnpm/@radix-ui+react-select@2.2.6_@types+react-dom@18.2.17_@types+react@18.2.43_react-dom@18.2.0_react@18.2.0__react@18.2.0/node_modules/@radix-ui/react-select/dist/index.mjs:901:13
    at div
    at file:///Users/tran.duc.thang/Projects/pit/node_modules/.pnpm/@radix-ui+react-primitive@2.1.3_@types+react-dom@18.2.17_@types+react@18.2.43_react-dom_2161c237ea33b60c0cf3d21a889a9a3e/node_modules/@radix-ui/react-primitive/dist/index.mjs:28:13
    at file:///Users/tran.duc.thang/Projects/pit/node_modules/.pnpm/@radix-ui+react-slot@1.2.3_@types+react@18.2.43_react@18.2.0/node_modules/@radix-ui/react-slot/dist/index.mjs:33:13
    at file:///Users/tran.duc.thang/Projects/pit/node_modules/.pnpm/@radix-ui+react-slot@1.2.3_@types+react@18.2.43_react@18.2.0/node_modules/@radix-ui/react-slot/dist/index.mjs:9:13
    at file:///Users/tran.duc.thang/Projects/pit/node_modules/.pnpm/@radix-ui+react-collection@1.1.7_@types+react-dom@18.2.17_@types+react@18.2.43_react-do_a03fe685936792784d18791d9a1c5606/node_modules/@radix-ui/react-collection/dist/index.mjs:39:15
    at Provider (file:///Users/tran.duc.thang/Projects/pit/node_modules/.pnpm/@radix-ui+react-context@1.1.2_@types+react@18.2.43_react@18.2.0/node_modules/@radix-ui/react-context/dist/index.mjs:27:15)
    at file:///Users/tran.duc.thang/Projects/pit/node_modules/.pnpm/@radix-ui+react-select@2.2.6_@types+react-dom@18.2.17_@types+react@18.2.43_react-dom@18.2.0_react@18.2.0__react@18.2.0/node_modules/@radix-ui/react-select/dist/index.mjs:800:7
    at /Users/tran.duc.thang/Projects/pit/src/components/ui/select.tsx:174:56
    at div
    at file:///Users/tran.duc.thang/Projects/pit/node_modules/.pnpm/@radix-ui+react-primitive@2.1.3_@types+react-dom@18.2.17_@types+react@18.2.43_react-dom_2161c237ea33b60c0cf3d21a889a9a3e/node_modules/@radix-ui/react-primitive/dist/index.mjs:28:13
    at file:///Users/tran.duc.thang/Projects/pit/node_modules/.pnpm/@radix-ui+react-slot@1.2.3_@types+react@18.2.43_react@18.2.0/node_modules/@radix-ui/react-slot/dist/index.mjs:33:13
    at file:///Users/tran.duc.thang/Projects/pit/node_modules/.pnpm/@radix-ui+react-slot@1.2.3_@types+react@18.2.43_react@18.2.0/node_modules/@radix-ui/react-slot/dist/index.mjs:9:13
    at file:///Users/tran.duc.thang/Projects/pit/node_modules/.pnpm/@radix-ui+react-collection@1.1.7_@types+react-dom@18.2.17_@types+react@18.2.43_react-do_a03fe685936792784d18791d9a1c5606/node_modules/@radix-ui/react-collection/dist/index.mjs:27:15
    at file:///Users/tran.duc.thang/Projects/pit/node_modules/.pnpm/@radix-ui+react-select@2.2.6_@types+react-dom@18.2.17_@types+react@18.2.43_react-dom@18.2.0_react@18.2.0__react@18.2.0/node_modules/@radix-ui/react-select/dist/index.mjs:711:13
    at div
    at file:///Users/tran.duc.thang/Projects/pit/node_modules/.pnpm/@radix-ui+react-slot@1.2.3_@types+react@18.2.43_react@18.2.0/node_modules/@radix-ui/react-slot/dist/index.mjs:33:13
    at file:///Users/tran.duc.thang/Projects/pit/node_modules/.pnpm/@radix-ui+react-slot@1.2.3_@types+react@18.2.43_react@18.2.0/node_modules/@radix-ui/react-slot/dist/index.mjs:9:13
    at file:///Users/tran.duc.thang/Projects/pit/node_modules/.pnpm/@radix-ui+react-collection@1.1.7_@types+react-dom@18.2.17_@types+react@18.2.43_react-do_a03fe685936792784d18791d9a1c5606/node_modules/@radix-ui/react-collection/dist/index.mjs:27:15
    at Provider (file:///Users/tran.duc.thang/Projects/pit/node_modules/.pnpm/@radix-ui+react-context@1.1.2_@types+react@18.2.43_react@18.2.0/node_modules/@radix-ui/react-context/dist/index.mjs:27:15)
    at file:///Users/tran.duc.thang/Projects/pit/node_modules/.pnpm/@radix-ui+react-select@2.2.6_@types+react-dom@18.2.17_@types+react@18.2.43_react-dom@18.2.0_react@18.2.0__react@18.2.0/node_modules/@radix-ui/react-select/dist/index.mjs:256:58
    at file:///Users/tran.duc.thang/Projects/pit/node_modules/.pnpm/@radix-ui+react-slot@1.2.3_@types+react@18.2.43_react@18.2.0/node_modules/@radix-ui/react-slot/dist/index.mjs:33:13
    at file:///Users/tran.duc.thang/Projects/pit/node_modules/.pnpm/@radix-ui+react-slot@1.2.3_@types+react@18.2.43_react@18.2.0/node_modules/@radix-ui/react-slot/dist/index.mjs:9:13
    at file:///Users/tran.duc.thang/Projects/pit/node_modules/.pnpm/@radix-ui+react-primitive@2.1.3_@types+react-dom@18.2.17_@types+react@18.2.43_react-dom_2161c237ea33b60c0cf3d21a889a9a3e/node_modules/@radix-ui/react-primitive/dist/index.mjs:28:13
    at file:///Users/tran.duc.thang/Projects/pit/node_modules/.pnpm/@radix-ui+react-portal@1.1.9_@types+react-dom@18.2.17_@types+react@18.2.43_react-dom@18.2.0_react@18.2.0__react@18.2.0/node_modules/@radix-ui/react-portal/dist/index.mjs:11:22
    at SelectPortal
    at /Users/tran.duc.thang/Projects/pit/src/components/ui/select.tsx:101:59
    at Provider (file:///Users/tran.duc.thang/Projects/pit/node_modules/.pnpm/@radix-ui+react-context@1.1.2_@types+react@18.2.43_react@18.2.0/node_modules/@radix-ui/react-context/dist/index.mjs:27:15)
    at Provider (file:///Users/tran.duc.thang/Projects/pit/node_modules/.pnpm/@radix-ui+react-context@1.1.2_@types+react@18.2.43_react@18.2.0/node_modules/@radix-ui/react-context/dist/index.mjs:27:15)
    at CollectionProvider (file:///Users/tran.duc.thang/Projects/pit/node_modules/.pnpm/@radix-ui+react-collection@1.1.7_@types+react-dom@18.2.17_@types+react@18.2.43_react-do_a03fe685936792784d18791d9a1c5606/node_modules/@radix-ui/react-collection/dist/index.mjs:17:13)
    at Provider (file:///Users/tran.duc.thang/Projects/pit/node_modules/.pnpm/@radix-ui+react-context@1.1.2_@types+react@18.2.43_react@18.2.0/node_modules/@radix-ui/react-context/dist/index.mjs:27:15)
    at Provider (file:///Users/tran.duc.thang/Projects/pit/node_modules/.pnpm/@radix-ui+react-context@1.1.2_@types+react@18.2.43_react@18.2.0/node_modules/@radix-ui/react-context/dist/index.mjs:27:15)
    at Popper (file:///Users/tran.duc.thang/Projects/pit/node_modules/.pnpm/@radix-ui+react-popper@1.2.8_@types+react-dom@18.2.17_@types+react@18.2.43_react-dom@18.2.0_react@18.2.0__react@18.2.0/node_modules/@radix-ui/react-popper/dist/index.mjs:30:11)
    at Select (file:///Users/tran.duc.thang/Projects/pit/node_modules/.pnpm/@radix-ui+react-select@2.2.6_@types+react-dom@18.2.17_@types+react@18.2.43_react-dom@18.2.0_react@18.2.0__react@18.2.0/node_modules/@radix-ui/react-select/dist/index.mjs:42:5)
    at div
    at RegionSelector (/Users/tran.duc.thang/Projects/pit/src/components/RegionSelector.tsx:20:27)
    at div
    at /Users/tran.duc.thang/Projects/pit/src/components/ui/card.tsx:68:6
    at div
    at /Users/tran.duc.thang/Projects/pit/src/components/ui/card.tsx:14:6
    at CalculatorInputs (/Users/tran.duc.thang/Projects/pit/src/components/CalculatorInputs.tsx:19:3)
    at div
    at SalaryCalculator (/Users/tran.duc.thang/Projects/pit/src/components/SalaryCalculator.tsx:24:63)
    at ErrorBoundary (/Users/tran.duc.thang/Projects/pit/src/components/ErrorBoundary.tsx:13:5)
    at main
    at div
    at div
    at div
    at ErrorBoundary (/Users/tran.duc.thang/Projects/pit/src/components/ErrorBoundary.tsx:13:5)
    at App
Warning: An update to SelectItem inside a test was not wrapped in act(...).

When testing, code that causes React state updates should be wrapped into act(...):

act(() => {
  /* fire events that update state */
});
/* assert on the output */

This ensures that you're testing the behavior the user would see in the browser. Learn more at https://reactjs.org/link/wrap-tests-with-act
    at file:///Users/tran.duc.thang/Projects/pit/node_modules/.pnpm/@radix-ui+react-select@2.2.6_@types+react-dom@18.2.17_@types+react@18.2.43_react-dom@18.2.0_react@18.2.0__react@18.2.0/node_modules/@radix-ui/react-select/dist/index.mjs:800:7
    at /Users/tran.duc.thang/Projects/pit/src/components/ui/select.tsx:174:56
    at div
    at file:///Users/tran.duc.thang/Projects/pit/node_modules/.pnpm/@radix-ui+react-primitive@2.1.3_@types+react-dom@18.2.17_@types+react@18.2.43_react-dom_2161c237ea33b60c0cf3d21a889a9a3e/node_modules/@radix-ui/react-primitive/dist/index.mjs:28:13
    at file:///Users/tran.duc.thang/Projects/pit/node_modules/.pnpm/@radix-ui+react-slot@1.2.3_@types+react@18.2.43_react@18.2.0/node_modules/@radix-ui/react-slot/dist/index.mjs:33:13
    at file:///Users/tran.duc.thang/Projects/pit/node_modules/.pnpm/@radix-ui+react-slot@1.2.3_@types+react@18.2.43_react@18.2.0/node_modules/@radix-ui/react-slot/dist/index.mjs:9:13
    at file:///Users/tran.duc.thang/Projects/pit/node_modules/.pnpm/@radix-ui+react-collection@1.1.7_@types+react-dom@18.2.17_@types+react@18.2.43_react-do_a03fe685936792784d18791d9a1c5606/node_modules/@radix-ui/react-collection/dist/index.mjs:27:15
    at file:///Users/tran.duc.thang/Projects/pit/node_modules/.pnpm/@radix-ui+react-select@2.2.6_@types+react-dom@18.2.17_@types+react@18.2.43_react-dom@18.2.0_react@18.2.0__react@18.2.0/node_modules/@radix-ui/react-select/dist/index.mjs:711:13
    at div
    at file:///Users/tran.duc.thang/Projects/pit/node_modules/.pnpm/@radix-ui+react-slot@1.2.3_@types+react@18.2.43_react@18.2.0/node_modules/@radix-ui/react-slot/dist/index.mjs:33:13
    at file:///Users/tran.duc.thang/Projects/pit/node_modules/.pnpm/@radix-ui+react-slot@1.2.3_@types+react@18.2.43_react@18.2.0/node_modules/@radix-ui/react-slot/dist/index.mjs:9:13
    at file:///Users/tran.duc.thang/Projects/pit/node_modules/.pnpm/@radix-ui+react-collection@1.1.7_@types+react-dom@18.2.17_@types+react@18.2.43_react-do_a03fe685936792784d18791d9a1c5606/node_modules/@radix-ui/react-collection/dist/index.mjs:27:15
    at Provider (file:///Users/tran.duc.thang/Projects/pit/node_modules/.pnpm/@radix-ui+react-context@1.1.2_@types+react@18.2.43_react@18.2.0/node_modules/@radix-ui/react-context/dist/index.mjs:27:15)
    at file:///Users/tran.duc.thang/Projects/pit/node_modules/.pnpm/@radix-ui+react-select@2.2.6_@types+react-dom@18.2.17_@types+react@18.2.43_react-dom@18.2.0_react@18.2.0__react@18.2.0/node_modules/@radix-ui/react-select/dist/index.mjs:256:58
    at file:///Users/tran.duc.thang/Projects/pit/node_modules/.pnpm/@radix-ui+react-slot@1.2.3_@types+react@18.2.43_react@18.2.0/node_modules/@radix-ui/react-slot/dist/index.mjs:33:13
    at file:///Users/tran.duc.thang/Projects/pit/node_modules/.pnpm/@radix-ui+react-slot@1.2.3_@types+react@18.2.43_react@18.2.0/node_modules/@radix-ui/react-slot/dist/index.mjs:9:13
    at file:///Users/tran.duc.thang/Projects/pit/node_modules/.pnpm/@radix-ui+react-primitive@2.1.3_@types+react-dom@18.2.17_@types+react@18.2.43_react-dom_2161c237ea33b60c0cf3d21a889a9a3e/node_modules/@radix-ui/react-primitive/dist/index.mjs:28:13
    at file:///Users/tran.duc.thang/Projects/pit/node_modules/.pnpm/@radix-ui+react-portal@1.1.9_@types+react-dom@18.2.17_@types+react@18.2.43_react-dom@18.2.0_react@18.2.0__react@18.2.0/node_modules/@radix-ui/react-portal/dist/index.mjs:11:22
    at SelectPortal
    at /Users/tran.duc.thang/Projects/pit/src/components/ui/select.tsx:101:59
    at Provider (file:///Users/tran.duc.thang/Projects/pit/node_modules/.pnpm/@radix-ui+react-context@1.1.2_@types+react@18.2.43_react@18.2.0/node_modules/@radix-ui/react-context/dist/index.mjs:27:15)
    at Provider (file:///Users/tran.duc.thang/Projects/pit/node_modules/.pnpm/@radix-ui+react-context@1.1.2_@types+react@18.2.43_react@18.2.0/node_modules/@radix-ui/react-context/dist/index.mjs:27:15)
    at CollectionProvider (file:///Users/tran.duc.thang/Projects/pit/node_modules/.pnpm/@radix-ui+react-collection@1.1.7_@types+react-dom@18.2.17_@types+react@18.2.43_react-do_a03fe685936792784d18791d9a1c5606/node_modules/@radix-ui/react-collection/dist/index.mjs:17:13)
    at Provider (file:///Users/tran.duc.thang/Projects/pit/node_modules/.pnpm/@radix-ui+react-context@1.1.2_@types+react@18.2.43_react@18.2.0/node_modules/@radix-ui/react-context/dist/index.mjs:27:15)
    at Provider (file:///Users/tran.duc.thang/Projects/pit/node_modules/.pnpm/@radix-ui+react-context@1.1.2_@types+react@18.2.43_react@18.2.0/node_modules/@radix-ui/react-context/dist/index.mjs:27:15)
    at Popper (file:///Users/tran.duc.thang/Projects/pit/node_modules/.pnpm/@radix-ui+react-popper@1.2.8_@types+react-dom@18.2.17_@types+react@18.2.43_react-dom@18.2.0_react@18.2.0__react@18.2.0/node_modules/@radix-ui/react-popper/dist/index.mjs:30:11)
    at Select (file:///Users/tran.duc.thang/Projects/pit/node_modules/.pnpm/@radix-ui+react-select@2.2.6_@types+react-dom@18.2.17_@types+react@18.2.43_react-dom@18.2.0_react@18.2.0__react@18.2.0/node_modules/@radix-ui/react-select/dist/index.mjs:42:5)
    at div
    at RegionSelector (/Users/tran.duc.thang/Projects/pit/src/components/RegionSelector.tsx:20:27)
    at div
    at /Users/tran.duc.thang/Projects/pit/src/components/ui/card.tsx:68:6
    at div
    at /Users/tran.duc.thang/Projects/pit/src/components/ui/card.tsx:14:6
    at CalculatorInputs (/Users/tran.duc.thang/Projects/pit/src/components/CalculatorInputs.tsx:19:3)
    at div
    at SalaryCalculator (/Users/tran.duc.thang/Projects/pit/src/components/SalaryCalculator.tsx:24:63)
    at ErrorBoundary (/Users/tran.duc.thang/Projects/pit/src/components/ErrorBoundary.tsx:13:5)
    at main
    at div
    at div
    at div
    at ErrorBoundary (/Users/tran.duc.thang/Projects/pit/src/components/ErrorBoundary.tsx:13:5)
    at App
Warning: An update to SelectItemText inside a test was not wrapped in act(...).

When testing, code that causes React state updates should be wrapped into act(...):

act(() => {
  /* fire events that update state */
});
/* assert on the output */

This ensures that you're testing the behavior the user would see in the browser. Learn more at https://reactjs.org/link/wrap-tests-with-act
    at file:///Users/tran.duc.thang/Projects/pit/node_modules/.pnpm/@radix-ui+react-select@2.2.6_@types+react-dom@18.2.17_@types+react@18.2.43_react-dom@18.2.0_react@18.2.0__react@18.2.0/node_modules/@radix-ui/react-select/dist/index.mjs:901:13
    at div
    at file:///Users/tran.duc.thang/Projects/pit/node_modules/.pnpm/@radix-ui+react-primitive@2.1.3_@types+react-dom@18.2.17_@types+react@18.2.43_react-dom_2161c237ea33b60c0cf3d21a889a9a3e/node_modules/@radix-ui/react-primitive/dist/index.mjs:28:13
    at file:///Users/tran.duc.thang/Projects/pit/node_modules/.pnpm/@radix-ui+react-slot@1.2.3_@types+react@18.2.43_react@18.2.0/node_modules/@radix-ui/react-slot/dist/index.mjs:33:13
    at file:///Users/tran.duc.thang/Projects/pit/node_modules/.pnpm/@radix-ui+react-slot@1.2.3_@types+react@18.2.43_react@18.2.0/node_modules/@radix-ui/react-slot/dist/index.mjs:9:13
    at file:///Users/tran.duc.thang/Projects/pit/node_modules/.pnpm/@radix-ui+react-collection@1.1.7_@types+react-dom@18.2.17_@types+react@18.2.43_react-do_a03fe685936792784d18791d9a1c5606/node_modules/@radix-ui/react-collection/dist/index.mjs:39:15
    at Provider (file:///Users/tran.duc.thang/Projects/pit/node_modules/.pnpm/@radix-ui+react-context@1.1.2_@types+react@18.2.43_react@18.2.0/node_modules/@radix-ui/react-context/dist/index.mjs:27:15)
    at file:///Users/tran.duc.thang/Projects/pit/node_modules/.pnpm/@radix-ui+react-select@2.2.6_@types+react-dom@18.2.17_@types+react@18.2.43_react-dom@18.2.0_react@18.2.0__react@18.2.0/node_modules/@radix-ui/react-select/dist/index.mjs:800:7
    at /Users/tran.duc.thang/Projects/pit/src/components/ui/select.tsx:174:56
    at div
    at file:///Users/tran.duc.thang/Projects/pit/node_modules/.pnpm/@radix-ui+react-primitive@2.1.3_@types+react-dom@18.2.17_@types+react@18.2.43_react-dom_2161c237ea33b60c0cf3d21a889a9a3e/node_modules/@radix-ui/react-primitive/dist/index.mjs:28:13
    at file:///Users/tran.duc.thang/Projects/pit/node_modules/.pnpm/@radix-ui+react-slot@1.2.3_@types+react@18.2.43_react@18.2.0/node_modules/@radix-ui/react-slot/dist/index.mjs:33:13
    at file:///Users/tran.duc.thang/Projects/pit/node_modules/.pnpm/@radix-ui+react-slot@1.2.3_@types+react@18.2.43_react@18.2.0/node_modules/@radix-ui/react-slot/dist/index.mjs:9:13
    at file:///Users/tran.duc.thang/Projects/pit/node_modules/.pnpm/@radix-ui+react-collection@1.1.7_@types+react-dom@18.2.17_@types+react@18.2.43_react-do_a03fe685936792784d18791d9a1c5606/node_modules/@radix-ui/react-collection/dist/index.mjs:27:15
    at file:///Users/tran.duc.thang/Projects/pit/node_modules/.pnpm/@radix-ui+react-select@2.2.6_@types+react-dom@18.2.17_@types+react@18.2.43_react-dom@18.2.0_react@18.2.0__react@18.2.0/node_modules/@radix-ui/react-select/dist/index.mjs:711:13
    at div
    at file:///Users/tran.duc.thang/Projects/pit/node_modules/.pnpm/@radix-ui+react-slot@1.2.3_@types+react@18.2.43_react@18.2.0/node_modules/@radix-ui/react-slot/dist/index.mjs:33:13
    at file:///Users/tran.duc.thang/Projects/pit/node_modules/.pnpm/@radix-ui+react-slot@1.2.3_@types+react@18.2.43_react@18.2.0/node_modules/@radix-ui/react-slot/dist/index.mjs:9:13
    at file:///Users/tran.duc.thang/Projects/pit/node_modules/.pnpm/@radix-ui+react-collection@1.1.7_@types+react-dom@18.2.17_@types+react@18.2.43_react-do_a03fe685936792784d18791d9a1c5606/node_modules/@radix-ui/react-collection/dist/index.mjs:27:15
    at Provider (file:///Users/tran.duc.thang/Projects/pit/node_modules/.pnpm/@radix-ui+react-context@1.1.2_@types+react@18.2.43_react@18.2.0/node_modules/@radix-ui/react-context/dist/index.mjs:27:15)
    at file:///Users/tran.duc.thang/Projects/pit/node_modules/.pnpm/@radix-ui+react-select@2.2.6_@types+react-dom@18.2.17_@types+react@18.2.43_react-dom@18.2.0_react@18.2.0__react@18.2.0/node_modules/@radix-ui/react-select/dist/index.mjs:256:58
    at file:///Users/tran.duc.thang/Projects/pit/node_modules/.pnpm/@radix-ui+react-slot@1.2.3_@types+react@18.2.43_react@18.2.0/node_modules/@radix-ui/react-slot/dist/index.mjs:33:13
    at file:///Users/tran.duc.thang/Projects/pit/node_modules/.pnpm/@radix-ui+react-slot@1.2.3_@types+react@18.2.43_react@18.2.0/node_modules/@radix-ui/react-slot/dist/index.mjs:9:13
    at file:///Users/tran.duc.thang/Projects/pit/node_modules/.pnpm/@radix-ui+react-primitive@2.1.3_@types+react-dom@18.2.17_@types+react@18.2.43_react-dom_2161c237ea33b60c0cf3d21a889a9a3e/node_modules/@radix-ui/react-primitive/dist/index.mjs:28:13
    at file:///Users/tran.duc.thang/Projects/pit/node_modules/.pnpm/@radix-ui+react-portal@1.1.9_@types+react-dom@18.2.17_@types+react@18.2.43_react-dom@18.2.0_react@18.2.0__react@18.2.0/node_modules/@radix-ui/react-portal/dist/index.mjs:11:22
    at SelectPortal
    at /Users/tran.duc.thang/Projects/pit/src/components/ui/select.tsx:101:59
    at Provider (file:///Users/tran.duc.thang/Projects/pit/node_modules/.pnpm/@radix-ui+react-context@1.1.2_@types+react@18.2.43_react@18.2.0/node_modules/@radix-ui/react-context/dist/index.mjs:27:15)
    at Provider (file:///Users/tran.duc.thang/Projects/pit/node_modules/.pnpm/@radix-ui+react-context@1.1.2_@types+react@18.2.43_react@18.2.0/node_modules/@radix-ui/react-context/dist/index.mjs:27:15)
    at CollectionProvider (file:///Users/tran.duc.thang/Projects/pit/node_modules/.pnpm/@radix-ui+react-collection@1.1.7_@types+react-dom@18.2.17_@types+react@18.2.43_react-do_a03fe685936792784d18791d9a1c5606/node_modules/@radix-ui/react-collection/dist/index.mjs:17:13)
    at Provider (file:///Users/tran.duc.thang/Projects/pit/node_modules/.pnpm/@radix-ui+react-context@1.1.2_@types+react@18.2.43_react@18.2.0/node_modules/@radix-ui/react-context/dist/index.mjs:27:15)
    at Provider (file:///Users/tran.duc.thang/Projects/pit/node_modules/.pnpm/@radix-ui+react-context@1.1.2_@types+react@18.2.43_react@18.2.0/node_modules/@radix-ui/react-context/dist/index.mjs:27:15)
    at Popper (file:///Users/tran.duc.thang/Projects/pit/node_modules/.pnpm/@radix-ui+react-popper@1.2.8_@types+react-dom@18.2.17_@types+react@18.2.43_react-dom@18.2.0_react@18.2.0__react@18.2.0/node_modules/@radix-ui/react-popper/dist/index.mjs:30:11)
    at Select (file:///Users/tran.duc.thang/Projects/pit/node_modules/.pnpm/@radix-ui+react-select@2.2.6_@types+react-dom@18.2.17_@types+react@18.2.43_react-dom@18.2.0_react@18.2.0__react@18.2.0/node_modules/@radix-ui/react-select/dist/index.mjs:42:5)
    at div
    at RegionSelector (/Users/tran.duc.thang/Projects/pit/src/components/RegionSelector.tsx:20:27)
    at div
    at /Users/tran.duc.thang/Projects/pit/src/components/ui/card.tsx:68:6
    at div
    at /Users/tran.duc.thang/Projects/pit/src/components/ui/card.tsx:14:6
    at CalculatorInputs (/Users/tran.duc.thang/Projects/pit/src/components/CalculatorInputs.tsx:19:3)
    at div
    at SalaryCalculator (/Users/tran.duc.thang/Projects/pit/src/components/SalaryCalculator.tsx:24:63)
    at ErrorBoundary (/Users/tran.duc.thang/Projects/pit/src/components/ErrorBoundary.tsx:13:5)
    at main
    at div
    at div
    at div
    at ErrorBoundary (/Users/tran.duc.thang/Projects/pit/src/components/ErrorBoundary.tsx:13:5)
    at App
Warning: An update to SelectItem inside a test was not wrapped in act(...).

When testing, code that causes React state updates should be wrapped into act(...):

act(() => {
  /* fire events that update state */
});
/* assert on the output */

This ensures that you're testing the behavior the user would see in the browser. Learn more at https://reactjs.org/link/wrap-tests-with-act
    at file:///Users/tran.duc.thang/Projects/pit/node_modules/.pnpm/@radix-ui+react-select@2.2.6_@types+react-dom@18.2.17_@types+react@18.2.43_react-dom@18.2.0_react@18.2.0__react@18.2.0/node_modules/@radix-ui/react-select/dist/index.mjs:800:7
    at /Users/tran.duc.thang/Projects/pit/src/components/ui/select.tsx:174:56
    at div
    at file:///Users/tran.duc.thang/Projects/pit/node_modules/.pnpm/@radix-ui+react-primitive@2.1.3_@types+react-dom@18.2.17_@types+react@18.2.43_react-dom_2161c237ea33b60c0cf3d21a889a9a3e/node_modules/@radix-ui/react-primitive/dist/index.mjs:28:13
    at file:///Users/tran.duc.thang/Projects/pit/node_modules/.pnpm/@radix-ui+react-slot@1.2.3_@types+react@18.2.43_react@18.2.0/node_modules/@radix-ui/react-slot/dist/index.mjs:33:13
    at file:///Users/tran.duc.thang/Projects/pit/node_modules/.pnpm/@radix-ui+react-slot@1.2.3_@types+react@18.2.43_react@18.2.0/node_modules/@radix-ui/react-slot/dist/index.mjs:9:13
    at file:///Users/tran.duc.thang/Projects/pit/node_modules/.pnpm/@radix-ui+react-collection@1.1.7_@types+react-dom@18.2.17_@types+react@18.2.43_react-do_a03fe685936792784d18791d9a1c5606/node_modules/@radix-ui/react-collection/dist/index.mjs:27:15
    at file:///Users/tran.duc.thang/Projects/pit/node_modules/.pnpm/@radix-ui+react-select@2.2.6_@types+react-dom@18.2.17_@types+react@18.2.43_react-dom@18.2.0_react@18.2.0__react@18.2.0/node_modules/@radix-ui/react-select/dist/index.mjs:711:13
    at div
    at file:///Users/tran.duc.thang/Projects/pit/node_modules/.pnpm/@radix-ui+react-slot@1.2.3_@types+react@18.2.43_react@18.2.0/node_modules/@radix-ui/react-slot/dist/index.mjs:33:13
    at file:///Users/tran.duc.thang/Projects/pit/node_modules/.pnpm/@radix-ui+react-slot@1.2.3_@types+react@18.2.43_react@18.2.0/node_modules/@radix-ui/react-slot/dist/index.mjs:9:13
    at file:///Users/tran.duc.thang/Projects/pit/node_modules/.pnpm/@radix-ui+react-collection@1.1.7_@types+react-dom@18.2.17_@types+react@18.2.43_react-do_a03fe685936792784d18791d9a1c5606/node_modules/@radix-ui/react-collection/dist/index.mjs:27:15
    at Provider (file:///Users/tran.duc.thang/Projects/pit/node_modules/.pnpm/@radix-ui+react-context@1.1.2_@types+react@18.2.43_react@18.2.0/node_modules/@radix-ui/react-context/dist/index.mjs:27:15)
    at file:///Users/tran.duc.thang/Projects/pit/node_modules/.pnpm/@radix-ui+react-select@2.2.6_@types+react-dom@18.2.17_@types+react@18.2.43_react-dom@18.2.0_react@18.2.0__react@18.2.0/node_modules/@radix-ui/react-select/dist/index.mjs:256:58
    at file:///Users/tran.duc.thang/Projects/pit/node_modules/.pnpm/@radix-ui+react-slot@1.2.3_@types+react@18.2.43_react@18.2.0/node_modules/@radix-ui/react-slot/dist/index.mjs:33:13
    at file:///Users/tran.duc.thang/Projects/pit/node_modules/.pnpm/@radix-ui+react-slot@1.2.3_@types+react@18.2.43_react@18.2.0/node_modules/@radix-ui/react-slot/dist/index.mjs:9:13
    at file:///Users/tran.duc.thang/Projects/pit/node_modules/.pnpm/@radix-ui+react-primitive@2.1.3_@types+react-dom@18.2.17_@types+react@18.2.43_react-dom_2161c237ea33b60c0cf3d21a889a9a3e/node_modules/@radix-ui/react-primitive/dist/index.mjs:28:13
    at file:///Users/tran.duc.thang/Projects/pit/node_modules/.pnpm/@radix-ui+react-portal@1.1.9_@types+react-dom@18.2.17_@types+react@18.2.43_react-dom@18.2.0_react@18.2.0__react@18.2.0/node_modules/@radix-ui/react-portal/dist/index.mjs:11:22
    at SelectPortal
    at /Users/tran.duc.thang/Projects/pit/src/components/ui/select.tsx:101:59
    at Provider (file:///Users/tran.duc.thang/Projects/pit/node_modules/.pnpm/@radix-ui+react-context@1.1.2_@types+react@18.2.43_react@18.2.0/node_modules/@radix-ui/react-context/dist/index.mjs:27:15)
    at Provider (file:///Users/tran.duc.thang/Projects/pit/node_modules/.pnpm/@radix-ui+react-context@1.1.2_@types+react@18.2.43_react@18.2.0/node_modules/@radix-ui/react-context/dist/index.mjs:27:15)
    at CollectionProvider (file:///Users/tran.duc.thang/Projects/pit/node_modules/.pnpm/@radix-ui+react-collection@1.1.7_@types+react-dom@18.2.17_@types+react@18.2.43_react-do_a03fe685936792784d18791d9a1c5606/node_modules/@radix-ui/react-collection/dist/index.mjs:17:13)
    at Provider (file:///Users/tran.duc.thang/Projects/pit/node_modules/.pnpm/@radix-ui+react-context@1.1.2_@types+react@18.2.43_react@18.2.0/node_modules/@radix-ui/react-context/dist/index.mjs:27:15)
    at Provider (file:///Users/tran.duc.thang/Projects/pit/node_modules/.pnpm/@radix-ui+react-context@1.1.2_@types+react@18.2.43_react@18.2.0/node_modules/@radix-ui/react-context/dist/index.mjs:27:15)
    at Popper (file:///Users/tran.duc.thang/Projects/pit/node_modules/.pnpm/@radix-ui+react-popper@1.2.8_@types+react-dom@18.2.17_@types+react@18.2.43_react-dom@18.2.0_react@18.2.0__react@18.2.0/node_modules/@radix-ui/react-popper/dist/index.mjs:30:11)
    at Select (file:///Users/tran.duc.thang/Projects/pit/node_modules/.pnpm/@radix-ui+react-select@2.2.6_@types+react-dom@18.2.17_@types+react@18.2.43_react-dom@18.2.0_react@18.2.0__react@18.2.0/node_modules/@radix-ui/react-select/dist/index.mjs:42:5)
    at div
    at RegionSelector (/Users/tran.duc.thang/Projects/pit/src/components/RegionSelector.tsx:20:27)
    at div
    at /Users/tran.duc.thang/Projects/pit/src/components/ui/card.tsx:68:6
    at div
    at /Users/tran.duc.thang/Projects/pit/src/components/ui/card.tsx:14:6
    at CalculatorInputs (/Users/tran.duc.thang/Projects/pit/src/components/CalculatorInputs.tsx:19:3)
    at div
    at SalaryCalculator (/Users/tran.duc.thang/Projects/pit/src/components/SalaryCalculator.tsx:24:63)
    at ErrorBoundary (/Users/tran.duc.thang/Projects/pit/src/components/ErrorBoundary.tsx:13:5)
    at main
    at div
    at div
    at div
    at ErrorBoundary (/Users/tran.duc.thang/Projects/pit/src/components/ErrorBoundary.tsx:13:5)
    at App
Warning: An update to SelectItemText inside a test was not wrapped in act(...).

When testing, code that causes React state updates should be wrapped into act(...):

act(() => {
  /* fire events that update state */
});
/* assert on the output */

This ensures that you're testing the behavior the user would see in the browser. Learn more at https://reactjs.org/link/wrap-tests-with-act
    at file:///Users/tran.duc.thang/Projects/pit/node_modules/.pnpm/@radix-ui+react-select@2.2.6_@types+react-dom@18.2.17_@types+react@18.2.43_react-dom@18.2.0_react@18.2.0__react@18.2.0/node_modules/@radix-ui/react-select/dist/index.mjs:901:13
    at div
    at file:///Users/tran.duc.thang/Projects/pit/node_modules/.pnpm/@radix-ui+react-primitive@2.1.3_@types+react-dom@18.2.17_@types+react@18.2.43_react-dom_2161c237ea33b60c0cf3d21a889a9a3e/node_modules/@radix-ui/react-primitive/dist/index.mjs:28:13
    at file:///Users/tran.duc.thang/Projects/pit/node_modules/.pnpm/@radix-ui+react-slot@1.2.3_@types+react@18.2.43_react@18.2.0/node_modules/@radix-ui/react-slot/dist/index.mjs:33:13
    at file:///Users/tran.duc.thang/Projects/pit/node_modules/.pnpm/@radix-ui+react-slot@1.2.3_@types+react@18.2.43_react@18.2.0/node_modules/@radix-ui/react-slot/dist/index.mjs:9:13
    at file:///Users/tran.duc.thang/Projects/pit/node_modules/.pnpm/@radix-ui+react-collection@1.1.7_@types+react-dom@18.2.17_@types+react@18.2.43_react-do_a03fe685936792784d18791d9a1c5606/node_modules/@radix-ui/react-collection/dist/index.mjs:39:15
    at Provider (file:///Users/tran.duc.thang/Projects/pit/node_modules/.pnpm/@radix-ui+react-context@1.1.2_@types+react@18.2.43_react@18.2.0/node_modules/@radix-ui/react-context/dist/index.mjs:27:15)
    at file:///Users/tran.duc.thang/Projects/pit/node_modules/.pnpm/@radix-ui+react-select@2.2.6_@types+react-dom@18.2.17_@types+react@18.2.43_react-dom@18.2.0_react@18.2.0__react@18.2.0/node_modules/@radix-ui/react-select/dist/index.mjs:800:7
    at /Users/tran.duc.thang/Projects/pit/src/components/ui/select.tsx:174:56
    at div
    at file:///Users/tran.duc.thang/Projects/pit/node_modules/.pnpm/@radix-ui+react-primitive@2.1.3_@types+react-dom@18.2.17_@types+react@18.2.43_react-dom_2161c237ea33b60c0cf3d21a889a9a3e/node_modules/@radix-ui/react-primitive/dist/index.mjs:28:13
    at file:///Users/tran.duc.thang/Projects/pit/node_modules/.pnpm/@radix-ui+react-slot@1.2.3_@types+react@18.2.43_react@18.2.0/node_modules/@radix-ui/react-slot/dist/index.mjs:33:13
    at file:///Users/tran.duc.thang/Projects/pit/node_modules/.pnpm/@radix-ui+react-slot@1.2.3_@types+react@18.2.43_react@18.2.0/node_modules/@radix-ui/react-slot/dist/index.mjs:9:13
    at file:///Users/tran.duc.thang/Projects/pit/node_modules/.pnpm/@radix-ui+react-collection@1.1.7_@types+react-dom@18.2.17_@types+react@18.2.43_react-do_a03fe685936792784d18791d9a1c5606/node_modules/@radix-ui/react-collection/dist/index.mjs:27:15
    at file:///Users/tran.duc.thang/Projects/pit/node_modules/.pnpm/@radix-ui+react-select@2.2.6_@types+react-dom@18.2.17_@types+react@18.2.43_react-dom@18.2.0_react@18.2.0__react@18.2.0/node_modules/@radix-ui/react-select/dist/index.mjs:711:13
    at div
    at file:///Users/tran.duc.thang/Projects/pit/node_modules/.pnpm/@radix-ui+react-slot@1.2.3_@types+react@18.2.43_react@18.2.0/node_modules/@radix-ui/react-slot/dist/index.mjs:33:13
    at file:///Users/tran.duc.thang/Projects/pit/node_modules/.pnpm/@radix-ui+react-slot@1.2.3_@types+react@18.2.43_react@18.2.0/node_modules/@radix-ui/react-slot/dist/index.mjs:9:13
    at file:///Users/tran.duc.thang/Projects/pit/node_modules/.pnpm/@radix-ui+react-collection@1.1.7_@types+react-dom@18.2.17_@types+react@18.2.43_react-do_a03fe685936792784d18791d9a1c5606/node_modules/@radix-ui/react-collection/dist/index.mjs:27:15
    at Provider (file:///Users/tran.duc.thang/Projects/pit/node_modules/.pnpm/@radix-ui+react-context@1.1.2_@types+react@18.2.43_react@18.2.0/node_modules/@radix-ui/react-context/dist/index.mjs:27:15)
    at file:///Users/tran.duc.thang/Projects/pit/node_modules/.pnpm/@radix-ui+react-select@2.2.6_@types+react-dom@18.2.17_@types+react@18.2.43_react-dom@18.2.0_react@18.2.0__react@18.2.0/node_modules/@radix-ui/react-select/dist/index.mjs:256:58
    at file:///Users/tran.duc.thang/Projects/pit/node_modules/.pnpm/@radix-ui+react-slot@1.2.3_@types+react@18.2.43_react@18.2.0/node_modules/@radix-ui/react-slot/dist/index.mjs:33:13
    at file:///Users/tran.duc.thang/Projects/pit/node_modules/.pnpm/@radix-ui+react-slot@1.2.3_@types+react@18.2.43_react@18.2.0/node_modules/@radix-ui/react-slot/dist/index.mjs:9:13
    at file:///Users/tran.duc.thang/Projects/pit/node_modules/.pnpm/@radix-ui+react-primitive@2.1.3_@types+react-dom@18.2.17_@types+react@18.2.43_react-dom_2161c237ea33b60c0cf3d21a889a9a3e/node_modules/@radix-ui/react-primitive/dist/index.mjs:28:13
    at file:///Users/tran.duc.thang/Projects/pit/node_modules/.pnpm/@radix-ui+react-portal@1.1.9_@types+react-dom@18.2.17_@types+react@18.2.43_react-dom@18.2.0_react@18.2.0__react@18.2.0/node_modules/@radix-ui/react-portal/dist/index.mjs:11:22
    at SelectPortal
    at /Users/tran.duc.thang/Projects/pit/src/components/ui/select.tsx:101:59
    at Provider (file:///Users/tran.duc.thang/Projects/pit/node_modules/.pnpm/@radix-ui+react-context@1.1.2_@types+react@18.2.43_react@18.2.0/node_modules/@radix-ui/react-context/dist/index.mjs:27:15)
    at Provider (file:///Users/tran.duc.thang/Projects/pit/node_modules/.pnpm/@radix-ui+react-context@1.1.2_@types+react@18.2.43_react@18.2.0/node_modules/@radix-ui/react-context/dist/index.mjs:27:15)
    at CollectionProvider (file:///Users/tran.duc.thang/Projects/pit/node_modules/.pnpm/@radix-ui+react-collection@1.1.7_@types+react-dom@18.2.17_@types+react@18.2.43_react-do_a03fe685936792784d18791d9a1c5606/node_modules/@radix-ui/react-collection/dist/index.mjs:17:13)
    at Provider (file:///Users/tran.duc.thang/Projects/pit/node_modules/.pnpm/@radix-ui+react-context@1.1.2_@types+react@18.2.43_react@18.2.0/node_modules/@radix-ui/react-context/dist/index.mjs:27:15)
    at Provider (file:///Users/tran.duc.thang/Projects/pit/node_modules/.pnpm/@radix-ui+react-context@1.1.2_@types+react@18.2.43_react@18.2.0/node_modules/@radix-ui/react-context/dist/index.mjs:27:15)
    at Popper (file:///Users/tran.duc.thang/Projects/pit/node_modules/.pnpm/@radix-ui+react-popper@1.2.8_@types+react-dom@18.2.17_@types+react@18.2.43_react-dom@18.2.0_react@18.2.0__react@18.2.0/node_modules/@radix-ui/react-popper/dist/index.mjs:30:11)
    at Select (file:///Users/tran.duc.thang/Projects/pit/node_modules/.pnpm/@radix-ui+react-select@2.2.6_@types+react-dom@18.2.17_@types+react@18.2.43_react-dom@18.2.0_react@18.2.0__react@18.2.0/node_modules/@radix-ui/react-select/dist/index.mjs:42:5)
    at div
    at RegionSelector (/Users/tran.duc.thang/Projects/pit/src/components/RegionSelector.tsx:20:27)
    at div
    at /Users/tran.duc.thang/Projects/pit/src/components/ui/card.tsx:68:6
    at div
    at /Users/tran.duc.thang/Projects/pit/src/components/ui/card.tsx:14:6
    at CalculatorInputs (/Users/tran.duc.thang/Projects/pit/src/components/CalculatorInputs.tsx:19:3)
    at div
    at SalaryCalculator (/Users/tran.duc.thang/Projects/pit/src/components/SalaryCalculator.tsx:24:63)
    at ErrorBoundary (/Users/tran.duc.thang/Projects/pit/src/components/ErrorBoundary.tsx:13:5)
    at main
    at div
    at div
    at div
    at ErrorBoundary (/Users/tran.duc.thang/Projects/pit/src/components/ErrorBoundary.tsx:13:5)
    at App
Warning: An update to SelectItem inside a test was not wrapped in act(...).

When testing, code that causes React state updates should be wrapped into act(...):

act(() => {
  /* fire events that update state */
});
/* assert on the output */

This ensures that you're testing the behavior the user would see in the browser. Learn more at https://reactjs.org/link/wrap-tests-with-act
    at file:///Users/tran.duc.thang/Projects/pit/node_modules/.pnpm/@radix-ui+react-select@2.2.6_@types+react-dom@18.2.17_@types+react@18.2.43_react-dom@18.2.0_react@18.2.0__react@18.2.0/node_modules/@radix-ui/react-select/dist/index.mjs:800:7
    at /Users/tran.duc.thang/Projects/pit/src/components/ui/select.tsx:174:56
    at div
    at file:///Users/tran.duc.thang/Projects/pit/node_modules/.pnpm/@radix-ui+react-primitive@2.1.3_@types+react-dom@18.2.17_@types+react@18.2.43_react-dom_2161c237ea33b60c0cf3d21a889a9a3e/node_modules/@radix-ui/react-primitive/dist/index.mjs:28:13
    at file:///Users/tran.duc.thang/Projects/pit/node_modules/.pnpm/@radix-ui+react-slot@1.2.3_@types+react@18.2.43_react@18.2.0/node_modules/@radix-ui/react-slot/dist/index.mjs:33:13
    at file:///Users/tran.duc.thang/Projects/pit/node_modules/.pnpm/@radix-ui+react-slot@1.2.3_@types+react@18.2.43_react@18.2.0/node_modules/@radix-ui/react-slot/dist/index.mjs:9:13
    at file:///Users/tran.duc.thang/Projects/pit/node_modules/.pnpm/@radix-ui+react-collection@1.1.7_@types+react-dom@18.2.17_@types+react@18.2.43_react-do_a03fe685936792784d18791d9a1c5606/node_modules/@radix-ui/react-collection/dist/index.mjs:27:15
    at file:///Users/tran.duc.thang/Projects/pit/node_modules/.pnpm/@radix-ui+react-select@2.2.6_@types+react-dom@18.2.17_@types+react@18.2.43_react-dom@18.2.0_react@18.2.0__react@18.2.0/node_modules/@radix-ui/react-select/dist/index.mjs:711:13
    at div
    at file:///Users/tran.duc.thang/Projects/pit/node_modules/.pnpm/@radix-ui+react-slot@1.2.3_@types+react@18.2.43_react@18.2.0/node_modules/@radix-ui/react-slot/dist/index.mjs:33:13
    at file:///Users/tran.duc.thang/Projects/pit/node_modules/.pnpm/@radix-ui+react-slot@1.2.3_@types+react@18.2.43_react@18.2.0/node_modules/@radix-ui/react-slot/dist/index.mjs:9:13
    at file:///Users/tran.duc.thang/Projects/pit/node_modules/.pnpm/@radix-ui+react-collection@1.1.7_@types+react-dom@18.2.17_@types+react@18.2.43_react-do_a03fe685936792784d18791d9a1c5606/node_modules/@radix-ui/react-collection/dist/index.mjs:27:15
    at Provider (file:///Users/tran.duc.thang/Projects/pit/node_modules/.pnpm/@radix-ui+react-context@1.1.2_@types+react@18.2.43_react@18.2.0/node_modules/@radix-ui/react-context/dist/index.mjs:27:15)
    at file:///Users/tran.duc.thang/Projects/pit/node_modules/.pnpm/@radix-ui+react-select@2.2.6_@types+react-dom@18.2.17_@types+react@18.2.43_react-dom@18.2.0_react@18.2.0__react@18.2.0/node_modules/@radix-ui/react-select/dist/index.mjs:256:58
    at file:///Users/tran.duc.thang/Projects/pit/node_modules/.pnpm/@radix-ui+react-slot@1.2.3_@types+react@18.2.43_react@18.2.0/node_modules/@radix-ui/react-slot/dist/index.mjs:33:13
    at file:///Users/tran.duc.thang/Projects/pit/node_modules/.pnpm/@radix-ui+react-slot@1.2.3_@types+react@18.2.43_react@18.2.0/node_modules/@radix-ui/react-slot/dist/index.mjs:9:13
    at file:///Users/tran.duc.thang/Projects/pit/node_modules/.pnpm/@radix-ui+react-primitive@2.1.3_@types+react-dom@18.2.17_@types+react@18.2.43_react-dom_2161c237ea33b60c0cf3d21a889a9a3e/node_modules/@radix-ui/react-primitive/dist/index.mjs:28:13
    at file:///Users/tran.duc.thang/Projects/pit/node_modules/.pnpm/@radix-ui+react-portal@1.1.9_@types+react-dom@18.2.17_@types+react@18.2.43_react-dom@18.2.0_react@18.2.0__react@18.2.0/node_modules/@radix-ui/react-portal/dist/index.mjs:11:22
    at SelectPortal
    at /Users/tran.duc.thang/Projects/pit/src/components/ui/select.tsx:101:59
    at Provider (file:///Users/tran.duc.thang/Projects/pit/node_modules/.pnpm/@radix-ui+react-context@1.1.2_@types+react@18.2.43_react@18.2.0/node_modules/@radix-ui/react-context/dist/index.mjs:27:15)
    at Provider (file:///Users/tran.duc.thang/Projects/pit/node_modules/.pnpm/@radix-ui+react-context@1.1.2_@types+react@18.2.43_react@18.2.0/node_modules/@radix-ui/react-context/dist/index.mjs:27:15)
    at CollectionProvider (file:///Users/tran.duc.thang/Projects/pit/node_modules/.pnpm/@radix-ui+react-collection@1.1.7_@types+react-dom@18.2.17_@types+react@18.2.43_react-do_a03fe685936792784d18791d9a1c5606/node_modules/@radix-ui/react-collection/dist/index.mjs:17:13)
    at Provider (file:///Users/tran.duc.thang/Projects/pit/node_modules/.pnpm/@radix-ui+react-context@1.1.2_@types+react@18.2.43_react@18.2.0/node_modules/@radix-ui/react-context/dist/index.mjs:27:15)
    at Provider (file:///Users/tran.duc.thang/Projects/pit/node_modules/.pnpm/@radix-ui+react-context@1.1.2_@types+react@18.2.43_react@18.2.0/node_modules/@radix-ui/react-context/dist/index.mjs:27:15)
    at Popper (file:///Users/tran.duc.thang/Projects/pit/node_modules/.pnpm/@radix-ui+react-popper@1.2.8_@types+react-dom@18.2.17_@types+react@18.2.43_react-dom@18.2.0_react@18.2.0__react@18.2.0/node_modules/@radix-ui/react-popper/dist/index.mjs:30:11)
    at Select (file:///Users/tran.duc.thang/Projects/pit/node_modules/.pnpm/@radix-ui+react-select@2.2.6_@types+react-dom@18.2.17_@types+react@18.2.43_react-dom@18.2.0_react@18.2.0__react@18.2.0/node_modules/@radix-ui/react-select/dist/index.mjs:42:5)
    at div
    at RegionSelector (/Users/tran.duc.thang/Projects/pit/src/components/RegionSelector.tsx:20:27)
    at div
    at /Users/tran.duc.thang/Projects/pit/src/components/ui/card.tsx:68:6
    at div
    at /Users/tran.duc.thang/Projects/pit/src/components/ui/card.tsx:14:6
    at CalculatorInputs (/Users/tran.duc.thang/Projects/pit/src/components/CalculatorInputs.tsx:19:3)
    at div
    at SalaryCalculator (/Users/tran.duc.thang/Projects/pit/src/components/SalaryCalculator.tsx:24:63)
    at ErrorBoundary (/Users/tran.duc.thang/Projects/pit/src/components/ErrorBoundary.tsx:13:5)
    at main
    at div
    at div
    at div
    at ErrorBoundary (/Users/tran.duc.thang/Projects/pit/src/components/ErrorBoundary.tsx:13:5)
    at App
Warning: An update to Tooltip inside a test was not wrapped in act(...).

When testing, code that causes React state updates should be wrapped into act(...):

act(() => {
  /* fire events that update state */
});
/* assert on the output */

This ensures that you're testing the behavior the user would see in the browser. Learn more at https://reactjs.org/link/wrap-tests-with-act
    at Tooltip (file:///Users/tran.duc.thang/Projects/pit/node_modules/.pnpm/@radix-ui+react-tooltip@1.2.8_@types+react-dom@18.2.17_@types+react@18.2.43_react-dom@18.2.0_react@18.2.0__react@18.2.0/node_modules/@radix-ui/react-tooltip/dist/index.mjs:73:5)
    at Provider (file:///Users/tran.duc.thang/Projects/pit/node_modules/.pnpm/@radix-ui+react-context@1.1.2_@types+react@18.2.43_react@18.2.0/node_modules/@radix-ui/react-context/dist/index.mjs:27:15)
    at TooltipProvider (file:///Users/tran.duc.thang/Projects/pit/node_modules/.pnpm/@radix-ui+react-tooltip@1.2.8_@types+react-dom@18.2.17_@types+react@18.2.43_react-dom@18.2.0_react@18.2.0__react@18.2.0/node_modules/@radix-ui/react-tooltip/dist/index.mjs:29:5)
    at InfoTooltip (/Users/tran.duc.thang/Projects/pit/src/components/InfoTooltip.tsx:10:24)
    at div
    at div
    at InsuranceBaseInput (/Users/tran.duc.thang/Projects/pit/src/components/InsuranceBaseInput.tsx:13:3)
    at div
    at /Users/tran.duc.thang/Projects/pit/src/components/ui/card.tsx:68:6
    at div
    at /Users/tran.duc.thang/Projects/pit/src/components/ui/card.tsx:14:6
    at CalculatorInputs (/Users/tran.duc.thang/Projects/pit/src/components/CalculatorInputs.tsx:19:3)
    at div
    at SalaryCalculator (/Users/tran.duc.thang/Projects/pit/src/components/SalaryCalculator.tsx:24:63)
    at ErrorBoundary (/Users/tran.duc.thang/Projects/pit/src/components/ErrorBoundary.tsx:13:5)
    at main
    at div
    at div
    at div
    at ErrorBoundary (/Users/tran.duc.thang/Projects/pit/src/components/ErrorBoundary.tsx:13:5)
    at App
Warning: An update to Radio inside a test was not wrapped in act(...).

When testing, code that causes React state updates should be wrapped into act(...):

act(() => {
  /* fire events that update state */
});
/* assert on the output */

This ensures that you're testing the behavior the user would see in the browser. Learn more at https://reactjs.org/link/wrap-tests-with-act
    at file:///Users/tran.duc.thang/Projects/pit/node_modules/.pnpm/@radix-ui+react-radio-group@1.3.8_@types+react-dom@18.2.17_@types+react@18.2.43_react-d_232b8f11a4c03b4724d7150d14f44128/node_modules/@radix-ui/react-radio-group/dist/index.mjs:30:7
    at file:///Users/tran.duc.thang/Projects/pit/node_modules/.pnpm/@radix-ui+react-slot@1.2.3_@types+react@18.2.43_react@18.2.0/node_modules/@radix-ui/react-slot/dist/index.mjs:33:13
    at file:///Users/tran.duc.thang/Projects/pit/node_modules/.pnpm/@radix-ui+react-slot@1.2.3_@types+react@18.2.43_react@18.2.0/node_modules/@radix-ui/react-slot/dist/index.mjs:9:13
    at file:///Users/tran.duc.thang/Projects/pit/node_modules/.pnpm/@radix-ui+react-primitive@2.1.3_@types+react-dom@18.2.17_@types+react@18.2.43_react-dom_2161c237ea33b60c0cf3d21a889a9a3e/node_modules/@radix-ui/react-primitive/dist/index.mjs:28:13
    at file:///Users/tran.duc.thang/Projects/pit/node_modules/.pnpm/@radix-ui+react-slot@1.2.3_@types+react@18.2.43_react@18.2.0/node_modules/@radix-ui/react-slot/dist/index.mjs:33:13
    at file:///Users/tran.duc.thang/Projects/pit/node_modules/.pnpm/@radix-ui+react-slot@1.2.3_@types+react@18.2.43_react@18.2.0/node_modules/@radix-ui/react-slot/dist/index.mjs:9:13
    at file:///Users/tran.duc.thang/Projects/pit/node_modules/.pnpm/@radix-ui+react-collection@1.1.7_@types+react-dom@18.2.17_@types+react@18.2.43_react-do_a03fe685936792784d18791d9a1c5606/node_modules/@radix-ui/react-collection/dist/index.mjs:39:15
    at file:///Users/tran.duc.thang/Projects/pit/node_modules/.pnpm/@radix-ui+react-roving-focus@1.1.11_@types+react-dom@18.2.17_@types+react@18.2.43_react_0518848876eeed3dd17b5d7009596a7d/node_modules/@radix-ui/react-roving-focus/dist/index.mjs:124:7
    at file:///Users/tran.duc.thang/Projects/pit/node_modules/.pnpm/@radix-ui+react-radio-group@1.3.8_@types+react-dom@18.2.17_@types+react@18.2.43_react-d_232b8f11a4c03b4724d7150d14f44128/node_modules/@radix-ui/react-radio-group/dist/index.mjs:228:13
    at /Users/tran.duc.thang/Projects/pit/src/components/ui/radio-group.tsx:22:60
    at div
    at div
    at file:///Users/tran.duc.thang/Projects/pit/node_modules/.pnpm/@radix-ui+react-primitive@2.1.3_@types+react-dom@18.2.17_@types+react@18.2.43_react-dom_2161c237ea33b60c0cf3d21a889a9a3e/node_modules/@radix-ui/react-primitive/dist/index.mjs:28:13
    at file:///Users/tran.duc.thang/Projects/pit/node_modules/.pnpm/@radix-ui+react-slot@1.2.3_@types+react@18.2.43_react@18.2.0/node_modules/@radix-ui/react-slot/dist/index.mjs:33:13
    at file:///Users/tran.duc.thang/Projects/pit/node_modules/.pnpm/@radix-ui+react-slot@1.2.3_@types+react@18.2.43_react@18.2.0/node_modules/@radix-ui/react-slot/dist/index.mjs:9:13
    at file:///Users/tran.duc.thang/Projects/pit/node_modules/.pnpm/@radix-ui+react-primitive@2.1.3_@types+react-dom@18.2.17_@types+react@18.2.43_react-dom_2161c237ea33b60c0cf3d21a889a9a3e/node_modules/@radix-ui/react-primitive/dist/index.mjs:28:13
    at Provider (file:///Users/tran.duc.thang/Projects/pit/node_modules/.pnpm/@radix-ui+react-context@1.1.2_@types+react@18.2.43_react@18.2.0/node_modules/@radix-ui/react-context/dist/index.mjs:27:15)
    at file:///Users/tran.duc.thang/Projects/pit/node_modules/.pnpm/@radix-ui+react-roving-focus@1.1.11_@types+react-dom@18.2.17_@types+react@18.2.43_react_0518848876eeed3dd17b5d7009596a7d/node_modules/@radix-ui/react-roving-focus/dist/index.mjs:32:5
    at file:///Users/tran.duc.thang/Projects/pit/node_modules/.pnpm/@radix-ui+react-slot@1.2.3_@types+react@18.2.43_react@18.2.0/node_modules/@radix-ui/react-slot/dist/index.mjs:33:13
    at file:///Users/tran.duc.thang/Projects/pit/node_modules/.pnpm/@radix-ui+react-slot@1.2.3_@types+react@18.2.43_react@18.2.0/node_modules/@radix-ui/react-slot/dist/index.mjs:9:13
    at file:///Users/tran.duc.thang/Projects/pit/node_modules/.pnpm/@radix-ui+react-collection@1.1.7_@types+react-dom@18.2.17_@types+react@18.2.43_react-do_a03fe685936792784d18791d9a1c5606/node_modules/@radix-ui/react-collection/dist/index.mjs:27:15
    at Provider (file:///Users/tran.duc.thang/Projects/pit/node_modules/.pnpm/@radix-ui+react-context@1.1.2_@types+react@18.2.43_react@18.2.0/node_modules/@radix-ui/react-context/dist/index.mjs:27:15)
    at CollectionProvider (file:///Users/tran.duc.thang/Projects/pit/node_modules/.pnpm/@radix-ui+react-collection@1.1.7_@types+react-dom@18.2.17_@types+react@18.2.43_react-do_a03fe685936792784d18791d9a1c5606/node_modules/@radix-ui/react-collection/dist/index.mjs:17:13)
    at file:///Users/tran.duc.thang/Projects/pit/node_modules/.pnpm/@radix-ui+react-roving-focus@1.1.11_@types+react-dom@18.2.17_@types+react@18.2.43_react_0518848876eeed3dd17b5d7009596a7d/node_modules/@radix-ui/react-roving-focus/dist/index.mjs:26:68
    at Provider (file:///Users/tran.duc.thang/Projects/pit/node_modules/.pnpm/@radix-ui+react-context@1.1.2_@types+react@18.2.43_react@18.2.0/node_modules/@radix-ui/react-context/dist/index.mjs:27:15)
    at file:///Users/tran.duc.thang/Projects/pit/node_modules/.pnpm/@radix-ui+react-radio-group@1.3.8_@types+react-dom@18.2.17_@types+react@18.2.43_react-d_232b8f11a4c03b4724d7150d14f44128/node_modules/@radix-ui/react-radio-group/dist/index.mjs:169:7
    at /Users/tran.duc.thang/Projects/pit/src/components/ui/radio-group.tsx:14:56
    at div
    at InsuranceBaseInput (/Users/tran.duc.thang/Projects/pit/src/components/InsuranceBaseInput.tsx:13:3)
    at div
    at /Users/tran.duc.thang/Projects/pit/src/components/ui/card.tsx:68:6
    at div
    at /Users/tran.duc.thang/Projects/pit/src/components/ui/card.tsx:14:6
    at CalculatorInputs (/Users/tran.duc.thang/Projects/pit/src/components/CalculatorInputs.tsx:19:3)
    at div
    at SalaryCalculator (/Users/tran.duc.thang/Projects/pit/src/components/SalaryCalculator.tsx:24:63)
    at ErrorBoundary (/Users/tran.duc.thang/Projects/pit/src/components/ErrorBoundary.tsx:13:5)
    at main
    at div
    at div
    at div
    at ErrorBoundary (/Users/tran.duc.thang/Projects/pit/src/components/ErrorBoundary.tsx:13:5)
    at App
Warning: An update to Radio inside a test was not wrapped in act(...).

When testing, code that causes React state updates should be wrapped into act(...):

act(() => {
  /* fire events that update state */
});
/* assert on the output */

This ensures that you're testing the behavior the user would see in the browser. Learn more at https://reactjs.org/link/wrap-tests-with-act
    at file:///Users/tran.duc.thang/Projects/pit/node_modules/.pnpm/@radix-ui+react-radio-group@1.3.8_@types+react-dom@18.2.17_@types+react@18.2.43_react-d_232b8f11a4c03b4724d7150d14f44128/node_modules/@radix-ui/react-radio-group/dist/index.mjs:30:7
    at file:///Users/tran.duc.thang/Projects/pit/node_modules/.pnpm/@radix-ui+react-slot@1.2.3_@types+react@18.2.43_react@18.2.0/node_modules/@radix-ui/react-slot/dist/index.mjs:33:13
    at file:///Users/tran.duc.thang/Projects/pit/node_modules/.pnpm/@radix-ui+react-slot@1.2.3_@types+react@18.2.43_react@18.2.0/node_modules/@radix-ui/react-slot/dist/index.mjs:9:13
    at file:///Users/tran.duc.thang/Projects/pit/node_modules/.pnpm/@radix-ui+react-primitive@2.1.3_@types+react-dom@18.2.17_@types+react@18.2.43_react-dom_2161c237ea33b60c0cf3d21a889a9a3e/node_modules/@radix-ui/react-primitive/dist/index.mjs:28:13
    at file:///Users/tran.duc.thang/Projects/pit/node_modules/.pnpm/@radix-ui+react-slot@1.2.3_@types+react@18.2.43_react@18.2.0/node_modules/@radix-ui/react-slot/dist/index.mjs:33:13
    at file:///Users/tran.duc.thang/Projects/pit/node_modules/.pnpm/@radix-ui+react-slot@1.2.3_@types+react@18.2.43_react@18.2.0/node_modules/@radix-ui/react-slot/dist/index.mjs:9:13
    at file:///Users/tran.duc.thang/Projects/pit/node_modules/.pnpm/@radix-ui+react-collection@1.1.7_@types+react-dom@18.2.17_@types+react@18.2.43_react-do_a03fe685936792784d18791d9a1c5606/node_modules/@radix-ui/react-collection/dist/index.mjs:39:15
    at file:///Users/tran.duc.thang/Projects/pit/node_modules/.pnpm/@radix-ui+react-roving-focus@1.1.11_@types+react-dom@18.2.17_@types+react@18.2.43_react_0518848876eeed3dd17b5d7009596a7d/node_modules/@radix-ui/react-roving-focus/dist/index.mjs:124:7
    at file:///Users/tran.duc.thang/Projects/pit/node_modules/.pnpm/@radix-ui+react-radio-group@1.3.8_@types+react-dom@18.2.17_@types+react@18.2.43_react-d_232b8f11a4c03b4724d7150d14f44128/node_modules/@radix-ui/react-radio-group/dist/index.mjs:228:13
    at /Users/tran.duc.thang/Projects/pit/src/components/ui/radio-group.tsx:22:60
    at div
    at div
    at div
    at file:///Users/tran.duc.thang/Projects/pit/node_modules/.pnpm/@radix-ui+react-primitive@2.1.3_@types+react-dom@18.2.17_@types+react@18.2.43_react-dom_2161c237ea33b60c0cf3d21a889a9a3e/node_modules/@radix-ui/react-primitive/dist/index.mjs:28:13
    at file:///Users/tran.duc.thang/Projects/pit/node_modules/.pnpm/@radix-ui+react-slot@1.2.3_@types+react@18.2.43_react@18.2.0/node_modules/@radix-ui/react-slot/dist/index.mjs:33:13
    at file:///Users/tran.duc.thang/Projects/pit/node_modules/.pnpm/@radix-ui+react-slot@1.2.3_@types+react@18.2.43_react@18.2.0/node_modules/@radix-ui/react-slot/dist/index.mjs:9:13
    at file:///Users/tran.duc.thang/Projects/pit/node_modules/.pnpm/@radix-ui+react-primitive@2.1.3_@types+react-dom@18.2.17_@types+react@18.2.43_react-dom_2161c237ea33b60c0cf3d21a889a9a3e/node_modules/@radix-ui/react-primitive/dist/index.mjs:28:13
    at Provider (file:///Users/tran.duc.thang/Projects/pit/node_modules/.pnpm/@radix-ui+react-context@1.1.2_@types+react@18.2.43_react@18.2.0/node_modules/@radix-ui/react-context/dist/index.mjs:27:15)
    at file:///Users/tran.duc.thang/Projects/pit/node_modules/.pnpm/@radix-ui+react-roving-focus@1.1.11_@types+react-dom@18.2.17_@types+react@18.2.43_react_0518848876eeed3dd17b5d7009596a7d/node_modules/@radix-ui/react-roving-focus/dist/index.mjs:32:5
    at file:///Users/tran.duc.thang/Projects/pit/node_modules/.pnpm/@radix-ui+react-slot@1.2.3_@types+react@18.2.43_react@18.2.0/node_modules/@radix-ui/react-slot/dist/index.mjs:33:13
    at file:///Users/tran.duc.thang/Projects/pit/node_modules/.pnpm/@radix-ui+react-slot@1.2.3_@types+react@18.2.43_react@18.2.0/node_modules/@radix-ui/react-slot/dist/index.mjs:9:13
    at file:///Users/tran.duc.thang/Projects/pit/node_modules/.pnpm/@radix-ui+react-collection@1.1.7_@types+react-dom@18.2.17_@types+react@18.2.43_react-do_a03fe685936792784d18791d9a1c5606/node_modules/@radix-ui/react-collection/dist/index.mjs:27:15
    at Provider (file:///Users/tran.duc.thang/Projects/pit/node_modules/.pnpm/@radix-ui+react-context@1.1.2_@types+react@18.2.43_react@18.2.0/node_modules/@radix-ui/react-context/dist/index.mjs:27:15)
    at CollectionProvider (file:///Users/tran.duc.thang/Projects/pit/node_modules/.pnpm/@radix-ui+react-collection@1.1.7_@types+react-dom@18.2.17_@types+react@18.2.43_react-do_a03fe685936792784d18791d9a1c5606/node_modules/@radix-ui/react-collection/dist/index.mjs:17:13)
    at file:///Users/tran.duc.thang/Projects/pit/node_modules/.pnpm/@radix-ui+react-roving-focus@1.1.11_@types+react-dom@18.2.17_@types+react@18.2.43_react_0518848876eeed3dd17b5d7009596a7d/node_modules/@radix-ui/react-roving-focus/dist/index.mjs:26:68
    at Provider (file:///Users/tran.duc.thang/Projects/pit/node_modules/.pnpm/@radix-ui+react-context@1.1.2_@types+react@18.2.43_react@18.2.0/node_modules/@radix-ui/react-context/dist/index.mjs:27:15)
    at file:///Users/tran.duc.thang/Projects/pit/node_modules/.pnpm/@radix-ui+react-radio-group@1.3.8_@types+react-dom@18.2.17_@types+react@18.2.43_react-d_232b8f11a4c03b4724d7150d14f44128/node_modules/@radix-ui/react-radio-group/dist/index.mjs:169:7
    at /Users/tran.duc.thang/Projects/pit/src/components/ui/radio-group.tsx:14:56
    at div
    at InsuranceBaseInput (/Users/tran.duc.thang/Projects/pit/src/components/InsuranceBaseInput.tsx:13:3)
    at div
    at /Users/tran.duc.thang/Projects/pit/src/components/ui/card.tsx:68:6
    at div
    at /Users/tran.duc.thang/Projects/pit/src/components/ui/card.tsx:14:6
    at CalculatorInputs (/Users/tran.duc.thang/Projects/pit/src/components/CalculatorInputs.tsx:19:3)
    at div
    at SalaryCalculator (/Users/tran.duc.thang/Projects/pit/src/components/SalaryCalculator.tsx:24:63)
    at ErrorBoundary (/Users/tran.duc.thang/Projects/pit/src/components/ErrorBoundary.tsx:13:5)
    at main
    at div
    at div
    at div
    at ErrorBoundary (/Users/tran.duc.thang/Projects/pit/src/components/ErrorBoundary.tsx:13:5)
    at App
Warning: An update to Switch inside a test was not wrapped in act(...).

When testing, code that causes React state updates should be wrapped into act(...):

act(() => {
  /* fire events that update state */
});
/* assert on the output */

This ensures that you're testing the behavior the user would see in the browser. Learn more at https://reactjs.org/link/wrap-tests-with-act
    at file:///Users/tran.duc.thang/Projects/pit/node_modules/.pnpm/@radix-ui+react-switch@1.2.6_@types+react-dom@18.2.17_@types+react@18.2.43_react-dom@18.2.0_react@18.2.0__react@18.2.0/node_modules/@radix-ui/react-switch/dist/index.mjs:19:7
    at /Users/tran.duc.thang/Projects/pit/src/components/ui/switch.tsx:10:52
    at div
    at div
    at UnionDuesCheckbox (/Users/tran.duc.thang/Projects/pit/src/components/UnionDuesCheckbox.tsx:11:3)
    at div
    at /Users/tran.duc.thang/Projects/pit/src/components/ui/card.tsx:68:6
    at div
    at /Users/tran.duc.thang/Projects/pit/src/components/ui/card.tsx:14:6
    at CalculatorInputs (/Users/tran.duc.thang/Projects/pit/src/components/CalculatorInputs.tsx:19:3)
    at div
    at SalaryCalculator (/Users/tran.duc.thang/Projects/pit/src/components/SalaryCalculator.tsx:24:63)
    at ErrorBoundary (/Users/tran.duc.thang/Projects/pit/src/components/ErrorBoundary.tsx:13:5)
    at main
    at div
    at div
    at div
    at ErrorBoundary (/Users/tran.duc.thang/Projects/pit/src/components/ErrorBoundary.tsx:13:5)
    at App
Warning: An update to Tooltip inside a test was not wrapped in act(...).

When testing, code that causes React state updates should be wrapped into act(...):

act(() => {
  /* fire events that update state */
});
/* assert on the output */

This ensures that you're testing the behavior the user would see in the browser. Learn more at https://reactjs.org/link/wrap-tests-with-act
    at Tooltip (file:///Users/tran.duc.thang/Projects/pit/node_modules/.pnpm/@radix-ui+react-tooltip@1.2.8_@types+react-dom@18.2.17_@types+react@18.2.43_react-dom@18.2.0_react@18.2.0__react@18.2.0/node_modules/@radix-ui/react-tooltip/dist/index.mjs:73:5)
    at Provider (file:///Users/tran.duc.thang/Projects/pit/node_modules/.pnpm/@radix-ui+react-context@1.1.2_@types+react@18.2.43_react@18.2.0/node_modules/@radix-ui/react-context/dist/index.mjs:27:15)
    at TooltipProvider (file:///Users/tran.duc.thang/Projects/pit/node_modules/.pnpm/@radix-ui+react-tooltip@1.2.8_@types+react-dom@18.2.17_@types+react@18.2.43_react-dom@18.2.0_react@18.2.0__react@18.2.0/node_modules/@radix-ui/react-tooltip/dist/index.mjs:29:5)
    at InfoTooltip (/Users/tran.duc.thang/Projects/pit/src/components/InfoTooltip.tsx:10:24)
    at div
    at div
    at UnionDuesCheckbox (/Users/tran.duc.thang/Projects/pit/src/components/UnionDuesCheckbox.tsx:11:3)
    at div
    at /Users/tran.duc.thang/Projects/pit/src/components/ui/card.tsx:68:6
    at div
    at /Users/tran.duc.thang/Projects/pit/src/components/ui/card.tsx:14:6
    at CalculatorInputs (/Users/tran.duc.thang/Projects/pit/src/components/CalculatorInputs.tsx:19:3)
    at div
    at SalaryCalculator (/Users/tran.duc.thang/Projects/pit/src/components/SalaryCalculator.tsx:24:63)
    at ErrorBoundary (/Users/tran.duc.thang/Projects/pit/src/components/ErrorBoundary.tsx:13:5)
    at main
    at div
    at div
    at div
    at ErrorBoundary (/Users/tran.duc.thang/Projects/pit/src/components/ErrorBoundary.tsx:13:5)
    at App
Warning: An update to Switch inside a test was not wrapped in act(...).

When testing, code that causes React state updates should be wrapped into act(...):

act(() => {
  /* fire events that update state */
});
/* assert on the output */

This ensures that you're testing the behavior the user would see in the browser. Learn more at https://reactjs.org/link/wrap-tests-with-act
    at file:///Users/tran.duc.thang/Projects/pit/node_modules/.pnpm/@radix-ui+react-switch@1.2.6_@types+react-dom@18.2.17_@types+react@18.2.43_react-dom@18.2.0_react@18.2.0__react@18.2.0/node_modules/@radix-ui/react-switch/dist/index.mjs:19:7
    at /Users/tran.duc.thang/Projects/pit/src/components/ui/switch.tsx:10:52
    at div
    at div
    at LunchAllowanceInput (/Users/tran.duc.thang/Projects/pit/src/components/LunchAllowanceInput.tsx:13:134)
    at div
    at /Users/tran.duc.thang/Projects/pit/src/components/ui/card.tsx:68:6
    at div
    at /Users/tran.duc.thang/Projects/pit/src/components/ui/card.tsx:14:6
    at CalculatorInputs (/Users/tran.duc.thang/Projects/pit/src/components/CalculatorInputs.tsx:19:3)
    at div
    at SalaryCalculator (/Users/tran.duc.thang/Projects/pit/src/components/SalaryCalculator.tsx:24:63)
    at ErrorBoundary (/Users/tran.duc.thang/Projects/pit/src/components/ErrorBoundary.tsx:13:5)
    at main
    at div
    at div
    at div
    at ErrorBoundary (/Users/tran.duc.thang/Projects/pit/src/components/ErrorBoundary.tsx:13:5)
    at App
Warning: An update to Tooltip inside a test was not wrapped in act(...).

When testing, code that causes React state updates should be wrapped into act(...):

act(() => {
  /* fire events that update state */
});
/* assert on the output */

This ensures that you're testing the behavior the user would see in the browser. Learn more at https://reactjs.org/link/wrap-tests-with-act
    at Tooltip (file:///Users/tran.duc.thang/Projects/pit/node_modules/.pnpm/@radix-ui+react-tooltip@1.2.8_@types+react-dom@18.2.17_@types+react@18.2.43_react-dom@18.2.0_react@18.2.0__react@18.2.0/node_modules/@radix-ui/react-tooltip/dist/index.mjs:73:5)
    at Provider (file:///Users/tran.duc.thang/Projects/pit/node_modules/.pnpm/@radix-ui+react-context@1.1.2_@types+react@18.2.43_react@18.2.0/node_modules/@radix-ui/react-context/dist/index.mjs:27:15)
    at TooltipProvider (file:///Users/tran.duc.thang/Projects/pit/node_modules/.pnpm/@radix-ui+react-tooltip@1.2.8_@types+react-dom@18.2.17_@types+react@18.2.43_react-dom@18.2.0_react@18.2.0__react@18.2.0/node_modules/@radix-ui/react-tooltip/dist/index.mjs:29:5)
    at InfoTooltip (/Users/tran.duc.thang/Projects/pit/src/components/InfoTooltip.tsx:10:24)
    at div
    at td
    at /Users/tran.duc.thang/Projects/pit/src/components/ui/table.tsx:98:55
    at tr
    at /Users/tran.duc.thang/Projects/pit/src/components/ui/table.tsx:57:6
    at tbody
    at /Users/tran.duc.thang/Projects/pit/src/components/ui/table.tsx:33:55
    at table
    at div
    at /Users/tran.duc.thang/Projects/pit/src/components/ui/table.tsx:16:6
    at div
    at InsuranceBreakdown (/Users/tran.duc.thang/Projects/pit/src/components/InsuranceBreakdown.tsx:25:3)
    at div
    at div
    at /Users/tran.duc.thang/Projects/pit/src/components/ui/card.tsx:68:6
    at div
    at /Users/tran.duc.thang/Projects/pit/src/components/ui/card.tsx:14:6
    at ResultDisplay (/Users/tran.duc.thang/Projects/pit/src/components/ResultDisplay.tsx:29:3)
    at div
    at SalaryCalculator (/Users/tran.duc.thang/Projects/pit/src/components/SalaryCalculator.tsx:24:63)
    at ErrorBoundary (/Users/tran.duc.thang/Projects/pit/src/components/ErrorBoundary.tsx:13:5)
    at main
    at div
    at div
    at div
    at ErrorBoundary (/Users/tran.duc.thang/Projects/pit/src/components/ErrorBoundary.tsx:13:5)
    at App
Warning: An update to Tooltip inside a test was not wrapped in act(...).

When testing, code that causes React state updates should be wrapped into act(...):

act(() => {
  /* fire events that update state */
});
/* assert on the output */

This ensures that you're testing the behavior the user would see in the browser. Learn more at https://reactjs.org/link/wrap-tests-with-act
    at Tooltip (file:///Users/tran.duc.thang/Projects/pit/node_modules/.pnpm/@radix-ui+react-tooltip@1.2.8_@types+react-dom@18.2.17_@types+react@18.2.43_react-dom@18.2.0_react@18.2.0__react@18.2.0/node_modules/@radix-ui/react-tooltip/dist/index.mjs:73:5)
    at Provider (file:///Users/tran.duc.thang/Projects/pit/node_modules/.pnpm/@radix-ui+react-context@1.1.2_@types+react@18.2.43_react@18.2.0/node_modules/@radix-ui/react-context/dist/index.mjs:27:15)
    at TooltipProvider (file:///Users/tran.duc.thang/Projects/pit/node_modules/.pnpm/@radix-ui+react-tooltip@1.2.8_@types+react-dom@18.2.17_@types+react@18.2.43_react-dom@18.2.0_react@18.2.0__react@18.2.0/node_modules/@radix-ui/react-tooltip/dist/index.mjs:29:5)
    at InfoTooltip (/Users/tran.duc.thang/Projects/pit/src/components/InfoTooltip.tsx:10:24)
    at div
    at td
    at /Users/tran.duc.thang/Projects/pit/src/components/ui/table.tsx:98:55
    at tr
    at /Users/tran.duc.thang/Projects/pit/src/components/ui/table.tsx:57:6
    at tbody
    at /Users/tran.duc.thang/Projects/pit/src/components/ui/table.tsx:33:55
    at table
    at div
    at /Users/tran.duc.thang/Projects/pit/src/components/ui/table.tsx:16:6
    at div
    at InsuranceBreakdown (/Users/tran.duc.thang/Projects/pit/src/components/InsuranceBreakdown.tsx:25:3)
    at div
    at div
    at /Users/tran.duc.thang/Projects/pit/src/components/ui/card.tsx:68:6
    at div
    at /Users/tran.duc.thang/Projects/pit/src/components/ui/card.tsx:14:6
    at ResultDisplay (/Users/tran.duc.thang/Projects/pit/src/components/ResultDisplay.tsx:29:3)
    at div
    at SalaryCalculator (/Users/tran.duc.thang/Projects/pit/src/components/SalaryCalculator.tsx:24:63)
    at ErrorBoundary (/Users/tran.duc.thang/Projects/pit/src/components/ErrorBoundary.tsx:13:5)
    at main
    at div
    at div
    at div
    at ErrorBoundary (/Users/tran.duc.thang/Projects/pit/src/components/ErrorBoundary.tsx:13:5)
    at App
Warning: An update to Tooltip inside a test was not wrapped in act(...).

When testing, code that causes React state updates should be wrapped into act(...):

act(() => {
  /* fire events that update state */
});
/* assert on the output */

This ensures that you're testing the behavior the user would see in the browser. Learn more at https://reactjs.org/link/wrap-tests-with-act
    at Tooltip (file:///Users/tran.duc.thang/Projects/pit/node_modules/.pnpm/@radix-ui+react-tooltip@1.2.8_@types+react-dom@18.2.17_@types+react@18.2.43_react-dom@18.2.0_react@18.2.0__react@18.2.0/node_modules/@radix-ui/react-tooltip/dist/index.mjs:73:5)
    at Provider (file:///Users/tran.duc.thang/Projects/pit/node_modules/.pnpm/@radix-ui+react-context@1.1.2_@types+react@18.2.43_react@18.2.0/node_modules/@radix-ui/react-context/dist/index.mjs:27:15)
    at TooltipProvider (file:///Users/tran.duc.thang/Projects/pit/node_modules/.pnpm/@radix-ui+react-tooltip@1.2.8_@types+react-dom@18.2.17_@types+react@18.2.43_react-dom@18.2.0_react@18.2.0__react@18.2.0/node_modules/@radix-ui/react-tooltip/dist/index.mjs:29:5)
    at InfoTooltip (/Users/tran.duc.thang/Projects/pit/src/components/InfoTooltip.tsx:10:24)
    at div
    at td
    at /Users/tran.duc.thang/Projects/pit/src/components/ui/table.tsx:98:55
    at tr
    at /Users/tran.duc.thang/Projects/pit/src/components/ui/table.tsx:57:6
    at tbody
    at /Users/tran.duc.thang/Projects/pit/src/components/ui/table.tsx:33:55
    at table
    at div
    at /Users/tran.duc.thang/Projects/pit/src/components/ui/table.tsx:16:6
    at div
    at InsuranceBreakdown (/Users/tran.duc.thang/Projects/pit/src/components/InsuranceBreakdown.tsx:25:3)
    at div
    at div
    at /Users/tran.duc.thang/Projects/pit/src/components/ui/card.tsx:68:6
    at div
    at /Users/tran.duc.thang/Projects/pit/src/components/ui/card.tsx:14:6
    at ResultDisplay (/Users/tran.duc.thang/Projects/pit/src/components/ResultDisplay.tsx:29:3)
    at div
    at SalaryCalculator (/Users/tran.duc.thang/Projects/pit/src/components/SalaryCalculator.tsx:24:63)
    at ErrorBoundary (/Users/tran.duc.thang/Projects/pit/src/components/ErrorBoundary.tsx:13:5)
    at main
    at div
    at div
    at div
    at ErrorBoundary (/Users/tran.duc.thang/Projects/pit/src/components/ErrorBoundary.tsx:13:5)
    at App

 [32m✓[39m tests/integration/analytics.integration.test.tsx [2m([22m[2m8 tests[22m[2m)[22m[33m 2912[2mms[22m[39m
     [33m[2m✓[22m[39m should track page view when view mode changes [33m 357[2mms[22m[39m
     [33m[2m✓[22m[39m should track calculation when salary inputs change [33m 743[2mms[22m[39m
     [33m[2m✓[22m[39m should track regime switch when view mode toggles [33m 401[2mms[22m[39m
     [33m[2m✓[22m[39m should include calculation timing when tracking calculations [33m 671[2mms[22m[39m

<--- Last few GCs --->

[8025:0x128008000]   243901 ms: Scavenge (interleaved) 4065.6 (4091.4) -> 4051.7 (4092.1) MB, pooled: 0 MB, 3.29 / 0.00 ms  (average mu = 0.342, current mu = 0.355) allocation failure; 
[8025:0x128008000]   244945 ms: Mark-Compact (reduce) 4051.9 (4092.1) -> 4043.1 (4060.4) MB, pooled: 0 MB, 1025.29 / 0.12 ms  (+ 14.2 ms in 3 steps since start of marking, biggest step 5.1 ms, walltime since start of marking 1044 ms) (average mu = 0.330, 
FATAL ERROR: Ineffective mark-compacts near heap limit Allocation failed - JavaScript heap out of memory
----- Native stack trace -----

 1: 0x100c06894 node::OOMErrorHandler(char const*, v8::OOMDetails const&) [/usr/local/bin/node]
 2: 0x100df207c v8::internal::V8::FatalProcessOutOfMemory(v8::internal::Isolate*, char const*, v8::OOMDetails const&) [/usr/local/bin/node]
 3: 0x101050208 v8::internal::Heap::stack() [/usr/local/bin/node]
 4: 0x1010535dc v8::internal::Heap::HasLowYoungGenerationAllocationRate() [/usr/local/bin/node]
 5: 0x1010647f8 v8::internal::Heap::CollectGarbage(v8::internal::AllocationSpace, v8::internal::GarbageCollectionReason, v8::GCCallbackFlags)::$_1::operator()() const [/usr/local/bin/node]
 6: 0x1010640cc void heap::base::Stack::SetMarkerAndCallbackImpl<v8::internal::Heap::CollectGarbage(v8::internal::AllocationSpace, v8::internal::GarbageCollectionReason, v8::GCCallbackFlags)::$_1>(heap::base::Stack*, void*, void const*) [/usr/local/bin/node]
 7: 0x101a19664 PushAllRegistersAndIterateStack [/usr/local/bin/node]
 8: 0x10104df0c v8::internal::Heap::CollectGarbage(v8::internal::AllocationSpace, v8::internal::GarbageCollectionReason, v8::GCCallbackFlags) [/usr/local/bin/node]
 9: 0x100fc5de8 v8::internal::StackGuard::HandleInterrupts(v8::internal::StackGuard::InterruptLevel) [/usr/local/bin/node]
10: 0x1014b2aec v8::internal::Runtime_StackGuard(int, unsigned long*, v8::internal::Isolate*) [/usr/local/bin/node]
11: 0x101b09f74 Builtins_CEntry_Return1_ArgvOnStack_NoBuiltinExit [/usr/local/bin/node]
12: 0x101b783a8 Builtins_ObjectPreventExtensions [/usr/local/bin/node]
13: 0x140328c6c 
14: 0x140105628 
15: 0x14066afa8 
16: 0x14037cb84 
17: 0x101a6cbec Builtins_InterpreterEntryTrampoline [/usr/local/bin/node]
18: 0x101a6cbec Builtins_InterpreterEntryTrampoline [/usr/local/bin/node]
19: 0x101a6cbec Builtins_InterpreterEntryTrampoline [/usr/local/bin/node]
20: 0x101a6cbec Builtins_InterpreterEntryTrampoline [/usr/local/bin/node]
21: 0x101a6cbec Builtins_InterpreterEntryTrampoline [/usr/local/bin/node]
22: 0x101a6cbec Builtins_InterpreterEntryTrampoline [/usr/local/bin/node]
23: 0x101a6cbec Builtins_InterpreterEntryTrampoline [/usr/local/bin/node]
24: 0x101a6cbec Builtins_InterpreterEntryTrampoline [/usr/local/bin/node]
25: 0x101b7eb7c Builtins_PromiseConstructor [/usr/local/bin/node]
26: 0x101a6d550 Builtins_InterpreterPushArgsThenFastConstructFunction [/usr/local/bin/node]
27: 0x101bfcd28 Builtins_ConstructHandler [/usr/local/bin/node]
28: 0x101a6cbec Builtins_InterpreterEntryTrampoline [/usr/local/bin/node]
29: 0x101a6cbec Builtins_InterpreterEntryTrampoline [/usr/local/bin/node]
30: 0x101aab648 Builtins_AsyncFunctionAwaitResolveClosure [/usr/local/bin/node]
31: 0x101b805f8 Builtins_PromiseFulfillReactionJob [/usr/local/bin/node]
32: 0x101a9aa50 Builtins_RunMicrotasks [/usr/local/bin/node]
33: 0x101a6a7b0 Builtins_JSRunMicrotasksEntry [/usr/local/bin/node]
34: 0x100f94798 v8::internal::(anonymous namespace)::Invoke(v8::internal::Isolate*, v8::internal::(anonymous namespace)::InvokeParams const&) [/usr/local/bin/node]
35: 0x100f9500c v8::internal::(anonymous namespace)::InvokeWithTryCatch(v8::internal::Isolate*, v8::internal::(anonymous namespace)::InvokeParams const&) [/usr/local/bin/node]
36: 0x100f95148 v8::internal::Execution::TryRunMicrotasks(v8::internal::Isolate*, v8::internal::MicrotaskQueue*) [/usr/local/bin/node]
37: 0x100fc404c v8::internal::MicrotaskQueue::RunMicrotasks(v8::internal::Isolate*) [/usr/local/bin/node]
38: 0x100fc49ac v8::internal::MicrotaskQueue::PerformCheckpoint(v8::Isolate*) [/usr/local/bin/node]
39: 0x101a6e94c Builtins_CallApiCallbackOptimizedNoProfiling [/usr/local/bin/node]
40: 0x14016bb58 
41: 0x101a6a8cc Builtins_JSEntryTrampoline [/usr/local/bin/node]
42: 0x101a6a570 Builtins_JSEntry [/usr/local/bin/node]
43: 0x100f947e0 v8::internal::(anonymous namespace)::Invoke(v8::internal::Isolate*, v8::internal::(anonymous namespace)::InvokeParams const&) [/usr/local/bin/node]
44: 0x100f94144 v8::internal::Execution::Call(v8::internal::Isolate*, v8::internal::DirectHandle<v8::internal::Object>, v8::internal::DirectHandle<v8::internal::Object>, v8::base::Vector<v8::internal::DirectHandle<v8::internal::Object> const>) [/usr/local/bin/node]
45: 0x100e09ff4 v8::Function::Call(v8::Isolate*, v8::Local<v8::Context>, v8::Local<v8::Value>, int, v8::Local<v8::Value>*) [/usr/local/bin/node]
46: 0x100afd014 node::InternalCallbackScope::Close() [/usr/local/bin/node]
47: 0x100afd250 node::InternalMakeCallback(node::Environment*, v8::Local<v8::Object>, v8::Local<v8::Object>, v8::Local<v8::Function>, int, v8::Local<v8::Value>*, node::async_context, v8::Local<v8::Value>) [/usr/local/bin/node]
48: 0x100b13c48 node::AsyncWrap::MakeCallback(v8::Local<v8::Function>, int, v8::Local<v8::Value>*) [/usr/local/bin/node]
49: 0x100d30cf4 node::StreamBase::CallJSOnreadMethod(long, v8::Local<v8::ArrayBuffer>, unsigned long, node::StreamBase::StreamBaseJSChecks) [/usr/local/bin/node]
50: 0x100d32490 node::EmitToJSStreamListener::OnStreamRead(long, uv_buf_t const&) [/usr/local/bin/node]
51: 0x100d36904 node::LibuvStreamWrap::OnUvRead(long, uv_buf_t const*) [/usr/local/bin/node]
52: 0x100d3704c node::LibuvStreamWrap::ReadStart()::$_1::__invoke(uv_stream_s*, long, uv_buf_t const*) [/usr/local/bin/node]
53: 0x101a546c4 uv__stream_io [/usr/local/bin/node]
54: 0x101a5ccec uv__io_poll [/usr/local/bin/node]
55: 0x101a4909c uv_run [/usr/local/bin/node]
56: 0x100afda78 node::SpinEventLoopInternal(node::Environment*) [/usr/local/bin/node]
57: 0x100c5a6ac node::NodeMainInstance::Run() [/usr/local/bin/node]
58: 0x100bc09ec node::Start(int, char**) [/usr/local/bin/node]
59: 0x19f296b4c start [/usr/lib/dyld]

[31m⎯⎯⎯⎯⎯⎯⎯[39m[1m[41m Failed Tests 1 [49m[22m[31m⎯⎯⎯⎯⎯⎯⎯[39m

[41m[1m FAIL [22m[49m tests/unit/compareRegimes.test.ts[2m > [22mcompareRegimes[2m > [22medge cases[2m > [22mshould handle zero gross
[31m[1mAssertionError[22m: expected 36750 to be +0 // Object.is equality[39m

[32m- Expected[39m
[31m+ Received[39m

[32m- 0[39m
[31m+ 36750[39m

[36m [2m❯[22m tests/unit/compareRegimes.test.ts:[2m266:39[22m[39m
    [90m264| [39m
    [90m265| [39m      [90m// Insurance deltas should be zero (same formula both regimes)[39m
    [90m266| [39m      [34mexpect[39m(result[33m.[39mdeltas[33m.[39minsurance)[33m.[39m[34mtoBe[39m([34m0[39m)[33m;[39m
    [90m   | [39m                                      [31m^[39m
    [90m267| [39m
    [90m268| [39m      [90m// PIT should be zero (no taxable income)[39m

[31m[2m⎯⎯⎯⎯⎯⎯⎯⎯⎯⎯⎯⎯⎯⎯⎯⎯⎯⎯⎯⎯⎯⎯⎯⎯[1/1]⎯[22m[39m

[31m⎯⎯⎯⎯⎯⎯[39m[1m[41m Unhandled Errors [49m[22m[31m⎯⎯⎯⎯⎯⎯[39m
[31m[1m
Vitest caught 1 unhandled error during the test run.
This might cause false positive tests. Resolve unhandled errors to make sure your tests are not affected.[22m[39m

[31m⎯⎯⎯⎯⎯⎯[39m[1m[41m Unhandled Error [49m[22m[31m⎯⎯⎯⎯⎯⎯⎯[39m
[31m[1mError[22m: [vitest-pool]: Worker forks emitted error.[39m
[90m [2m❯[22m EventEmitter.<anonymous> node_modules/.pnpm/vitest@4.0.7_@types+node@24.10.0_@vitest+ui@4.0.7_jiti@1.21.7_jsdom@27.1.0_yaml@2.8.1/node_modules/vitest/dist/chunks/cli-api.Csks4as1.js:[2m6870:22[22m[39m
[90m [2m❯[22m EventEmitter.emit node:events:[2m508:28[22m[39m
[90m [2m❯[22m ChildProcess.emitUnexpectedExit node_modules/.pnpm/vitest@4.0.7_@types+node@24.10.0_@vitest+ui@4.0.7_jiti@1.21.7_jsdom@27.1.0_yaml@2.8.1/node_modules/vitest/dist/chunks/cli-api.Csks4as1.js:[2m6520:22[22m[39m
[90m [2m❯[22m ChildProcess.emit node:events:[2m508:28[22m[39m
[90m [2m❯[22m Process.ChildProcess._handle.onexit node:internal/child_process:[2m294:12[22m[39m

[31m[1mCaused by: Error[22m: Worker exited unexpectedly[39m
[90m [2m❯[22m ChildProcess.emitUnexpectedExit node_modules/.pnpm/vitest@4.0.7_@types+node@24.10.0_@vitest+ui@4.0.7_jiti@1.21.7_jsdom@27.1.0_yaml@2.8.1/node_modules/vitest/dist/chunks/cli-api.Csks4as1.js:[2m6519:33[22m[39m
[90m [2m❯[22m ChildProcess.emit node:events:[2m508:28[22m[39m
[90m [2m❯[22m Process.ChildProcess._handle.onexit node:internal/child_process:[2m294:12[22m[39m

[31m⎯⎯⎯⎯⎯⎯⎯⎯⎯⎯⎯⎯⎯⎯⎯⎯⎯⎯⎯⎯⎯⎯⎯⎯⎯⎯⎯⎯⎯⎯[39m


[2m Test Files [22m [1m[31m1 failed[39m[22m[2m | [22m[1m[32m20 passed[39m[22m[90m (22)[39m
[2m      Tests [22m [1m[31m1 failed[39m[22m[2m | [22m[1m[32m197 passed[39m[22m[90m (202)[39m
[2m     Errors [22m [1m[31m1 error[39m[22m
[2m   Start at [22m 21:50:32
[2m   Duration [22m 248.95s[2m (transform 1.78s, setup 4.23s, collect 4.44s, tests 6.61s, environment 10.48s, prepare 333ms)[22m

error during close Error: [vitest-pool-runner]: Timeout waiting for worker to respond
    at Timeout.<anonymous> (file:///Users/tran.duc.thang/Projects/pit/node_modules/.pnpm/vitest@4.0.7_@types+node@24.10.0_@vitest+ui@4.0.7_jiti@1.21.7_jsdom@27.1.0_yaml@2.8.1/node_modules/vitest/dist/chunks/cli-api.Csks4as1.js:6533:58)
    at listOnTimeout (node:internal/timers:608:17)
    at process.processTimers (node:internal/timers:543:7)
